01-01 01:00:00.259 I/auditd  (  169): type=2000 audit(0.0:1): initialized
01-01 01:00:07.769 I/auditd  (  169): type=1403 audit(0.0:2): policy loaded auid=4294967295 ses=4294967295
01-01 01:00:07.779 I/auditd  (  169): type=1404 audit(0.0:3): enforcing=1 old_enforcing=0 auid=4294967295 ses=4294967295
01-01 01:00:10.128 I/boot_progress_start(  203): 3702
01-01 01:00:10.802 I/boot_progress_preload_start(  203): 4376
01-01 01:00:13.523 I/boot_progress_preload_end(  203): 7097
01-01 01:00:13.794 I/boot_progress_system_run(  573): 7368
01-01 01:00:14.328 I/boot_progress_pms_start(  573): 7902
01-01 01:00:14.447 I/boot_progress_pms_system_scan_start(  573): 8022
01-01 01:00:15.643 I/boot_progress_pms_data_scan_start(  573): 9217
01-01 01:00:16.405 I/boot_progress_pms_scan_end(  573): 9979
01-01 01:00:16.510 I/boot_progress_pms_ready(  573): 10084
01-01 01:00:16.607 I/battery_status(  573): [3,2,1,0,Li-ion]
01-01 01:00:16.607 I/battery_level(  573): [84,4074,353]
01-01 01:00:16.805 I/wm_stack_created(  573): [0,0,0,0,0]
01-01 01:00:16.816 I/am_wtf  (  573): [0,573,system_server,-1,BluetoothManagerService,com.android.systemui]
01-01 01:00:16.842 I/configuration_changed(  573): 7672
01-01 01:00:16.854 I/configuration_changed(  573): 8
01-01 01:00:16.891 I/configuration_changed(  573): 512
01-01 01:00:17.429 I/free_storage_left(  573): [2760867840,10702848,254398464]
01-01 01:00:17.429 I/free_storage_changed(  573): 2760867840
01-01 01:00:17.823 I/boot_progress_ams_ready(  573): 11397
01-01 01:00:17.824 I/configuration_changed(  573): 1073741824
01-01 01:00:17.888 I/am_proc_start(  573): [0,670,10010,android.process.media,broadcast,com.android.providers.media/.MtpReceiver]
01-01 01:00:17.908 I/am_proc_bound(  573): [0,670,android.process.media]
01-01 01:00:18.038 I/notification_cancel_all(  573): [10010,670,com.android.providers.downloads,0,0,64,9,NULL]
01-01 01:00:18.397 I/am_proc_start(  573): [0,735,10004,com.google.android.wearable.app,service,com.google.android.wearable.app/com.google.android.clockwork.stream.NotificationCollectorService]
01-01 01:00:18.458 I/am_proc_start(  573): [0,756,10017,com.lge.wearable.clock,service,com.lge.wearable.clock/.app.SilverWatchface2]
01-01 01:00:18.459 I/am_proc_bound(  573): [0,735,com.google.android.wearable.app]
01-01 01:00:18.480 I/am_proc_bound(  573): [0,756,com.lge.wearable.clock]
01-01 01:00:18.516 I/am_proc_start(  573): [0,774,10011,com.google.android.gms.persistent,service,com.google.android.gms/com.google.android.location.geocode.GeocodeService]
01-01 01:00:18.576 I/am_proc_start(  573): [0,793,10026,com.google.android.clockwork.systemui,added application,com.google.android.clockwork.systemui]
01-01 01:00:18.586 I/am_create_task(  573): [0,124]
01-01 01:00:18.586 I/am_create_activity(  573): [0,856648270,124,com.google.android.wearable.app/com.google.android.clockwork.home.HomeActivity,android.intent.action.MAIN,NULL,NULL,268435456]
01-01 01:00:18.588 I/wm_task_created(  573): [124,0]
01-01 01:00:18.588 I/wm_task_moved(  573): [124,1,0]
01-01 01:00:18.589 I/am_restart_activity(  573): [0,856648270,124,com.google.android.wearable.app/com.google.android.clockwork.home.HomeActivity]
01-01 01:00:18.598 I/am_focused_activity(  573): [0,com.google.android.wearable.app/com.google.android.clockwork.home.HomeActivity]
01-01 01:00:18.601 I/am_proc_bound(  573): [0,774,com.google.android.gms.persistent]
01-01 01:00:18.624 I/am_proc_bound(  573): [0,793,com.google.android.clockwork.systemui]
01-01 01:00:18.817 I/am_proc_start(  573): [0,824,10011,com.google.process.gapps,content provider,com.google.android.gsf/.gservices.GservicesProvider]
01-01 01:00:18.843 I/am_proc_bound(  573): [0,824,com.google.process.gapps]
01-01 01:00:19.181 I/notification_cancel(  573): [10011,774,com.google.android.gms,10436,NOT_LMP,0,0,64,8,NULL]
01-01 01:00:19.181 I/notification_cancel(  573): [10011,774,com.google.android.gms,39789,NOT_LMP,0,0,64,8,NULL]
01-01 01:00:19.258 I/am_proc_start(  573): [0,865,1000,com.google.android.apps.wearable.settings,content provider,com.google.android.apps.wearable.settings/com.google.android.clockwork.settings.SettingsProvider]
01-01 01:00:19.286 I/am_proc_bound(  573): [0,865,com.google.android.apps.wearable.settings]
01-01 01:00:19.809 I/am_proc_start(  573): [0,912,10003,com.google.android.wearable.ambient,service,com.google.android.wearable.ambient/.AmbientService]
01-01 01:00:19.847 I/am_proc_bound(  573): [0,912,com.google.android.wearable.ambient]
01-01 01:00:20.162 I/am_on_resume_called(  735): [0,com.google.android.clockwork.home.HomeActivity]
01-01 01:00:20.212 I/notification_enqueue(  573): [10004,735,com.google.android.wearable.app,4369,NULL,0,Notification(pri=-1 contentView=com.google.android.wearable.app/0x1090077 vibrate=null sound=null defaults=0x0 flags=0x40 color=0x00000000 vis=PRIVATE),0]
01-01 01:00:20.580 I/am_activity_launch_time(  573): [0,856648270,com.google.android.wearable.app/com.google.android.clockwork.home.HomeActivity,1991,1991]
01-01 01:00:20.590 I/netstats_mobile_sample(  573): [0,0,0,0,0,0,0,0,0,0,0,0,-1]
01-01 01:00:20.590 I/netstats_wifi_sample(  573): [0,0,0,0,0,0,0,0,0,0,0,0,-1]
01-01 01:00:20.665 I/am_proc_start(  573): [0,970,10011,com.google.android.gms,broadcast,com.google.android.gms/.wearable.init.InitializeGmsWearableReceiver]
01-01 01:00:20.686 I/am_proc_bound(  573): [0,970,com.google.android.gms]
01-01 01:00:20.786 I/notification_cancel(  573): [10004,735,com.google.android.wearable.app,10436,NULL,0,0,64,8,NULL]
01-01 01:00:20.971 I/notification_cancel(  573): [10004,735,com.google.android.wearable.app,0,updatewearapp,0,0,64,8,NULL]
01-01 01:00:21.004 I/boot_progress_enable_screen(  573): 14578
01-01 01:00:21.006 I/screen_toggled(  573): 1
01-01 01:00:21.061 I/notification_cancel(  573): [10011,970,com.google.android.gms,10436,NOT_LMP,0,0,64,8,NULL]
01-01 01:00:21.062 I/notification_cancel(  573): [10011,970,com.google.android.gms,39789,NOT_LMP,0,0,64,8,NULL]
01-01 01:00:21.244 I/notification_cancel(  573): [10011,774,com.google.android.gms,10436,NULL,0,0,64,8,NULL]
01-01 01:00:21.466 I/notification_cancel(  573): [10011,824,com.google.android.gms,10436,NOT_LMP,0,0,64,8,NULL]
01-01 01:00:21.469 I/notification_cancel(  573): [10011,824,com.google.android.gms,39789,NOT_LMP,0,0,64,8,NULL]
01-01 01:00:21.726 I/notification_enqueue(  573): [10004,735,com.google.android.wearable.app,962406116,now,0,Notification(pri=-2 contentView=null vibrate=null sound=null defaults=0x0 flags=0x100 color=0x00000000 sortKey=0000000003 vis=PRIVATE),0]
01-01 01:00:21.887 I/gtalk_connection(  824): 16974847
01-01 01:00:22.409 I/force_gc(  774): Binder
01-01 01:00:22.416 I/force_gc(  573): Binder
01-01 01:00:22.839 I/am_proc_start(  573): [0,1042,10024,com.google.android.deskclock,broadcast,com.google.android.deskclock/.GservicesChangedReceiver]
01-01 01:00:22.866 I/am_proc_bound(  573): [0,1042,com.google.android.deskclock]
01-01 01:00:22.929 I/force_gc(  824): Binder
01-01 01:00:23.389 I/notification_cancel(  573): [10011,970,com.google.android.gms,2130837917,NULL,0,0,64,8,NULL]
01-01 01:00:23.390 I/notification_cancel(  573): [10011,970,com.google.android.gms,2130837918,NULL,0,0,64,8,NULL]
01-01 01:00:23.392 I/system_update(  970): [1536,0,0,NULL]
01-01 01:00:24.336 I/force_gc(  824): Binder
01-01 01:00:24.655 I/sf_frame_dur(  174): [BootAnimation,49,372,2,0,0,0,0]
01-01 01:00:24.832 I/am_proc_start(  573): [0,1087,1002,com.android.bluetooth,service,com.android.bluetooth/.btservice.AdapterService]
01-01 01:00:24.886 I/am_proc_start(  573): [0,1104,10016,com.lge.watchface.fitness,broadcast,com.lge.watchface.fitness/.receiver.BootReceiver]
01-01 01:00:24.892 I/am_proc_bound(  573): [0,1087,com.android.bluetooth]
01-01 01:00:24.919 I/am_proc_bound(  573): [0,1104,com.lge.watchface.fitness]
01-01 01:00:25.920 I/notification_enqueue(  573): [10011,774,com.google.android.gms,22543,NULL,0,Notification(pri=-2 contentView=com.google.android.gms/0x1090077 vibrate=null sound=null defaults=0x0 flags=0x142 color=0x00000000 vis=PRIVATE),0]
01-01 01:00:28.163 I/battery_status(  573): [3,2,1,2,Li-ion]
01-01 01:00:28.187 I/notification_cancel(  573): [10011,774,com.google.android.gms,0,WiFiTimer,0,0,64,8,NULL]
01-01 01:00:29.286 I/battery_status(  573): [2,2,1,2,Li-ion]
01-01 01:00:33.168 I/power_screen_state(  573): [1,0,0,0]
01-01 01:00:33.168 I/screen_toggled(  573): 1
01-01 01:00:33.170 I/power_sleep_requested(  573): 0
01-01 01:00:33.171 I/power_screen_broadcast_send(  573): 1
01-01 01:00:33.171 I/power_screen_state(  573): [0,3,0,0]
01-01 01:00:33.171 I/screen_toggled(  573): 0
01-01 01:00:33.214 I/power_screen_broadcast_done(  573): [1,43,1]
01-01 01:00:33.214 I/power_screen_broadcast_send(  573): 1
01-01 01:00:33.250 I/force_gc(  573): Binder
01-01 01:00:33.377 I/power_screen_broadcast_done(  573): [0,163,1]
01-01 01:00:40.067 I/am_proc_start(  573): [0,1151,10030,com.lge.wearcontacts,broadcast,com.lge.wearcontacts/.boot.BootCompletedReceiver]
01-01 01:00:40.084 I/am_proc_bound(  573): [0,1151,com.lge.wearcontacts]
01-01 01:00:55.268 I/am_proc_start(  573): [0,1179,10001,com.android.providers.calendar,broadcast,com.android.providers.calendar/.CalendarReceiver]
01-01 01:00:55.310 I/am_proc_bound(  573): [0,1179,com.android.providers.calendar]
01-01 01:00:56.644 I/notification_cancel_all(  573): [10010,670,com.android.providers.downloads,0,0,64,9,NULL]
01-01 01:00:57.080 I/am_proc_start(  573): [0,1203,10020,com.android.vending,broadcast,com.android.vending/com.google.android.finsky.BootCompletedReceiver]
01-01 01:00:57.097 I/am_proc_bound(  573): [0,1203,com.android.vending]
01-01 01:00:57.225 I/notification_cancel(  573): [10020,1203,com.android.vending,10436,NULL,0,0,64,8,NULL]
01-01 01:00:58.195 I/am_proc_start(  573): [0,1225,10025,com.google.android.apps.fitness,broadcast,com.google.android.apps.fitness/com.google.android.wearable.fitness.InitializeBroadcastReceiver]
01-01 01:00:58.213 I/am_proc_bound(  573): [0,1225,com.google.android.apps.fitness]
01-01 01:00:58.510 I/notification_cancel(  573): [10025,1225,com.google.android.apps.fitness,10436,NULL,0,0,64,8,NULL]
01-01 01:00:58.516 I/notification_cancel(  573): [10025,1225,com.google.android.apps.fitness,10436,NULL,0,0,64,8,NULL]
01-01 01:00:58.593 I/notification_cancel(  573): [10025,1225,com.google.android.apps.fitness,10436,NULL,0,0,64,8,NULL]
01-01 01:00:58.594 I/notification_cancel(  573): [10025,1225,com.google.android.apps.fitness,10436,NULL,0,0,64,8,NULL]
01-01 01:00:58.595 I/notification_cancel(  573): [10025,1225,com.google.android.apps.fitness,10436,NULL,0,0,64,8,NULL]
01-01 01:00:58.607 I/notification_cancel(  573): [10025,1225,com.google.android.apps.fitness,10436,NULL,0,0,64,8,NULL]
01-01 01:00:58.608 I/notification_cancel(  573): [10025,1225,com.google.android.apps.fitness,10436,NULL,0,0,64,8,NULL]
01-01 01:00:58.608 I/notification_cancel(  573): [10025,1225,com.google.android.apps.fitness,10436,NULL,0,0,64,8,NULL]
01-01 01:00:58.609 I/notification_cancel(  573): [10025,1225,com.google.android.apps.fitness,10436,NULL,0,0,64,8,NULL]
01-01 01:00:58.609 I/notification_cancel(  573): [10025,1225,com.google.android.apps.fitness,10436,NULL,0,0,64,8,NULL]
01-01 01:00:58.737 I/notification_enqueue(  573): [10025,1225,com.google.android.apps.fitness,1,NULL,0,Notification(pri=-1 contentView=null vibrate=null sound=null defaults=0x0 flags=0x0 color=0x00000000 vis=PRIVATE),0]
01-01 01:00:58.801 I/notification_cancel(  573): [10025,1225,com.google.android.apps.fitness,10436,NULL,0,0,64,8,NULL]
01-01 01:00:58.801 I/notification_cancel(  573): [10025,1225,com.google.android.apps.fitness,10436,NULL,0,0,64,8,NULL]
01-01 01:00:58.801 I/notification_cancel(  573): [10025,1225,com.google.android.apps.fitness,10436,NULL,0,0,64,8,NULL]
01-01 01:00:58.803 I/notification_cancel(  573): [10025,1225,com.google.android.apps.fitness,10436,NULL,0,0,64,8,NULL]
01-01 01:00:58.875 I/notification_enqueue(  573): [10025,1225,com.google.android.apps.fitness,1,NULL,0,Notification(pri=-1 contentView=null vibrate=null sound=null defaults=0x0 flags=0x0 color=0x00000000 vis=PRIVATE),1]
01-01 01:00:59.368 I/wm_stack_created(  573): [1,0,0,0,0]
01-01 01:00:59.372 I/am_home_stack_moved(  573): [0,0,1,1,startingNewTask]
01-01 01:00:59.372 I/am_create_task(  573): [0,125]
01-01 01:00:59.372 I/am_create_activity(  573): [0,367906466,125,com.lge.wearable.chargingmode/.ChargingActivity,android.intent.action.MAIN,NULL,NULL,270532608]
01-01 01:00:59.374 I/wm_task_created(  573): [125,1]
01-01 01:00:59.374 I/wm_task_moved(  573): [125,1,0]
01-01 01:00:59.378 I/am_pause_activity(  573): [0,856648270,com.google.android.wearable.app/com.google.android.clockwork.home.HomeActivity]
01-01 01:00:59.379 I/am_home_stack_moved(  573): [0,0,1,1,startedActivity setFocusedActivity]
01-01 01:00:59.379 I/am_focused_activity(  573): [0,com.lge.wearable.chargingmode/.ChargingActivity]
01-01 01:00:59.387 I/am_on_paused_called(  735): [0,com.google.android.clockwork.home.HomeActivity]
01-01 01:00:59.431 I/am_proc_start(  573): [0,1273,10002,com.lge.wearable.chargingmode,activity,com.lge.wearable.chargingmode/.ChargingActivity]
01-01 01:00:59.517 I/am_proc_bound(  573): [0,1273,com.lge.wearable.chargingmode]
01-01 01:00:59.523 I/am_restart_activity(  573): [0,367906466,125,com.lge.wearable.chargingmode/.ChargingActivity]
01-01 01:00:59.583 I/force_gc(  573): Binder
01-01 01:00:59.786 I/notification_enqueue(  573): [10004,735,com.google.android.wearable.app,-1835145010,cal_notif,0,Notification(pri=0 contentView=null vibrate=null sound=null defaults=0x0 flags=0x100 color=0x00000000 groupKey=/cal/top/0 sortKey=z01447023600000-01447110000000-209 vis=PRIVATE),0]
01-01 01:00:59.829 I/am_on_resume_called( 1273): [0,com.lge.wearable.chargingmode.ChargingActivity]
01-01 01:00:59.937 I/notification_enqueue(  573): [10004,735,com.google.android.wearable.app,875576614,cal_notif,0,Notification(pri=0 contentView=null vibrate=[0] sound=null defaults=0x0 flags=0x300 color=0x00000000 groupKey=/cal/top/0 vis=PRIVATE),0]
01-01 01:01:00.410 I/am_activity_launch_time(  573): [0,367906466,com.lge.wearable.chargingmode/.ChargingActivity,1022,1022]
01-01 01:01:00.843 I/notification_cancel(  573): [10025,1225,com.google.android.apps.fitness,10436,NULL,0,0,64,8,NULL]
01-01 01:01:00.844 I/notification_cancel(  573): [10025,1225,com.google.android.apps.fitness,10436,NULL,0,0,64,8,NULL]
01-01 01:01:00.845 I/notification_cancel(  573): [10025,1225,com.google.android.apps.fitness,10436,NULL,0,0,64,8,NULL]
01-01 01:01:00.872 I/notification_cancel(  573): [10025,1225,com.google.android.apps.fitness,10436,NULL,0,0,64,8,NULL]
01-01 01:01:00.906 I/notification_cancel(  573): [10025,1225,com.google.android.apps.fitness,10436,NULL,0,0,64,8,NULL]
01-01 01:01:00.916 I/notification_cancel(  573): [10025,1225,com.google.android.apps.fitness,10436,NULL,0,0,64,8,NULL]
01-01 01:01:00.947 I/notification_cancel(  573): [10025,1225,com.google.android.apps.fitness,10436,NULL,0,0,64,8,NULL]
01-01 01:01:00.986 I/notification_cancel(  573): [10025,1225,com.google.android.apps.fitness,10436,NULL,0,0,64,8,NULL]
01-01 01:01:19.869 I/battery_level(  573): [85,4239,350]
01-01 01:01:25.257 I/notification_cancel(  573): [10024,1042,com.google.android.deskclock,10436,NULL,0,0,64,8,NULL]
01-01 01:02:47.753 I/battery_level(  573): [86,4263,343]
01-01 01:04:28.173 I/battery_level(  573): [87,4281,343]
01-01 01:05:11.558 I/battery_level(  573): [88,4288,342]
01-01 01:06:42.434 I/battery_level(  573): [89,4305,342]
01-01 01:07:55.334 I/battery_level(  573): [90,4316,341]
01-01 01:09:09.226 I/battery_level(  573): [91,4326,341]
01-01 01:09:17.811 I/am_proc_start(  573): [0,1368,2000,com.google.android.apps.wearable.bugreportsender,service,com.google.android.apps.wearable.bugreportsender/com.google.android.clockwork.bugreportsender.ClockworkListenerService]
01-01 01:09:17.981 I/am_proc_start(  573): [0,1385,10012,com.lge.lifetracker,service,com.lge.lifetracker/.handheldcomm.WearReceiver]
01-01 01:09:18.029 I/am_proc_bound(  573): [0,1368,com.google.android.apps.wearable.bugreportsender]
01-01 01:09:18.429 I/am_proc_start(  573): [0,1404,10032,com.ustwo.watchfaces.bits,service,com.ustwo.watchfaces.bits/.BitsWearableService]
01-01 01:09:18.429 I/am_proc_bound(  573): [0,1385,com.lge.lifetracker]
01-01 01:09:18.743 I/am_proc_start(  573): [0,1424,10028,com.endomondo.android,service,com.endomondo.android/.wear.notifications.NotificationUpdateService]
01-01 01:09:18.980 I/am_proc_start(  573): [0,1446,10006,com.example.android.wearable.photoswatchface,service,com.example.android.wearable.photoswatchface/.PhotosListenerService]
01-01 01:09:18.985 I/am_proc_bound(  573): [0,1404,com.ustwo.watchfaces.bits]
01-01 01:09:19.004 I/am_proc_bound(  573): [0,1424,com.endomondo.android]
01-01 01:09:19.421 I/am_proc_start(  573): [0,1468,10013,com.lge.bioitplatform.sdservice.service,service,com.lge.bioitplatform.sdservice.service/com.lge.bioitplatform.data_sync.WearReceiver]
01-01 01:09:19.427 I/am_proc_bound(  573): [0,1446,com.example.android.wearable.photoswatchface]
01-01 01:09:19.655 I/notification_cancel(  573): [10012,1385,com.lge.lifetracker,10436,NULL,0,0,64,8,NULL]
01-01 01:09:19.754 I/am_proc_start(  573): [0,1491,10018,com.fitnesskeeper.runkeeper.pro,service,com.fitnesskeeper.runkeeper.pro/.services.RKWearService]
01-01 01:09:19.794 I/am_proc_bound(  573): [0,1468,com.lge.bioitplatform.sdservice.service]
01-01 01:09:19.850 I/am_proc_bound(  573): [0,1491,com.fitnesskeeper.runkeeper.pro]
11-09 18:52:22.496 I/notification_cancel(  573): [10032,1404,com.ustwo.watchfaces.bits,10436,NULL,0,0,64,8,NULL]
11-09 18:52:22.801 I/notification_cancel(  573): [10024,1042,com.google.android.deskclock,10436,NULL,0,0,64,8,NULL]
11-09 18:52:22.840 I/netstats_mobile_sample(  573): [0,0,0,0,0,0,0,0,0,0,0,0,-1]
11-09 18:52:22.840 I/netstats_wifi_sample(  573): [0,0,0,0,0,0,0,0,0,0,0,0,-1]
11-09 18:52:22.875 I/netstats_mobile_sample(  573): [0,0,0,0,0,0,0,0,0,0,0,0,-1]
11-09 18:52:22.875 I/netstats_wifi_sample(  573): [0,0,0,0,0,0,0,0,0,0,0,0,-1]
11-09 18:52:23.007 I/notification_cancel(  573): [1000,573,android,100,CaptivePortal.Notification,0,0,0,8,NULL]
11-09 18:52:23.166 I/netstats_mobile_sample(  573): [0,0,0,0,0,0,0,0,0,0,0,0,-1]
11-09 18:52:23.166 I/netstats_wifi_sample(  573): [0,0,0,0,0,0,0,0,0,0,0,0,-1]
11-09 18:52:24.597 I/notification_cancel(  573): [10025,1225,com.google.android.apps.fitness,10436,NULL,0,0,64,8,NULL]
11-09 18:52:24.598 I/notification_cancel(  573): [10025,1225,com.google.android.apps.fitness,10436,NULL,0,0,64,8,NULL]
11-09 18:52:24.599 I/notification_cancel(  573): [10025,1225,com.google.android.apps.fitness,10436,NULL,0,0,64,8,NULL]
11-09 18:52:24.600 I/notification_cancel(  573): [10025,1225,com.google.android.apps.fitness,10436,NULL,0,0,64,8,NULL]
11-09 18:52:24.602 I/notification_cancel(  573): [10025,1225,com.google.android.apps.fitness,10436,NULL,0,0,64,8,NULL]
11-09 18:52:24.603 I/notification_cancel(  573): [10025,1225,com.google.android.apps.fitness,10436,NULL,0,0,64,8,NULL]
11-09 18:52:24.604 I/notification_cancel(  573): [10025,1225,com.google.android.apps.fitness,10436,NULL,0,0,64,8,NULL]
11-09 18:52:24.606 I/notification_cancel(  573): [10025,1225,com.google.android.apps.fitness,10436,NULL,0,0,64,8,NULL]
11-09 18:52:25.143 I/notification_cancel(  573): [10025,1225,com.google.android.apps.fitness,10436,NULL,0,0,64,8,NULL]
11-09 18:52:25.144 I/notification_cancel(  573): [10025,1225,com.google.android.apps.fitness,10436,NULL,0,0,64,8,NULL]
11-09 18:52:25.145 I/notification_cancel(  573): [10025,1225,com.google.android.apps.fitness,10436,NULL,0,0,64,8,NULL]
11-09 18:52:25.167 I/notification_cancel(  573): [10025,1225,com.google.android.apps.fitness,10436,NULL,0,0,64,8,NULL]
11-09 18:52:25.195 I/notification_cancel(  573): [10025,1225,com.google.android.apps.fitness,10436,NULL,0,0,64,8,NULL]
11-09 18:52:25.196 I/notification_cancel(  573): [10025,1225,com.google.android.apps.fitness,10436,NULL,0,0,64,8,NULL]
11-09 18:52:25.197 I/notification_cancel(  573): [10025,1225,com.google.android.apps.fitness,10436,NULL,0,0,64,8,NULL]
11-09 18:52:25.222 I/notification_cancel(  573): [10025,1225,com.google.android.apps.fitness,10436,NULL,0,0,64,8,NULL]
11-09 18:52:25.382 I/netstats_mobile_sample(  573): [0,0,0,0,0,0,0,0,0,0,0,0,-1]
11-09 18:52:25.382 I/netstats_wifi_sample(  573): [0,0,0,0,0,0,0,0,0,0,0,0,-1]
11-09 18:52:25.407 I/netstats_mobile_sample(  573): [0,0,0,0,0,0,0,0,0,0,0,0,-1]
11-09 18:52:25.407 I/netstats_wifi_sample(  573): [0,0,0,0,0,0,0,0,0,0,0,0,-1]
11-09 18:52:25.442 I/notification_cancel(  573): [1000,573,android,101,CaptivePortal.Notification,0,0,0,8,NULL]
11-09 18:52:25.824 I/notification_cancel_all(  573): [10010,670,com.android.providers.downloads,0,0,64,9,NULL]
11-09 18:52:25.991 I/notification_cancel(  573): [10011,970,com.google.android.gms,10436,NULL,0,0,64,8,NULL]
11-09 18:52:26.068 I/aggregation(  970): 1447091546068
11-09 18:52:26.426 I/notification_cancel(  573): [10025,1225,com.google.android.apps.fitness,10436,NULL,0,0,64,8,NULL]
11-09 18:52:26.427 I/notification_cancel(  573): [10025,1225,com.google.android.apps.fitness,10436,NULL,0,0,64,8,NULL]
11-09 18:52:26.428 I/notification_cancel(  573): [10025,1225,com.google.android.apps.fitness,10436,NULL,0,0,64,8,NULL]
11-09 18:52:26.434 I/notification_cancel(  573): [10025,1225,com.google.android.apps.fitness,10436,NULL,0,0,64,8,NULL]
11-09 18:52:26.436 I/notification_cancel(  573): [10025,1225,com.google.android.apps.fitness,10436,NULL,0,0,64,8,NULL]
11-09 18:52:26.436 I/notification_cancel(  573): [10025,1225,com.google.android.apps.fitness,10436,NULL,0,0,64,8,NULL]
11-09 18:52:26.437 I/notification_cancel(  573): [10025,1225,com.google.android.apps.fitness,10436,NULL,0,0,64,8,NULL]
11-09 18:52:26.441 I/notification_cancel(  573): [10025,1225,com.google.android.apps.fitness,10436,NULL,0,0,64,8,NULL]
11-09 18:53:24.192 I/battery_level(  573): [92,4341,343]
11-09 18:53:30.184 I/battery_level(  573): [91,4341,342]
11-09 18:53:36.590 I/am_pause_activity(  573): [0,367906466,com.lge.wearable.chargingmode/.ChargingActivity]
11-09 18:53:36.593 I/am_on_paused_called( 1273): [0,com.lge.wearable.chargingmode.ChargingActivity]
11-09 18:53:36.594 I/am_focused_activity(  573): [0,com.lge.wearable.chargingmode/.ChargingActivity]
11-09 18:54:30.232 I/battery_level(  573): [92,4352,341]
11-09 18:54:59.068 I/battery_level(  573): [93,4346,339]
11-09 18:56:26.946 I/battery_level(  573): [94,4346,337]
11-09 18:57:29.861 I/am_resume_activity(  573): [0,367906466,125,com.lge.wearable.chargingmode/.ChargingActivity]
11-09 18:57:29.945 I/power_screen_state(  573): [1,0,0,0]
11-09 18:57:29.945 I/screen_toggled(  573): 1
11-09 18:57:29.951 I/power_screen_broadcast_send(  573): 1
11-09 18:57:29.958 I/am_on_resume_called( 1273): [0,com.lge.wearable.chargingmode.ChargingActivity]
11-09 18:57:30.266 I/battery_status(  573): [3,2,1,0,Li-ion]
11-09 18:57:30.269 I/am_finish_activity(  573): [0,367906466,125,com.lge.wearable.chargingmode/.ChargingActivity,app-request]
11-09 18:57:30.269 I/am_home_stack_moved(  573): [0,1,0,0,finishActivity adjustFocus]
11-09 18:57:30.269 I/wm_task_moved(  573): [124,1,0]
11-09 18:57:30.272 I/am_home_stack_moved(  573): [0,1,0,0,finishActivity adjustTopFocus setFocusedActivity]
11-09 18:57:30.273 I/am_focused_activity(  573): [0,com.google.android.wearable.app/com.google.android.clockwork.home.HomeActivity]
11-09 18:57:30.275 I/am_pause_activity(  573): [0,367906466,com.lge.wearable.chargingmode/.ChargingActivity]
11-09 18:57:30.278 I/am_on_paused_called( 1273): [0,com.lge.wearable.chargingmode.ChargingActivity]
11-09 18:57:30.280 I/am_resume_activity(  573): [0,856648270,124,com.google.android.wearable.app/com.google.android.clockwork.home.HomeActivity]
11-09 18:57:30.329 I/sf_frame_dur(  174): [ColorFade,23,0,1,0,2,0,0]
11-09 18:57:30.345 I/sf_frame_dur(  174): [com.lge.wearable.chargingmode/com.lge.wearable.chargingmode.ChargingActivity,0,53,8,0,0,0,17]
11-09 18:57:30.514 I/am_on_resume_called(  735): [0,com.google.android.clockwork.home.HomeActivity]
11-09 18:57:30.767 I/am_destroy_activity(  573): [0,367906466,125,com.lge.wearable.chargingmode/.ChargingActivity,finish-idle]
11-09 18:57:30.905 I/wm_task_removed(  573): [125,removeAppToken: last token]
11-09 18:57:30.906 I/wm_task_removed(  573): [125,removeTask]
11-09 18:57:30.906 I/am_home_stack_moved(  573): [0,1,0,0,activityDestroyed leftTaskHistoryEmpty]
11-09 18:57:30.906 I/power_screen_broadcast_done(  573): [1,956,1]
11-09 18:57:45.624 I/power_sleep_requested(  573): 0
11-09 18:57:45.626 I/power_screen_state(  573): [0,3,0,0]
11-09 18:57:45.626 I/screen_toggled(  573): 0
11-09 18:57:45.626 I/power_screen_broadcast_send(  573): 1
11-09 18:57:45.830 I/power_screen_broadcast_done(  573): [0,204,1]
11-09 18:57:53.329 I/power_screen_state(  573): [1,0,0,0]
11-09 18:57:53.329 I/screen_toggled(  573): 1
11-09 18:57:53.330 I/power_screen_broadcast_send(  573): 1
11-09 18:57:53.413 I/power_screen_broadcast_done(  573): [1,84,1]
11-09 18:58:13.336 I/power_sleep_requested(  573): 0
11-09 18:58:13.337 I/power_screen_state(  573): [0,3,0,0]
11-09 18:58:13.337 I/screen_toggled(  573): 0
11-09 18:58:13.340 I/power_screen_broadcast_send(  573): 1
11-09 18:58:13.589 I/power_screen_broadcast_done(  573): [0,248,1]
11-09 18:58:49.142 I/notification_cancel(  573): [10004,735,com.google.android.wearable.app,962406116,now,0,0,64,8,NULL]
11-09 18:58:49.143 I/notification_canceled(  573): [0|com.google.android.wearable.app|962406116|now|10004,8]
11-09 18:59:01.585 I/notification_cancel(  573): [10025,1225,com.google.android.apps.fitness,10436,NULL,0,0,64,8,NULL]
11-09 18:59:01.586 I/notification_cancel(  573): [10025,1225,com.google.android.apps.fitness,10436,NULL,0,0,64,8,NULL]
11-09 18:59:01.586 I/notification_cancel(  573): [10025,1225,com.google.android.apps.fitness,10436,NULL,0,0,64,8,NULL]
11-09 18:59:01.587 I/notification_cancel(  573): [10025,1225,com.google.android.apps.fitness,10436,NULL,0,0,64,8,NULL]
11-09 18:59:02.124 I/notification_enqueue(  573): [10025,1225,com.google.android.apps.fitness,1,NULL,0,Notification(pri=-1 contentView=null vibrate=null sound=null defaults=0x0 flags=0x0 color=0x00000000 vis=PRIVATE),1]
11-09 18:59:02.323 I/notification_enqueue(  573): [10004,735,com.google.android.wearable.app,962406116,now,0,Notification(pri=-2 contentView=null vibrate=null sound=null defaults=0x0 flags=0x100 color=0x00000000 sortKey=0000000003 vis=PRIVATE),0]
11-09 18:59:05.188 I/notification_cancel(  573): [10025,1225,com.google.android.apps.fitness,10436,NULL,0,0,64,8,NULL]
11-09 18:59:05.192 I/notification_cancel(  573): [10025,1225,com.google.android.apps.fitness,10436,NULL,0,0,64,8,NULL]
11-09 18:59:05.194 I/notification_cancel(  573): [10025,1225,com.google.android.apps.fitness,10436,NULL,0,0,64,8,NULL]
11-09 18:59:05.202 I/notification_cancel(  573): [10025,1225,com.google.android.apps.fitness,10436,NULL,0,0,64,8,NULL]
11-09 18:59:05.203 I/notification_cancel(  573): [10025,1225,com.google.android.apps.fitness,10436,NULL,0,0,64,8,NULL]
11-09 18:59:05.205 I/notification_cancel(  573): [10025,1225,com.google.android.apps.fitness,10436,NULL,0,0,64,8,NULL]
11-09 18:59:05.206 I/notification_cancel(  573): [10025,1225,com.google.android.apps.fitness,10436,NULL,0,0,64,8,NULL]
11-09 18:59:05.210 I/notification_cancel(  573): [10025,1225,com.google.android.apps.fitness,10436,NULL,0,0,64,8,NULL]
11-09 18:59:06.347 I/notification_cancel(  573): [10025,1225,com.google.android.apps.fitness,10436,NULL,0,0,64,8,NULL]
11-09 18:59:06.348 I/notification_cancel(  573): [10025,1225,com.google.android.apps.fitness,10436,NULL,0,0,64,8,NULL]
11-09 18:59:06.349 I/notification_cancel(  573): [10025,1225,com.google.android.apps.fitness,10436,NULL,0,0,64,8,NULL]
11-09 18:59:06.354 I/notification_cancel(  573): [10025,1225,com.google.android.apps.fitness,10436,NULL,0,0,64,8,NULL]
11-09 18:59:06.364 I/notification_cancel(  573): [10025,1225,com.google.android.apps.fitness,10436,NULL,0,0,64,8,NULL]
11-09 18:59:06.365 I/notification_cancel(  573): [10025,1225,com.google.android.apps.fitness,10436,NULL,0,0,64,8,NULL]
11-09 18:59:06.366 I/notification_cancel(  573): [10025,1225,com.google.android.apps.fitness,10436,NULL,0,0,64,8,NULL]
11-09 18:59:06.369 I/notification_cancel(  573): [10025,1225,com.google.android.apps.fitness,10436,NULL,0,0,64,8,NULL]
11-09 19:01:56.754 I/power_screen_state(  573): [1,0,0,0]
11-09 19:01:56.754 I/screen_toggled(  573): 1
11-09 19:01:56.755 I/power_screen_broadcast_send(  573): 1
11-09 19:01:56.852 I/force_gc(  865): Binder
11-09 19:01:56.967 I/power_screen_broadcast_done(  573): [1,212,1]
11-09 19:02:01.809 I/power_sleep_requested(  573): 0
11-09 19:02:01.810 I/power_screen_state(  573): [0,3,0,0]
11-09 19:02:01.810 I/screen_toggled(  573): 0
11-09 19:02:01.811 I/power_screen_broadcast_send(  573): 1
11-09 19:02:01.972 I/power_screen_broadcast_done(  573): [0,161,1]
11-09 19:02:53.689 I/power_screen_state(  573): [1,0,0,0]
11-09 19:02:53.689 I/screen_toggled(  573): 1
11-09 19:02:53.690 I/power_screen_broadcast_send(  573): 1
11-09 19:02:53.774 I/power_screen_broadcast_done(  573): [1,84,1]
11-09 19:02:58.724 I/power_sleep_requested(  573): 0
11-09 19:02:58.726 I/power_screen_state(  573): [0,3,0,0]
11-09 19:02:58.726 I/screen_toggled(  573): 0
11-09 19:02:58.726 I/power_screen_broadcast_send(  573): 1
11-09 19:02:58.895 I/power_screen_broadcast_done(  573): [0,169,1]
11-09 19:04:17.704 I/power_screen_state(  573): [1,0,0,0]
11-09 19:04:17.704 I/screen_toggled(  573): 1
11-09 19:04:17.705 I/power_screen_broadcast_send(  573): 1
11-09 19:04:17.787 I/power_screen_broadcast_done(  573): [1,82,1]
11-09 19:04:22.736 I/power_sleep_requested(  573): 0
11-09 19:04:22.739 I/power_screen_state(  573): [0,3,0,0]
11-09 19:04:22.739 I/screen_toggled(  573): 0
11-09 19:04:22.739 I/power_screen_broadcast_send(  573): 1
11-09 19:04:22.953 I/power_screen_broadcast_done(  573): [0,214,1]
11-09 19:05:57.982 I/power_screen_state(  573): [1,0,0,0]
11-09 19:05:57.982 I/screen_toggled(  573): 1
11-09 19:05:57.982 I/power_screen_broadcast_send(  573): 1
11-09 19:05:58.191 I/power_screen_broadcast_done(  573): [1,209,1]
11-09 19:06:03.014 I/power_sleep_requested(  573): 0
11-09 19:06:03.016 I/power_screen_state(  573): [0,3,0,0]
11-09 19:06:03.016 I/screen_toggled(  573): 0
11-09 19:06:03.016 I/power_screen_broadcast_send(  573): 1
11-09 19:06:03.202 I/power_screen_broadcast_done(  573): [0,187,1]
11-09 19:07:31.034 I/battery_level(  573): [93,4213,316]
11-09 19:14:01.954 I/notification_cancel(  573): [10025,1225,com.google.android.apps.fitness,10436,NULL,0,0,64,8,NULL]
11-09 19:14:01.955 I/notification_cancel(  573): [10025,1225,com.google.android.apps.fitness,10436,NULL,0,0,64,8,NULL]
11-09 19:14:01.956 I/notification_cancel(  573): [10025,1225,com.google.android.apps.fitness,10436,NULL,0,0,64,8,NULL]
11-09 19:14:01.957 I/notification_cancel(  573): [10025,1225,com.google.android.apps.fitness,10436,NULL,0,0,64,8,NULL]
11-09 19:14:02.269 I/notification_enqueue(  573): [10025,1225,com.google.android.apps.fitness,1,NULL,0,Notification(pri=-1 contentView=null vibrate=null sound=null defaults=0x0 flags=0x0 color=0x00000000 vis=PRIVATE),1]
11-09 19:14:02.420 I/netstats_mobile_sample(  573): [0,0,0,0,0,0,0,0,0,0,0,0,1447092842053]
11-09 19:14:02.420 I/netstats_wifi_sample(  573): [0,0,0,0,0,0,0,0,0,0,0,0,1447092842053]
11-09 19:14:05.451 I/notification_cancel(  573): [10025,1225,com.google.android.apps.fitness,10436,NULL,0,0,64,8,NULL]
11-09 19:14:05.452 I/notification_cancel(  573): [10025,1225,com.google.android.apps.fitness,10436,NULL,0,0,64,8,NULL]
11-09 19:14:05.453 I/notification_cancel(  573): [10025,1225,com.google.android.apps.fitness,10436,NULL,0,0,64,8,NULL]
11-09 19:14:05.466 I/notification_cancel(  573): [10025,1225,com.google.android.apps.fitness,10436,NULL,0,0,64,8,NULL]
11-09 19:14:05.467 I/notification_cancel(  573): [10025,1225,com.google.android.apps.fitness,10436,NULL,0,0,64,8,NULL]
11-09 19:14:05.468 I/notification_cancel(  573): [10025,1225,com.google.android.apps.fitness,10436,NULL,0,0,64,8,NULL]
11-09 19:14:05.469 I/notification_cancel(  573): [10025,1225,com.google.android.apps.fitness,10436,NULL,0,0,64,8,NULL]
11-09 19:14:05.472 I/notification_cancel(  573): [10025,1225,com.google.android.apps.fitness,10436,NULL,0,0,64,8,NULL]
11-09 19:14:06.878 I/notification_cancel(  573): [10025,1225,com.google.android.apps.fitness,10436,NULL,0,0,64,8,NULL]
11-09 19:14:06.879 I/notification_cancel(  573): [10025,1225,com.google.android.apps.fitness,10436,NULL,0,0,64,8,NULL]
11-09 19:14:06.880 I/notification_cancel(  573): [10025,1225,com.google.android.apps.fitness,10436,NULL,0,0,64,8,NULL]
11-09 19:14:06.886 I/notification_cancel(  573): [10025,1225,com.google.android.apps.fitness,10436,NULL,0,0,64,8,NULL]
11-09 19:14:06.887 I/notification_cancel(  573): [10025,1225,com.google.android.apps.fitness,10436,NULL,0,0,64,8,NULL]
11-09 19:14:06.897 I/notification_cancel(  573): [10025,1225,com.google.android.apps.fitness,10436,NULL,0,0,64,8,NULL]
11-09 19:14:06.898 I/notification_cancel(  573): [10025,1225,com.google.android.apps.fitness,10436,NULL,0,0,64,8,NULL]
11-09 19:14:06.901 I/notification_cancel(  573): [10025,1225,com.google.android.apps.fitness,10436,NULL,0,0,64,8,NULL]
11-09 19:14:49.594 I/power_screen_state(  573): [1,0,0,0]
11-09 19:14:49.594 I/screen_toggled(  573): 1
11-09 19:14:49.594 I/power_screen_broadcast_send(  573): 1
11-09 19:14:49.805 I/power_screen_broadcast_done(  573): [1,211,1]
11-09 19:14:54.635 I/power_sleep_requested(  573): 0
11-09 19:14:54.638 I/power_screen_state(  573): [0,3,0,0]
11-09 19:14:54.638 I/screen_toggled(  573): 0
11-09 19:14:54.638 I/power_screen_broadcast_send(  573): 1
11-09 19:14:54.865 I/power_screen_broadcast_done(  573): [0,228,1]
11-09 19:14:57.760 I/power_screen_state(  573): [1,0,0,0]
11-09 19:14:57.760 I/screen_toggled(  573): 1
11-09 19:14:57.760 I/power_screen_broadcast_send(  573): 1
11-09 19:14:57.843 I/power_screen_broadcast_done(  573): [1,83,1]
11-09 19:15:02.794 I/power_sleep_requested(  573): 0
11-09 19:15:02.796 I/power_screen_state(  573): [0,3,0,0]
11-09 19:15:02.796 I/screen_toggled(  573): 0
11-09 19:15:02.796 I/power_screen_broadcast_send(  573): 1
11-09 19:15:02.987 I/power_screen_broadcast_done(  573): [0,191,1]
11-09 19:19:34.652 I/force_gc(  573): Binder
11-09 19:22:27.046 I/aggregation(  970): 1447093347046
11-09 19:29:37.598 I/power_screen_state(  573): [1,0,0,0]
11-09 19:29:37.598 I/screen_toggled(  573): 1
11-09 19:29:37.598 I/power_screen_broadcast_send(  573): 1
11-09 19:29:37.683 I/power_screen_broadcast_done(  573): [1,85,1]
11-09 19:29:42.591 I/power_sleep_requested(  573): 0
11-09 19:29:42.593 I/power_screen_state(  573): [0,3,0,0]
11-09 19:29:42.593 I/screen_toggled(  573): 0
11-09 19:29:42.593 I/power_screen_broadcast_send(  573): 1
11-09 19:29:42.775 I/power_screen_broadcast_done(  573): [0,182,1]
11-09 19:30:50.449 I/power_screen_state(  573): [1,0,0,0]
11-09 19:30:50.449 I/screen_toggled(  573): 1
11-09 19:30:50.449 I/power_screen_broadcast_send(  573): 1
11-09 19:30:50.546 I/power_screen_broadcast_done(  573): [1,97,1]
11-09 19:30:55.503 I/power_sleep_requested(  573): 0
11-09 19:30:55.505 I/power_screen_state(  573): [0,3,0,0]
11-09 19:30:55.505 I/screen_toggled(  573): 0
11-09 19:30:55.505 I/power_screen_broadcast_send(  573): 1
11-09 19:30:55.659 I/power_screen_broadcast_done(  573): [0,155,1]
11-09 19:31:00.430 I/power_screen_state(  573): [1,0,0,0]
11-09 19:31:00.430 I/screen_toggled(  573): 1
11-09 19:31:00.430 I/power_screen_broadcast_send(  573): 1
11-09 19:31:00.549 I/power_screen_broadcast_done(  573): [1,118,1]
11-09 19:31:05.448 I/power_sleep_requested(  573): 0
11-09 19:31:05.450 I/power_screen_state(  573): [0,3,0,0]
11-09 19:31:05.450 I/screen_toggled(  573): 0
11-09 19:31:05.450 I/power_screen_broadcast_send(  573): 1
11-09 19:31:05.614 I/power_screen_broadcast_done(  573): [0,164,1]
11-09 19:34:28.391 I/notification_cancel(  573): [10025,1225,com.google.android.apps.fitness,10436,NULL,0,0,64,8,NULL]
11-09 19:34:28.393 I/notification_cancel(  573): [10025,1225,com.google.android.apps.fitness,10436,NULL,0,0,64,8,NULL]
11-09 19:34:28.394 I/notification_cancel(  573): [10025,1225,com.google.android.apps.fitness,10436,NULL,0,0,64,8,NULL]
11-09 19:34:28.395 I/notification_cancel(  573): [10025,1225,com.google.android.apps.fitness,10436,NULL,0,0,64,8,NULL]
11-09 19:34:28.696 I/notification_enqueue(  573): [10025,1225,com.google.android.apps.fitness,1,NULL,0,Notification(pri=-1 contentView=null vibrate=null sound=null defaults=0x0 flags=0x0 color=0x00000000 vis=PRIVATE),1]
11-09 19:34:32.256 I/notification_cancel(  573): [10025,1225,com.google.android.apps.fitness,10436,NULL,0,0,64,8,NULL]
11-09 19:34:32.257 I/notification_cancel(  573): [10025,1225,com.google.android.apps.fitness,10436,NULL,0,0,64,8,NULL]
11-09 19:34:32.258 I/notification_cancel(  573): [10025,1225,com.google.android.apps.fitness,10436,NULL,0,0,64,8,NULL]
11-09 19:34:32.268 I/notification_cancel(  573): [10025,1225,com.google.android.apps.fitness,10436,NULL,0,0,64,8,NULL]
11-09 19:34:32.269 I/notification_cancel(  573): [10025,1225,com.google.android.apps.fitness,10436,NULL,0,0,64,8,NULL]
11-09 19:34:32.270 I/notification_cancel(  573): [10025,1225,com.google.android.apps.fitness,10436,NULL,0,0,64,8,NULL]
11-09 19:34:32.270 I/notification_cancel(  573): [10025,1225,com.google.android.apps.fitness,10436,NULL,0,0,64,8,NULL]
11-09 19:34:32.274 I/notification_cancel(  573): [10025,1225,com.google.android.apps.fitness,10436,NULL,0,0,64,8,NULL]
11-09 19:35:37.365 I/notification_cancel(  573): [10004,735,com.google.android.wearable.app,962406116,now,0,0,64,8,NULL]
11-09 19:35:37.366 I/notification_canceled(  573): [0|com.google.android.wearable.app|962406116|now|10004,8]
11-09 19:37:27.025 I/force_gc(  573): Binder
11-09 19:37:27.357 I/notification_enqueue(  573): [10004,735,com.google.android.wearable.app,962406116,now,0,Notification(pri=-2 contentView=null vibrate=null sound=null defaults=0x0 flags=0x100 color=0x00000000 sortKey=0000000003 vis=PRIVATE),0]
11-09 19:37:29.923 I/battery_level(  573): [92,4200,312]
11-09 19:38:48.958 I/power_screen_state(  573): [1,0,0,0]
11-09 19:38:48.958 I/screen_toggled(  573): 1
11-09 19:38:48.958 I/power_screen_broadcast_send(  573): 1
11-09 19:38:49.047 I/power_screen_broadcast_done(  573): [1,89,1]
11-09 19:38:54.010 I/power_sleep_requested(  573): 0
11-09 19:38:54.012 I/power_screen_state(  573): [0,3,0,0]
11-09 19:38:54.012 I/screen_toggled(  573): 0
11-09 19:38:54.012 I/power_screen_broadcast_send(  573): 1
11-09 19:38:54.184 I/power_screen_broadcast_done(  573): [0,172,1]
11-09 19:39:26.504 I/power_screen_state(  573): [1,0,0,0]
11-09 19:39:26.504 I/screen_toggled(  573): 1
11-09 19:39:26.505 I/power_screen_broadcast_send(  573): 1
11-09 19:39:26.588 I/power_screen_broadcast_done(  573): [1,84,1]
11-09 19:39:31.259 I/notification_enqueue(  573): [10011,774,com.google.android.gms,22543,NULL,0,Notification(pri=-2 contentView=com.google.android.gms/0x1090077 vibrate=null sound=null defaults=0x0 flags=0x142 color=0x00000000 vis=PRIVATE),1]
11-09 19:39:31.549 I/power_sleep_requested(  573): 0
11-09 19:39:31.551 I/power_screen_state(  573): [0,3,0,0]
11-09 19:39:31.551 I/screen_toggled(  573): 0
11-09 19:39:31.551 I/power_screen_broadcast_send(  573): 1
11-09 19:39:31.723 I/power_screen_broadcast_done(  573): [0,172,1]
11-09 19:40:29.272 I/notification_cancel(  573): [10032,1404,com.ustwo.watchfaces.bits,10436,NULL,0,0,64,8,NULL]
11-09 19:40:29.278 I/notification_cancel(  573): [10004,735,com.google.android.wearable.app,0,media_controls,0,0,64,8,NULL]
11-09 19:40:29.641 I/notification_cancel(  573): [10012,1385,com.lge.lifetracker,105,NULL,0,0,64,8,NULL]
11-09 19:40:29.651 I/notification_cancel(  573): [10012,1385,com.lge.lifetracker,100,NULL,0,0,64,8,NULL]
11-09 19:40:30.485 I/netstats_mobile_sample(  573): [0,0,0,0,0,0,0,0,0,0,0,0,1447094430117]
11-09 19:40:30.485 I/netstats_wifi_sample(  573): [0,0,0,0,0,0,0,0,0,0,0,0,1447094430117]
11-09 19:40:30.680 I/netstats_mobile_sample(  573): [0,0,0,0,0,0,0,0,0,0,0,0,1447094430313]
11-09 19:40:30.680 I/netstats_wifi_sample(  573): [0,0,0,0,0,0,0,0,0,0,0,0,1447094430313]
11-09 19:40:30.719 I/netstats_mobile_sample(  573): [0,0,0,0,0,0,0,0,0,0,0,0,1447094430331]
11-09 19:40:30.719 I/netstats_wifi_sample(  573): [0,0,0,0,0,0,0,0,0,0,0,0,1447094430331]
11-09 19:40:30.741 I/notification_cancel(  573): [1000,573,android,102,CaptivePortal.Notification,0,0,0,8,NULL]
11-09 19:40:31.113 I/netstats_mobile_sample(  573): [0,0,0,0,0,0,0,0,0,0,0,0,1447094430745]
11-09 19:40:31.113 I/netstats_wifi_sample(  573): [0,0,0,0,0,0,0,0,0,0,0,0,1447094430745]
11-09 19:40:32.534 I/netstats_mobile_sample(  573): [0,0,0,0,0,0,0,0,0,0,0,0,1447094432166]
11-09 19:40:32.534 I/netstats_wifi_sample(  573): [0,0,0,0,0,0,0,0,0,0,0,0,1447094432166]
11-09 19:40:32.557 I/netstats_mobile_sample(  573): [0,0,0,0,0,0,0,0,0,0,0,0,1447094432189]
11-09 19:40:32.557 I/netstats_wifi_sample(  573): [0,0,0,0,0,0,0,0,0,0,0,0,1447094432189]
11-09 19:40:32.585 I/notification_cancel(  573): [1000,573,android,103,CaptivePortal.Notification,0,0,0,8,NULL]
11-09 19:40:32.734 I/notification_cancel_all(  573): [10010,670,com.android.providers.downloads,0,0,64,9,NULL]
11-09 19:40:33.700 I/notification_cancel(  573): [10025,1225,com.google.android.apps.fitness,10436,NULL,0,0,64,8,NULL]
11-09 19:40:33.701 I/notification_cancel(  573): [10025,1225,com.google.android.apps.fitness,10436,NULL,0,0,64,8,NULL]
11-09 19:40:33.702 I/notification_cancel(  573): [10025,1225,com.google.android.apps.fitness,10436,NULL,0,0,64,8,NULL]
11-09 19:40:33.703 I/notification_cancel(  573): [10025,1225,com.google.android.apps.fitness,10436,NULL,0,0,64,8,NULL]
11-09 19:40:33.704 I/notification_cancel(  573): [10025,1225,com.google.android.apps.fitness,10436,NULL,0,0,64,8,NULL]
11-09 19:40:33.708 I/notification_cancel(  573): [10025,1225,com.google.android.apps.fitness,10436,NULL,0,0,64,8,NULL]
11-09 19:40:33.711 I/notification_cancel(  573): [10025,1225,com.google.android.apps.fitness,10436,NULL,0,0,64,8,NULL]
11-09 19:40:33.713 I/notification_cancel(  573): [10025,1225,com.google.android.apps.fitness,10436,NULL,0,0,64,8,NULL]
11-09 19:41:41.744 I/power_screen_state(  573): [1,0,0,0]
11-09 19:41:41.744 I/screen_toggled(  573): 1
11-09 19:41:41.744 I/power_screen_broadcast_send(  573): 1
11-09 19:41:41.826 I/power_screen_broadcast_done(  573): [1,82,1]
11-09 19:41:42.014 I/force_gc(  573): Binder
11-09 19:41:46.795 I/power_sleep_requested(  573): 0
11-09 19:41:46.796 I/power_screen_state(  573): [0,3,0,0]
11-09 19:41:46.796 I/screen_toggled(  573): 0
11-09 19:41:46.796 I/power_screen_broadcast_send(  573): 1
11-09 19:41:47.059 I/power_screen_broadcast_done(  573): [0,262,1]
11-09 19:43:44.792 I/notification_cancel(  573): [10025,1225,com.google.android.apps.fitness,10436,NULL,0,0,64,8,NULL]
11-09 19:43:44.793 I/notification_cancel(  573): [10025,1225,com.google.android.apps.fitness,10436,NULL,0,0,64,8,NULL]
11-09 19:43:44.794 I/notification_cancel(  573): [10025,1225,com.google.android.apps.fitness,10436,NULL,0,0,64,8,NULL]
11-09 19:43:44.794 I/notification_cancel(  573): [10025,1225,com.google.android.apps.fitness,10436,NULL,0,0,64,8,NULL]
11-09 19:43:44.796 I/notification_cancel(  573): [10025,1225,com.google.android.apps.fitness,10436,NULL,0,0,64,8,NULL]
11-09 19:43:44.800 I/notification_cancel(  573): [10025,1225,com.google.android.apps.fitness,10436,NULL,0,0,64,8,NULL]
11-09 19:43:44.803 I/notification_cancel(  573): [10025,1225,com.google.android.apps.fitness,10436,NULL,0,0,64,8,NULL]
11-09 19:43:44.810 I/notification_cancel(  573): [10025,1225,com.google.android.apps.fitness,10436,NULL,0,0,64,8,NULL]
11-09 19:44:25.485 I/notification_cancel(  573): [10025,1225,com.google.android.apps.fitness,10436,NULL,0,0,64,8,NULL]
11-09 19:44:25.486 I/notification_cancel(  573): [10025,1225,com.google.android.apps.fitness,10436,NULL,0,0,64,8,NULL]
11-09 19:44:25.487 I/notification_cancel(  573): [10025,1225,com.google.android.apps.fitness,10436,NULL,0,0,64,8,NULL]
11-09 19:44:25.488 I/notification_cancel(  573): [10025,1225,com.google.android.apps.fitness,10436,NULL,0,0,64,8,NULL]
11-09 19:44:25.613 I/notification_cancel(  573): [10011,824,com.google.android.gms,10436,NULL,0,0,64,8,NULL]
11-09 19:44:25.905 I/notification_enqueue(  573): [10025,1225,com.google.android.apps.fitness,1,NULL,0,Notification(pri=-1 contentView=null vibrate=null sound=null defaults=0x0 flags=0x0 color=0x00000000 vis=PRIVATE),1]
11-09 19:44:25.987 I/netstats_mobile_sample(  573): [0,0,0,0,0,0,0,0,0,0,0,0,1447094665619]
11-09 19:44:25.987 I/netstats_wifi_sample(  573): [0,0,0,0,0,0,0,0,0,0,0,0,1447094665619]
11-09 19:44:31.051 I/notification_cancel(  573): [10025,1225,com.google.android.apps.fitness,10436,NULL,0,0,64,8,NULL]
11-09 19:44:31.052 I/notification_cancel(  573): [10025,1225,com.google.android.apps.fitness,10436,NULL,0,0,64,8,NULL]
11-09 19:44:31.053 I/notification_cancel(  573): [10025,1225,com.google.android.apps.fitness,10436,NULL,0,0,64,8,NULL]
11-09 19:44:31.054 I/notification_cancel(  573): [10025,1225,com.google.android.apps.fitness,10436,NULL,0,0,64,8,NULL]
11-09 19:44:31.057 I/notification_cancel(  573): [10025,1225,com.google.android.apps.fitness,10436,NULL,0,0,64,8,NULL]
11-09 19:44:31.070 I/notification_cancel(  573): [10025,1225,com.google.android.apps.fitness,10436,NULL,0,0,64,8,NULL]
11-09 19:44:31.075 I/notification_cancel(  573): [10025,1225,com.google.android.apps.fitness,10436,NULL,0,0,64,8,NULL]
11-09 19:44:31.077 I/notification_cancel(  573): [10025,1225,com.google.android.apps.fitness,10436,NULL,0,0,64,8,NULL]
11-09 19:52:26.110 I/notification_cancel(  573): [10024,1042,com.google.android.deskclock,10436,NULL,0,0,64,8,NULL]
11-09 19:52:59.470 I/force_gc(  573): Binder
11-09 19:55:44.799 I/power_screen_state(  573): [1,0,0,0]
11-09 19:55:44.799 I/screen_toggled(  573): 1
11-09 19:55:44.799 I/power_screen_broadcast_send(  573): 1
11-09 19:55:44.903 I/power_screen_broadcast_done(  573): [1,104,1]
11-09 19:55:54.794 I/power_sleep_requested(  573): 0
11-09 19:55:54.795 I/power_screen_state(  573): [0,3,0,0]
11-09 19:55:54.795 I/screen_toggled(  573): 0
11-09 19:55:54.797 I/power_screen_broadcast_send(  573): 1
11-09 19:55:54.971 I/power_screen_broadcast_done(  573): [0,174,1]
11-09 19:59:01.514 I/aggregation(  970): 1447095541514
11-09 19:59:02.088 I/notification_cancel(  573): [10025,1225,com.google.android.apps.fitness,10436,NULL,0,0,64,8,NULL]
11-09 19:59:02.089 I/notification_cancel(  573): [10025,1225,com.google.android.apps.fitness,10436,NULL,0,0,64,8,NULL]
11-09 19:59:02.090 I/notification_cancel(  573): [10025,1225,com.google.android.apps.fitness,10436,NULL,0,0,64,8,NULL]
11-09 19:59:02.091 I/notification_cancel(  573): [10025,1225,com.google.android.apps.fitness,10436,NULL,0,0,64,8,NULL]
11-09 19:59:02.509 I/notification_enqueue(  573): [10025,1225,com.google.android.apps.fitness,1,NULL,0,Notification(pri=-1 contentView=null vibrate=null sound=null defaults=0x0 flags=0x0 color=0x00000000 vis=PRIVATE),1]
11-09 19:59:06.155 I/notification_cancel(  573): [10025,1225,com.google.android.apps.fitness,10436,NULL,0,0,64,8,NULL]
11-09 19:59:06.156 I/notification_cancel(  573): [10025,1225,com.google.android.apps.fitness,10436,NULL,0,0,64,8,NULL]
11-09 19:59:06.157 I/notification_cancel(  573): [10025,1225,com.google.android.apps.fitness,10436,NULL,0,0,64,8,NULL]
11-09 19:59:06.170 I/notification_cancel(  573): [10025,1225,com.google.android.apps.fitness,10436,NULL,0,0,64,8,NULL]
11-09 19:59:06.171 I/notification_cancel(  573): [10025,1225,com.google.android.apps.fitness,10436,NULL,0,0,64,8,NULL]
11-09 19:59:06.172 I/notification_cancel(  573): [10025,1225,com.google.android.apps.fitness,10436,NULL,0,0,64,8,NULL]
11-09 19:59:06.173 I/notification_cancel(  573): [10025,1225,com.google.android.apps.fitness,10436,NULL,0,0,64,8,NULL]
11-09 19:59:06.176 I/notification_cancel(  573): [10025,1225,com.google.android.apps.fitness,10436,NULL,0,0,64,8,NULL]
11-09 20:04:01.468 I/battery_level(  573): [91,4179,266]
11-09 20:11:50.629 I/notification_cancel(  573): [10004,735,com.google.android.wearable.app,962406116,now,0,0,64,8,NULL]
11-09 20:11:50.629 I/notification_canceled(  573): [0|com.google.android.wearable.app|962406116|now|10004,8]
11-09 20:12:38.996 I/notification_enqueue(  573): [10004,735,com.google.android.wearable.app,962406116,now,0,Notification(pri=-2 contentView=null vibrate=null sound=null defaults=0x0 flags=0x100 color=0x00000000 sortKey=0000000004 vis=PRIVATE),0]
11-09 20:14:01.450 I/netstats_mobile_sample(  573): [0,0,0,0,0,0,0,0,0,0,0,0,1447096442411]
11-09 20:14:01.450 I/netstats_wifi_sample(  573): [0,0,0,0,0,0,0,0,0,0,0,0,1447096442411]
11-09 20:14:01.795 I/force_gc(  573): Binder
11-09 20:14:02.056 I/notification_cancel(  573): [10025,1225,com.google.android.apps.fitness,10436,NULL,0,0,64,8,NULL]
11-09 20:14:02.057 I/notification_cancel(  573): [10025,1225,com.google.android.apps.fitness,10436,NULL,0,0,64,8,NULL]
11-09 20:14:02.057 I/notification_cancel(  573): [10025,1225,com.google.android.apps.fitness,10436,NULL,0,0,64,8,NULL]
11-09 20:14:02.059 I/notification_cancel(  573): [10025,1225,com.google.android.apps.fitness,10436,NULL,0,0,64,8,NULL]
11-09 20:14:02.521 I/notification_enqueue(  573): [10025,1225,com.google.android.apps.fitness,1,NULL,0,Notification(pri=-1 contentView=null vibrate=null sound=null defaults=0x0 flags=0x0 color=0x00000000 vis=PRIVATE),1]
11-09 20:14:05.082 I/notification_cancel(  573): [10025,1225,com.google.android.apps.fitness,10436,NULL,0,0,64,8,NULL]
11-09 20:14:05.083 I/notification_cancel(  573): [10025,1225,com.google.android.apps.fitness,10436,NULL,0,0,64,8,NULL]
11-09 20:14:05.084 I/notification_cancel(  573): [10025,1225,com.google.android.apps.fitness,10436,NULL,0,0,64,8,NULL]
