11-09 20:14:05.092 I/notification_cancel(  573): [10025,1225,com.google.android.apps.fitness,10436,NULL,0,0,64,8,NULL]
11-09 20:14:05.093 I/notification_cancel(  573): [10025,1225,com.google.android.apps.fitness,10436,NULL,0,0,64,8,NULL]
11-09 20:14:05.093 I/notification_cancel(  573): [10025,1225,com.google.android.apps.fitness,10436,NULL,0,0,64,8,NULL]
11-09 20:14:05.094 I/notification_cancel(  573): [10025,1225,com.google.android.apps.fitness,10436,NULL,0,0,64,8,NULL]
11-09 20:14:05.096 I/notification_cancel(  573): [10025,1225,com.google.android.apps.fitness,10436,NULL,0,0,64,8,NULL]
11-09 20:14:06.306 I/notification_cancel(  573): [10025,1225,com.google.android.apps.fitness,10436,NULL,0,0,64,8,NULL]
11-09 20:14:06.307 I/notification_cancel(  573): [10025,1225,com.google.android.apps.fitness,10436,NULL,0,0,64,8,NULL]
11-09 20:14:06.307 I/notification_cancel(  573): [10025,1225,com.google.android.apps.fitness,10436,NULL,0,0,64,8,NULL]
11-09 20:14:06.322 I/notification_cancel(  573): [10025,1225,com.google.android.apps.fitness,10436,NULL,0,0,64,8,NULL]
11-09 20:14:06.323 I/notification_cancel(  573): [10025,1225,com.google.android.apps.fitness,10436,NULL,0,0,64,8,NULL]
11-09 20:14:06.324 I/notification_cancel(  573): [10025,1225,com.google.android.apps.fitness,10436,NULL,0,0,64,8,NULL]
11-09 20:14:06.325 I/notification_cancel(  573): [10025,1225,com.google.android.apps.fitness,10436,NULL,0,0,64,8,NULL]
11-09 20:14:06.328 I/notification_cancel(  573): [10025,1225,com.google.android.apps.fitness,10436,NULL,0,0,64,8,NULL]
11-09 20:18:46.413 I/power_screen_state(  573): [1,0,0,0]
11-09 20:18:46.413 I/screen_toggled(  573): 1
11-09 20:18:46.413 I/power_screen_broadcast_send(  573): 1
11-09 20:18:46.921 I/power_screen_broadcast_done(  573): [1,509,1]
11-09 20:18:51.436 I/power_sleep_requested(  573): 0
11-09 20:18:51.437 I/power_screen_state(  573): [0,3,0,0]
11-09 20:18:51.437 I/screen_toggled(  573): 0
11-09 20:18:51.438 I/power_screen_broadcast_send(  573): 1
11-09 20:18:51.618 I/power_screen_broadcast_done(  573): [0,181,1]
11-09 20:19:15.159 I/power_screen_state(  573): [1,0,0,0]
11-09 20:19:15.159 I/screen_toggled(  573): 1
11-09 20:19:15.159 I/power_screen_broadcast_send(  573): 1
11-09 20:19:15.242 I/power_screen_broadcast_done(  573): [1,83,1]
11-09 20:19:20.196 I/power_sleep_requested(  573): 0
11-09 20:19:20.199 I/power_screen_state(  573): [0,3,0,0]
11-09 20:19:20.199 I/screen_toggled(  573): 0
11-09 20:19:20.199 I/power_screen_broadcast_send(  573): 1
11-09 20:19:20.372 I/power_screen_broadcast_done(  573): [0,173,1]
11-09 20:20:32.720 I/power_screen_state(  573): [1,0,0,0]
11-09 20:20:32.720 I/screen_toggled(  573): 1
11-09 20:20:32.720 I/power_screen_broadcast_send(  573): 1
11-09 20:20:32.956 I/power_screen_broadcast_done(  573): [1,236,1]
11-09 20:20:44.247 I/power_sleep_requested(  573): 0
11-09 20:20:44.249 I/power_screen_state(  573): [0,3,0,0]
11-09 20:20:44.249 I/screen_toggled(  573): 0
11-09 20:20:44.249 I/power_screen_broadcast_send(  573): 1
11-09 20:20:44.549 I/power_screen_broadcast_done(  573): [0,300,1]
11-09 20:21:15.346 I/power_screen_state(  573): [1,0,0,0]
11-09 20:21:15.346 I/screen_toggled(  573): 1
11-09 20:21:15.346 I/power_screen_broadcast_send(  573): 1
11-09 20:21:15.636 I/power_screen_broadcast_done(  573): [1,290,1]
11-09 20:21:20.381 I/power_sleep_requested(  573): 0
11-09 20:21:20.383 I/power_screen_state(  573): [0,3,0,0]
11-09 20:21:20.383 I/screen_toggled(  573): 0
11-09 20:21:20.383 I/power_screen_broadcast_send(  573): 1
11-09 20:21:20.390 I/force_gc(  865): Binder
11-09 20:21:20.682 I/power_screen_broadcast_done(  573): [0,298,1]
11-09 20:23:14.337 I/power_screen_state(  573): [1,0,0,0]
11-09 20:23:14.337 I/screen_toggled(  573): 1
11-09 20:23:14.340 I/power_screen_broadcast_send(  573): 1
11-09 20:23:14.436 I/power_screen_broadcast_done(  573): [1,96,1]
11-09 20:23:14.543 I/force_gc(  573): Binder
11-09 20:23:32.260 I/notification_cancel(  573): [10004,735,com.google.android.wearable.app,875576614,cal_notif,0,0,66,10,{com.google.android.wearable.app/com.google.android.clockwork.stream.NotificationCollectorService}]
11-09 20:23:32.261 I/notification_canceled(  573): [0|com.google.android.wearable.app|875576614|cal_notif|10004,10]
11-09 20:23:32.261 I/notification_cancel(  573): [10004,735,com.google.android.wearable.app,-1835145010,cal_notif,0,0,0,12,{com.google.android.wearable.app/com.google.android.clockwork.stream.NotificationCollectorService}]
11-09 20:23:32.262 I/notification_canceled(  573): [0|com.google.android.wearable.app|-1835145010|cal_notif|10004,12]
11-09 20:23:36.838 I/power_sleep_requested(  573): 0
11-09 20:23:36.839 I/power_screen_state(  573): [0,3,0,0]
11-09 20:23:36.839 I/screen_toggled(  573): 0
11-09 20:23:36.839 I/power_screen_broadcast_send(  573): 1
11-09 20:23:37.118 I/power_screen_broadcast_done(  573): [0,279,1]
11-09 20:28:01.456 I/battery_level(  573): [90,4167,296]
11-09 20:28:41.449 I/power_screen_state(  573): [1,0,0,0]
11-09 20:28:41.449 I/screen_toggled(  573): 1
11-09 20:28:41.456 I/power_screen_broadcast_send(  573): 1
11-09 20:28:41.534 I/power_screen_broadcast_done(  573): [1,77,1]
11-09 20:28:46.438 I/power_sleep_requested(  573): 0
11-09 20:28:46.439 I/power_screen_state(  573): [0,3,0,0]
11-09 20:28:46.439 I/screen_toggled(  573): 0
11-09 20:28:46.440 I/power_screen_broadcast_send(  573): 1
11-09 20:28:46.606 I/power_screen_broadcast_done(  573): [0,166,1]
11-09 20:32:46.388 I/power_screen_state(  573): [1,0,0,0]
11-09 20:32:46.388 I/screen_toggled(  573): 1
11-09 20:32:46.388 I/power_screen_broadcast_send(  573): 1
11-09 20:32:46.608 I/power_screen_broadcast_done(  573): [1,220,1]
11-09 20:32:59.246 I/power_sleep_requested(  573): 0
11-09 20:32:59.247 I/power_screen_state(  573): [0,3,0,0]
11-09 20:32:59.247 I/screen_toggled(  573): 0
11-09 20:32:59.247 I/power_screen_broadcast_send(  573): 1
11-09 20:32:59.437 I/power_screen_broadcast_done(  573): [0,190,1]
11-09 20:37:26.202 I/power_screen_state(  573): [1,0,0,0]
11-09 20:37:26.202 I/screen_toggled(  573): 1
11-09 20:37:26.202 I/power_screen_broadcast_send(  573): 1
11-09 20:37:26.405 I/power_screen_broadcast_done(  573): [1,204,1]
11-09 20:37:31.237 I/power_sleep_requested(  573): 0
11-09 20:37:31.238 I/power_screen_state(  573): [0,3,0,0]
11-09 20:37:31.238 I/screen_toggled(  573): 0
11-09 20:37:31.238 I/power_screen_broadcast_send(  573): 1
11-09 20:37:31.414 I/power_screen_broadcast_done(  573): [0,176,1]
11-09 20:39:01.737 I/force_gc(  573): Binder
11-09 20:39:01.872 I/aggregation(  970): 1447097941872
11-09 20:39:02.172 I/notification_cancel(  573): [10025,1225,com.google.android.apps.fitness,10436,NULL,0,0,64,8,NULL]
11-09 20:39:02.173 I/notification_cancel(  573): [10025,1225,com.google.android.apps.fitness,10436,NULL,0,0,64,8,NULL]
11-09 20:39:02.174 I/notification_cancel(  573): [10025,1225,com.google.android.apps.fitness,10436,NULL,0,0,64,8,NULL]
11-09 20:39:02.174 I/notification_cancel(  573): [10025,1225,com.google.android.apps.fitness,10436,NULL,0,0,64,8,NULL]
11-09 20:39:02.604 I/notification_enqueue(  573): [10025,1225,com.google.android.apps.fitness,1,NULL,0,Notification(pri=-1 contentView=null vibrate=null sound=null defaults=0x0 flags=0x0 color=0x00000000 vis=PRIVATE),1]
11-09 20:39:06.969 I/notification_cancel(  573): [10025,1225,com.google.android.apps.fitness,10436,NULL,0,0,64,8,NULL]
11-09 20:39:06.970 I/notification_cancel(  573): [10025,1225,com.google.android.apps.fitness,10436,NULL,0,0,64,8,NULL]
11-09 20:39:06.971 I/notification_cancel(  573): [10025,1225,com.google.android.apps.fitness,10436,NULL,0,0,64,8,NULL]
11-09 20:39:06.983 I/notification_cancel(  573): [10025,1225,com.google.android.apps.fitness,10436,NULL,0,0,64,8,NULL]
11-09 20:39:06.984 I/notification_cancel(  573): [10025,1225,com.google.android.apps.fitness,10436,NULL,0,0,64,8,NULL]
11-09 20:39:06.985 I/notification_cancel(  573): [10025,1225,com.google.android.apps.fitness,10436,NULL,0,0,64,8,NULL]
11-09 20:39:06.985 I/notification_cancel(  573): [10025,1225,com.google.android.apps.fitness,10436,NULL,0,0,64,8,NULL]
11-09 20:39:06.989 I/notification_cancel(  573): [10025,1225,com.google.android.apps.fitness,10436,NULL,0,0,64,8,NULL]
11-09 20:39:08.241 I/notification_cancel(  573): [10025,1225,com.google.android.apps.fitness,10436,NULL,0,0,64,8,NULL]
11-09 20:39:08.243 I/notification_cancel(  573): [10025,1225,com.google.android.apps.fitness,10436,NULL,0,0,64,8,NULL]
11-09 20:39:08.243 I/notification_cancel(  573): [10025,1225,com.google.android.apps.fitness,10436,NULL,0,0,64,8,NULL]
11-09 20:39:08.253 I/notification_cancel(  573): [10025,1225,com.google.android.apps.fitness,10436,NULL,0,0,64,8,NULL]
11-09 20:39:08.254 I/notification_cancel(  573): [10025,1225,com.google.android.apps.fitness,10436,NULL,0,0,64,8,NULL]
11-09 20:39:08.255 I/notification_cancel(  573): [10025,1225,com.google.android.apps.fitness,10436,NULL,0,0,64,8,NULL]
11-09 20:39:08.255 I/notification_cancel(  573): [10025,1225,com.google.android.apps.fitness,10436,NULL,0,0,64,8,NULL]
11-09 20:39:08.259 I/notification_cancel(  573): [10025,1225,com.google.android.apps.fitness,10436,NULL,0,0,64,8,NULL]
11-09 20:42:03.747 I/power_screen_state(  573): [1,0,0,0]
11-09 20:42:03.747 I/screen_toggled(  573): 1
11-09 20:42:03.748 I/power_screen_broadcast_send(  573): 1
11-09 20:42:03.971 I/power_screen_broadcast_done(  573): [1,223,1]
11-09 20:42:08.782 I/power_sleep_requested(  573): 0
11-09 20:42:08.784 I/power_screen_state(  573): [0,3,0,0]
11-09 20:42:08.784 I/screen_toggled(  573): 0
11-09 20:42:08.784 I/power_screen_broadcast_send(  573): 1
11-09 20:42:08.948 I/power_screen_broadcast_done(  573): [0,164,1]
11-09 20:43:49.480 I/notification_cancel(  573): [10025,1225,com.google.android.apps.fitness,10436,NULL,0,0,64,8,NULL]
11-09 20:43:49.488 I/notification_cancel(  573): [10025,1225,com.google.android.apps.fitness,10436,NULL,0,0,64,8,NULL]
11-09 20:43:49.490 I/notification_cancel(  573): [10025,1225,com.google.android.apps.fitness,10436,NULL,0,0,64,8,NULL]
11-09 20:43:49.490 I/notification_cancel(  573): [10025,1225,com.google.android.apps.fitness,10436,NULL,0,0,64,8,NULL]
11-09 20:43:49.492 I/notification_cancel(  573): [10025,1225,com.google.android.apps.fitness,10436,NULL,0,0,64,8,NULL]
11-09 20:43:49.496 I/notification_cancel(  573): [10025,1225,com.google.android.apps.fitness,10436,NULL,0,0,64,8,NULL]
11-09 20:43:49.499 I/notification_cancel(  573): [10025,1225,com.google.android.apps.fitness,10436,NULL,0,0,64,8,NULL]
11-09 20:43:49.500 I/notification_cancel(  573): [10025,1225,com.google.android.apps.fitness,10436,NULL,0,0,64,8,NULL]
11-09 20:44:29.473 I/netstats_mobile_sample(  573): [0,0,0,0,0,0,0,0,0,0,0,0,1447098270434]
11-09 20:44:29.473 I/netstats_wifi_sample(  573): [0,0,0,0,0,0,0,0,0,0,0,0,1447098270434]
11-09 20:44:29.676 I/notification_cancel(  573): [10025,1225,com.google.android.apps.fitness,10436,NULL,0,0,64,8,NULL]
11-09 20:44:29.677 I/notification_cancel(  573): [10025,1225,com.google.android.apps.fitness,10436,NULL,0,0,64,8,NULL]
11-09 20:44:29.678 I/notification_cancel(  573): [10025,1225,com.google.android.apps.fitness,10436,NULL,0,0,64,8,NULL]
11-09 20:44:29.679 I/notification_cancel(  573): [10025,1225,com.google.android.apps.fitness,10436,NULL,0,0,64,8,NULL]
11-09 20:44:30.245 I/notification_enqueue(  573): [10025,1225,com.google.android.apps.fitness,1,NULL,0,Notification(pri=-1 contentView=null vibrate=null sound=null defaults=0x0 flags=0x0 color=0x00000000 vis=PRIVATE),1]
11-09 20:44:33.641 I/notification_cancel(  573): [10025,1225,com.google.android.apps.fitness,10436,NULL,0,0,64,8,NULL]
11-09 20:44:33.642 I/notification_cancel(  573): [10025,1225,com.google.android.apps.fitness,10436,NULL,0,0,64,8,NULL]
11-09 20:44:33.642 I/notification_cancel(  573): [10025,1225,com.google.android.apps.fitness,10436,NULL,0,0,64,8,NULL]
11-09 20:44:33.657 I/notification_cancel(  573): [10025,1225,com.google.android.apps.fitness,10436,NULL,0,0,64,8,NULL]
11-09 20:44:33.658 I/notification_cancel(  573): [10025,1225,com.google.android.apps.fitness,10436,NULL,0,0,64,8,NULL]
11-09 20:44:33.659 I/notification_cancel(  573): [10025,1225,com.google.android.apps.fitness,10436,NULL,0,0,64,8,NULL]
11-09 20:44:33.659 I/notification_cancel(  573): [10025,1225,com.google.android.apps.fitness,10436,NULL,0,0,64,8,NULL]
11-09 20:44:33.663 I/notification_cancel(  573): [10025,1225,com.google.android.apps.fitness,10436,NULL,0,0,64,8,NULL]
11-09 20:44:35.164 I/notification_cancel(  573): [10025,1225,com.google.android.apps.fitness,10436,NULL,0,0,64,8,NULL]
11-09 20:44:35.165 I/notification_cancel(  573): [10025,1225,com.google.android.apps.fitness,10436,NULL,0,0,64,8,NULL]
11-09 20:44:35.166 I/notification_cancel(  573): [10025,1225,com.google.android.apps.fitness,10436,NULL,0,0,64,8,NULL]
11-09 20:44:35.177 I/notification_cancel(  573): [10025,1225,com.google.android.apps.fitness,10436,NULL,0,0,64,8,NULL]
11-09 20:44:35.178 I/notification_cancel(  573): [10025,1225,com.google.android.apps.fitness,10436,NULL,0,0,64,8,NULL]
11-09 20:44:35.179 I/notification_cancel(  573): [10025,1225,com.google.android.apps.fitness,10436,NULL,0,0,64,8,NULL]
11-09 20:44:35.179 I/notification_cancel(  573): [10025,1225,com.google.android.apps.fitness,10436,NULL,0,0,64,8,NULL]
11-09 20:44:35.183 I/notification_cancel(  573): [10025,1225,com.google.android.apps.fitness,10436,NULL,0,0,64,8,NULL]
11-09 20:45:24.651 I/power_screen_state(  573): [1,0,0,0]
11-09 20:45:24.651 I/screen_toggled(  573): 1
11-09 20:45:24.659 I/power_screen_broadcast_send(  573): 1
11-09 20:45:24.864 I/power_screen_broadcast_done(  573): [1,205,1]
11-09 20:45:29.833 I/power_sleep_requested(  573): 0
11-09 20:45:29.835 I/power_screen_state(  573): [0,3,0,0]
11-09 20:45:29.835 I/screen_toggled(  573): 0
11-09 20:45:29.835 I/power_screen_broadcast_send(  573): 1
11-09 20:45:30.007 I/power_screen_broadcast_done(  573): [0,172,1]
11-09 20:45:48.991 I/power_screen_state(  573): [1,0,0,0]
11-09 20:45:48.991 I/screen_toggled(  573): 1
11-09 20:45:48.991 I/power_screen_broadcast_send(  573): 1
11-09 20:45:49.099 I/power_screen_broadcast_done(  573): [1,108,1]
11-09 20:45:53.982 I/power_sleep_requested(  573): 0
11-09 20:45:53.983 I/power_screen_state(  573): [0,3,0,0]
11-09 20:45:53.983 I/screen_toggled(  573): 0
11-09 20:45:53.983 I/power_screen_broadcast_send(  573): 1
11-09 20:45:54.032 I/force_gc(  573): Binder
11-09 20:45:54.371 I/power_screen_broadcast_done(  573): [0,388,1]
11-09 20:47:51.139 I/notification_cancel(  573): [10004,735,com.google.android.wearable.app,962406116,now,0,0,64,8,NULL]
11-09 20:47:51.139 I/notification_canceled(  573): [0|com.google.android.wearable.app|962406116|now|10004,8]
11-09 20:48:25.002 I/power_screen_state(  573): [1,0,0,0]
11-09 20:48:25.002 I/screen_toggled(  573): 1
11-09 20:48:25.002 I/power_screen_broadcast_send(  573): 1
11-09 20:48:25.210 I/power_screen_broadcast_done(  573): [1,208,1]
11-09 20:48:30.038 I/power_sleep_requested(  573): 0
11-09 20:48:30.040 I/power_screen_state(  573): [0,3,0,0]
11-09 20:48:30.040 I/screen_toggled(  573): 0
11-09 20:48:30.040 I/power_screen_broadcast_send(  573): 1
11-09 20:48:30.295 I/power_screen_broadcast_done(  573): [0,255,1]
11-09 20:48:33.660 I/notification_enqueue(  573): [10004,735,com.google.android.wearable.app,962406116,now,0,Notification(pri=-2 contentView=null vibrate=null sound=null defaults=0x0 flags=0x100 color=0x00000000 sortKey=0000000003 vis=PRIVATE),0]
11-09 20:48:35.655 I/power_screen_state(  573): [1,0,0,0]
11-09 20:48:35.655 I/screen_toggled(  573): 1
11-09 20:48:35.655 I/power_screen_broadcast_send(  573): 1
11-09 20:48:35.741 I/power_screen_broadcast_done(  573): [1,86,1]
11-09 20:48:40.685 I/power_sleep_requested(  573): 0
11-09 20:48:40.686 I/power_screen_state(  573): [0,3,0,0]
11-09 20:48:40.686 I/screen_toggled(  573): 0
11-09 20:48:40.687 I/power_screen_broadcast_send(  573): 1
11-09 20:48:40.905 I/power_screen_broadcast_done(  573): [0,218,1]
11-09 20:50:13.004 I/power_screen_state(  573): [1,0,0,0]
11-09 20:50:13.004 I/screen_toggled(  573): 1
11-09 20:50:13.004 I/power_screen_broadcast_send(  573): 1
11-09 20:50:13.261 I/power_screen_broadcast_done(  573): [1,257,1]
11-09 20:50:18.041 I/power_sleep_requested(  573): 0
11-09 20:50:18.043 I/power_screen_state(  573): [0,3,0,0]
11-09 20:50:18.043 I/screen_toggled(  573): 0
11-09 20:50:18.043 I/power_screen_broadcast_send(  573): 1
11-09 20:50:18.199 I/power_screen_broadcast_done(  573): [0,156,1]
11-09 20:50:54.053 I/power_screen_state(  573): [1,0,0,0]
11-09 20:50:54.053 I/screen_toggled(  573): 1
11-09 20:50:54.053 I/power_screen_broadcast_send(  573): 1
11-09 20:50:54.143 I/power_screen_broadcast_done(  573): [1,90,1]
11-09 20:50:59.081 I/power_sleep_requested(  573): 0
11-09 20:50:59.083 I/power_screen_state(  573): [0,3,0,0]
11-09 20:50:59.083 I/screen_toggled(  573): 0
11-09 20:50:59.083 I/power_screen_broadcast_send(  573): 1
11-09 20:50:59.276 I/power_screen_broadcast_done(  573): [0,193,1]
11-09 20:52:25.469 I/battery_level(  573): [89,4155,324]
11-09 20:54:47.422 I/power_screen_state(  573): [1,0,0,0]
11-09 20:54:47.422 I/screen_toggled(  573): 1
11-09 20:54:47.422 I/power_screen_broadcast_send(  573): 1
11-09 20:54:47.630 I/power_screen_broadcast_done(  573): [1,207,1]
11-09 20:54:52.462 I/power_sleep_requested(  573): 0
11-09 20:54:52.464 I/power_screen_state(  573): [0,3,0,0]
11-09 20:54:52.464 I/screen_toggled(  573): 0
11-09 20:54:52.464 I/power_screen_broadcast_send(  573): 1
11-09 20:54:52.520 I/force_gc(  573): Binder
11-09 20:54:52.821 I/power_screen_broadcast_done(  573): [0,357,1]
11-09 20:55:25.151 I/power_screen_state(  573): [1,0,0,0]
11-09 20:55:25.151 I/screen_toggled(  573): 1
11-09 20:55:25.151 I/power_screen_broadcast_send(  573): 1
11-09 20:55:25.239 I/power_screen_broadcast_done(  573): [1,88,1]
11-09 20:55:30.187 I/power_sleep_requested(  573): 0
11-09 20:55:30.190 I/power_screen_state(  573): [0,3,0,0]
11-09 20:55:30.190 I/screen_toggled(  573): 0
11-09 20:55:30.190 I/power_screen_broadcast_send(  573): 1
11-09 20:55:30.365 I/power_screen_broadcast_done(  573): [0,175,1]
11-09 20:56:00.747 I/power_screen_state(  573): [1,0,0,0]
11-09 20:56:00.747 I/screen_toggled(  573): 1
11-09 20:56:00.747 I/power_screen_broadcast_send(  573): 1
11-09 20:56:01.043 I/power_screen_broadcast_done(  573): [1,296,1]
11-09 20:56:05.779 I/power_sleep_requested(  573): 0
11-09 20:56:05.781 I/power_screen_state(  573): [0,3,0,0]
11-09 20:56:05.781 I/screen_toggled(  573): 0
11-09 20:56:05.781 I/power_screen_broadcast_send(  573): 1
11-09 20:56:05.956 I/power_screen_broadcast_done(  573): [0,175,1]
11-09 21:03:06.766 I/notification_cancel(  573): [10025,1225,com.google.android.apps.fitness,10436,NULL,0,0,64,8,NULL]
11-09 21:03:06.767 I/notification_cancel(  573): [10025,1225,com.google.android.apps.fitness,10436,NULL,0,0,64,8,NULL]
11-09 21:03:06.767 I/notification_cancel(  573): [10025,1225,com.google.android.apps.fitness,10436,NULL,0,0,64,8,NULL]
11-09 21:03:06.768 I/notification_cancel(  573): [10025,1225,com.google.android.apps.fitness,10436,NULL,0,0,64,8,NULL]
11-09 21:03:07.079 I/notification_enqueue(  573): [10025,1225,com.google.android.apps.fitness,1,NULL,0,Notification(pri=-1 contentView=null vibrate=null sound=null defaults=0x0 flags=0x0 color=0x00000000 vis=PRIVATE),1]
11-09 21:03:10.429 I/notification_cancel(  573): [10025,1225,com.google.android.apps.fitness,10436,NULL,0,0,64,8,NULL]
11-09 21:03:10.430 I/notification_cancel(  573): [10025,1225,com.google.android.apps.fitness,10436,NULL,0,0,64,8,NULL]
11-09 21:03:10.431 I/notification_cancel(  573): [10025,1225,com.google.android.apps.fitness,10436,NULL,0,0,64,8,NULL]
11-09 21:03:10.447 I/notification_cancel(  573): [10025,1225,com.google.android.apps.fitness,10436,NULL,0,0,64,8,NULL]
11-09 21:03:10.448 I/notification_cancel(  573): [10025,1225,com.google.android.apps.fitness,10436,NULL,0,0,64,8,NULL]
11-09 21:03:10.449 I/notification_cancel(  573): [10025,1225,com.google.android.apps.fitness,10436,NULL,0,0,64,8,NULL]
11-09 21:03:10.450 I/notification_cancel(  573): [10025,1225,com.google.android.apps.fitness,10436,NULL,0,0,64,8,NULL]
11-09 21:03:10.453 I/notification_cancel(  573): [10025,1225,com.google.android.apps.fitness,10436,NULL,0,0,64,8,NULL]
11-09 21:07:55.796 I/power_screen_state(  573): [1,0,0,0]
11-09 21:07:55.796 I/screen_toggled(  573): 1
11-09 21:07:55.797 I/power_screen_broadcast_send(  573): 1
11-09 21:07:56.067 I/power_screen_broadcast_done(  573): [1,270,1]
11-09 21:08:07.586 I/power_sleep_requested(  573): 0
11-09 21:08:07.587 I/power_screen_state(  573): [0,3,0,0]
11-09 21:08:07.587 I/screen_toggled(  573): 0
11-09 21:08:07.589 I/power_screen_broadcast_send(  573): 1
11-09 21:08:07.794 I/power_screen_broadcast_done(  573): [0,206,1]
11-09 21:09:31.546 I/power_screen_state(  573): [1,0,0,0]
11-09 21:09:31.546 I/screen_toggled(  573): 1
11-09 21:09:31.546 I/power_screen_broadcast_send(  573): 1
11-09 21:09:31.638 I/power_screen_broadcast_done(  573): [1,92,1]
11-09 21:09:36.576 I/power_sleep_requested(  573): 0
11-09 21:09:36.578 I/power_screen_state(  573): [0,3,0,0]
11-09 21:09:36.578 I/screen_toggled(  573): 0
11-09 21:09:36.578 I/power_screen_broadcast_send(  573): 1
11-09 21:09:36.643 I/force_gc(  573): Binder
11-09 21:09:36.957 I/power_screen_broadcast_done(  573): [0,379,1]
11-09 21:10:09.069 I/power_screen_state(  573): [1,0,0,0]
11-09 21:10:09.069 I/screen_toggled(  573): 1
11-09 21:10:09.069 I/power_screen_broadcast_send(  573): 1
11-09 21:10:09.297 I/power_screen_broadcast_done(  573): [1,228,1]
11-09 21:10:14.063 I/power_sleep_requested(  573): 0
11-09 21:10:14.064 I/power_screen_state(  573): [0,3,0,0]
11-09 21:10:14.064 I/screen_toggled(  573): 0
11-09 21:10:14.064 I/power_screen_broadcast_send(  573): 1
11-09 21:10:14.072 I/force_gc(  865): Binder
11-09 21:10:14.290 I/power_screen_broadcast_done(  573): [0,226,1]
11-09 21:11:02.736 I/power_screen_state(  573): [1,0,0,0]
11-09 21:11:02.736 I/screen_toggled(  573): 1
11-09 21:11:02.736 I/power_screen_broadcast_send(  573): 1
11-09 21:11:02.831 I/power_screen_broadcast_done(  573): [1,95,1]
11-09 21:11:07.768 I/power_sleep_requested(  573): 0
11-09 21:11:07.769 I/power_screen_state(  573): [0,3,0,0]
11-09 21:11:07.769 I/screen_toggled(  573): 0
11-09 21:11:07.769 I/power_screen_broadcast_send(  573): 1
11-09 21:11:07.985 I/power_screen_broadcast_done(  573): [0,216,1]
11-09 21:13:28.725 I/power_screen_state(  573): [1,0,0,0]
11-09 21:13:28.725 I/screen_toggled(  573): 1
11-09 21:13:28.725 I/power_screen_broadcast_send(  573): 1
11-09 21:13:28.934 I/power_screen_broadcast_done(  573): [1,209,1]
11-09 21:13:33.772 I/power_sleep_requested(  573): 0
11-09 21:13:33.775 I/power_screen_state(  573): [0,3,0,0]
11-09 21:13:33.775 I/screen_toggled(  573): 0
11-09 21:13:33.775 I/power_screen_broadcast_send(  573): 1
11-09 21:13:33.953 I/power_screen_broadcast_done(  573): [0,178,1]
11-09 21:15:08.476 I/aggregation(  970): 1447100108476
11-09 21:15:09.067 I/notification_cancel(  573): [10025,1225,com.google.android.apps.fitness,10436,NULL,0,0,64,8,NULL]
11-09 21:15:09.068 I/notification_cancel(  573): [10025,1225,com.google.android.apps.fitness,10436,NULL,0,0,64,8,NULL]
11-09 21:15:09.069 I/notification_cancel(  573): [10025,1225,com.google.android.apps.fitness,10436,NULL,0,0,64,8,NULL]
11-09 21:15:09.070 I/notification_cancel(  573): [10025,1225,com.google.android.apps.fitness,10436,NULL,0,0,64,8,NULL]
11-09 21:15:09.892 I/notification_enqueue(  573): [10025,1225,com.google.android.apps.fitness,1,NULL,0,Notification(pri=-1 contentView=null vibrate=null sound=null defaults=0x0 flags=0x0 color=0x00000000 vis=PRIVATE),1]
11-09 21:15:09.918 I/netstats_mobile_sample(  573): [0,0,0,0,0,0,0,0,0,0,0,0,1447100110879]
11-09 21:15:09.918 I/netstats_wifi_sample(  573): [0,0,0,0,0,0,0,0,0,0,0,0,1447100110879]
11-09 21:15:11.831 I/notification_cancel(  573): [10025,1225,com.google.android.apps.fitness,10436,NULL,0,0,64,8,NULL]
11-09 21:15:11.832 I/notification_cancel(  573): [10025,1225,com.google.android.apps.fitness,10436,NULL,0,0,64,8,NULL]
11-09 21:15:11.833 I/notification_cancel(  573): [10025,1225,com.google.android.apps.fitness,10436,NULL,0,0,64,8,NULL]
11-09 21:15:11.844 I/notification_cancel(  573): [10025,1225,com.google.android.apps.fitness,10436,NULL,0,0,64,8,NULL]
11-09 21:15:11.845 I/notification_cancel(  573): [10025,1225,com.google.android.apps.fitness,10436,NULL,0,0,64,8,NULL]
11-09 21:15:11.845 I/notification_cancel(  573): [10025,1225,com.google.android.apps.fitness,10436,NULL,0,0,64,8,NULL]
11-09 21:15:11.846 I/notification_cancel(  573): [10025,1225,com.google.android.apps.fitness,10436,NULL,0,0,64,8,NULL]
11-09 21:15:11.850 I/notification_cancel(  573): [10025,1225,com.google.android.apps.fitness,10436,NULL,0,0,64,8,NULL]
11-09 21:21:01.490 I/battery_level(  573): [88,4142,314]
11-09 21:24:06.264 I/notification_cancel(  573): [10004,735,com.google.android.wearable.app,962406116,now,0,0,64,8,NULL]
11-09 21:24:06.264 I/notification_canceled(  573): [0|com.google.android.wearable.app|962406116|now|10004,8]
11-09 21:24:21.081 I/power_screen_state(  573): [1,0,0,0]
11-09 21:24:21.081 I/screen_toggled(  573): 1
11-09 21:24:21.081 I/power_screen_broadcast_send(  573): 1
11-09 21:24:21.164 I/force_gc(  573): Binder
11-09 21:24:21.555 I/power_screen_broadcast_done(  573): [1,474,1]
11-09 21:24:26.076 I/power_sleep_requested(  573): 0
11-09 21:24:26.077 I/power_screen_state(  573): [0,3,0,0]
11-09 21:24:26.077 I/screen_toggled(  573): 0
11-09 21:24:26.077 I/power_screen_broadcast_send(  573): 1
11-09 21:24:26.236 I/power_screen_broadcast_done(  573): [0,159,1]
11-09 21:26:05.861 I/notification_cancel(  573): [10024,1042,com.google.android.deskclock,10436,NULL,0,0,64,8,NULL]
11-09 21:26:05.949 I/notification_enqueue(  573): [10004,735,com.google.android.wearable.app,962406116,now,0,Notification(pri=-2 contentView=null vibrate=null sound=null defaults=0x0 flags=0x100 color=0x00000000 sortKey=0000000003 vis=PRIVATE),0]
11-09 21:26:45.638 I/power_screen_state(  573): [1,0,0,0]
11-09 21:26:45.638 I/screen_toggled(  573): 1
11-09 21:26:45.638 I/power_screen_broadcast_send(  573): 1
11-09 21:26:45.722 I/power_screen_broadcast_done(  573): [1,83,1]
11-09 21:26:50.681 I/power_sleep_requested(  573): 0
11-09 21:26:50.682 I/power_screen_state(  573): [0,3,0,0]
11-09 21:26:50.682 I/screen_toggled(  573): 0
11-09 21:26:50.683 I/power_screen_broadcast_send(  573): 1
11-09 21:26:50.945 I/power_screen_broadcast_done(  573): [0,262,1]
11-09 21:29:01.614 I/notification_cancel(  573): [10025,1225,com.google.android.apps.fitness,10436,NULL,0,0,64,8,NULL]
11-09 21:29:01.615 I/notification_cancel(  573): [10025,1225,com.google.android.apps.fitness,10436,NULL,0,0,64,8,NULL]
11-09 21:29:01.616 I/notification_cancel(  573): [10025,1225,com.google.android.apps.fitness,10436,NULL,0,0,64,8,NULL]
11-09 21:29:01.617 I/notification_cancel(  573): [10025,1225,com.google.android.apps.fitness,10436,NULL,0,0,64,8,NULL]
11-09 21:29:01.928 I/notification_enqueue(  573): [10025,1225,com.google.android.apps.fitness,1,NULL,0,Notification(pri=-1 contentView=null vibrate=null sound=null defaults=0x0 flags=0x0 color=0x00000000 vis=PRIVATE),1]
11-09 21:29:04.751 I/notification_cancel(  573): [10025,1225,com.google.android.apps.fitness,10436,NULL,0,0,64,8,NULL]
11-09 21:29:04.751 I/notification_cancel(  573): [10025,1225,com.google.android.apps.fitness,10436,NULL,0,0,64,8,NULL]
11-09 21:29:04.752 I/notification_cancel(  573): [10025,1225,com.google.android.apps.fitness,10436,NULL,0,0,64,8,NULL]
11-09 21:29:04.758 I/notification_cancel(  573): [10025,1225,com.google.android.apps.fitness,10436,NULL,0,0,64,8,NULL]
11-09 21:29:04.759 I/notification_cancel(  573): [10025,1225,com.google.android.apps.fitness,10436,NULL,0,0,64,8,NULL]
11-09 21:29:04.760 I/notification_cancel(  573): [10025,1225,com.google.android.apps.fitness,10436,NULL,0,0,64,8,NULL]
11-09 21:29:04.768 I/notification_cancel(  573): [10025,1225,com.google.android.apps.fitness,10436,NULL,0,0,64,8,NULL]
11-09 21:29:04.771 I/notification_cancel(  573): [10025,1225,com.google.android.apps.fitness,10436,NULL,0,0,64,8,NULL]
11-09 21:37:00.762 I/power_screen_state(  573): [1,0,0,0]
11-09 21:37:00.762 I/screen_toggled(  573): 1
11-09 21:37:00.763 I/power_screen_broadcast_send(  573): 1
11-09 21:37:01.082 I/power_screen_broadcast_done(  573): [1,318,1]
11-09 21:37:05.774 I/power_sleep_requested(  573): 0
11-09 21:37:05.776 I/power_screen_state(  573): [0,3,0,0]
11-09 21:37:05.776 I/screen_toggled(  573): 0
11-09 21:37:05.776 I/power_screen_broadcast_send(  573): 1
11-09 21:37:05.944 I/power_screen_broadcast_done(  573): [0,168,1]
11-09 21:41:45.810 I/force_gc(  573): Binder
11-09 21:45:10.263 I/aggregation(  970): 1447101910263
11-09 21:45:10.662 I/notification_cancel(  573): [10025,1225,com.google.android.apps.fitness,10436,NULL,0,0,64,8,NULL]
11-09 21:45:10.662 I/notification_cancel(  573): [10025,1225,com.google.android.apps.fitness,10436,NULL,0,0,64,8,NULL]
11-09 21:45:10.663 I/notification_cancel(  573): [10025,1225,com.google.android.apps.fitness,10436,NULL,0,0,64,8,NULL]
11-09 21:45:10.664 I/notification_cancel(  573): [10025,1225,com.google.android.apps.fitness,10436,NULL,0,0,64,8,NULL]
11-09 21:45:11.657 I/notification_enqueue(  573): [10025,1225,com.google.android.apps.fitness,1,NULL,0,Notification(pri=-1 contentView=null vibrate=null sound=null defaults=0x0 flags=0x0 color=0x00000000 vis=PRIVATE),1]
11-09 21:45:14.460 I/netstats_mobile_sample(  573): [0,0,0,0,0,0,0,0,0,0,0,0,1447101914059]
11-09 21:45:14.460 I/netstats_wifi_sample(  573): [0,0,0,0,0,0,0,0,0,0,0,0,1447101914059]
11-09 21:45:14.951 I/notification_cancel(  573): [10025,1225,com.google.android.apps.fitness,10436,NULL,0,0,64,8,NULL]
11-09 21:45:14.952 I/notification_cancel(  573): [10025,1225,com.google.android.apps.fitness,10436,NULL,0,0,64,8,NULL]
11-09 21:45:14.953 I/notification_cancel(  573): [10025,1225,com.google.android.apps.fitness,10436,NULL,0,0,64,8,NULL]
11-09 21:45:14.962 I/notification_cancel(  573): [10025,1225,com.google.android.apps.fitness,10436,NULL,0,0,64,8,NULL]
11-09 21:45:14.963 I/notification_cancel(  573): [10025,1225,com.google.android.apps.fitness,10436,NULL,0,0,64,8,NULL]
11-09 21:45:14.964 I/notification_cancel(  573): [10025,1225,com.google.android.apps.fitness,10436,NULL,0,0,64,8,NULL]
11-09 21:45:14.965 I/notification_cancel(  573): [10025,1225,com.google.android.apps.fitness,10436,NULL,0,0,64,8,NULL]
11-09 21:45:14.968 I/notification_cancel(  573): [10025,1225,com.google.android.apps.fitness,10436,NULL,0,0,64,8,NULL]
11-09 21:46:08.429 I/power_screen_state(  573): [1,0,0,0]
11-09 21:46:08.429 I/screen_toggled(  573): 1
11-09 21:46:08.437 I/power_screen_broadcast_send(  573): 1
11-09 21:46:08.527 I/power_screen_broadcast_done(  573): [1,89,1]
11-09 21:46:13.423 I/power_sleep_requested(  573): 0
11-09 21:46:13.424 I/power_screen_state(  573): [0,3,0,0]
11-09 21:46:13.424 I/screen_toggled(  573): 0
11-09 21:46:13.424 I/power_screen_broadcast_send(  573): 1
11-09 21:46:13.586 I/power_screen_broadcast_done(  573): [0,161,1]
11-09 21:46:36.646 I/power_screen_state(  573): [1,0,0,0]
11-09 21:46:36.646 I/screen_toggled(  573): 1
11-09 21:46:36.647 I/power_screen_broadcast_send(  573): 1
11-09 21:46:36.854 I/power_screen_broadcast_done(  573): [1,208,1]
11-09 21:46:41.681 I/power_sleep_requested(  573): 0
11-09 21:46:41.683 I/power_screen_state(  573): [0,3,0,0]
11-09 21:46:41.683 I/screen_toggled(  573): 0
11-09 21:46:41.683 I/power_screen_broadcast_send(  573): 1
11-09 21:46:41.833 I/power_screen_broadcast_done(  573): [0,151,1]
11-09 21:47:08.025 I/notification_enqueue(  573): [10011,774,com.google.android.gms,22543,NULL,0,Notification(pri=-2 contentView=com.google.android.gms/0x1090077 vibrate=null sound=null defaults=0x0 flags=0x142 color=0x00000000 vis=PRIVATE),1]
11-09 21:48:01.302 I/notification_cancel(  573): [10004,735,com.google.android.wearable.app,0,media_controls,0,0,64,8,NULL]
11-09 21:48:32.274 I/force_gc(  573): Binder
11-09 21:49:01.246 I/notification_cancel(  573): [10012,1385,com.lge.lifetracker,105,NULL,0,0,64,8,NULL]
11-09 21:49:01.249 I/notification_cancel(  573): [10012,1385,com.lge.lifetracker,100,NULL,0,0,64,8,NULL]
11-09 21:49:01.259 I/notification_cancel(  573): [10032,1404,com.ustwo.watchfaces.bits,10436,NULL,0,0,64,8,NULL]
11-09 21:49:01.402 I/netstats_mobile_sample(  573): [0,0,0,0,0,0,0,0,0,0,0,0,1447102141000]
11-09 21:49:01.402 I/netstats_wifi_sample(  573): [0,0,0,0,0,0,0,0,0,0,0,0,1447102141000]
11-09 21:49:10.287 I/netstats_mobile_sample(  573): [0,0,0,0,0,0,0,0,0,0,0,0,1447102149886]
11-09 21:49:10.287 I/netstats_wifi_sample(  573): [0,0,0,0,0,0,0,0,0,0,0,0,1447102149886]
11-09 21:49:10.304 I/netstats_mobile_sample(  573): [0,0,0,0,0,0,0,0,0,0,0,0,1447102149903]
11-09 21:49:10.304 I/netstats_wifi_sample(  573): [0,0,0,0,0,0,0,0,0,0,0,0,1447102149903]
11-09 21:49:10.329 I/notification_cancel(  573): [1000,573,android,104,CaptivePortal.Notification,0,0,0,8,NULL]
11-09 21:49:10.417 I/notification_cancel_all(  573): [10010,670,com.android.providers.downloads,0,0,64,9,NULL]
11-09 21:49:11.103 I/notification_cancel(  573): [10011,970,com.google.android.gms,2130837917,NULL,0,0,64,8,NULL]
11-09 21:49:11.104 I/notification_cancel(  573): [10011,970,com.google.android.gms,2130837918,NULL,0,0,64,8,NULL]
11-09 21:49:11.105 I/system_update(  970): [1536,0,0,NULL]
11-09 21:49:11.282 I/c2dm    (  824): [-2,NULL,1,1]
11-09 21:49:11.329 I/c2dm    (  824): [3,NULL,1,1]
11-09 21:49:11.333 I/gtalk_heartbeat_reset(  824): [66436,173.194.220.188:5228]
11-09 21:49:11.337 I/gtalk_connection(  824): 0
11-09 21:49:11.372 I/c2dm    (  824): [7,,1,1]
11-09 21:49:11.383 I/battery_level(  573): [87,4102,322]
11-09 21:49:11.608 I/notification_cancel(  573): [10032,1404,com.ustwo.watchfaces.bits,10436,NULL,0,0,64,8,NULL]
11-09 21:49:11.828 I/c2dm    (  824): [-8,com.google.android.gms:,2,2]
11-09 21:49:12.103 I/force_gc(  824): Binder
11-09 21:49:12.263 I/c2dm    (  824): [-8,com.google.android.gms:,2,3]
11-09 21:49:12.274 I/c2dm    (  824): [-8,com.google.android.gms:,2,4]
11-09 21:49:12.285 I/c2dm    (  824): [-8,com.google.android.gms:,2,5]
11-09 21:57:17.608 I/power_screen_state(  573): [1,0,0,0]
11-09 21:57:17.608 I/screen_toggled(  573): 1
11-09 21:57:17.608 I/power_screen_broadcast_send(  573): 1
11-09 21:57:17.906 I/power_screen_broadcast_done(  573): [1,299,1]
11-09 21:57:22.638 I/power_sleep_requested(  573): 0
11-09 21:57:22.640 I/power_screen_state(  573): [0,3,0,0]
11-09 21:57:22.640 I/screen_toggled(  573): 0
11-09 21:57:22.640 I/power_screen_broadcast_send(  573): 1
11-09 21:57:23.098 I/power_screen_broadcast_done(  573): [0,458,1]
11-09 21:59:03.262 I/power_screen_state(  573): [1,0,0,0]
11-09 21:59:03.262 I/screen_toggled(  573): 1
11-09 21:59:03.263 I/power_screen_broadcast_send(  573): 1
11-09 21:59:03.491 I/power_screen_broadcast_done(  573): [1,227,1]
11-09 21:59:08.293 I/power_sleep_requested(  573): 0
11-09 21:59:08.302 I/power_screen_state(  573): [0,3,0,0]
11-09 21:59:08.302 I/screen_toggled(  573): 0
11-09 21:59:08.303 I/power_screen_broadcast_send(  573): 1
11-09 21:59:08.491 I/power_screen_broadcast_done(  573): [0,189,1]
11-09 21:59:41.273 I/power_screen_state(  573): [1,0,0,0]
11-09 21:59:41.274 I/screen_toggled(  573): 1
11-09 21:59:41.274 I/power_screen_broadcast_send(  573): 1
11-09 21:59:41.391 I/power_screen_broadcast_done(  573): [1,117,1]
11-09 21:59:55.902 I/power_sleep_requested(  573): 0
11-09 21:59:55.906 I/power_screen_state(  573): [0,3,0,0]
11-09 21:59:55.906 I/screen_toggled(  573): 0
11-09 21:59:55.906 I/power_screen_broadcast_send(  573): 1
11-09 21:59:56.148 I/power_screen_broadcast_done(  573): [0,241,1]
11-09 22:01:03.024 I/gtalk_conn_close(  824): [276,711]
11-09 22:01:03.052 I/netstats_mobile_sample(  573): [0,0,0,0,0,0,0,0,0,0,0,0,1447102862651]
11-09 22:01:03.053 I/netstats_wifi_sample(  573): [11693,60,14386,56,10995,45,13348,52,10995,45,13348,52,1447102862651]
11-09 22:01:03.080 I/notification_cancel(  573): [1000,573,android,104,CaptivePortal.Notification,0,0,0,8,NULL]
11-09 22:01:03.764 I/notification_cancel(  573): [10011,970,com.google.android.gms,2130837917,NULL,0,0,64,8,NULL]
11-09 22:01:03.765 I/notification_cancel(  573): [10011,970,com.google.android.gms,2130837918,NULL,0,0,64,8,NULL]
11-09 22:01:03.766 I/system_update(  970): [1536,0,0,NULL]
11-09 22:01:10.853 I/notification_cancel(  573): [10025,1225,com.google.android.apps.fitness,10436,NULL,0,0,64,8,NULL]
11-09 22:01:10.854 I/notification_cancel(  573): [10025,1225,com.google.android.apps.fitness,10436,NULL,0,0,64,8,NULL]
11-09 22:01:10.855 I/notification_cancel(  573): [10025,1225,com.google.android.apps.fitness,10436,NULL,0,0,64,8,NULL]
11-09 22:01:10.855 I/notification_cancel(  573): [10025,1225,com.google.android.apps.fitness,10436,NULL,0,0,64,8,NULL]
11-09 22:01:11.363 I/notification_enqueue(  573): [10025,1225,com.google.android.apps.fitness,1,NULL,0,Notification(pri=-1 contentView=null vibrate=null sound=null defaults=0x0 flags=0x0 color=0x00000000 vis=PRIVATE),1]
11-09 22:01:13.304 I/notification_cancel(  573): [10004,735,com.google.android.wearable.app,0,media_controls,0,0,64,8,NULL]
11-09 22:01:13.592 I/notification_cancel(  573): [10032,1404,com.ustwo.watchfaces.bits,10436,NULL,0,0,64,8,NULL]
11-09 22:01:13.672 I/notification_cancel(  573): [10012,1385,com.lge.lifetracker,105,NULL,0,0,64,8,NULL]
11-09 22:01:13.681 I/notification_cancel(  573): [10012,1385,com.lge.lifetracker,100,NULL,0,0,64,8,NULL]
11-09 22:01:53.163 I/power_screen_state(  573): [1,0,0,0]
11-09 22:01:53.163 I/screen_toggled(  573): 1
11-09 22:01:53.163 I/power_screen_broadcast_send(  573): 1
11-09 22:01:53.495 I/power_screen_broadcast_done(  573): [1,332,1]
11-09 22:01:58.200 I/power_sleep_requested(  573): 0
11-09 22:01:58.202 I/power_screen_state(  573): [0,3,0,0]
11-09 22:01:58.202 I/screen_toggled(  573): 0
11-09 22:01:58.202 I/power_screen_broadcast_send(  573): 1
11-09 22:01:58.388 I/power_screen_broadcast_done(  573): [0,186,1]
11-09 22:03:43.414 I/power_screen_state(  573): [1,0,0,0]
11-09 22:03:43.414 I/screen_toggled(  573): 1
11-09 22:03:43.415 I/power_screen_broadcast_send(  573): 1
11-09 22:03:43.533 I/power_screen_broadcast_done(  573): [1,118,1]
11-09 22:03:48.451 I/power_sleep_requested(  573): 0
11-09 22:03:48.453 I/power_screen_state(  573): [0,3,0,0]
11-09 22:03:48.453 I/screen_toggled(  573): 0
11-09 22:03:48.454 I/power_screen_broadcast_send(  573): 1
11-09 22:03:48.458 I/force_gc(  912): Binder
11-09 22:03:48.602 I/force_gc(  573): Binder
11-09 22:03:48.952 I/power_screen_broadcast_done(  573): [0,498,1]
11-09 22:04:33.117 I/power_screen_state(  573): [1,0,0,0]
11-09 22:04:33.117 I/screen_toggled(  573): 1
11-09 22:04:33.117 I/power_screen_broadcast_send(  573): 1
11-09 22:04:33.213 I/power_screen_broadcast_done(  573): [1,95,1]
11-09 22:04:35.992 I/netstats_mobile_sample(  573): [0,0,0,0,0,0,0,0,0,0,0,0,1447103075591]
11-09 22:04:35.992 I/netstats_wifi_sample(  573): [11693,60,14386,56,10995,45,13348,52,10995,45,13348,52,1447103075591]
11-09 22:04:36.030 I/netstats_mobile_sample(  573): [0,0,0,0,0,0,0,0,0,0,0,0,1447103075629]
11-09 22:04:36.031 I/netstats_wifi_sample(  573): [11693,60,14386,56,10995,45,13348,52,10995,45,13348,52,1447103075629]
11-09 22:04:36.073 I/notification_cancel(  573): [1000,573,android,105,CaptivePortal.Notification,0,0,0,8,NULL]
11-09 22:04:36.267 I/notification_cancel_all(  573): [10010,670,com.android.providers.downloads,0,0,64,9,NULL]
11-09 22:04:36.973 I/notification_cancel(  573): [10011,970,com.google.android.gms,2130837917,NULL,0,0,64,8,NULL]
11-09 22:04:36.973 I/notification_cancel(  573): [10011,970,com.google.android.gms,2130837918,NULL,0,0,64,8,NULL]
11-09 22:04:36.974 I/system_update(  970): [1536,0,0,NULL]
11-09 22:04:37.136 I/c2dm    (  824): [-2,NULL,1,1]
11-09 22:04:37.221 I/c2dm    (  824): [3,NULL,1,1]
11-09 22:04:37.228 I/gtalk_heartbeat_reset(  824): [66436,173.194.222.188:5228]
11-09 22:04:37.231 I/gtalk_connection(  824): 0
11-09 22:04:37.288 I/c2dm    (  824): [7,,1,1]
11-09 22:04:37.308 I/c2dm    (  824): [-8,com.google.android.gms:,2,2]
11-09 22:04:38.119 I/c2dm    (  824): [8,com.google.android.gms:0:1447103077268983,2,2]
11-09 22:04:38.272 I/power_sleep_requested(  573): 0
11-09 22:04:38.280 I/power_screen_state(  573): [0,3,0,0]
11-09 22:04:38.280 I/screen_toggled(  573): 0
11-09 22:04:38.280 I/power_screen_broadcast_send(  573): 1
11-09 22:04:38.567 I/notification_cancel(  573): [10032,1404,com.ustwo.watchfaces.bits,10436,NULL,0,0,64,8,NULL]
11-09 22:04:38.904 I/c2dm    (  824): [-8,com.google.android.gms:,3,3]
11-09 22:04:38.906 I/power_screen_broadcast_done(  573): [0,627,1]
11-09 22:04:38.927 I/c2dm    (  824): [-8,com.google.android.gms:,3,4]
11-09 22:04:39.227 I/c2dm    (  824): [8,com.google.android.gms:0:1447103078520945,3,4]
11-09 22:04:39.290 I/force_gc(  824): Binder
11-09 22:04:39.422 I/c2dm    (  824): [-8,com.google.android.gms:,4,5]
11-09 22:04:39.976 I/notification_enqueue(  573): [10004,735,com.google.android.wearable.app,962406116,now,0,Notification(pri=-2 contentView=null vibrate=null sound=null defaults=0x0 flags=0x100 color=0x00000000 sortKey=0000000003 vis=PRIVATE),1]
11-09 22:04:41.828 I/c2dm    (  824): [8,com.google.android.gms:0:1447103079847136,4,5]
11-09 22:05:00.246 I/c2dm    (  824): [-8,com.google.android.gms:,5,6]
11-09 22:05:02.086 I/power_screen_state(  573): [1,0,0,0]
11-09 22:05:02.086 I/screen_toggled(  573): 1
11-09 22:05:02.086 I/power_screen_broadcast_send(  573): 1
11-09 22:05:02.431 I/power_screen_broadcast_done(  573): [1,345,1]
11-09 22:05:07.123 I/power_sleep_requested(  573): 0
11-09 22:05:07.133 I/power_screen_state(  573): [0,3,0,0]
11-09 22:05:07.133 I/screen_toggled(  573): 0
11-09 22:05:07.133 I/power_screen_broadcast_send(  573): 1
11-09 22:05:07.324 I/power_screen_broadcast_done(  573): [0,191,1]
11-09 22:05:08.636 I/power_screen_state(  573): [1,0,0,0]
11-09 22:05:08.636 I/screen_toggled(  573): 1
11-09 22:05:08.636 I/power_screen_broadcast_send(  573): 1
11-09 22:05:08.710 I/power_screen_broadcast_done(  573): [1,74,1]
11-09 22:05:09.167 I/c2dm    (  824): [8,com.google.android.gms:0:1447103100368368,5,6]
11-09 22:05:14.349 I/c2dm    (  824): [-8,com.google.android.gms:,6,7]
11-09 22:05:15.621 I/c2dm    (  824): [8,com.google.android.gms:0:1447103114824171,6,7]
11-09 22:05:15.949 I/battery_level(  573): [86,4109,326]
11-09 22:05:15.967 I/power_sleep_requested(  573): 0
11-09 22:05:15.968 I/power_screen_state(  573): [0,3,0,0]
11-09 22:05:15.969 I/screen_toggled(  573): 0
11-09 22:05:15.969 I/power_screen_broadcast_send(  573): 1
11-09 22:05:16.252 I/power_screen_broadcast_done(  573): [0,283,1]
11-09 22:05:37.118 I/power_screen_state(  573): [1,0,0,0]
11-09 22:05:37.118 I/screen_toggled(  573): 1
11-09 22:05:37.119 I/power_screen_broadcast_send(  573): 1
11-09 22:05:37.273 I/force_gc(  865): Binder
11-09 22:05:37.423 I/power_screen_broadcast_done(  573): [1,304,1]
11-09 22:05:37.468 I/c2dm    (  824): [-8,com.google.android.gms:,7,8]
11-09 22:05:42.144 I/power_sleep_requested(  573): 0
11-09 22:05:42.146 I/power_screen_state(  573): [0,3,0,0]
11-09 22:05:42.146 I/screen_toggled(  573): 0
11-09 22:05:42.146 I/power_screen_broadcast_send(  573): 1
11-09 22:05:42.346 I/power_screen_broadcast_done(  573): [0,201,1]
11-09 22:07:03.439 I/power_screen_state(  573): [1,0,0,0]
11-09 22:07:03.439 I/screen_toggled(  573): 1
11-09 22:07:03.440 I/power_screen_broadcast_send(  573): 1
11-09 22:07:03.662 I/power_screen_broadcast_done(  573): [1,223,1]
11-09 22:07:07.130 I/c2dm    (  824): [8,com.google.android.gms:0:1447103226369168,7,8]
11-09 22:07:08.464 I/power_sleep_requested(  573): 0
11-09 22:07:08.466 I/power_screen_state(  573): [0,3,0,0]
11-09 22:07:08.466 I/screen_toggled(  573): 0
11-09 22:07:08.466 I/power_screen_broadcast_send(  573): 1
11-09 22:07:08.641 I/power_screen_broadcast_done(  573): [0,175,1]
11-09 22:07:27.577 I/power_screen_state(  573): [1,0,0,0]
11-09 22:07:27.577 I/screen_toggled(  573): 1
11-09 22:07:27.578 I/power_screen_broadcast_send(  573): 1
11-09 22:07:27.687 I/power_screen_broadcast_done(  573): [1,110,1]
11-09 22:07:32.602 I/power_sleep_requested(  573): 0
11-09 22:07:32.611 I/power_screen_state(  573): [0,3,0,0]
11-09 22:07:32.611 I/screen_toggled(  573): 0
11-09 22:07:32.611 I/power_screen_broadcast_send(  573): 1
11-09 22:07:32.804 I/power_screen_broadcast_done(  573): [0,192,1]
11-09 22:11:01.211 I/c2dm    (  824): [-8,com.google.android.gms:,8,9]
11-09 22:13:03.261 I/netstats_mobile_sample(  573): [0,0,0,0,0,0,0,0,0,0,0,0,1447103582860]
11-09 22:13:03.261 I/netstats_wifi_sample(  573): [30320,127,31542,119,29186,99,29566,113,27110,93,29566,113,1447103582860]
11-09 22:13:03.410 I/gtalk_conn_close(  824): [-236,505]
11-09 22:13:04.089 I/notification_cancel(  573): [10011,970,com.google.android.gms,2130837917,NULL,0,0,64,8,NULL]
11-09 22:13:04.090 I/notification_cancel(  573): [10011,970,com.google.android.gms,2130837918,NULL,0,0,64,8,NULL]
11-09 22:13:04.091 I/system_update(  970): [1536,0,0,NULL]
11-09 22:13:12.783 I/notification_cancel(  573): [10025,1225,com.google.android.apps.fitness,10436,NULL,0,0,64,8,NULL]
11-09 22:13:12.784 I/notification_cancel(  573): [10025,1225,com.google.android.apps.fitness,10436,NULL,0,0,64,8,NULL]
11-09 22:13:12.785 I/notification_cancel(  573): [10025,1225,com.google.android.apps.fitness,10436,NULL,0,0,64,8,NULL]
11-09 22:13:12.786 I/notification_cancel(  573): [10025,1225,com.google.android.apps.fitness,10436,NULL,0,0,64,8,NULL]
11-09 22:13:13.316 I/notification_enqueue(  573): [10025,1225,com.google.android.apps.fitness,1,NULL,0,Notification(pri=-1 contentView=null vibrate=null sound=null defaults=0x0 flags=0x0 color=0x00000000 vis=PRIVATE),1]
11-09 22:13:13.811 I/notification_cancel(  573): [10004,735,com.google.android.wearable.app,0,media_controls,0,0,64,8,NULL]
11-09 22:13:14.080 I/notification_cancel(  573): [10032,1404,com.ustwo.watchfaces.bits,10436,NULL,0,0,64,8,NULL]
11-09 22:13:14.115 I/notification_cancel(  573): [10012,1385,com.lge.lifetracker,105,NULL,0,0,64,8,NULL]
11-09 22:13:14.115 I/notification_cancel(  573): [10012,1385,com.lge.lifetracker,100,NULL,0,0,64,8,NULL]
11-09 22:19:01.406 I/aggregation(  970): 1447103941406
11-09 22:19:01.659 I/netstats_mobile_sample(  573): [0,0,0,0,0,0,0,0,0,0,0,0,1447103941258]
11-09 22:19:01.659 I/netstats_wifi_sample(  573): [30320,127,31542,119,29186,99,29566,113,27110,93,29566,113,1447103941258]
11-09 22:28:33.186 I/power_screen_state(  573): [1,0,0,0]
11-09 22:28:33.186 I/screen_toggled(  573): 1
11-09 22:28:33.187 I/power_screen_broadcast_send(  573): 1
11-09 22:28:33.252 I/force_gc(  573): Binder
11-09 22:28:33.763 I/power_screen_broadcast_done(  573): [1,576,1]
11-09 22:28:38.215 I/power_sleep_requested(  573): 0
11-09 22:28:38.221 I/power_screen_state(  573): [0,3,0,0]
11-09 22:28:38.221 I/screen_toggled(  573): 0
11-09 22:28:38.221 I/power_screen_broadcast_send(  573): 1
11-09 22:28:38.491 I/power_screen_broadcast_done(  573): [0,270,1]
11-09 22:29:00.226 I/battery_level(  573): [85,4113,327]
11-09 22:29:46.926 I/power_screen_state(  573): [1,0,0,0]
11-09 22:29:46.926 I/screen_toggled(  573): 1
11-09 22:29:46.926 I/power_screen_broadcast_send(  573): 1
11-09 22:29:47.026 I/power_screen_broadcast_done(  573): [1,100,1]
11-09 22:29:51.920 I/power_sleep_requested(  573): 0
11-09 22:29:51.921 I/power_screen_state(  573): [0,3,0,0]
11-09 22:29:51.921 I/screen_toggled(  573): 0
11-09 22:29:51.925 I/power_screen_broadcast_send(  573): 1
11-09 22:29:52.109 I/power_screen_broadcast_done(  573): [0,183,1]
11-09 22:30:48.193 I/power_screen_state(  573): [1,0,0,0]
11-09 22:30:48.193 I/screen_toggled(  573): 1
11-09 22:30:48.193 I/power_screen_broadcast_send(  573): 1
11-09 22:30:48.281 I/power_screen_broadcast_done(  573): [1,87,1]
11-09 22:30:55.093 I/power_sleep_requested(  573): 0
11-09 22:30:55.095 I/power_screen_state(  573): [0,3,0,0]
11-09 22:30:55.095 I/screen_toggled(  573): 0
11-09 22:30:55.095 I/power_screen_broadcast_send(  573): 1
11-09 22:30:55.283 I/power_screen_broadcast_done(  573): [0,188,1]
11-09 22:31:01.826 I/force_gc(  774): Binder
11-09 22:31:02.024 I/notification_cancel(  573): [10025,1225,com.google.android.apps.fitness,10436,NULL,0,0,64,8,NULL]
11-09 22:31:02.025 I/notification_cancel(  573): [10025,1225,com.google.android.apps.fitness,10436,NULL,0,0,64,8,NULL]
11-09 22:31:02.026 I/notification_cancel(  573): [10025,1225,com.google.android.apps.fitness,10436,NULL,0,0,64,8,NULL]
11-09 22:31:02.026 I/notification_cancel(  573): [10025,1225,com.google.android.apps.fitness,10436,NULL,0,0,64,8,NULL]
11-09 22:31:02.377 I/notification_enqueue(  573): [10025,1225,com.google.android.apps.fitness,1,NULL,0,Notification(pri=-1 contentView=null vibrate=null sound=null defaults=0x0 flags=0x0 color=0x00000000 vis=PRIVATE),1]
11-09 22:33:24.150 I/power_screen_state(  573): [1,0,0,0]
11-09 22:33:24.150 I/screen_toggled(  573): 1
11-09 22:33:24.159 I/power_screen_broadcast_send(  573): 1
11-09 22:33:24.251 I/power_screen_broadcast_done(  573): [1,93,1]
11-09 22:33:29.145 I/power_sleep_requested(  573): 0
11-09 22:33:29.145 I/power_screen_state(  573): [0,3,0,0]
11-09 22:33:29.145 I/screen_toggled(  573): 0
11-09 22:33:29.145 I/power_screen_broadcast_send(  573): 1
11-09 22:33:29.314 I/power_screen_broadcast_done(  573): [0,168,1]
11-09 22:33:33.038 I/power_screen_state(  573): [1,0,0,0]
11-09 22:33:33.038 I/screen_toggled(  573): 1
11-09 22:33:33.038 I/power_screen_broadcast_send(  573): 1
11-09 22:33:33.388 I/power_sleep_requested(  573): 0
11-09 22:33:33.388 I/power_screen_state(  573): [0,2,0,0]
11-09 22:33:33.388 I/screen_toggled(  573): 0
11-09 22:33:33.549 I/power_screen_broadcast_done(  573): [1,512,1]
11-09 22:33:33.550 I/power_screen_broadcast_send(  573): 1
11-09 22:33:33.665 I/power_screen_broadcast_done(  573): [0,115,1]
