11-10 13:01:12.350 I/aggregation(  970): 1447156872350
11-10 13:01:12.777 I/notification_cancel(  573): [10025,1225,com.google.android.apps.fitness,10436,NULL,0,0,64,8,NULL]
11-10 13:01:12.779 I/notification_cancel(  573): [10025,1225,com.google.android.apps.fitness,10436,NULL,0,0,64,8,NULL]
11-10 13:01:12.780 I/notification_cancel(  573): [10025,1225,com.google.android.apps.fitness,10436,NULL,0,0,64,8,NULL]
11-10 13:01:12.781 I/notification_cancel(  573): [10025,1225,com.google.android.apps.fitness,10436,NULL,0,0,64,8,NULL]
11-10 13:01:14.238 I/notification_enqueue(  573): [10025,1225,com.google.android.apps.fitness,1,NULL,0,Notification(pri=-1 contentView=null vibrate=null sound=null defaults=0x0 flags=0x0 color=0x00000000 vis=PRIVATE),1]
11-10 13:01:16.063 I/power_sleep_requested(  573): 0
11-10 13:01:16.064 I/power_screen_state(  573): [0,3,0,0]
11-10 13:01:16.064 I/screen_toggled(  573): 0
11-10 13:01:16.064 I/power_screen_broadcast_send(  573): 1
11-10 13:01:16.225 I/power_screen_broadcast_done(  573): [0,161,1]
11-10 13:01:16.906 I/notification_cancel(  573): [10025,1225,com.google.android.apps.fitness,10436,NULL,0,0,64,8,NULL]
11-10 13:01:16.907 I/notification_cancel(  573): [10025,1225,com.google.android.apps.fitness,10436,NULL,0,0,64,8,NULL]
11-10 13:01:16.909 I/notification_cancel(  573): [10025,1225,com.google.android.apps.fitness,10436,NULL,0,0,64,8,NULL]
11-10 13:01:16.911 I/notification_cancel(  573): [10025,1225,com.google.android.apps.fitness,10436,NULL,0,0,64,8,NULL]
11-10 13:01:16.912 I/notification_cancel(  573): [10025,1225,com.google.android.apps.fitness,10436,NULL,0,0,64,8,NULL]
11-10 13:01:16.919 I/notification_cancel(  573): [10025,1225,com.google.android.apps.fitness,10436,NULL,0,0,64,8,NULL]
11-10 13:01:16.920 I/notification_cancel(  573): [10025,1225,com.google.android.apps.fitness,10436,NULL,0,0,64,8,NULL]
11-10 13:01:16.924 I/notification_cancel(  573): [10025,1225,com.google.android.apps.fitness,10436,NULL,0,0,64,8,NULL]
11-10 13:06:08.476 I/notification_cancel(  573): [10004,735,com.google.android.wearable.app,962406116,now,0,0,64,8,NULL]
11-10 13:06:08.477 I/notification_canceled(  573): [0|com.google.android.wearable.app|962406116|now|10004,8]
11-10 13:06:47.536 I/notification_enqueue(  573): [10004,735,com.google.android.wearable.app,962406116,now,0,Notification(pri=-2 contentView=null vibrate=null sound=null defaults=0x0 flags=0x100 color=0x00000000 sortKey=0000000002 vis=PRIVATE),0]
11-10 13:06:54.497 I/power_screen_state(  573): [1,0,0,0]
11-10 13:06:54.497 I/screen_toggled(  573): 1
11-10 13:06:54.498 I/power_screen_broadcast_send(  573): 1
11-10 13:06:54.752 I/power_screen_broadcast_done(  573): [1,254,1]
11-10 13:06:59.509 I/power_sleep_requested(  573): 0
11-10 13:06:59.511 I/power_screen_state(  573): [0,3,0,0]
11-10 13:06:59.511 I/screen_toggled(  573): 0
11-10 13:06:59.511 I/power_screen_broadcast_send(  573): 1
11-10 13:06:59.576 I/force_gc(  573): Binder
11-10 13:06:59.975 I/power_screen_broadcast_done(  573): [0,464,1]
11-10 13:13:04.238 I/power_screen_state(  573): [1,0,0,0]
11-10 13:13:04.238 I/screen_toggled(  573): 1
11-10 13:13:04.239 I/power_screen_broadcast_send(  573): 1
11-10 13:13:04.336 I/power_screen_broadcast_done(  573): [1,97,1]
11-10 13:13:09.233 I/power_sleep_requested(  573): 0
11-10 13:13:09.234 I/power_screen_state(  573): [0,3,0,0]
11-10 13:13:09.234 I/screen_toggled(  573): 0
11-10 13:13:09.234 I/power_screen_broadcast_send(  573): 1
11-10 13:13:09.392 I/power_screen_broadcast_done(  573): [0,159,1]
11-10 13:18:13.445 I/power_screen_state(  573): [1,0,0,0]
11-10 13:18:13.445 I/screen_toggled(  573): 1
11-10 13:18:13.445 I/power_screen_broadcast_send(  573): 1
11-10 13:18:13.527 I/power_screen_broadcast_done(  573): [1,81,1]
11-10 13:18:18.481 I/power_sleep_requested(  573): 0
11-10 13:18:18.483 I/power_screen_state(  573): [0,3,0,0]
11-10 13:18:18.483 I/screen_toggled(  573): 0
11-10 13:18:18.483 I/power_screen_broadcast_send(  573): 1
11-10 13:18:18.638 I/power_screen_broadcast_done(  573): [0,156,1]
11-10 13:18:18.946 I/power_screen_state(  573): [1,0,0,0]
11-10 13:18:18.946 I/screen_toggled(  573): 1
11-10 13:18:18.946 I/power_screen_broadcast_send(  573): 1
11-10 13:18:19.113 I/power_screen_broadcast_done(  573): [1,166,1]
11-10 13:18:34.881 I/power_sleep_requested(  573): 0
11-10 13:18:34.882 I/power_screen_state(  573): [0,3,0,0]
11-10 13:18:34.882 I/screen_toggled(  573): 0
11-10 13:18:34.882 I/power_screen_broadcast_send(  573): 1
11-10 13:18:35.097 I/power_screen_broadcast_done(  573): [0,214,1]
11-10 13:20:01.504 I/notification_cancel(  573): [10025,1225,com.google.android.apps.fitness,10436,NULL,0,0,64,8,NULL]
11-10 13:20:01.505 I/notification_cancel(  573): [10025,1225,com.google.android.apps.fitness,10436,NULL,0,0,64,8,NULL]
11-10 13:20:01.506 I/notification_cancel(  573): [10025,1225,com.google.android.apps.fitness,10436,NULL,0,0,64,8,NULL]
11-10 13:20:01.507 I/notification_cancel(  573): [10025,1225,com.google.android.apps.fitness,10436,NULL,0,0,64,8,NULL]
11-10 13:20:01.830 I/notification_enqueue(  573): [10025,1225,com.google.android.apps.fitness,1,NULL,0,Notification(pri=-1 contentView=null vibrate=null sound=null defaults=0x0 flags=0x0 color=0x00000000 vis=PRIVATE),1]
11-10 13:20:01.873 I/netstats_mobile_sample(  573): [0,0,0,0,0,0,0,0,0,0,0,0,1447158002822]
11-10 13:20:01.873 I/netstats_wifi_sample(  573): [117320,329,80659,348,115839,292,75238,336,113763,286,75238,336,1447158002822]
11-10 13:20:05.014 I/notification_cancel(  573): [10025,1225,com.google.android.apps.fitness,10436,NULL,0,0,64,8,NULL]
11-10 13:20:05.015 I/notification_cancel(  573): [10025,1225,com.google.android.apps.fitness,10436,NULL,0,0,64,8,NULL]
11-10 13:20:05.015 I/notification_cancel(  573): [10025,1225,com.google.android.apps.fitness,10436,NULL,0,0,64,8,NULL]
11-10 13:20:05.028 I/notification_cancel(  573): [10025,1225,com.google.android.apps.fitness,10436,NULL,0,0,64,8,NULL]
11-10 13:20:05.029 I/notification_cancel(  573): [10025,1225,com.google.android.apps.fitness,10436,NULL,0,0,64,8,NULL]
11-10 13:20:05.029 I/notification_cancel(  573): [10025,1225,com.google.android.apps.fitness,10436,NULL,0,0,64,8,NULL]
11-10 13:20:05.030 I/notification_cancel(  573): [10025,1225,com.google.android.apps.fitness,10436,NULL,0,0,64,8,NULL]
11-10 13:20:05.034 I/notification_cancel(  573): [10025,1225,com.google.android.apps.fitness,10436,NULL,0,0,64,8,NULL]
11-10 13:22:01.051 I/battery_level(  573): [74,4008,309]
11-10 13:23:01.061 I/force_gc(  573): Binder
11-10 13:31:28.034 I/notification_enqueue(  573): [10004,735,com.google.android.wearable.app,3,bridged_notification,0,Notification(pri=0 contentView=null vibrate=default sound=null defaults=0x6 flags=0x301 color=0x00000000 groupKey=com.android.mms:0:MESSAGE_GROUP_KEY actions=2 vis=PRIVATE),0]
11-10 13:31:28.209 I/notification_enqueue(  573): [10004,735,com.google.android.wearable.app,4,bridged_notification,0,Notification(pri=0 contentView=null vibrate=null sound=null defaults=0x0 flags=0x100 color=0x00000000 groupKey=com.android.mms:0:MESSAGE_GROUP_KEY vis=PRIVATE),0]
11-10 13:31:33.085 I/notification_cancel(  573): [10004,735,com.google.android.wearable.app,3,bridged_notification,0,0,64,8,NULL]
11-10 13:31:33.086 I/notification_canceled(  573): [0|com.google.android.wearable.app|3|bridged_notification|10004,8]
11-10 13:31:33.086 I/notification_cancel(  573): [10004,735,com.google.android.wearable.app,4,bridged_notification,0,0,0,12,NULL]
11-10 13:31:33.086 I/notification_canceled(  573): [0|com.google.android.wearable.app|4|bridged_notification|10004,12]
11-10 13:32:02.353 I/aggregation(  970): 1447158722353
11-10 13:32:03.111 I/notification_cancel(  573): [10025,1225,com.google.android.apps.fitness,10436,NULL,0,0,64,8,NULL]
11-10 13:32:03.112 I/notification_cancel(  573): [10025,1225,com.google.android.apps.fitness,10436,NULL,0,0,64,8,NULL]
11-10 13:32:03.113 I/notification_cancel(  573): [10025,1225,com.google.android.apps.fitness,10436,NULL,0,0,64,8,NULL]
11-10 13:32:03.114 I/notification_cancel(  573): [10025,1225,com.google.android.apps.fitness,10436,NULL,0,0,64,8,NULL]
11-10 13:32:03.384 I/notification_enqueue(  573): [10025,1225,com.google.android.apps.fitness,1,NULL,0,Notification(pri=-1 contentView=null vibrate=null sound=null defaults=0x0 flags=0x0 color=0x00000000 vis=PRIVATE),1]
11-10 13:32:08.288 I/notification_cancel(  573): [10025,1225,com.google.android.apps.fitness,10436,NULL,0,0,64,8,NULL]
11-10 13:32:08.289 I/notification_cancel(  573): [10025,1225,com.google.android.apps.fitness,10436,NULL,0,0,64,8,NULL]
11-10 13:32:08.290 I/notification_cancel(  573): [10025,1225,com.google.android.apps.fitness,10436,NULL,0,0,64,8,NULL]
11-10 13:32:08.305 I/notification_cancel(  573): [10025,1225,com.google.android.apps.fitness,10436,NULL,0,0,64,8,NULL]
11-10 13:32:08.306 I/notification_cancel(  573): [10025,1225,com.google.android.apps.fitness,10436,NULL,0,0,64,8,NULL]
11-10 13:32:08.307 I/notification_cancel(  573): [10025,1225,com.google.android.apps.fitness,10436,NULL,0,0,64,8,NULL]
11-10 13:32:08.307 I/notification_cancel(  573): [10025,1225,com.google.android.apps.fitness,10436,NULL,0,0,64,8,NULL]
11-10 13:32:08.311 I/notification_cancel(  573): [10025,1225,com.google.android.apps.fitness,10436,NULL,0,0,64,8,NULL]
11-10 13:34:26.021 I/notification_enqueue(  573): [10004,735,com.google.android.wearable.app,5,bridged_notification,0,Notification(pri=0 contentView=null vibrate=null sound=null defaults=0x4 flags=0x301 color=0x00000000 groupKey=com.android.mms:0:MESSAGE_GROUP_KEY actions=2 vis=PRIVATE),0]
11-10 13:34:26.135 I/notification_enqueue(  573): [10004,735,com.google.android.wearable.app,6,bridged_notification,0,Notification(pri=0 contentView=null vibrate=null sound=null defaults=0x0 flags=0x100 color=0x00000000 groupKey=com.android.mms:0:MESSAGE_GROUP_KEY vis=PRIVATE),0]
11-10 13:34:32.206 I/notification_cancel(  573): [10004,735,com.google.android.wearable.app,5,bridged_notification,0,0,64,8,NULL]
11-10 13:34:32.207 I/notification_canceled(  573): [0|com.google.android.wearable.app|5|bridged_notification|10004,8]
11-10 13:34:32.207 I/notification_cancel(  573): [10004,735,com.google.android.wearable.app,6,bridged_notification,0,0,0,12,NULL]
11-10 13:34:32.207 I/notification_canceled(  573): [0|com.google.android.wearable.app|6|bridged_notification|10004,12]
11-10 13:35:42.257 I/notification_enqueue(  573): [10004,735,com.google.android.wearable.app,7,bridged_notification,0,Notification(pri=0 contentView=null vibrate=default sound=null defaults=0x6 flags=0x301 color=0x00000000 groupKey=com.android.mms:0:MESSAGE_GROUP_KEY actions=2 vis=PRIVATE),0]
11-10 13:35:42.388 I/notification_enqueue(  573): [10004,735,com.google.android.wearable.app,8,bridged_notification,0,Notification(pri=0 contentView=null vibrate=null sound=null defaults=0x0 flags=0x100 color=0x00000000 groupKey=com.android.mms:0:MESSAGE_GROUP_KEY vis=PRIVATE),0]
11-10 13:35:43.116 I/power_screen_state(  573): [1,0,0,0]
11-10 13:35:43.116 I/screen_toggled(  573): 1
11-10 13:35:43.116 I/power_screen_broadcast_send(  573): 1
11-10 13:35:43.538 I/power_screen_broadcast_done(  573): [1,422,1]
11-10 13:35:49.143 I/power_sleep_requested(  573): 0
11-10 13:35:49.144 I/power_screen_state(  573): [0,3,0,0]
11-10 13:35:49.144 I/screen_toggled(  573): 0
11-10 13:35:49.144 I/power_screen_broadcast_send(  573): 1
11-10 13:35:49.415 I/power_screen_broadcast_done(  573): [0,271,1]
11-10 13:35:50.463 I/notification_cancel(  573): [10004,735,com.google.android.wearable.app,7,bridged_notification,0,0,64,8,NULL]
11-10 13:35:50.464 I/notification_canceled(  573): [0|com.google.android.wearable.app|7|bridged_notification|10004,8]
11-10 13:35:50.464 I/notification_cancel(  573): [10004,735,com.google.android.wearable.app,8,bridged_notification,0,0,0,12,NULL]
11-10 13:35:50.464 I/notification_canceled(  573): [0|com.google.android.wearable.app|8|bridged_notification|10004,12]
11-10 13:37:41.879 I/notification_enqueue(  573): [10004,735,com.google.android.wearable.app,9,bridged_notification,0,Notification(pri=0 contentView=null vibrate=default sound=null defaults=0x6 flags=0x301 color=0x00000000 groupKey=com.android.mms:0:MESSAGE_GROUP_KEY actions=2 vis=PRIVATE),0]
11-10 13:37:42.010 I/notification_enqueue(  573): [10004,735,com.google.android.wearable.app,10,bridged_notification,0,Notification(pri=0 contentView=null vibrate=null sound=null defaults=0x0 flags=0x100 color=0x00000000 groupKey=com.android.mms:0:MESSAGE_GROUP_KEY vis=PRIVATE),0]
11-10 13:37:42.769 I/power_screen_state(  573): [1,0,0,0]
11-10 13:37:42.769 I/screen_toggled(  573): 1
11-10 13:37:42.769 I/power_screen_broadcast_send(  573): 1
11-10 13:37:43.321 I/power_screen_broadcast_done(  573): [1,552,1]
11-10 13:37:48.792 I/power_sleep_requested(  573): 0
11-10 13:37:48.793 I/power_screen_state(  573): [0,3,0,0]
11-10 13:37:48.793 I/screen_toggled(  573): 0
11-10 13:37:48.793 I/power_screen_broadcast_send(  573): 1
11-10 13:37:49.058 I/power_screen_broadcast_done(  573): [0,264,1]
11-10 13:37:51.725 I/notification_cancel(  573): [10004,735,com.google.android.wearable.app,9,bridged_notification,0,0,64,8,NULL]
11-10 13:37:51.726 I/notification_canceled(  573): [0|com.google.android.wearable.app|9|bridged_notification|10004,8]
11-10 13:37:51.726 I/notification_cancel(  573): [10004,735,com.google.android.wearable.app,10,bridged_notification,0,0,0,12,NULL]
11-10 13:37:51.726 I/notification_canceled(  573): [0|com.google.android.wearable.app|10|bridged_notification|10004,12]
11-10 13:38:28.809 I/power_screen_state(  573): [1,0,0,0]
11-10 13:38:28.809 I/screen_toggled(  573): 1
11-10 13:38:28.810 I/power_screen_broadcast_send(  573): 1
11-10 13:38:29.112 I/power_screen_broadcast_done(  573): [1,302,1]
11-10 13:38:33.824 I/power_sleep_requested(  573): 0
11-10 13:38:33.826 I/power_screen_state(  573): [0,3,0,0]
11-10 13:38:33.826 I/screen_toggled(  573): 0
11-10 13:38:33.826 I/power_screen_broadcast_send(  573): 1
11-10 13:38:33.989 I/power_screen_broadcast_done(  573): [0,164,1]
11-10 13:39:20.705 I/notification_enqueue(  573): [10004,735,com.google.android.wearable.app,11,bridged_notification,0,Notification(pri=0 contentView=null vibrate=default sound=null defaults=0x6 flags=0x301 color=0x00000000 groupKey=com.android.mms:0:MESSAGE_GROUP_KEY actions=2 vis=PRIVATE),0]
11-10 13:39:20.842 I/notification_enqueue(  573): [10004,735,com.google.android.wearable.app,12,bridged_notification,0,Notification(pri=0 contentView=null vibrate=null sound=null defaults=0x0 flags=0x100 color=0x00000000 groupKey=com.android.mms:0:MESSAGE_GROUP_KEY vis=PRIVATE),0]
11-10 13:39:23.556 I/power_screen_state(  573): [1,0,0,0]
11-10 13:39:23.556 I/screen_toggled(  573): 1
11-10 13:39:23.556 I/power_screen_broadcast_send(  573): 1
11-10 13:39:23.904 I/power_screen_broadcast_done(  573): [1,349,1]
11-10 13:39:32.722 I/notification_cancel(  573): [10004,735,com.google.android.wearable.app,11,bridged_notification,0,0,66,10,{com.google.android.wearable.app/com.google.android.clockwork.stream.NotificationCollectorService}]
11-10 13:39:32.723 I/notification_canceled(  573): [0|com.google.android.wearable.app|11|bridged_notification|10004,10]
11-10 13:39:32.723 I/notification_cancel(  573): [10004,735,com.google.android.wearable.app,12,bridged_notification,0,0,0,12,{com.google.android.wearable.app/com.google.android.clockwork.stream.NotificationCollectorService}]
11-10 13:39:32.723 I/notification_canceled(  573): [0|com.google.android.wearable.app|12|bridged_notification|10004,12]
11-10 13:39:33.982 I/notification_cancel(  573): [10004,735,com.google.android.apps.fitness,1,NULL,0,0,66,10,{com.google.android.wearable.app/com.google.android.clockwork.stream.NotificationCollectorService}]
11-10 13:39:33.983 I/notification_canceled(  573): [0|com.google.android.apps.fitness|1|null|10025,10]
11-10 13:39:38.992 I/notification_cancel(  573): [10004,735,com.google.android.wearable.app,962406116,now,0,0,66,10,{com.google.android.wearable.app/com.google.android.clockwork.stream.NotificationCollectorService}]
11-10 13:39:38.993 I/notification_canceled(  573): [0|com.google.android.wearable.app|962406116|now|10004,10]
11-10 13:39:39.950 I/notification_cancel(  573): [10004,735,com.google.android.wearable.app,962406116,now,0,0,64,8,NULL]
11-10 13:39:43.587 I/power_sleep_requested(  573): 0
11-10 13:39:43.588 I/power_screen_state(  573): [0,3,0,0]
11-10 13:39:43.588 I/screen_toggled(  573): 0
11-10 13:39:43.590 I/power_screen_broadcast_send(  573): 1
11-10 13:39:43.806 I/power_screen_broadcast_done(  573): [0,216,1]
11-10 13:40:59.798 I/power_screen_state(  573): [1,0,0,0]
11-10 13:40:59.798 I/screen_toggled(  573): 1
11-10 13:40:59.798 I/power_screen_broadcast_send(  573): 1
11-10 13:41:00.041 I/power_screen_broadcast_done(  573): [1,243,1]
11-10 13:41:09.792 I/power_sleep_requested(  573): 0
11-10 13:41:09.795 I/power_screen_state(  573): [0,3,0,0]
11-10 13:41:09.795 I/screen_toggled(  573): 0
11-10 13:41:09.795 I/power_screen_broadcast_send(  573): 1
11-10 13:41:09.970 I/power_screen_broadcast_done(  573): [0,175,1]
11-10 13:42:30.234 I/power_screen_state(  573): [1,0,0,0]
11-10 13:42:30.234 I/screen_toggled(  573): 1
11-10 13:42:30.235 I/power_screen_broadcast_send(  573): 1
11-10 13:42:30.309 I/power_screen_broadcast_done(  573): [1,75,1]
11-10 13:42:35.247 I/battery_level(  573): [73,3969,310]
11-10 13:42:35.256 I/power_sleep_requested(  573): 0
11-10 13:42:35.257 I/power_screen_state(  573): [0,3,0,0]
11-10 13:42:35.257 I/screen_toggled(  573): 0
11-10 13:42:35.257 I/power_screen_broadcast_send(  573): 1
11-10 13:42:35.318 I/force_gc(  573): Binder
11-10 13:42:35.589 I/power_screen_broadcast_done(  573): [0,332,1]
11-10 13:44:05.406 I/notification_cancel(  573): [10025,1225,com.google.android.apps.fitness,10436,NULL,0,0,64,8,NULL]
11-10 13:44:05.419 I/notification_cancel(  573): [10025,1225,com.google.android.apps.fitness,10436,NULL,0,0,64,8,NULL]
11-10 13:44:05.420 I/notification_cancel(  573): [10025,1225,com.google.android.apps.fitness,10436,NULL,0,0,64,8,NULL]
11-10 13:44:05.421 I/notification_cancel(  573): [10025,1225,com.google.android.apps.fitness,10436,NULL,0,0,64,8,NULL]
11-10 13:44:05.686 I/netstats_mobile_sample(  573): [0,0,0,0,0,0,0,0,0,0,0,0,1447159446636]
11-10 13:44:05.687 I/netstats_wifi_sample(  573): [117320,329,80659,348,115839,292,75238,336,113763,286,75238,336,1447159446636]
11-10 13:44:09.822 I/notification_cancel(  573): [10025,1225,com.google.android.apps.fitness,10436,NULL,0,0,64,8,NULL]
11-10 13:44:09.823 I/notification_cancel(  573): [10025,1225,com.google.android.apps.fitness,10436,NULL,0,0,64,8,NULL]
11-10 13:44:09.824 I/notification_cancel(  573): [10025,1225,com.google.android.apps.fitness,10436,NULL,0,0,64,8,NULL]
11-10 13:44:09.827 I/notification_cancel(  573): [10025,1225,com.google.android.apps.fitness,10436,NULL,0,0,64,8,NULL]
11-10 13:44:09.837 I/notification_cancel(  573): [10025,1225,com.google.android.apps.fitness,10436,NULL,0,0,64,8,NULL]
11-10 13:44:09.838 I/notification_cancel(  573): [10025,1225,com.google.android.apps.fitness,10436,NULL,0,0,64,8,NULL]
11-10 13:44:09.839 I/notification_cancel(  573): [10025,1225,com.google.android.apps.fitness,10436,NULL,0,0,64,8,NULL]
11-10 13:44:09.842 I/notification_cancel(  573): [10025,1225,com.google.android.apps.fitness,10436,NULL,0,0,64,8,NULL]
11-10 13:50:54.212 I/power_screen_state(  573): [1,0,0,0]
11-10 13:50:54.212 I/screen_toggled(  573): 1
11-10 13:50:54.213 I/power_screen_broadcast_send(  573): 1
11-10 13:50:54.417 I/power_screen_broadcast_done(  573): [1,204,1]
11-10 13:50:59.206 I/power_sleep_requested(  573): 0
11-10 13:50:59.207 I/power_screen_state(  573): [0,3,0,0]
11-10 13:50:59.207 I/screen_toggled(  573): 0
11-10 13:50:59.208 I/power_screen_broadcast_send(  573): 1
11-10 13:50:59.343 I/power_screen_broadcast_done(  573): [0,135,1]
11-10 13:55:24.686 I/power_screen_state(  573): [1,0,0,0]
11-10 13:55:24.686 I/screen_toggled(  573): 1
11-10 13:55:24.687 I/power_screen_broadcast_send(  573): 1
11-10 13:55:24.763 I/power_screen_broadcast_done(  573): [1,76,1]
11-10 13:55:29.716 I/power_sleep_requested(  573): 0
11-10 13:55:29.718 I/power_screen_state(  573): [0,3,0,0]
11-10 13:55:29.718 I/screen_toggled(  573): 0
11-10 13:55:29.718 I/power_screen_broadcast_send(  573): 1
11-10 13:55:29.905 I/power_screen_broadcast_done(  573): [0,188,1]
11-10 13:57:18.597 I/notification_cancel(  573): [10025,1225,com.google.android.apps.fitness,10436,NULL,0,0,64,8,NULL]
11-10 13:57:18.607 I/notification_cancel(  573): [10025,1225,com.google.android.apps.fitness,10436,NULL,0,0,64,8,NULL]
11-10 13:57:18.608 I/notification_cancel(  573): [10025,1225,com.google.android.apps.fitness,10436,NULL,0,0,64,8,NULL]
11-10 13:57:18.609 I/notification_cancel(  573): [10025,1225,com.google.android.apps.fitness,10436,NULL,0,0,64,8,NULL]
11-10 13:57:18.610 I/notification_cancel(  573): [10025,1225,com.google.android.apps.fitness,10436,NULL,0,0,64,8,NULL]
11-10 13:57:18.614 I/notification_cancel(  573): [10025,1225,com.google.android.apps.fitness,10436,NULL,0,0,64,8,NULL]
11-10 13:57:18.617 I/notification_cancel(  573): [10025,1225,com.google.android.apps.fitness,10436,NULL,0,0,64,8,NULL]
11-10 13:57:18.631 I/notification_cancel(  573): [10025,1225,com.google.android.apps.fitness,10436,NULL,0,0,64,8,NULL]
11-10 14:00:02.739 I/force_gc(  573): Binder
11-10 14:00:26.858 I/power_screen_state(  573): [1,0,0,0]
11-10 14:00:26.858 I/screen_toggled(  573): 1
11-10 14:00:26.858 I/power_screen_broadcast_send(  573): 1
11-10 14:00:26.944 I/power_screen_broadcast_done(  573): [1,85,1]
11-10 14:00:37.773 I/power_sleep_requested(  573): 0
11-10 14:00:37.775 I/power_screen_state(  573): [0,3,0,0]
11-10 14:00:37.775 I/screen_toggled(  573): 0
11-10 14:00:37.776 I/power_screen_broadcast_send(  573): 1
11-10 14:00:37.987 I/power_screen_broadcast_done(  573): [0,212,1]
11-10 14:01:18.981 I/notification_cancel(  573): [10025,1225,com.google.android.apps.fitness,10436,NULL,0,0,64,8,NULL]
11-10 14:01:18.982 I/notification_cancel(  573): [10025,1225,com.google.android.apps.fitness,10436,NULL,0,0,64,8,NULL]
11-10 14:01:18.983 I/notification_cancel(  573): [10025,1225,com.google.android.apps.fitness,10436,NULL,0,0,64,8,NULL]
11-10 14:01:18.984 I/notification_cancel(  573): [10025,1225,com.google.android.apps.fitness,10436,NULL,0,0,64,8,NULL]
11-10 14:01:22.017 I/notification_cancel(  573): [10025,1225,com.google.android.apps.fitness,10436,NULL,0,0,64,8,NULL]
11-10 14:01:22.018 I/notification_cancel(  573): [10025,1225,com.google.android.apps.fitness,10436,NULL,0,0,64,8,NULL]
11-10 14:01:22.019 I/notification_cancel(  573): [10025,1225,com.google.android.apps.fitness,10436,NULL,0,0,64,8,NULL]
11-10 14:01:22.033 I/notification_cancel(  573): [10025,1225,com.google.android.apps.fitness,10436,NULL,0,0,64,8,NULL]
11-10 14:01:22.034 I/notification_cancel(  573): [10025,1225,com.google.android.apps.fitness,10436,NULL,0,0,64,8,NULL]
11-10 14:01:22.035 I/notification_cancel(  573): [10025,1225,com.google.android.apps.fitness,10436,NULL,0,0,64,8,NULL]
11-10 14:01:22.036 I/notification_cancel(  573): [10025,1225,com.google.android.apps.fitness,10436,NULL,0,0,64,8,NULL]
11-10 14:01:22.039 I/notification_cancel(  573): [10025,1225,com.google.android.apps.fitness,10436,NULL,0,0,64,8,NULL]
11-10 14:08:55.898 I/power_screen_state(  573): [1,0,0,0]
11-10 14:08:55.898 I/screen_toggled(  573): 1
11-10 14:08:55.899 I/power_screen_broadcast_send(  573): 1
11-10 14:08:55.976 I/power_screen_broadcast_done(  573): [1,77,1]
11-10 14:09:00.926 I/power_sleep_requested(  573): 0
11-10 14:09:00.928 I/power_screen_state(  573): [0,3,0,0]
11-10 14:09:00.928 I/screen_toggled(  573): 0
11-10 14:09:00.928 I/power_screen_broadcast_send(  573): 1
11-10 14:09:01.136 I/power_screen_broadcast_done(  573): [0,207,1]
11-10 14:09:01.154 I/aggregation(  970): 1447160941154
11-10 14:14:01.071 I/battery_level(  573): [72,3986,300]
11-10 14:16:14.371 I/power_screen_state(  573): [1,0,0,0]
11-10 14:16:14.371 I/screen_toggled(  573): 1
11-10 14:16:14.372 I/power_screen_broadcast_send(  573): 1
11-10 14:16:14.453 I/power_screen_broadcast_done(  573): [1,81,1]
11-10 14:16:19.419 I/power_sleep_requested(  573): 0
11-10 14:16:19.420 I/power_screen_state(  573): [0,3,0,0]
11-10 14:16:19.420 I/screen_toggled(  573): 0
11-10 14:16:19.420 I/power_screen_broadcast_send(  573): 1
11-10 14:16:19.492 I/force_gc(  573): Binder
11-10 14:16:19.815 I/power_screen_broadcast_done(  573): [0,394,1]
11-10 14:16:26.830 I/power_screen_state(  573): [1,0,0,0]
11-10 14:16:26.830 I/screen_toggled(  573): 1
11-10 14:16:26.831 I/power_screen_broadcast_send(  573): 1
11-10 14:16:26.920 I/power_screen_broadcast_done(  573): [1,90,1]
11-10 14:16:31.828 I/power_sleep_requested(  573): 0
11-10 14:16:31.829 I/power_screen_state(  573): [0,3,0,0]
11-10 14:16:31.829 I/screen_toggled(  573): 0
11-10 14:16:31.829 I/power_screen_broadcast_send(  573): 1
11-10 14:16:31.846 I/force_gc(  865): Binder
11-10 14:16:32.040 I/power_screen_broadcast_done(  573): [0,211,1]
11-10 14:17:50.850 I/power_screen_state(  573): [1,0,0,0]
11-10 14:17:50.850 I/screen_toggled(  573): 1
11-10 14:17:50.858 I/power_screen_broadcast_send(  573): 1
11-10 14:17:51.101 I/power_screen_broadcast_done(  573): [1,244,1]
11-10 14:17:55.843 I/power_sleep_requested(  573): 0
11-10 14:17:55.844 I/power_screen_state(  573): [0,3,0,0]
11-10 14:17:55.844 I/screen_toggled(  573): 0
11-10 14:17:55.844 I/power_screen_broadcast_send(  573): 1
11-10 14:17:56.058 I/power_screen_broadcast_done(  573): [0,214,1]
11-10 14:19:37.601 I/power_screen_state(  573): [1,0,0,0]
11-10 14:19:37.601 I/screen_toggled(  573): 1
11-10 14:19:37.601 I/power_screen_broadcast_send(  573): 1
11-10 14:19:37.683 I/power_screen_broadcast_done(  573): [1,82,1]
11-10 14:19:42.880 I/power_sleep_requested(  573): 0
11-10 14:19:42.882 I/power_screen_state(  573): [0,3,0,0]
11-10 14:19:42.882 I/screen_toggled(  573): 0
11-10 14:19:42.882 I/power_screen_broadcast_send(  573): 1
11-10 14:19:43.068 I/power_screen_broadcast_done(  573): [0,185,1]
11-10 14:21:01.812 I/notification_cancel(  573): [10025,1225,com.google.android.apps.fitness,10436,NULL,0,0,64,8,NULL]
11-10 14:21:01.813 I/notification_cancel(  573): [10025,1225,com.google.android.apps.fitness,10436,NULL,0,0,64,8,NULL]
11-10 14:21:01.814 I/notification_cancel(  573): [10025,1225,com.google.android.apps.fitness,10436,NULL,0,0,64,8,NULL]
11-10 14:21:01.815 I/notification_cancel(  573): [10025,1225,com.google.android.apps.fitness,10436,NULL,0,0,64,8,NULL]
11-10 14:21:02.091 I/netstats_mobile_sample(  573): [0,0,0,0,0,0,0,0,0,0,0,0,1447161663040]
11-10 14:21:02.091 I/netstats_wifi_sample(  573): [117320,329,80659,348,115839,292,75238,336,113763,286,75238,336,1447161663040]
11-10 14:21:24.026 I/notification_cancel(  573): [10025,1225,com.google.android.apps.fitness,10436,NULL,0,0,64,8,NULL]
11-10 14:21:24.032 I/notification_cancel(  573): [10025,1225,com.google.android.apps.fitness,10436,NULL,0,0,64,8,NULL]
11-10 14:21:24.033 I/notification_cancel(  573): [10025,1225,com.google.android.apps.fitness,10436,NULL,0,0,64,8,NULL]
11-10 14:21:24.034 I/notification_cancel(  573): [10025,1225,com.google.android.apps.fitness,10436,NULL,0,0,64,8,NULL]
11-10 14:21:24.036 I/notification_cancel(  573): [10025,1225,com.google.android.apps.fitness,10436,NULL,0,0,64,8,NULL]
11-10 14:21:24.039 I/notification_cancel(  573): [10025,1225,com.google.android.apps.fitness,10436,NULL,0,0,64,8,NULL]
11-10 14:21:24.054 I/notification_cancel(  573): [10025,1225,com.google.android.apps.fitness,10436,NULL,0,0,64,8,NULL]
11-10 14:21:24.057 I/notification_cancel(  573): [10025,1225,com.google.android.apps.fitness,10436,NULL,0,0,64,8,NULL]
11-10 14:28:12.045 I/power_screen_state(  573): [1,0,0,0]
11-10 14:28:12.045 I/screen_toggled(  573): 1
11-10 14:28:12.046 I/power_screen_broadcast_send(  573): 1
11-10 14:28:12.118 I/power_screen_broadcast_done(  573): [1,72,1]
11-10 14:28:12.210 I/force_gc(  573): Binder
11-10 14:28:17.070 I/power_sleep_requested(  573): 0
11-10 14:28:17.072 I/power_screen_state(  573): [0,3,0,0]
11-10 14:28:17.072 I/screen_toggled(  573): 0
11-10 14:28:17.072 I/power_screen_broadcast_send(  573): 1
11-10 14:28:17.201 I/power_screen_broadcast_done(  573): [0,129,1]
11-10 14:33:02.983 I/notification_cancel(  573): [10025,1225,com.google.android.apps.fitness,10436,NULL,0,0,64,8,NULL]
11-10 14:33:02.992 I/notification_cancel(  573): [10025,1225,com.google.android.apps.fitness,10436,NULL,0,0,64,8,NULL]
11-10 14:33:03.012 I/notification_cancel(  573): [10025,1225,com.google.android.apps.fitness,10436,NULL,0,0,64,8,NULL]
11-10 14:33:03.031 I/notification_cancel(  573): [10025,1225,com.google.android.apps.fitness,10436,NULL,0,0,64,8,NULL]
11-10 14:33:04.951 I/notification_cancel(  573): [10025,1225,com.google.android.apps.fitness,10436,NULL,0,0,64,8,NULL]
11-10 14:33:04.952 I/notification_cancel(  573): [10025,1225,com.google.android.apps.fitness,10436,NULL,0,0,64,8,NULL]
11-10 14:33:04.953 I/notification_cancel(  573): [10025,1225,com.google.android.apps.fitness,10436,NULL,0,0,64,8,NULL]
11-10 14:33:04.963 I/notification_cancel(  573): [10025,1225,com.google.android.apps.fitness,10436,NULL,0,0,64,8,NULL]
11-10 14:33:04.964 I/notification_cancel(  573): [10025,1225,com.google.android.apps.fitness,10436,NULL,0,0,64,8,NULL]
11-10 14:33:04.965 I/notification_cancel(  573): [10025,1225,com.google.android.apps.fitness,10436,NULL,0,0,64,8,NULL]
11-10 14:33:04.966 I/notification_cancel(  573): [10025,1225,com.google.android.apps.fitness,10436,NULL,0,0,64,8,NULL]
11-10 14:33:04.969 I/notification_cancel(  573): [10025,1225,com.google.android.apps.fitness,10436,NULL,0,0,64,8,NULL]
11-10 14:39:15.174 I/power_screen_state(  573): [1,0,0,0]
11-10 14:39:15.174 I/screen_toggled(  573): 1
11-10 14:39:15.174 I/power_screen_broadcast_send(  573): 1
11-10 14:39:15.363 I/power_screen_broadcast_done(  573): [1,189,1]
11-10 14:39:26.589 I/power_sleep_requested(  573): 0
11-10 14:39:26.590 I/power_screen_state(  573): [0,3,0,0]
11-10 14:39:26.590 I/screen_toggled(  573): 0
11-10 14:39:26.590 I/power_screen_broadcast_send(  573): 1
11-10 14:39:26.796 I/power_screen_broadcast_done(  573): [0,207,1]
11-10 14:39:53.793 I/power_screen_state(  573): [1,0,0,0]
11-10 14:39:53.793 I/screen_toggled(  573): 1
11-10 14:39:53.793 I/power_screen_broadcast_send(  573): 1
11-10 14:39:53.891 I/power_screen_broadcast_done(  573): [1,97,1]
11-10 14:39:58.789 I/power_sleep_requested(  573): 0
11-10 14:39:58.789 I/power_screen_state(  573): [0,3,0,0]
11-10 14:39:58.789 I/screen_toggled(  573): 0
11-10 14:39:58.791 I/power_screen_broadcast_send(  573): 1
11-10 14:39:58.929 I/power_screen_broadcast_done(  573): [0,138,1]
11-10 14:41:01.091 I/battery_level(  573): [71,3977,298]
11-10 14:45:03.453 I/aggregation(  970): 1447163103453
11-10 14:45:03.505 I/force_gc(  573): Binder
11-10 14:45:03.699 I/notification_cancel(  573): [10025,1225,com.google.android.apps.fitness,10436,NULL,0,0,64,8,NULL]
11-10 14:45:03.700 I/notification_cancel(  573): [10025,1225,com.google.android.apps.fitness,10436,NULL,0,0,64,8,NULL]
11-10 14:45:03.701 I/notification_cancel(  573): [10025,1225,com.google.android.apps.fitness,10436,NULL,0,0,64,8,NULL]
11-10 14:45:03.702 I/notification_cancel(  573): [10025,1225,com.google.android.apps.fitness,10436,NULL,0,0,64,8,NULL]
11-10 14:45:04.697 I/netstats_mobile_sample(  573): [0,0,0,0,0,0,0,0,0,0,0,0,1447163105647]
11-10 14:45:04.697 I/netstats_wifi_sample(  573): [117320,329,80659,348,115839,292,75238,336,113763,286,75238,336,1447163105647]
11-10 14:45:06.777 I/notification_cancel(  573): [10025,1225,com.google.android.apps.fitness,10436,NULL,0,0,64,8,NULL]
11-10 14:45:06.778 I/notification_cancel(  573): [10025,1225,com.google.android.apps.fitness,10436,NULL,0,0,64,8,NULL]
11-10 14:45:06.778 I/notification_cancel(  573): [10025,1225,com.google.android.apps.fitness,10436,NULL,0,0,64,8,NULL]
11-10 14:45:06.789 I/notification_cancel(  573): [10025,1225,com.google.android.apps.fitness,10436,NULL,0,0,64,8,NULL]
11-10 14:45:06.790 I/notification_cancel(  573): [10025,1225,com.google.android.apps.fitness,10436,NULL,0,0,64,8,NULL]
11-10 14:45:06.791 I/notification_cancel(  573): [10025,1225,com.google.android.apps.fitness,10436,NULL,0,0,64,8,NULL]
11-10 14:45:06.792 I/notification_cancel(  573): [10025,1225,com.google.android.apps.fitness,10436,NULL,0,0,64,8,NULL]
11-10 14:45:06.795 I/notification_cancel(  573): [10025,1225,com.google.android.apps.fitness,10436,NULL,0,0,64,8,NULL]
11-10 14:46:23.321 I/power_screen_state(  573): [1,0,0,0]
11-10 14:46:23.321 I/screen_toggled(  573): 1
11-10 14:46:23.330 I/power_screen_broadcast_send(  573): 1
11-10 14:46:23.415 I/power_screen_broadcast_done(  573): [1,85,1]
11-10 14:46:28.314 I/power_sleep_requested(  573): 0
11-10 14:46:28.315 I/power_screen_state(  573): [0,3,0,0]
11-10 14:46:28.315 I/screen_toggled(  573): 0
11-10 14:46:28.316 I/power_screen_broadcast_send(  573): 1
11-10 14:46:28.446 I/power_screen_broadcast_done(  573): [0,130,1]
11-10 14:49:57.476 I/power_screen_state(  573): [1,0,0,0]
11-10 14:49:57.476 I/screen_toggled(  573): 1
11-10 14:49:57.485 I/power_screen_broadcast_send(  573): 1
11-10 14:49:57.560 I/power_screen_broadcast_done(  573): [1,75,1]
11-10 14:50:07.991 I/power_sleep_requested(  573): 0
11-10 14:50:07.992 I/power_screen_state(  573): [0,3,0,0]
11-10 14:50:07.992 I/screen_toggled(  573): 0
11-10 14:50:07.993 I/power_screen_broadcast_send(  573): 1
11-10 14:50:08.200 I/power_screen_broadcast_done(  573): [0,207,1]
11-10 14:57:07.241 I/power_screen_state(  573): [1,0,0,0]
11-10 14:57:07.241 I/screen_toggled(  573): 1
11-10 14:57:07.251 I/power_screen_broadcast_send(  573): 1
11-10 14:57:07.334 I/power_screen_broadcast_done(  573): [1,83,1]
11-10 14:57:12.235 I/power_sleep_requested(  573): 0
11-10 14:57:12.236 I/power_screen_state(  573): [0,3,0,0]
11-10 14:57:12.236 I/screen_toggled(  573): 0
11-10 14:57:12.236 I/power_screen_broadcast_send(  573): 1
11-10 14:57:12.346 I/power_screen_broadcast_done(  573): [0,110,1]
11-10 14:57:31.943 I/notification_cancel(  573): [10025,1225,com.google.android.apps.fitness,10436,NULL,0,0,64,8,NULL]
11-10 14:57:31.945 I/notification_cancel(  573): [10025,1225,com.google.android.apps.fitness,10436,NULL,0,0,64,8,NULL]
11-10 14:57:31.946 I/notification_cancel(  573): [10025,1225,com.google.android.apps.fitness,10436,NULL,0,0,64,8,NULL]
11-10 14:57:31.947 I/notification_cancel(  573): [10025,1225,com.google.android.apps.fitness,10436,NULL,0,0,64,8,NULL]
11-10 14:57:31.947 I/notification_cancel(  573): [10025,1225,com.google.android.apps.fitness,10436,NULL,0,0,64,8,NULL]
11-10 14:57:31.963 I/notification_cancel(  573): [10025,1225,com.google.android.apps.fitness,10436,NULL,0,0,64,8,NULL]
11-10 14:57:31.966 I/notification_cancel(  573): [10025,1225,com.google.android.apps.fitness,10436,NULL,0,0,64,8,NULL]
11-10 14:57:31.969 I/notification_cancel(  573): [10025,1225,com.google.android.apps.fitness,10436,NULL,0,0,64,8,NULL]
11-10 15:00:51.121 I/power_screen_state(  573): [1,0,0,0]
11-10 15:00:51.121 I/screen_toggled(  573): 1
11-10 15:00:51.121 I/power_screen_broadcast_send(  573): 1
11-10 15:00:51.212 I/power_screen_broadcast_done(  573): [1,92,1]
11-10 15:01:02.785 I/power_sleep_requested(  573): 0
11-10 15:01:02.786 I/power_screen_state(  573): [0,3,0,0]
11-10 15:01:02.786 I/screen_toggled(  573): 0
11-10 15:01:02.787 I/power_screen_broadcast_send(  573): 1
11-10 15:01:02.845 I/force_gc(  573): Binder
11-10 15:01:03.192 I/power_screen_broadcast_done(  573): [0,406,1]
11-10 15:01:23.476 I/notification_cancel(  573): [10025,1225,com.google.android.apps.fitness,10436,NULL,0,0,64,8,NULL]
11-10 15:01:23.477 I/notification_cancel(  573): [10025,1225,com.google.android.apps.fitness,10436,NULL,0,0,64,8,NULL]
11-10 15:01:23.478 I/notification_cancel(  573): [10025,1225,com.google.android.apps.fitness,10436,NULL,0,0,64,8,NULL]
11-10 15:01:23.479 I/notification_cancel(  573): [10025,1225,com.google.android.apps.fitness,10436,NULL,0,0,64,8,NULL]
11-10 15:01:26.353 I/notification_cancel(  573): [10025,1225,com.google.android.apps.fitness,10436,NULL,0,0,64,8,NULL]
11-10 15:01:26.354 I/notification_cancel(  573): [10025,1225,com.google.android.apps.fitness,10436,NULL,0,0,64,8,NULL]
11-10 15:01:26.355 I/notification_cancel(  573): [10025,1225,com.google.android.apps.fitness,10436,NULL,0,0,64,8,NULL]
11-10 15:01:26.365 I/notification_cancel(  573): [10025,1225,com.google.android.apps.fitness,10436,NULL,0,0,64,8,NULL]
11-10 15:01:26.366 I/notification_cancel(  573): [10025,1225,com.google.android.apps.fitness,10436,NULL,0,0,64,8,NULL]
11-10 15:01:26.366 I/notification_cancel(  573): [10025,1225,com.google.android.apps.fitness,10436,NULL,0,0,64,8,NULL]
11-10 15:01:26.367 I/notification_cancel(  573): [10025,1225,com.google.android.apps.fitness,10436,NULL,0,0,64,8,NULL]
11-10 15:01:26.371 I/notification_cancel(  573): [10025,1225,com.google.android.apps.fitness,10436,NULL,0,0,64,8,NULL]
11-10 15:01:27.830 I/notification_cancel(  573): [10025,1225,com.google.android.apps.fitness,10436,NULL,0,0,64,8,NULL]
11-10 15:01:27.831 I/notification_cancel(  573): [10025,1225,com.google.android.apps.fitness,10436,NULL,0,0,64,8,NULL]
11-10 15:01:27.832 I/notification_cancel(  573): [10025,1225,com.google.android.apps.fitness,10436,NULL,0,0,64,8,NULL]
11-10 15:01:27.845 I/notification_cancel(  573): [10025,1225,com.google.android.apps.fitness,10436,NULL,0,0,64,8,NULL]
11-10 15:01:27.846 I/notification_cancel(  573): [10025,1225,com.google.android.apps.fitness,10436,NULL,0,0,64,8,NULL]
11-10 15:01:27.846 I/notification_cancel(  573): [10025,1225,com.google.android.apps.fitness,10436,NULL,0,0,64,8,NULL]
11-10 15:01:27.847 I/notification_cancel(  573): [10025,1225,com.google.android.apps.fitness,10436,NULL,0,0,64,8,NULL]
11-10 15:01:27.851 I/notification_cancel(  573): [10025,1225,com.google.android.apps.fitness,10436,NULL,0,0,64,8,NULL]
11-10 15:05:06.863 I/power_screen_state(  573): [1,0,0,0]
11-10 15:05:06.863 I/screen_toggled(  573): 1
11-10 15:05:06.864 I/power_screen_broadcast_send(  573): 1
11-10 15:05:06.952 I/power_screen_broadcast_done(  573): [1,88,1]
11-10 15:05:11.891 I/power_sleep_requested(  573): 0
11-10 15:05:11.893 I/power_screen_state(  573): [0,3,0,0]
11-10 15:05:11.893 I/screen_toggled(  573): 0
11-10 15:05:11.893 I/power_screen_broadcast_send(  573): 1
11-10 15:05:12.027 I/power_screen_broadcast_done(  573): [0,134,1]
11-10 15:07:59.512 I/battery_level(  573): [70,3965,296]
11-10 15:14:13.177 I/power_screen_state(  573): [1,0,0,0]
11-10 15:14:13.177 I/screen_toggled(  573): 1
11-10 15:14:13.182 I/power_screen_broadcast_send(  573): 1
11-10 15:14:13.379 I/power_screen_broadcast_done(  573): [1,198,1]
11-10 15:14:18.170 I/power_sleep_requested(  573): 0
11-10 15:14:18.171 I/power_screen_state(  573): [0,3,0,0]
11-10 15:14:18.171 I/screen_toggled(  573): 0
11-10 15:14:18.171 I/power_screen_broadcast_send(  573): 1
11-10 15:14:18.349 I/power_screen_broadcast_done(  573): [0,178,1]
11-10 15:14:49.590 I/power_screen_state(  573): [1,0,0,0]
11-10 15:14:49.590 I/screen_toggled(  573): 1
11-10 15:14:49.591 I/power_screen_broadcast_send(  573): 1
11-10 15:14:49.677 I/power_screen_broadcast_done(  573): [1,86,1]
11-10 15:14:54.585 I/power_sleep_requested(  573): 0
11-10 15:14:54.586 I/power_screen_state(  573): [0,3,0,0]
11-10 15:14:54.586 I/screen_toggled(  573): 0
11-10 15:14:54.586 I/power_screen_broadcast_send(  573): 1
11-10 15:14:54.726 I/power_screen_broadcast_done(  573): [0,139,1]
11-10 15:14:55.081 I/power_screen_state(  573): [1,0,0,0]
11-10 15:14:55.081 I/screen_toggled(  573): 1
11-10 15:14:55.081 I/power_screen_broadcast_send(  573): 1
11-10 15:14:55.119 I/force_gc(  573): Binder
11-10 15:14:55.401 I/power_screen_broadcast_done(  573): [1,320,1]
11-10 15:15:07.539 I/power_sleep_requested(  573): 0
11-10 15:15:07.540 I/power_screen_state(  573): [0,3,0,0]
11-10 15:15:07.540 I/screen_toggled(  573): 0
11-10 15:15:07.542 I/power_screen_broadcast_send(  573): 1
11-10 15:15:07.683 I/power_screen_broadcast_done(  573): [0,142,1]
11-10 15:16:49.582 I/power_screen_state(  573): [1,0,0,0]
11-10 15:16:49.582 I/screen_toggled(  573): 1
11-10 15:16:49.583 I/power_screen_broadcast_send(  573): 1
11-10 15:16:49.796 I/power_screen_broadcast_done(  573): [1,214,1]
11-10 15:16:54.578 I/power_sleep_requested(  573): 0
11-10 15:16:54.578 I/power_screen_state(  573): [0,3,0,0]
11-10 15:16:54.579 I/screen_toggled(  573): 0
11-10 15:16:54.581 I/power_screen_broadcast_send(  573): 1
11-10 15:16:54.725 I/power_screen_broadcast_done(  573): [0,143,1]
11-10 15:18:59.539 I/power_screen_state(  573): [1,0,0,0]
11-10 15:18:59.539 I/screen_toggled(  573): 1
11-10 15:18:59.539 I/power_screen_broadcast_send(  573): 1
11-10 15:18:59.630 I/power_screen_broadcast_done(  573): [1,91,1]
11-10 15:19:10.174 I/power_sleep_requested(  573): 0
11-10 15:19:10.175 I/power_screen_state(  573): [0,3,0,0]
11-10 15:19:10.175 I/screen_toggled(  573): 0
11-10 15:19:10.175 I/power_screen_broadcast_send(  573): 1
11-10 15:19:10.363 I/power_screen_broadcast_done(  573): [0,188,1]
11-10 15:19:11.726 I/power_screen_state(  573): [1,0,0,0]
11-10 15:19:11.726 I/screen_toggled(  573): 1
11-10 15:19:11.726 I/power_screen_broadcast_send(  573): 1
11-10 15:19:11.817 I/power_screen_broadcast_done(  573): [1,91,1]
11-10 15:19:16.720 I/power_sleep_requested(  573): 0
11-10 15:19:16.721 I/power_screen_state(  573): [0,3,0,0]
11-10 15:19:16.721 I/screen_toggled(  573): 0
11-10 15:19:16.723 I/power_screen_broadcast_send(  573): 1
11-10 15:19:16.818 I/power_screen_broadcast_done(  573): [0,95,1]
11-10 15:19:59.121 I/power_screen_state(  573): [1,0,0,0]
11-10 15:19:59.121 I/screen_toggled(  573): 1
11-10 15:19:59.121 I/power_screen_broadcast_send(  573): 1
11-10 15:19:59.329 I/power_screen_broadcast_done(  573): [1,208,1]
11-10 15:20:09.622 I/power_sleep_requested(  573): 0
11-10 15:20:09.623 I/power_screen_state(  573): [0,3,0,0]
11-10 15:20:09.623 I/screen_toggled(  573): 0
11-10 15:20:09.623 I/power_screen_broadcast_send(  573): 1
11-10 15:20:09.630 I/force_gc(  865): Binder
11-10 15:20:09.864 I/power_screen_broadcast_done(  573): [0,241,1]
11-10 15:20:18.110 I/power_screen_state(  573): [1,0,0,0]
11-10 15:20:18.110 I/screen_toggled(  573): 1
11-10 15:20:18.111 I/power_screen_broadcast_send(  573): 1
11-10 15:20:18.203 I/power_screen_broadcast_done(  573): [1,93,1]
11-10 15:20:33.278 I/am_home_stack_moved(  573): [0,1,0,0,intentActivityFound]
11-10 15:20:33.278 I/wm_task_moved(  573): [124,1,0]
11-10 15:20:33.282 I/am_new_intent(  573): [0,936640469,124,com.google.android.wearable.app/com.google.android.clockwork.home.HomeActivity,android.intent.action.MAIN,NULL,NULL,270532608]
11-10 15:20:33.289 I/power_sleep_requested(  573): 0
11-10 15:20:33.297 I/power_screen_state(  573): [0,2,0,0]
11-10 15:20:33.297 I/screen_toggled(  573): 0
11-10 15:20:33.297 I/power_screen_broadcast_send(  573): 1
11-10 15:20:33.588 I/power_screen_broadcast_done(  573): [0,291,1]
11-10 15:22:01.071 I/force_gc(  573): Binder
11-10 15:22:01.532 I/aggregation(  970): 1447165321532
11-10 15:22:02.226 I/notification_cancel(  573): [10025,1225,com.google.android.apps.fitness,10436,NULL,0,0,64,8,NULL]
11-10 15:22:02.227 I/notification_cancel(  573): [10025,1225,com.google.android.apps.fitness,10436,NULL,0,0,64,8,NULL]
11-10 15:22:02.228 I/notification_cancel(  573): [10025,1225,com.google.android.apps.fitness,10436,NULL,0,0,64,8,NULL]
11-10 15:22:02.248 I/notification_cancel(  573): [10025,1225,com.google.android.apps.fitness,10436,NULL,0,0,64,8,NULL]
11-10 15:22:02.540 I/netstats_mobile_sample(  573): [0,0,0,0,0,0,0,0,0,0,0,0,1447165323489]
11-10 15:22:02.540 I/netstats_wifi_sample(  573): [117320,329,80659,348,115839,292,75238,336,113763,286,75238,336,1447165323489]
11-10 15:22:06.947 I/notification_cancel(  573): [10025,1225,com.google.android.apps.fitness,10436,NULL,0,0,64,8,NULL]
11-10 15:22:06.949 I/notification_cancel(  573): [10025,1225,com.google.android.apps.fitness,10436,NULL,0,0,64,8,NULL]
11-10 15:22:06.950 I/notification_cancel(  573): [10025,1225,com.google.android.apps.fitness,10436,NULL,0,0,64,8,NULL]
11-10 15:22:06.962 I/notification_cancel(  573): [10025,1225,com.google.android.apps.fitness,10436,NULL,0,0,64,8,NULL]
11-10 15:22:06.963 I/notification_cancel(  573): [10025,1225,com.google.android.apps.fitness,10436,NULL,0,0,64,8,NULL]
11-10 15:22:06.965 I/notification_cancel(  573): [10025,1225,com.google.android.apps.fitness,10436,NULL,0,0,64,8,NULL]
11-10 15:22:06.965 I/notification_cancel(  573): [10025,1225,com.google.android.apps.fitness,10436,NULL,0,0,64,8,NULL]
11-10 15:22:06.969 I/notification_cancel(  573): [10025,1225,com.google.android.apps.fitness,10436,NULL,0,0,64,8,NULL]
11-10 15:30:35.725 I/power_screen_state(  573): [1,0,0,0]
11-10 15:30:35.725 I/screen_toggled(  573): 1
11-10 15:30:35.726 I/power_screen_broadcast_send(  573): 1
11-10 15:30:35.799 I/power_screen_broadcast_done(  573): [1,73,1]
11-10 15:30:40.449 I/battery_level(  573): [69,3931,297]
11-10 15:30:40.750 I/power_sleep_requested(  573): 0
11-10 15:30:40.752 I/power_screen_state(  573): [0,3,0,0]
11-10 15:30:40.752 I/screen_toggled(  573): 0
11-10 15:30:40.752 I/power_screen_broadcast_send(  573): 1
11-10 15:30:40.902 I/power_screen_broadcast_done(  573): [0,150,1]
11-10 15:34:02.844 I/notification_cancel(  573): [10025,1225,com.google.android.apps.fitness,10436,NULL,0,0,64,8,NULL]
11-10 15:34:02.845 I/notification_cancel(  573): [10025,1225,com.google.android.apps.fitness,10436,NULL,0,0,64,8,NULL]
11-10 15:34:02.846 I/notification_cancel(  573): [10025,1225,com.google.android.apps.fitness,10436,NULL,0,0,64,8,NULL]
11-10 15:34:02.847 I/notification_cancel(  573): [10025,1225,com.google.android.apps.fitness,10436,NULL,0,0,64,8,NULL]
11-10 15:34:10.541 I/notification_cancel(  573): [10025,1225,com.google.android.apps.fitness,10436,NULL,0,0,64,8,NULL]
11-10 15:34:10.544 I/notification_cancel(  573): [10025,1225,com.google.android.apps.fitness,10436,NULL,0,0,64,8,NULL]
11-10 15:34:10.546 I/notification_cancel(  573): [10025,1225,com.google.android.apps.fitness,10436,NULL,0,0,64,8,NULL]
11-10 15:34:10.546 I/notification_cancel(  573): [10025,1225,com.google.android.apps.fitness,10436,NULL,0,0,64,8,NULL]
11-10 15:34:10.548 I/notification_cancel(  573): [10025,1225,com.google.android.apps.fitness,10436,NULL,0,0,64,8,NULL]
11-10 15:34:10.562 I/notification_cancel(  573): [10025,1225,com.google.android.apps.fitness,10436,NULL,0,0,64,8,NULL]
11-10 15:34:10.569 I/notification_cancel(  573): [10025,1225,com.google.android.apps.fitness,10436,NULL,0,0,64,8,NULL]
11-10 15:34:10.571 I/notification_cancel(  573): [10025,1225,com.google.android.apps.fitness,10436,NULL,0,0,64,8,NULL]
11-10 15:43:01.067 I/force_gc(  573): Binder
11-10 15:43:09.484 I/power_screen_state(  573): [1,0,0,0]
11-10 15:43:09.484 I/screen_toggled(  573): 1
11-10 15:43:09.484 I/power_screen_broadcast_send(  573): 1
11-10 15:43:09.576 I/power_screen_broadcast_done(  573): [1,92,1]
11-10 15:43:14.479 I/power_sleep_requested(  573): 0
11-10 15:43:14.479 I/power_screen_state(  573): [0,3,0,0]
11-10 15:43:14.480 I/screen_toggled(  573): 0
11-10 15:43:14.480 I/power_screen_broadcast_send(  573): 1
11-10 15:43:14.582 I/power_screen_broadcast_done(  573): [0,102,1]
11-10 15:43:41.746 I/power_screen_state(  573): [1,0,0,0]
11-10 15:43:41.746 I/screen_toggled(  573): 1
11-10 15:43:41.747 I/power_screen_broadcast_send(  573): 1
11-10 15:43:41.844 I/power_screen_broadcast_done(  573): [1,97,1]
11-10 15:43:46.742 I/power_sleep_requested(  573): 0
11-10 15:43:46.743 I/power_screen_state(  573): [0,3,0,0]
11-10 15:43:46.743 I/screen_toggled(  573): 0
11-10 15:43:46.743 I/power_screen_broadcast_send(  573): 1
11-10 15:43:46.884 I/power_screen_broadcast_done(  573): [0,141,1]
11-10 15:45:26.860 I/power_screen_state(  573): [1,0,0,0]
11-10 15:45:26.860 I/screen_toggled(  573): 1
11-10 15:45:26.861 I/power_screen_broadcast_send(  573): 1
11-10 15:45:27.195 I/power_screen_broadcast_done(  573): [1,334,1]
11-10 15:45:31.855 I/power_sleep_requested(  573): 0
11-10 15:45:31.856 I/power_screen_state(  573): [0,3,0,0]
11-10 15:45:31.856 I/screen_toggled(  573): 0
11-10 15:45:31.857 I/power_screen_broadcast_send(  573): 1
11-10 15:45:31.982 I/power_screen_broadcast_done(  573): [0,126,1]
11-10 15:46:03.955 I/notification_cancel(  573): [10025,1225,com.google.android.apps.fitness,10436,NULL,0,0,64,8,NULL]
11-10 15:46:03.969 I/notification_cancel(  573): [10025,1225,com.google.android.apps.fitness,10436,NULL,0,0,64,8,NULL]
11-10 15:46:03.975 I/notification_cancel(  573): [10025,1225,com.google.android.apps.fitness,10436,NULL,0,0,64,8,NULL]
11-10 15:46:03.980 I/notification_cancel(  573): [10025,1225,com.google.android.apps.fitness,10436,NULL,0,0,64,8,NULL]
11-10 15:46:04.218 I/netstats_mobile_sample(  573): [0,0,0,0,0,0,0,0,0,0,0,0,1447166765168]
11-10 15:46:04.219 I/netstats_wifi_sample(  573): [117320,329,80659,348,115839,292,75238,336,113763,286,75238,336,1447166765168]
11-10 15:46:07.146 I/notification_cancel(  573): [10025,1225,com.google.android.apps.fitness,10436,NULL,0,0,64,8,NULL]
11-10 15:46:07.147 I/notification_cancel(  573): [10025,1225,com.google.android.apps.fitness,10436,NULL,0,0,64,8,NULL]
11-10 15:46:07.148 I/notification_cancel(  573): [10025,1225,com.google.android.apps.fitness,10436,NULL,0,0,64,8,NULL]
11-10 15:46:07.159 I/notification_cancel(  573): [10025,1225,com.google.android.apps.fitness,10436,NULL,0,0,64,8,NULL]
11-10 15:46:07.160 I/notification_cancel(  573): [10025,1225,com.google.android.apps.fitness,10436,NULL,0,0,64,8,NULL]
11-10 15:46:07.161 I/notification_cancel(  573): [10025,1225,com.google.android.apps.fitness,10436,NULL,0,0,64,8,NULL]
11-10 15:46:07.162 I/notification_cancel(  573): [10025,1225,com.google.android.apps.fitness,10436,NULL,0,0,64,8,NULL]
