11-10 04:45:33.679 I/notification_cancel(  573): [10025,1225,com.google.android.apps.fitness,10436,NULL,0,0,64,8,NULL]
11-10 04:45:33.688 I/notification_cancel(  573): [10025,1225,com.google.android.apps.fitness,10436,NULL,0,0,64,8,NULL]
11-10 04:45:34.067 I/notification_enqueue(  573): [10025,1225,com.google.android.apps.fitness,1,NULL,0,Notification(pri=-1 contentView=null vibrate=null sound=null defaults=0x0 flags=0x0 color=0x00000000 vis=PRIVATE),1]
11-10 04:56:27.343 I/battery_level(  573): [93,4206,220]
11-10 04:59:02.501 I/notification_cancel(  573): [10025,1225,com.google.android.apps.fitness,10436,NULL,0,0,64,8,NULL]
11-10 04:59:02.502 I/notification_cancel(  573): [10025,1225,com.google.android.apps.fitness,10436,NULL,0,0,64,8,NULL]
11-10 04:59:02.503 I/notification_cancel(  573): [10025,1225,com.google.android.apps.fitness,10436,NULL,0,0,64,8,NULL]
11-10 04:59:02.504 I/notification_cancel(  573): [10025,1225,com.google.android.apps.fitness,10436,NULL,0,0,64,8,NULL]
11-10 04:59:02.850 I/notification_enqueue(  573): [10025,1225,com.google.android.apps.fitness,1,NULL,0,Notification(pri=-1 contentView=null vibrate=null sound=null defaults=0x0 flags=0x0 color=0x00000000 vis=PRIVATE),1]
11-10 05:15:35.336 I/netstats_mobile_sample(  573): [0,0,0,0,0,0,0,0,0,0,0,0,1447128934934]
11-10 05:15:35.336 I/netstats_wifi_sample(  573): [98383,287,67616,296,96968,253,62951,285,94892,247,62951,285,1447128934934]
11-10 05:15:35.490 I/aggregation(  970): 1447128935490
11-10 05:15:35.642 I/notification_cancel(  573): [10025,1225,com.google.android.apps.fitness,10436,NULL,0,0,64,8,NULL]
11-10 05:15:35.643 I/notification_cancel(  573): [10025,1225,com.google.android.apps.fitness,10436,NULL,0,0,64,8,NULL]
11-10 05:15:35.643 I/notification_cancel(  573): [10025,1225,com.google.android.apps.fitness,10436,NULL,0,0,64,8,NULL]
11-10 05:15:35.644 I/notification_cancel(  573): [10025,1225,com.google.android.apps.fitness,10436,NULL,0,0,64,8,NULL]
11-10 05:15:35.989 I/notification_enqueue(  573): [10025,1225,com.google.android.apps.fitness,1,NULL,0,Notification(pri=-1 contentView=null vibrate=null sound=null defaults=0x0 flags=0x0 color=0x00000000 vis=PRIVATE),1]
11-10 05:29:02.511 I/notification_cancel(  573): [10025,1225,com.google.android.apps.fitness,10436,NULL,0,0,64,8,NULL]
11-10 05:29:02.512 I/notification_cancel(  573): [10025,1225,com.google.android.apps.fitness,10436,NULL,0,0,64,8,NULL]
11-10 05:29:02.513 I/notification_cancel(  573): [10025,1225,com.google.android.apps.fitness,10436,NULL,0,0,64,8,NULL]
11-10 05:29:02.514 I/notification_cancel(  573): [10025,1225,com.google.android.apps.fitness,10436,NULL,0,0,64,8,NULL]
11-10 05:29:02.859 I/notification_enqueue(  573): [10025,1225,com.google.android.apps.fitness,1,NULL,0,Notification(pri=-1 contentView=null vibrate=null sound=null defaults=0x0 flags=0x0 color=0x00000000 vis=PRIVATE),1]
11-10 05:45:37.346 I/netstats_mobile_sample(  573): [0,0,0,0,0,0,0,0,0,0,0,0,1447130736945]
11-10 05:45:37.347 I/netstats_wifi_sample(  573): [98383,287,67616,296,96968,253,62951,285,94892,247,62951,285,1447130736945]
11-10 05:45:37.566 I/aggregation(  970): 1447130737566
11-10 05:45:37.716 I/notification_cancel(  573): [10025,1225,com.google.android.apps.fitness,10436,NULL,0,0,64,8,NULL]
11-10 05:45:37.718 I/notification_cancel(  573): [10025,1225,com.google.android.apps.fitness,10436,NULL,0,0,64,8,NULL]
11-10 05:45:37.718 I/notification_cancel(  573): [10025,1225,com.google.android.apps.fitness,10436,NULL,0,0,64,8,NULL]
11-10 05:45:37.719 I/notification_cancel(  573): [10025,1225,com.google.android.apps.fitness,10436,NULL,0,0,64,8,NULL]
11-10 05:45:38.127 I/notification_enqueue(  573): [10025,1225,com.google.android.apps.fitness,1,NULL,0,Notification(pri=-1 contentView=null vibrate=null sound=null defaults=0x0 flags=0x0 color=0x00000000 vis=PRIVATE),1]
11-10 05:59:02.524 I/notification_cancel(  573): [10025,1225,com.google.android.apps.fitness,10436,NULL,0,0,64,8,NULL]
11-10 05:59:02.525 I/notification_cancel(  573): [10025,1225,com.google.android.apps.fitness,10436,NULL,0,0,64,8,NULL]
11-10 05:59:02.526 I/notification_cancel(  573): [10025,1225,com.google.android.apps.fitness,10436,NULL,0,0,64,8,NULL]
11-10 05:59:02.527 I/notification_cancel(  573): [10025,1225,com.google.android.apps.fitness,10436,NULL,0,0,64,8,NULL]
11-10 05:59:02.873 I/notification_enqueue(  573): [10025,1225,com.google.android.apps.fitness,1,NULL,0,Notification(pri=-1 contentView=null vibrate=null sound=null defaults=0x0 flags=0x0 color=0x00000000 vis=PRIVATE),1]
11-10 06:15:39.360 I/netstats_mobile_sample(  573): [0,0,0,0,0,0,0,0,0,0,0,0,1447132538959]
11-10 06:15:39.360 I/netstats_wifi_sample(  573): [98383,287,67616,296,96968,253,62951,285,94892,247,62951,285,1447132538959]
11-10 06:15:39.379 I/battery_level(  573): [92,4185,220]
11-10 06:15:39.521 I/aggregation(  970): 1447132539521
11-10 06:15:39.673 I/notification_cancel(  573): [10025,1225,com.google.android.apps.fitness,10436,NULL,0,0,64,8,NULL]
11-10 06:15:39.674 I/notification_cancel(  573): [10025,1225,com.google.android.apps.fitness,10436,NULL,0,0,64,8,NULL]
11-10 06:15:39.675 I/notification_cancel(  573): [10025,1225,com.google.android.apps.fitness,10436,NULL,0,0,64,8,NULL]
11-10 06:15:39.675 I/notification_cancel(  573): [10025,1225,com.google.android.apps.fitness,10436,NULL,0,0,64,8,NULL]
11-10 06:15:40.020 I/notification_enqueue(  573): [10025,1225,com.google.android.apps.fitness,1,NULL,0,Notification(pri=-1 contentView=null vibrate=null sound=null defaults=0x0 flags=0x0 color=0x00000000 vis=PRIVATE),1]
11-10 06:29:02.544 I/notification_cancel(  573): [10025,1225,com.google.android.apps.fitness,10436,NULL,0,0,64,8,NULL]
11-10 06:29:02.545 I/notification_cancel(  573): [10025,1225,com.google.android.apps.fitness,10436,NULL,0,0,64,8,NULL]
11-10 06:29:02.546 I/notification_cancel(  573): [10025,1225,com.google.android.apps.fitness,10436,NULL,0,0,64,8,NULL]
11-10 06:29:02.547 I/notification_cancel(  573): [10025,1225,com.google.android.apps.fitness,10436,NULL,0,0,64,8,NULL]
11-10 06:29:02.948 I/notification_enqueue(  573): [10025,1225,com.google.android.apps.fitness,1,NULL,0,Notification(pri=-1 contentView=null vibrate=null sound=null defaults=0x0 flags=0x0 color=0x00000000 vis=PRIVATE),1]
11-10 06:45:41.375 I/netstats_mobile_sample(  573): [0,0,0,0,0,0,0,0,0,0,0,0,1447134340973]
11-10 06:45:41.375 I/netstats_wifi_sample(  573): [98383,287,67616,296,96968,253,62951,285,94892,247,62951,285,1447134340973]
11-10 06:45:41.673 I/aggregation(  970): 1447134341673
11-10 06:45:42.037 I/notification_cancel(  573): [10025,1225,com.google.android.apps.fitness,10436,NULL,0,0,64,8,NULL]
11-10 06:45:42.038 I/notification_cancel(  573): [10025,1225,com.google.android.apps.fitness,10436,NULL,0,0,64,8,NULL]
11-10 06:45:42.039 I/notification_cancel(  573): [10025,1225,com.google.android.apps.fitness,10436,NULL,0,0,64,8,NULL]
11-10 06:45:42.040 I/notification_cancel(  573): [10025,1225,com.google.android.apps.fitness,10436,NULL,0,0,64,8,NULL]
11-10 06:45:42.427 I/notification_enqueue(  573): [10025,1225,com.google.android.apps.fitness,1,NULL,0,Notification(pri=-1 contentView=null vibrate=null sound=null defaults=0x0 flags=0x0 color=0x00000000 vis=PRIVATE),1]
11-10 06:59:02.543 I/notification_cancel(  573): [10025,1225,com.google.android.apps.fitness,10436,NULL,0,0,64,8,NULL]
11-10 06:59:02.544 I/notification_cancel(  573): [10025,1225,com.google.android.apps.fitness,10436,NULL,0,0,64,8,NULL]
11-10 06:59:02.544 I/notification_cancel(  573): [10025,1225,com.google.android.apps.fitness,10436,NULL,0,0,64,8,NULL]
11-10 06:59:02.545 I/notification_cancel(  573): [10025,1225,com.google.android.apps.fitness,10436,NULL,0,0,64,8,NULL]
11-10 06:59:02.914 I/notification_enqueue(  573): [10025,1225,com.google.android.apps.fitness,1,NULL,0,Notification(pri=-1 contentView=null vibrate=null sound=null defaults=0x0 flags=0x0 color=0x00000000 vis=PRIVATE),1]
11-10 07:15:43.377 I/netstats_mobile_sample(  573): [0,0,0,0,0,0,0,0,0,0,0,0,1447136142976]
11-10 07:15:43.377 I/netstats_wifi_sample(  573): [98383,287,67616,296,96968,253,62951,285,94892,247,62951,285,1447136142976]
11-10 07:15:43.545 I/aggregation(  970): 1447136143545
11-10 07:15:43.698 I/notification_cancel(  573): [10025,1225,com.google.android.apps.fitness,10436,NULL,0,0,64,8,NULL]
11-10 07:15:43.699 I/notification_cancel(  573): [10025,1225,com.google.android.apps.fitness,10436,NULL,0,0,64,8,NULL]
11-10 07:15:43.700 I/notification_cancel(  573): [10025,1225,com.google.android.apps.fitness,10436,NULL,0,0,64,8,NULL]
11-10 07:15:43.701 I/notification_cancel(  573): [10025,1225,com.google.android.apps.fitness,10436,NULL,0,0,64,8,NULL]
11-10 07:15:44.126 I/notification_enqueue(  573): [10025,1225,com.google.android.apps.fitness,1,NULL,0,Notification(pri=-1 contentView=null vibrate=null sound=null defaults=0x0 flags=0x0 color=0x00000000 vis=PRIVATE),1]
11-10 07:26:27.395 I/battery_level(  573): [91,4186,221]
11-10 07:29:02.555 I/notification_cancel(  573): [10025,1225,com.google.android.apps.fitness,10436,NULL,0,0,64,8,NULL]
11-10 07:29:02.556 I/notification_cancel(  573): [10025,1225,com.google.android.apps.fitness,10436,NULL,0,0,64,8,NULL]
11-10 07:29:02.557 I/notification_cancel(  573): [10025,1225,com.google.android.apps.fitness,10436,NULL,0,0,64,8,NULL]
11-10 07:29:02.558 I/notification_cancel(  573): [10025,1225,com.google.android.apps.fitness,10436,NULL,0,0,64,8,NULL]
11-10 07:29:02.903 I/notification_enqueue(  573): [10025,1225,com.google.android.apps.fitness,1,NULL,0,Notification(pri=-1 contentView=null vibrate=null sound=null defaults=0x0 flags=0x0 color=0x00000000 vis=PRIVATE),1]
11-10 07:45:45.389 I/netstats_mobile_sample(  573): [0,0,0,0,0,0,0,0,0,0,0,0,1447137944988]
11-10 07:45:45.389 I/netstats_wifi_sample(  573): [98383,287,67616,296,96968,253,62951,285,94892,247,62951,285,1447137944988]
11-10 07:45:45.542 I/aggregation(  970): 1447137945542
11-10 07:45:45.695 I/notification_cancel(  573): [10025,1225,com.google.android.apps.fitness,10436,NULL,0,0,64,8,NULL]
11-10 07:45:45.696 I/notification_cancel(  573): [10025,1225,com.google.android.apps.fitness,10436,NULL,0,0,64,8,NULL]
11-10 07:45:45.697 I/notification_cancel(  573): [10025,1225,com.google.android.apps.fitness,10436,NULL,0,0,64,8,NULL]
11-10 07:45:45.698 I/notification_cancel(  573): [10025,1225,com.google.android.apps.fitness,10436,NULL,0,0,64,8,NULL]
11-10 07:45:46.046 I/notification_enqueue(  573): [10025,1225,com.google.android.apps.fitness,1,NULL,0,Notification(pri=-1 contentView=null vibrate=null sound=null defaults=0x0 flags=0x0 color=0x00000000 vis=PRIVATE),1]
11-10 07:58:39.093 I/am_resume_activity(  573): [0,856648270,124,com.google.android.wearable.app/com.google.android.clockwork.home.HomeActivity]
11-10 07:58:39.122 I/power_screen_state(  573): [1,0,0,0]
11-10 07:58:39.122 I/screen_toggled(  573): 1
11-10 07:58:39.123 I/power_screen_broadcast_send(  573): 1
11-10 07:58:39.524 I/am_on_resume_called(  735): [0,com.google.android.clockwork.home.HomeActivity]
11-10 07:58:39.640 I/sf_frame_dur(  174): [ColorFade,15,4,2,0,0,0,0]
11-10 07:58:39.769 I/power_screen_broadcast_done(  573): [1,646,1]
11-10 07:58:42.977 I/netstats_mobile_sample(  573): [0,0,0,0,0,0,0,0,0,0,0,0,1447138722576]
11-10 07:58:42.978 I/netstats_wifi_sample(  573): [98383,287,67616,296,96968,253,62951,285,94892,247,62951,285,1447138722576]
11-10 07:58:42.989 I/netstats_mobile_sample(  573): [0,0,0,0,0,0,0,0,0,0,0,0,1447138722588]
11-10 07:58:42.989 I/netstats_wifi_sample(  573): [98383,287,67616,296,96968,253,62951,285,94892,247,62951,285,1447138722588]
11-10 07:58:43.043 I/notification_cancel(  573): [1000,573,android,107,CaptivePortal.Notification,0,0,0,8,NULL]
11-10 07:58:43.342 I/notification_cancel_all(  573): [10010,670,com.android.providers.downloads,0,0,64,9,NULL]
11-10 07:58:44.101 I/power_sleep_requested(  573): 0
11-10 07:58:44.103 I/power_screen_state(  573): [0,3,0,0]
11-10 07:58:44.103 I/screen_toggled(  573): 0
11-10 07:58:44.103 I/power_screen_broadcast_send(  573): 1
11-10 07:58:44.299 I/notification_cancel(  573): [10011,970,com.google.android.gms,2130837917,NULL,0,0,64,8,NULL]
11-10 07:58:44.334 I/notification_cancel(  573): [10011,970,com.google.android.gms,2130837918,NULL,0,0,64,8,NULL]
11-10 07:58:44.339 I/system_update(  970): [1536,0,0,NULL]
11-10 07:58:44.562 I/power_screen_broadcast_done(  573): [0,459,1]
11-10 07:58:44.590 I/c2dm    (  824): [-2,NULL,1,1]
11-10 07:58:44.628 I/c2dm    (  824): [3,NULL,1,1]
11-10 07:58:44.652 I/gtalk_heartbeat_reset(  824): [66436,64.233.161.188:5228]
11-10 07:58:44.660 I/gtalk_connection(  824): 0
11-10 07:58:44.702 I/c2dm    (  824): [7,,1,1]
11-10 07:58:44.726 I/c2dm    (  824): [-8,com.google.android.gms:,2,2]
11-10 07:58:45.352 I/notification_cancel(  573): [10032,1404,com.ustwo.watchfaces.bits,10436,NULL,0,0,64,8,NULL]
11-10 07:58:45.776 I/force_gc(  824): Binder
11-10 07:58:45.951 I/c2dm    (  824): [-8,com.google.android.gms:,2,3]
11-10 07:58:45.966 I/c2dm    (  824): [-8,com.google.android.gms:,2,4]
11-10 07:59:01.542 I/notification_cancel(  573): [10025,1225,com.google.android.apps.fitness,10436,NULL,0,0,64,8,NULL]
11-10 07:59:01.543 I/notification_cancel(  573): [10025,1225,com.google.android.apps.fitness,10436,NULL,0,0,64,8,NULL]
11-10 07:59:01.543 I/notification_cancel(  573): [10025,1225,com.google.android.apps.fitness,10436,NULL,0,0,64,8,NULL]
11-10 07:59:01.544 I/notification_cancel(  573): [10025,1225,com.google.android.apps.fitness,10436,NULL,0,0,64,8,NULL]
11-10 07:59:01.852 I/force_gc(  573): Binder
11-10 07:59:02.191 I/notification_enqueue(  573): [10025,1225,com.google.android.apps.fitness,1,NULL,0,Notification(pri=-1 contentView=null vibrate=null sound=null defaults=0x0 flags=0x0 color=0x00000000 vis=PRIVATE),1]
11-10 08:02:07.312 I/power_screen_state(  573): [1,0,0,0]
11-10 08:02:07.312 I/screen_toggled(  573): 1
11-10 08:02:07.313 I/power_screen_broadcast_send(  573): 1
11-10 08:02:07.592 I/power_screen_broadcast_done(  573): [1,279,1]
11-10 08:02:07.933 I/netstats_mobile_sample(  573): [0,0,0,0,0,0,0,0,0,0,0,0,1447138927532]
11-10 08:02:07.934 I/netstats_wifi_sample(  573): [117320,329,80659,348,115839,292,75238,336,113763,286,75238,336,1447138927532]
11-10 08:02:08.010 I/gtalk_conn_close(  824): [-236,203]
11-10 08:02:09.491 I/notification_cancel(  573): [10011,970,com.google.android.gms,2130837917,NULL,0,0,64,8,NULL]
11-10 08:02:09.492 I/notification_cancel(  573): [10011,970,com.google.android.gms,2130837918,NULL,0,0,64,8,NULL]
11-10 08:02:09.493 I/system_update(  970): [1536,0,0,NULL]
11-10 08:02:18.272 I/power_sleep_requested(  573): 0
11-10 08:02:18.279 I/power_screen_state(  573): [0,3,0,0]
11-10 08:02:18.279 I/screen_toggled(  573): 0
11-10 08:02:18.279 I/power_screen_broadcast_send(  573): 1
11-10 08:02:18.531 I/notification_cancel(  573): [10004,735,com.google.android.wearable.app,0,media_controls,0,0,64,8,NULL]
11-10 08:02:18.884 I/notification_cancel(  573): [10032,1404,com.ustwo.watchfaces.bits,10436,NULL,0,0,64,8,NULL]
11-10 08:02:18.926 I/notification_cancel(  573): [10012,1385,com.lge.lifetracker,105,NULL,0,0,64,8,NULL]
11-10 08:02:18.927 I/notification_cancel(  573): [10012,1385,com.lge.lifetracker,100,NULL,0,0,64,8,NULL]
11-10 08:02:19.316 I/power_screen_broadcast_done(  573): [0,1038,1]
11-10 08:02:25.027 I/free_storage_left(  573): [2761342976,10702848,254398464]
11-10 08:04:00.430 I/battery_level(  573): [90,4155,286]
11-10 08:08:41.135 I/force_gc(  573): Binder
11-10 08:08:41.967 I/netstats_mobile_sample(  573): [0,0,0,0,0,0,0,0,0,0,0,0,1447139321566]
11-10 08:08:41.968 I/netstats_wifi_sample(  573): [117320,329,80659,348,115839,292,75238,336,113763,286,75238,336,1447139321566]
11-10 08:08:42.032 I/netstats_mobile_sample(  573): [0,0,0,0,0,0,0,0,0,0,0,0,1447139321631]
11-10 08:08:42.032 I/netstats_wifi_sample(  573): [117320,329,80659,348,115839,292,75238,336,113763,286,75238,336,1447139321631]
11-10 08:08:42.115 I/notification_cancel(  573): [1000,573,android,108,CaptivePortal.Notification,0,0,0,8,NULL]
11-10 08:08:42.475 I/netstats_mobile_sample(  573): [0,0,0,0,0,0,0,0,0,0,0,0,1447139322074]
11-10 08:08:42.476 I/netstats_wifi_sample(  573): [117320,329,80659,348,115839,292,75238,336,113763,286,75238,336,1447139322074]
11-10 08:08:42.739 I/notification_cancel(  573): [10032,1404,com.ustwo.watchfaces.bits,10436,NULL,0,0,64,8,NULL]
11-10 08:08:43.252 I/notification_cancel(  573): [10004,735,com.google.android.wearable.app,-1835145010,cal_notif,0,0,64,8,NULL]
11-10 08:08:44.065 I/notification_cancel(  573): [10025,1225,com.google.android.apps.fitness,10436,NULL,0,0,64,8,NULL]
11-10 08:08:44.076 I/notification_cancel(  573): [10025,1225,com.google.android.apps.fitness,10436,NULL,0,0,64,8,NULL]
11-10 08:08:44.083 I/notification_cancel(  573): [10025,1225,com.google.android.apps.fitness,10436,NULL,0,0,64,8,NULL]
11-10 08:08:44.085 I/notification_cancel(  573): [10025,1225,com.google.android.apps.fitness,10436,NULL,0,0,64,8,NULL]
11-10 08:08:44.086 I/notification_cancel(  573): [10025,1225,com.google.android.apps.fitness,10436,NULL,0,0,64,8,NULL]
11-10 08:08:44.091 I/notification_cancel(  573): [10025,1225,com.google.android.apps.fitness,10436,NULL,0,0,64,8,NULL]
11-10 08:08:44.093 I/notification_cancel(  573): [10025,1225,com.google.android.apps.fitness,10436,NULL,0,0,64,8,NULL]
11-10 08:08:44.111 I/notification_cancel(  573): [10025,1225,com.google.android.apps.fitness,10436,NULL,0,0,64,8,NULL]
11-10 08:08:44.242 I/netstats_mobile_sample(  573): [0,0,0,0,0,0,0,0,0,0,0,0,1447139323841]
11-10 08:08:44.242 I/netstats_wifi_sample(  573): [117320,329,80659,348,115839,292,75238,336,113763,286,75238,336,1447139323841]
11-10 08:08:44.255 I/netstats_mobile_sample(  573): [0,0,0,0,0,0,0,0,0,0,0,0,1447139323854]
11-10 08:08:44.255 I/netstats_wifi_sample(  573): [117320,329,80659,348,115839,292,75238,336,113763,286,75238,336,1447139323854]
11-10 08:08:44.279 I/notification_cancel(  573): [1000,573,android,109,CaptivePortal.Notification,0,0,0,8,NULL]
11-10 08:08:44.400 I/notification_cancel_all(  573): [10010,670,com.android.providers.downloads,0,0,64,9,NULL]
11-10 08:08:45.149 I/notification_enqueue(  573): [10004,735,com.google.android.wearable.app,962406116,now,0,Notification(pri=-2 contentView=null vibrate=null sound=null defaults=0x0 flags=0x100 color=0x00000000 sortKey=0000000003 vis=PRIVATE),1]
11-10 08:08:46.043 I/notification_cancel(  573): [10025,1225,com.google.android.apps.fitness,10436,NULL,0,0,64,8,NULL]
11-10 08:08:46.044 I/notification_cancel(  573): [10025,1225,com.google.android.apps.fitness,10436,NULL,0,0,64,8,NULL]
11-10 08:08:46.045 I/notification_cancel(  573): [10025,1225,com.google.android.apps.fitness,10436,NULL,0,0,64,8,NULL]
11-10 08:08:46.050 I/notification_cancel(  573): [10025,1225,com.google.android.apps.fitness,10436,NULL,0,0,64,8,NULL]
11-10 08:08:46.051 I/notification_cancel(  573): [10025,1225,com.google.android.apps.fitness,10436,NULL,0,0,64,8,NULL]
11-10 08:08:46.052 I/notification_cancel(  573): [10025,1225,com.google.android.apps.fitness,10436,NULL,0,0,64,8,NULL]
11-10 08:08:46.061 I/notification_cancel(  573): [10025,1225,com.google.android.apps.fitness,10436,NULL,0,0,64,8,NULL]
11-10 08:08:46.064 I/notification_cancel(  573): [10025,1225,com.google.android.apps.fitness,10436,NULL,0,0,64,8,NULL]
11-10 08:09:21.467 I/power_screen_state(  573): [1,0,0,0]
11-10 08:09:21.467 I/screen_toggled(  573): 1
11-10 08:09:21.468 I/power_screen_broadcast_send(  573): 1
11-10 08:09:21.554 I/power_screen_broadcast_done(  573): [1,86,1]
11-10 08:09:26.462 I/power_sleep_requested(  573): 0
11-10 08:09:26.463 I/power_screen_state(  573): [0,3,0,0]
11-10 08:09:26.463 I/screen_toggled(  573): 0
11-10 08:09:26.463 I/power_screen_broadcast_send(  573): 1
11-10 08:09:26.617 I/power_screen_broadcast_done(  573): [0,154,1]
11-10 08:17:31.443 I/notification_cancel(  573): [10004,735,com.google.android.wearable.app,962406116,now,0,0,64,8,NULL]
11-10 08:17:31.443 I/notification_canceled(  573): [0|com.google.android.wearable.app|962406116|now|10004,8]
11-10 08:19:59.443 I/power_screen_state(  573): [1,0,0,0]
11-10 08:19:59.443 I/screen_toggled(  573): 1
11-10 08:19:59.452 I/power_screen_broadcast_send(  573): 1
11-10 08:19:59.532 I/power_screen_broadcast_done(  573): [1,80,1]
11-10 08:20:01.696 I/notification_enqueue(  573): [10004,735,com.google.android.wearable.app,962406116,now,0,Notification(pri=-2 contentView=null vibrate=null sound=null defaults=0x0 flags=0x100 color=0x00000000 sortKey=0000000003 vis=PRIVATE),0]
11-10 08:20:04.435 I/power_sleep_requested(  573): 0
11-10 08:20:04.436 I/power_screen_state(  573): [0,3,0,0]
11-10 08:20:04.436 I/screen_toggled(  573): 0
11-10 08:20:04.436 I/power_screen_broadcast_send(  573): 1
11-10 08:20:04.676 I/power_screen_broadcast_done(  573): [0,240,1]
11-10 08:23:01.431 I/netstats_mobile_sample(  573): [0,0,0,0,0,0,0,0,0,0,0,0,1447140181030]
11-10 08:23:01.432 I/netstats_wifi_sample(  573): [117320,329,80659,348,115839,292,75238,336,113763,286,75238,336,1447140181030]
11-10 08:23:01.896 I/notification_cancel(  573): [10025,1225,com.google.android.apps.fitness,10436,NULL,0,0,64,8,NULL]
11-10 08:23:01.897 I/notification_cancel(  573): [10025,1225,com.google.android.apps.fitness,10436,NULL,0,0,64,8,NULL]
11-10 08:23:01.898 I/notification_cancel(  573): [10025,1225,com.google.android.apps.fitness,10436,NULL,0,0,64,8,NULL]
11-10 08:23:01.899 I/notification_cancel(  573): [10025,1225,com.google.android.apps.fitness,10436,NULL,0,0,64,8,NULL]
11-10 08:23:01.923 I/aggregation(  970): 1447140181923
11-10 08:23:02.385 I/notification_enqueue(  573): [10025,1225,com.google.android.apps.fitness,1,NULL,0,Notification(pri=-1 contentView=null vibrate=null sound=null defaults=0x0 flags=0x0 color=0x00000000 vis=PRIVATE),1]
11-10 08:23:05.302 I/notification_cancel(  573): [10025,1225,com.google.android.apps.fitness,10436,NULL,0,0,64,8,NULL]
11-10 08:23:05.303 I/notification_cancel(  573): [10025,1225,com.google.android.apps.fitness,10436,NULL,0,0,64,8,NULL]
11-10 08:23:05.304 I/notification_cancel(  573): [10025,1225,com.google.android.apps.fitness,10436,NULL,0,0,64,8,NULL]
11-10 08:23:05.309 I/notification_cancel(  573): [10025,1225,com.google.android.apps.fitness,10436,NULL,0,0,64,8,NULL]
11-10 08:23:05.310 I/notification_cancel(  573): [10025,1225,com.google.android.apps.fitness,10436,NULL,0,0,64,8,NULL]
11-10 08:23:05.311 I/notification_cancel(  573): [10025,1225,com.google.android.apps.fitness,10436,NULL,0,0,64,8,NULL]
11-10 08:23:05.312 I/notification_cancel(  573): [10025,1225,com.google.android.apps.fitness,10436,NULL,0,0,64,8,NULL]
11-10 08:23:05.322 I/notification_cancel(  573): [10025,1225,com.google.android.apps.fitness,10436,NULL,0,0,64,8,NULL]
11-10 08:24:22.816 I/power_screen_state(  573): [1,0,0,0]
11-10 08:24:22.816 I/screen_toggled(  573): 1
11-10 08:24:22.817 I/power_screen_broadcast_send(  573): 1
11-10 08:24:23.079 I/power_screen_broadcast_done(  573): [1,263,1]
11-10 08:24:34.087 I/am_home_stack_moved(  573): [0,1,0,0,intentActivityFound]
11-10 08:24:34.087 I/wm_task_moved(  573): [124,1,0]
11-10 08:24:34.090 I/am_new_intent(  573): [0,235210379,124,com.google.android.wearable.app/com.google.android.clockwork.home.HomeActivity,android.intent.action.MAIN,NULL,NULL,270532608]
11-10 08:24:34.171 I/power_sleep_requested(  573): 0
11-10 08:24:34.175 I/power_screen_state(  573): [0,2,0,0]
11-10 08:24:34.175 I/screen_toggled(  573): 0
11-10 08:24:34.176 I/power_screen_broadcast_send(  573): 1
11-10 08:24:34.430 I/power_screen_broadcast_done(  573): [0,254,1]
11-10 08:34:01.436 I/battery_level(  573): [89,4150,254]
11-10 08:35:01.886 I/notification_cancel(  573): [10025,1225,com.google.android.apps.fitness,10436,NULL,0,0,64,8,NULL]
11-10 08:35:01.887 I/notification_cancel(  573): [10025,1225,com.google.android.apps.fitness,10436,NULL,0,0,64,8,NULL]
11-10 08:35:01.887 I/notification_cancel(  573): [10025,1225,com.google.android.apps.fitness,10436,NULL,0,0,64,8,NULL]
11-10 08:35:01.888 I/notification_cancel(  573): [10025,1225,com.google.android.apps.fitness,10436,NULL,0,0,64,8,NULL]
11-10 08:35:02.316 I/notification_enqueue(  573): [10025,1225,com.google.android.apps.fitness,1,NULL,0,Notification(pri=-1 contentView=null vibrate=null sound=null defaults=0x0 flags=0x0 color=0x00000000 vis=PRIVATE),1]
11-10 08:35:03.073 I/notification_enqueue(  573): [10004,735,com.google.android.wearable.app,0,bridged_notification,0,Notification(pri=0 contentView=null vibrate=null sound=null defaults=0x4 flags=0x101 color=0x00000000 vis=PRIVATE),0]
11-10 08:35:04.519 I/force_gc(  824): Binder
11-10 08:35:05.625 I/notification_cancel(  573): [10025,1225,com.google.android.apps.fitness,10436,NULL,0,0,64,8,NULL]
11-10 08:35:05.626 I/notification_cancel(  573): [10025,1225,com.google.android.apps.fitness,10436,NULL,0,0,64,8,NULL]
11-10 08:35:05.627 I/notification_cancel(  573): [10025,1225,com.google.android.apps.fitness,10436,NULL,0,0,64,8,NULL]
11-10 08:35:05.634 I/notification_cancel(  573): [10025,1225,com.google.android.apps.fitness,10436,NULL,0,0,64,8,NULL]
11-10 08:35:05.635 I/notification_cancel(  573): [10025,1225,com.google.android.apps.fitness,10436,NULL,0,0,64,8,NULL]
11-10 08:35:05.635 I/notification_cancel(  573): [10025,1225,com.google.android.apps.fitness,10436,NULL,0,0,64,8,NULL]
11-10 08:35:05.636 I/notification_cancel(  573): [10025,1225,com.google.android.apps.fitness,10436,NULL,0,0,64,8,NULL]
11-10 08:35:05.638 I/notification_cancel(  573): [10025,1225,com.google.android.apps.fitness,10436,NULL,0,0,64,8,NULL]
11-10 08:38:01.409 I/force_gc(  573): Binder
11-10 08:42:50.593 I/power_screen_state(  573): [1,0,0,0]
11-10 08:42:50.593 I/screen_toggled(  573): 1
11-10 08:42:50.593 I/power_screen_broadcast_send(  573): 1
11-10 08:42:50.678 I/power_screen_broadcast_done(  573): [1,85,1]
11-10 08:42:55.339 I/power_sleep_requested(  573): 0
11-10 08:42:55.340 I/power_screen_state(  573): [0,2,0,0]
11-10 08:42:55.340 I/screen_toggled(  573): 0
11-10 08:42:55.340 I/power_screen_broadcast_send(  573): 1
11-10 08:42:55.527 I/power_screen_broadcast_done(  573): [0,187,1]
11-10 08:45:00.901 I/power_screen_state(  573): [1,0,0,0]
11-10 08:45:00.901 I/screen_toggled(  573): 1
11-10 08:45:00.904 I/power_screen_broadcast_send(  573): 1
11-10 08:45:01.324 I/power_screen_broadcast_done(  573): [1,420,1]
11-10 08:45:05.917 I/power_sleep_requested(  573): 0
11-10 08:45:05.919 I/power_screen_state(  573): [0,3,0,0]
11-10 08:45:05.919 I/screen_toggled(  573): 0
11-10 08:45:05.919 I/power_screen_broadcast_send(  573): 1
11-10 08:45:06.098 I/power_screen_broadcast_done(  573): [0,179,1]
11-10 08:47:02.761 I/notification_cancel(  573): [10025,1225,com.google.android.apps.fitness,10436,NULL,0,0,64,8,NULL]
11-10 08:47:02.762 I/notification_cancel(  573): [10025,1225,com.google.android.apps.fitness,10436,NULL,0,0,64,8,NULL]
11-10 08:47:02.763 I/notification_cancel(  573): [10025,1225,com.google.android.apps.fitness,10436,NULL,0,0,64,8,NULL]
11-10 08:47:02.763 I/notification_cancel(  573): [10025,1225,com.google.android.apps.fitness,10436,NULL,0,0,64,8,NULL]
11-10 08:47:03.100 I/notification_enqueue(  573): [10025,1225,com.google.android.apps.fitness,1,NULL,0,Notification(pri=-1 contentView=null vibrate=null sound=null defaults=0x0 flags=0x0 color=0x00000000 vis=PRIVATE),1]
11-10 08:47:03.143 I/netstats_mobile_sample(  573): [0,0,0,0,0,0,0,0,0,0,0,0,1447141622741]
11-10 08:47:03.143 I/netstats_wifi_sample(  573): [117320,329,80659,348,115839,292,75238,336,113763,286,75238,336,1447141622741]
11-10 08:47:10.938 I/notification_cancel(  573): [10025,1225,com.google.android.apps.fitness,10436,NULL,0,0,64,8,NULL]
11-10 08:47:10.939 I/notification_cancel(  573): [10025,1225,com.google.android.apps.fitness,10436,NULL,0,0,64,8,NULL]
11-10 08:47:10.940 I/notification_cancel(  573): [10025,1225,com.google.android.apps.fitness,10436,NULL,0,0,64,8,NULL]
11-10 08:47:10.941 I/notification_cancel(  573): [10025,1225,com.google.android.apps.fitness,10436,NULL,0,0,64,8,NULL]
11-10 08:47:10.942 I/notification_cancel(  573): [10025,1225,com.google.android.apps.fitness,10436,NULL,0,0,64,8,NULL]
11-10 08:47:10.946 I/notification_cancel(  573): [10025,1225,com.google.android.apps.fitness,10436,NULL,0,0,64,8,NULL]
11-10 08:47:10.961 I/notification_cancel(  573): [10025,1225,com.google.android.apps.fitness,10436,NULL,0,0,64,8,NULL]
11-10 08:47:10.964 I/notification_cancel(  573): [10025,1225,com.google.android.apps.fitness,10436,NULL,0,0,64,8,NULL]
11-10 08:53:32.522 I/notification_cancel(  573): [10004,735,com.google.android.wearable.app,962406116,now,0,0,64,8,NULL]
11-10 08:53:32.523 I/notification_canceled(  573): [0|com.google.android.wearable.app|962406116|now|10004,8]
11-10 08:53:59.015 I/power_screen_state(  573): [1,0,0,0]
11-10 08:53:59.015 I/screen_toggled(  573): 1
11-10 08:53:59.016 I/power_screen_broadcast_send(  573): 1
11-10 08:53:59.303 I/power_screen_broadcast_done(  573): [1,287,1]
11-10 08:54:24.591 I/am_home_stack_moved(  573): [0,0,1,1,startingNewTask]
11-10 08:54:24.592 I/am_create_task(  573): [0,127]
11-10 08:54:24.592 I/am_create_activity(  573): [0,14414966,127,com.google.android.apps.fitness/com.google.android.wearable.fitness.summary.SummaryActivity,NULL,NULL,?page_type_extra=0,268435456]
11-10 08:54:24.593 I/wm_task_created(  573): [127,1]
11-10 08:54:24.593 I/wm_task_moved(  573): [127,1,0]
11-10 08:54:24.593 I/am_pause_activity(  573): [0,856648270,com.google.android.wearable.app/com.google.android.clockwork.home.HomeActivity]
11-10 08:54:24.595 I/am_home_stack_moved(  573): [0,0,1,1,startedActivity setFocusedActivity]
11-10 08:54:24.597 I/am_focused_activity(  573): [0,com.google.android.apps.fitness/com.google.android.wearable.fitness.summary.SummaryActivity]
11-10 08:54:24.610 I/am_on_paused_called(  735): [0,com.google.android.clockwork.home.HomeActivity]
11-10 08:54:24.639 I/am_restart_activity(  573): [0,14414966,127,com.google.android.apps.fitness/com.google.android.wearable.fitness.summary.SummaryActivity]
11-10 08:54:25.069 I/force_gc(  573): Binder
11-10 08:54:25.211 I/am_on_resume_called( 1225): [0,com.google.android.wearable.fitness.summary.SummaryActivity]
11-10 08:54:25.678 I/am_activity_launch_time(  573): [0,14414966,com.google.android.apps.fitness/com.google.android.wearable.fitness.summary.SummaryActivity,1060,1060]
11-10 08:54:25.715 I/notification_cancel(  573): [10025,1225,com.google.android.apps.fitness,10436,NULL,0,0,64,8,NULL]
11-10 08:54:25.716 I/notification_cancel(  573): [10025,1225,com.google.android.apps.fitness,10436,NULL,0,0,64,8,NULL]
11-10 08:54:25.717 I/notification_cancel(  573): [10025,1225,com.google.android.apps.fitness,10436,NULL,0,0,64,8,NULL]
11-10 08:54:25.727 I/notification_cancel(  573): [10025,1225,com.google.android.apps.fitness,10436,NULL,0,0,64,8,NULL]
11-10 08:54:30.275 I/notification_cancel(  573): [10025,1225,com.google.android.apps.fitness,10436,NULL,0,0,64,8,NULL]
11-10 08:54:30.276 I/notification_cancel(  573): [10025,1225,com.google.android.apps.fitness,10436,NULL,0,0,64,8,NULL]
11-10 08:54:30.277 I/notification_cancel(  573): [10025,1225,com.google.android.apps.fitness,10436,NULL,0,0,64,8,NULL]
11-10 08:54:30.278 I/notification_cancel(  573): [10025,1225,com.google.android.apps.fitness,10436,NULL,0,0,64,8,NULL]
11-10 08:54:35.282 I/notification_cancel(  573): [10025,1225,com.google.android.apps.fitness,10436,NULL,0,0,64,8,NULL]
11-10 08:54:35.283 I/notification_cancel(  573): [10025,1225,com.google.android.apps.fitness,10436,NULL,0,0,64,8,NULL]
11-10 08:54:35.284 I/notification_cancel(  573): [10025,1225,com.google.android.apps.fitness,10436,NULL,0,0,64,8,NULL]
11-10 08:54:35.285 I/notification_cancel(  573): [10025,1225,com.google.android.apps.fitness,10436,NULL,0,0,64,8,NULL]
11-10 08:54:40.314 I/notification_cancel(  573): [10025,1225,com.google.android.apps.fitness,10436,NULL,0,0,64,8,NULL]
11-10 08:54:40.315 I/notification_cancel(  573): [10025,1225,com.google.android.apps.fitness,10436,NULL,0,0,64,8,NULL]
11-10 08:54:40.316 I/notification_cancel(  573): [10025,1225,com.google.android.apps.fitness,10436,NULL,0,0,64,8,NULL]
11-10 08:54:40.318 I/notification_cancel(  573): [10025,1225,com.google.android.apps.fitness,10436,NULL,0,0,64,8,NULL]
11-10 08:54:45.075 I/notification_cancel(  573): [10025,1225,com.google.android.apps.fitness,10436,NULL,0,0,64,8,NULL]
11-10 08:54:45.076 I/notification_cancel(  573): [10025,1225,com.google.android.apps.fitness,10436,NULL,0,0,64,8,NULL]
11-10 08:54:45.077 I/notification_cancel(  573): [10025,1225,com.google.android.apps.fitness,10436,NULL,0,0,64,8,NULL]
11-10 08:54:45.078 I/notification_cancel(  573): [10025,1225,com.google.android.apps.fitness,10436,NULL,0,0,64,8,NULL]
11-10 08:54:45.362 I/notification_cancel(  573): [10025,1225,com.google.android.apps.fitness,10436,NULL,0,0,64,8,NULL]
11-10 08:54:45.363 I/notification_cancel(  573): [10025,1225,com.google.android.apps.fitness,10436,NULL,0,0,64,8,NULL]
11-10 08:54:45.366 I/notification_cancel(  573): [10025,1225,com.google.android.apps.fitness,10436,NULL,0,0,64,8,NULL]
11-10 08:54:45.424 I/notification_cancel(  573): [10025,1225,com.google.android.apps.fitness,10436,NULL,0,0,64,8,NULL]
11-10 08:54:50.309 I/notification_cancel(  573): [10025,1225,com.google.android.apps.fitness,10436,NULL,0,0,64,8,NULL]
11-10 08:54:50.316 I/notification_cancel(  573): [10025,1225,com.google.android.apps.fitness,10436,NULL,0,0,64,8,NULL]
11-10 08:54:50.317 I/notification_cancel(  573): [10025,1225,com.google.android.apps.fitness,10436,NULL,0,0,64,8,NULL]
11-10 08:54:50.319 I/notification_cancel(  573): [10025,1225,com.google.android.apps.fitness,10436,NULL,0,0,64,8,NULL]
11-10 08:54:50.525 I/am_finish_activity(  573): [0,14414966,127,com.google.android.apps.fitness/com.google.android.wearable.fitness.summary.SummaryActivity,app-request]
11-10 08:54:50.526 I/am_home_stack_moved(  573): [0,1,0,0,finishActivity adjustFocus]
11-10 08:54:50.526 I/wm_task_moved(  573): [124,1,0]
11-10 08:54:50.547 I/am_home_stack_moved(  573): [0,1,0,0,finishActivity adjustTopFocus setFocusedActivity]
11-10 08:54:50.548 I/am_focused_activity(  573): [0,com.google.android.wearable.app/com.google.android.clockwork.home.HomeActivity]
11-10 08:54:50.549 I/am_pause_activity(  573): [0,14414966,com.google.android.apps.fitness/com.google.android.wearable.fitness.summary.SummaryActivity]
11-10 08:54:50.561 I/am_on_paused_called( 1225): [0,com.google.android.wearable.fitness.summary.SummaryActivity]
11-10 08:54:50.564 I/am_resume_activity(  573): [0,856648270,124,com.google.android.wearable.app/com.google.android.clockwork.home.HomeActivity]
11-10 08:54:50.648 I/am_on_resume_called(  735): [0,com.google.android.clockwork.home.HomeActivity]
11-10 08:54:50.650 I/am_destroy_activity(  573): [0,14414966,127,com.google.android.apps.fitness/com.google.android.wearable.fitness.summary.SummaryActivity,finish-imm]
11-10 08:54:50.729 I/am_home_stack_moved(  573): [0,1,0,0,activityDestroyed leftTaskHistoryEmpty]
11-10 08:54:51.042 I/wm_task_removed(  573): [127,removeAppToken: last token]
11-10 08:54:51.042 I/wm_task_removed(  573): [127,removeTask]
11-10 08:54:57.632 I/battery_level(  573): [88,4114,277]
11-10 08:55:03.665 I/power_sleep_requested(  573): 0
11-10 08:55:03.666 I/power_screen_state(  573): [0,3,0,0]
11-10 08:55:03.666 I/screen_toggled(  573): 0
11-10 08:55:03.666 I/power_screen_broadcast_send(  573): 1
11-10 08:55:03.854 I/power_screen_broadcast_done(  573): [0,188,1]
11-10 08:55:22.516 I/power_screen_state(  573): [1,0,0,0]
11-10 08:55:22.516 I/screen_toggled(  573): 1
11-10 08:55:22.516 I/power_screen_broadcast_send(  573): 1
11-10 08:55:22.594 I/power_screen_broadcast_done(  573): [1,78,1]
11-10 08:55:29.079 I/am_proc_start(  573): [0,25732,10034,com.opera.watchface,service,com.opera.watchface/.OperaWatchFace]
11-10 08:55:29.334 I/am_proc_bound(  573): [0,25732,com.opera.watchface]
11-10 08:55:30.220 I/notification_enqueue(  573): [10004,735,com.google.android.wearable.app,962406116,now,0,Notification(pri=-2 contentView=null vibrate=null sound=null defaults=0x0 flags=0x100 color=0x00000000 sortKey=0000000003 vis=PRIVATE),0]
11-10 08:55:30.588 I/sf_frame_dur(  174): [com.lge.wearable.clock.app.SilverWatchface2,46,66,122,2304,178,17,160]
11-10 08:55:49.593 I/power_sleep_requested(  573): 0
11-10 08:55:49.602 I/power_screen_state(  573): [0,3,0,0]
11-10 08:55:49.602 I/screen_toggled(  573): 0
11-10 08:55:49.602 I/power_screen_broadcast_send(  573): 1
11-10 08:55:49.816 I/power_screen_broadcast_done(  573): [0,214,1]
11-10 08:56:04.582 I/power_screen_state(  573): [1,0,0,0]
11-10 08:56:04.582 I/screen_toggled(  573): 1
11-10 08:56:04.591 I/power_screen_broadcast_send(  573): 1
11-10 08:56:04.681 I/power_screen_broadcast_done(  573): [1,90,1]
11-10 08:56:11.432 I/sf_frame_dur(  174): [com.opera.watchface.OperaWatchFace,0,0,3,2,2,18,3]
11-10 08:56:21.905 I/power_sleep_requested(  573): 0
11-10 08:56:21.906 I/power_screen_state(  573): [0,3,0,0]
11-10 08:56:21.906 I/screen_toggled(  573): 0
11-10 08:56:21.906 I/power_screen_broadcast_send(  573): 1
11-10 08:56:22.162 I/power_screen_broadcast_done(  573): [0,255,1]
11-10 08:56:54.754 I/power_screen_state(  573): [1,0,0,0]
11-10 08:56:54.754 I/screen_toggled(  573): 1
11-10 08:56:54.755 I/power_screen_broadcast_send(  573): 1
11-10 08:56:54.867 I/force_gc(  865): Binder
11-10 08:56:54.978 I/power_screen_broadcast_done(  573): [1,223,1]
11-10 08:57:03.416 I/force_gc(  573): Binder
11-10 08:57:04.877 I/notification_cancel(  573): [10025,1225,com.google.android.apps.fitness,10436,NULL,0,0,64,8,NULL]
11-10 08:57:04.878 I/notification_cancel(  573): [10025,1225,com.google.android.apps.fitness,10436,NULL,0,0,64,8,NULL]
11-10 08:57:04.879 I/notification_cancel(  573): [10025,1225,com.google.android.apps.fitness,10436,NULL,0,0,64,8,NULL]
11-10 08:57:04.880 I/notification_cancel(  573): [10025,1225,com.google.android.apps.fitness,10436,NULL,0,0,64,8,NULL]
11-10 08:57:04.888 I/notification_cancel(  573): [10025,1225,com.google.android.apps.fitness,10436,NULL,0,0,64,8,NULL]
11-10 08:57:04.891 I/notification_cancel(  573): [10025,1225,com.google.android.apps.fitness,10436,NULL,0,0,64,8,NULL]
11-10 08:57:04.892 I/notification_cancel(  573): [10025,1225,com.google.android.apps.fitness,10436,NULL,0,0,64,8,NULL]
11-10 08:57:04.902 I/notification_cancel(  573): [10025,1225,com.google.android.apps.fitness,10436,NULL,0,0,64,8,NULL]
11-10 08:57:09.711 I/power_sleep_requested(  573): 0
11-10 08:57:09.712 I/power_screen_state(  573): [0,3,0,0]
11-10 08:57:09.712 I/screen_toggled(  573): 0
11-10 08:57:09.714 I/power_screen_broadcast_send(  573): 1
11-10 08:57:09.968 I/power_screen_broadcast_done(  573): [0,254,1]
11-10 08:57:12.520 I/notification_cancel(  573): [10004,735,com.google.android.wearable.app,0,bridged_notification,0,0,64,8,NULL]
11-10 08:57:12.521 I/notification_canceled(  573): [0|com.google.android.wearable.app|0|bridged_notification|10004,8]
11-10 08:58:46.422 I/aggregation(  970): 1447142326422
11-10 08:58:46.859 I/notification_cancel(  573): [10025,1225,com.google.android.apps.fitness,10436,NULL,0,0,64,8,NULL]
11-10 08:58:46.860 I/notification_cancel(  573): [10025,1225,com.google.android.apps.fitness,10436,NULL,0,0,64,8,NULL]
11-10 08:58:46.860 I/notification_cancel(  573): [10025,1225,com.google.android.apps.fitness,10436,NULL,0,0,64,8,NULL]
11-10 08:58:46.862 I/notification_cancel(  573): [10025,1225,com.google.android.apps.fitness,10436,NULL,0,0,64,8,NULL]
11-10 08:58:47.207 I/notification_enqueue(  573): [10025,1225,com.google.android.apps.fitness,1,NULL,0,Notification(pri=-1 contentView=null vibrate=null sound=null defaults=0x0 flags=0x0 color=0x00000000 vis=PRIVATE),1]
11-10 08:59:03.891 I/power_screen_state(  573): [1,0,0,0]
11-10 08:59:03.891 I/screen_toggled(  573): 1
11-10 08:59:03.891 I/power_screen_broadcast_send(  573): 1
11-10 08:59:04.161 I/power_screen_broadcast_done(  573): [1,270,1]
11-10 08:59:04.762 I/force_gc(  573): Binder
11-10 08:59:06.234 I/notification_cancel(  573): [10025,1225,com.google.android.apps.fitness,10436,NULL,0,0,64,8,NULL]
11-10 08:59:06.239 I/notification_cancel(  573): [10025,1225,com.google.android.apps.fitness,10436,NULL,0,0,64,8,NULL]
11-10 08:59:06.240 I/notification_cancel(  573): [10025,1225,com.google.android.apps.fitness,10436,NULL,0,0,64,8,NULL]
11-10 08:59:06.241 I/notification_cancel(  573): [10025,1225,com.google.android.apps.fitness,10436,NULL,0,0,64,8,NULL]
11-10 08:59:06.242 I/notification_cancel(  573): [10025,1225,com.google.android.apps.fitness,10436,NULL,0,0,64,8,NULL]
11-10 08:59:06.245 I/notification_cancel(  573): [10025,1225,com.google.android.apps.fitness,10436,NULL,0,0,64,8,NULL]
11-10 08:59:06.248 I/notification_cancel(  573): [10025,1225,com.google.android.apps.fitness,10436,NULL,0,0,64,8,NULL]
11-10 08:59:06.253 I/notification_cancel(  573): [10025,1225,com.google.android.apps.fitness,10436,NULL,0,0,64,8,NULL]
11-10 08:59:06.350 I/am_home_stack_moved(  573): [0,0,1,1,startingNewTask]
11-10 08:59:06.350 I/am_create_task(  573): [0,128]
11-10 08:59:06.350 I/am_create_activity(  573): [0,20428053,128,com.google.android.apps.wearable.settings/com.google.android.clockwork.settings.SettingsActivity,android.intent.action.MAIN,NULL,NULL,270532608]
11-10 08:59:06.353 I/wm_task_created(  573): [128,1]
11-10 08:59:06.353 I/wm_task_moved(  573): [128,1,0]
11-10 08:59:06.353 I/am_pause_activity(  573): [0,856648270,com.google.android.wearable.app/com.google.android.clockwork.home.HomeActivity]
11-10 08:59:06.355 I/am_home_stack_moved(  573): [0,0,1,1,startedActivity setFocusedActivity]
11-10 08:59:06.356 I/am_focused_activity(  573): [0,com.google.android.apps.wearable.settings/com.google.android.clockwork.settings.SettingsActivity]
11-10 08:59:06.369 I/am_on_paused_called(  735): [0,com.google.android.clockwork.home.HomeActivity]
11-10 08:59:06.372 I/am_restart_activity(  573): [0,20428053,128,com.google.android.apps.wearable.settings/com.google.android.clockwork.settings.SettingsActivity]
11-10 08:59:07.332 I/am_on_resume_called(  865): [0,com.google.android.clockwork.settings.SettingsActivity]
11-10 08:59:08.455 I/am_activity_launch_time(  573): [0,20428053,com.google.android.apps.wearable.settings/com.google.android.clockwork.settings.SettingsActivity,2085,2085]
11-10 08:59:08.462 I/am_home_stack_moved(  573): [0,0,1,1,sourceStackToFront]
11-10 08:59:08.462 I/wm_task_moved(  573): [128,1,0]
11-10 08:59:08.467 I/am_create_activity(  573): [0,584585980,128,com.google.android.apps.wearable.settings/com.google.android.clockwork.settings.AdjustBrightnessDialog,NULL,NULL,NULL,0]
11-10 08:59:08.468 I/am_pause_activity(  573): [0,20428053,com.google.android.apps.wearable.settings/com.google.android.clockwork.settings.SettingsActivity]
11-10 08:59:08.470 I/am_home_stack_moved(  573): [0,0,1,1,startedActivity setFocusedActivity]
11-10 08:59:08.471 I/am_focused_activity(  573): [0,com.google.android.apps.wearable.settings/com.google.android.clockwork.settings.AdjustBrightnessDialog]
11-10 08:59:08.485 I/am_on_paused_called(  865): [0,com.google.android.clockwork.settings.SettingsActivity]
11-10 08:59:08.487 I/am_restart_activity(  573): [0,584585980,128,com.google.android.apps.wearable.settings/com.google.android.clockwork.settings.AdjustBrightnessDialog]
11-10 08:59:08.521 I/am_on_resume_called(  865): [0,com.google.android.clockwork.settings.AdjustBrightnessDialog]
11-10 08:59:08.659 I/am_activity_launch_time(  573): [0,584585980,com.google.android.apps.wearable.settings/com.google.android.clockwork.settings.AdjustBrightnessDialog,173,173]
11-10 08:59:12.294 I/am_finish_activity(  573): [0,584585980,128,com.google.android.apps.wearable.settings/com.google.android.clockwork.settings.AdjustBrightnessDialog,app-request]
11-10 08:59:12.295 I/am_home_stack_moved(  573): [0,0,1,1,finishActivity adjustTopFocus setFocusedActivity]
11-10 08:59:12.295 I/am_focused_activity(  573): [0,com.google.android.apps.wearable.settings/com.google.android.clockwork.settings.SettingsActivity]
11-10 08:59:12.296 I/am_pause_activity(  573): [0,584585980,com.google.android.apps.wearable.settings/com.google.android.clockwork.settings.AdjustBrightnessDialog]
11-10 08:59:12.299 I/am_on_paused_called(  865): [0,com.google.android.clockwork.settings.AdjustBrightnessDialog]
11-10 08:59:12.301 I/am_resume_activity(  573): [0,20428053,128,com.google.android.apps.wearable.settings/com.google.android.clockwork.settings.SettingsActivity]
11-10 08:59:12.326 I/am_on_resume_called(  865): [0,com.google.android.clockwork.settings.SettingsActivity]
11-10 08:59:12.364 I/am_destroy_activity(  573): [0,584585980,128,com.google.android.apps.wearable.settings/com.google.android.clockwork.settings.AdjustBrightnessDialog,finish-imm]
11-10 08:59:15.773 I/am_home_stack_moved(  573): [0,0,1,1,sourceStackToFront]
11-10 08:59:15.773 I/wm_task_moved(  573): [128,1,0]
11-10 08:59:15.775 I/am_create_activity(  573): [0,400135550,128,com.google.android.apps.wearable.settings/com.google.android.clockwork.settings.DeveloperOptionsActivity,NULL,NULL,NULL,0]
11-10 08:59:15.776 I/am_pause_activity(  573): [0,20428053,com.google.android.apps.wearable.settings/com.google.android.clockwork.settings.SettingsActivity]
11-10 08:59:15.778 I/am_home_stack_moved(  573): [0,0,1,1,startedActivity setFocusedActivity]
11-10 08:59:15.779 I/am_focused_activity(  573): [0,com.google.android.apps.wearable.settings/com.google.android.clockwork.settings.DeveloperOptionsActivity]
11-10 08:59:15.785 I/am_on_paused_called(  865): [0,com.google.android.clockwork.settings.SettingsActivity]
11-10 08:59:15.787 I/am_restart_activity(  573): [0,400135550,128,com.google.android.apps.wearable.settings/com.google.android.clockwork.settings.DeveloperOptionsActivity]
11-10 08:59:15.859 I/am_on_resume_called(  865): [0,com.google.android.clockwork.settings.DeveloperOptionsActivity]
11-10 08:59:16.024 I/am_activity_launch_time(  573): [0,400135550,com.google.android.apps.wearable.settings/com.google.android.clockwork.settings.DeveloperOptionsActivity,238,238]
11-10 08:59:18.432 I/notification_enqueue(  573): [1000,865,com.google.android.apps.wearable.settings,11003,NULL,0,Notification(pri=-2 contentView=com.google.android.apps.wearable.settings/0x1090077 vibrate=null sound=null defaults=0x0 flags=0x40 color=0x00000000 vis=PRIVATE),0]
11-10 08:59:18.486 I/notification_enqueue(  573): [1000,865,com.google.android.apps.wearable.settings,11003,NULL,0,Notification(pri=-2 contentView=null vibrate=null sound=null defaults=0x0 flags=0x0 color=0x00000000 vis=PRIVATE),1]
11-10 08:59:18.886 I/notification_enqueue(  573): [1000,865,com.google.android.apps.wearable.settings,11003,NULL,0,Notification(pri=-2 contentView=null vibrate=null sound=null defaults=0x0 flags=0x0 color=0x00000000 vis=PRIVATE),1]
11-10 08:59:19.183 I/notification_enqueue(  573): [1000,865,com.google.android.apps.wearable.settings,11003,NULL,0,Notification(pri=-2 contentView=null vibrate=null sound=null defaults=0x0 flags=0x0 color=0x00000000 vis=PRIVATE),1]
11-10 08:59:19.396 I/am_home_stack_moved(  573): [0,0,1,1,startingNewTask]
11-10 08:59:19.396 I/wm_task_moved(  573): [128,1,0]
11-10 08:59:19.399 I/am_create_task(  573): [0,129]
11-10 08:59:19.399 I/am_create_activity(  573): [0,373873325,129,com.google.android.apps.wearable.settings/com.google.android.clockwork.settings.SecureAdbActivity,NULL,NULL,NULL,268435456]
11-10 08:59:19.400 I/wm_task_created(  573): [129,1]
11-10 08:59:19.400 I/wm_task_moved(  573): [129,1,1]
11-10 08:59:19.400 I/am_pause_activity(  573): [0,400135550,com.google.android.apps.wearable.settings/com.google.android.clockwork.settings.DeveloperOptionsActivity]
11-10 08:59:19.401 I/am_on_paused_called(  865): [0,com.google.android.clockwork.settings.DeveloperOptionsActivity]
11-10 08:59:19.403 I/am_home_stack_moved(  573): [0,0,1,1,startedActivity setFocusedActivity]
11-10 08:59:19.404 I/am_focused_activity(  573): [0,com.google.android.apps.wearable.settings/com.google.android.clockwork.settings.SecureAdbActivity]
11-10 08:59:19.405 I/am_restart_activity(  573): [0,373873325,129,com.google.android.apps.wearable.settings/com.google.android.clockwork.settings.SecureAdbActivity]
11-10 08:59:19.427 I/am_on_resume_called(  865): [0,com.google.android.clockwork.settings.SecureAdbActivity]
11-10 08:59:19.518 I/am_activity_launch_time(  573): [0,373873325,com.google.android.apps.wearable.settings/com.google.android.clockwork.settings.SecureAdbActivity,113,113]
11-10 08:59:22.360 I/am_finish_activity(  573): [0,373873325,129,com.google.android.apps.wearable.settings/com.google.android.clockwork.settings.SecureAdbActivity,app-request]
11-10 08:59:22.361 I/am_home_stack_moved(  573): [0,0,1,1,finishActivity adjustTopFocus setFocusedActivity]
11-10 08:59:22.361 I/am_focused_activity(  573): [0,com.google.android.apps.wearable.settings/com.google.android.clockwork.settings.DeveloperOptionsActivity]
11-10 08:59:22.362 I/am_pause_activity(  573): [0,373873325,com.google.android.apps.wearable.settings/com.google.android.clockwork.settings.SecureAdbActivity]
11-10 08:59:22.369 I/am_on_paused_called(  865): [0,com.google.android.clockwork.settings.SecureAdbActivity]
11-10 08:59:22.370 I/am_resume_activity(  573): [0,400135550,128,com.google.android.apps.wearable.settings/com.google.android.clockwork.settings.DeveloperOptionsActivity]
11-10 08:59:22.379 I/am_on_resume_called(  865): [0,com.google.android.clockwork.settings.DeveloperOptionsActivity]
11-10 08:59:22.423 I/am_destroy_activity(  573): [0,373873325,129,com.google.android.apps.wearable.settings/com.google.android.clockwork.settings.SecureAdbActivity,finish-imm]
11-10 08:59:22.430 I/wm_task_removed(  573): [129,removeAppToken: last token]
11-10 08:59:22.430 I/wm_task_removed(  573): [129,removeTask]
11-10 08:59:52.272 I/power_sleep_requested(  573): 0
11-10 08:59:52.273 I/power_screen_state(  573): [0,3,0,0]
11-10 08:59:52.273 I/screen_toggled(  573): 0
