11-10 16:00:01.250 I/qdhwcomposer(  174): handle_blank_event: dpy:0 panel power state: 2
11-10 16:00:59.642 I/qdhwcomposer(  174): handle_blank_event: dpy:0 panel power state: 2
11-10 16:00:59.655 V/KeyguardServiceDelegate(  573): onScreenTurnedOn(showListener = com.android.internal.policy.impl.PhoneWindowManager$2@1a6c5e2a)
11-10 16:00:59.663 E/WifiStateMachine(  573): cancelDelayedScan -> 462
11-10 16:00:59.667 D/audio_hw_primary(  196): adev_set_parameters: enter: screen_state=on
11-10 16:00:59.673 D/PowerHAL(  573): IDLE_MODE(touch) -> 0
11-10 16:00:59.675 D/SurfaceFlinger(  174): Set power mode=2, type=0 flinger=0xb7a47550
11-10 16:00:59.684 V/KeyguardServiceDelegate(  573): **** SHOWN CALLED ****
11-10 16:00:59.695 I/qdhwcomposer(  174): handle_blank_event: dpy:0 panel power state: 1
11-10 16:00:59.733 D/DeepAmbientRecognition(  735): onDestroy
11-10 16:00:59.749 D/AmbientService(  912): exitAmbient: AmbientActivity[component=ComponentInfo{com.google.android.wearable.app/com.google.android.clockwork.home.HomeActivity}, callbacks=@10b985be, running=true, ambient=true] main 1
11-10 16:00:59.760 D/AmbientService(  912): AmbientDreamStub.detach called while disabled
11-10 16:00:59.774 I/InputReader(  573): Reconfiguring input devices.  changes=0x00000004
11-10 16:00:59.774 I/InputReader(  573): Device reconfigured: id=3, name='synaptics_rmi4_i2c', size 320x320, orientation 0, mode 1, display id 0
11-10 16:00:59.777 I/InputReader(  573): Reconfiguring input devices.  changes=0x00000004
11-10 16:00:59.784 I/AudioFlinger(  196): AudioFlinger's thread 0xb5614008 ready to run
11-10 16:00:59.797 D/audio_hw_primary(  196): select_devices: out_snd_device(0: none) in_snd_device(55: voice-rec-mic)
11-10 16:00:59.797 D/msm8974_platform(  196): platform_send_audio_calibration: sending audio calibration for snd_device(55) acdb_id(62)
11-10 16:00:59.797 D/        (  196): Failed to fetch the lookup information of the device 0000003E 
11-10 16:00:59.797 D/        (  196): Failed to fetch the lookup information of the device 0000003E 
11-10 16:00:59.798 D/audio_hw_primary(  196): enable_snd_device: snd_device(55: voice-rec-mic)
11-10 16:00:59.807 I/InputReader(  573): Reconfiguring input devices.  changes=0x00000004
11-10 16:00:59.807 I/InputReader(  573): Device reconfigured: id=3, name='synaptics_rmi4_i2c', size 320x320, orientation 0, mode 1, display id 0
11-10 16:00:59.808 I/InputReader(  573): Reconfiguring input devices.  changes=0x00000004
11-10 16:00:59.827 D/audio_hw_primary(  196): enable_audio_route: apply and update mixer path: audio-record
11-10 16:00:59.838 D/AmbientService(  912): onAmbientExited: AmbientActivity[component=ComponentInfo{com.google.android.wearable.app/com.google.android.clockwork.home.HomeActivity}, callbacks=@10b985be, running=true, ambient=false] Binder_3 56
11-10 16:01:04.719 E/WifiStateMachine(  573): cancelDelayedScan -> 463
11-10 16:01:04.720 D/audio_hw_primary(  196): adev_set_parameters: enter: screen_state=off
11-10 16:01:04.754 D/DeepAmbientRecognition(  735): onCreate
11-10 16:01:04.768 D/AmbientService(  912): AmbientDreamRegistrationServiceStub.attach: dream: AmbientComponentConfig[component=ComponentInfo{com.google.android.wearable.ambient/com.google.android.wearable.ambient.AmbientDream}]
11-10 16:01:04.769 D/AmbientService(  912): findRunningActivities: found: AmbientActivity[component=ComponentInfo{com.google.android.wearable.app/com.google.android.clockwork.home.HomeActivity}, callbacks=@10b985be, running=true, ambient=false]
11-10 16:01:04.769 D/AmbientService(  912): onReceive Intent { act=android.intent.action.SCREEN_OFF flg=0x50000010 } true
11-10 16:01:04.789 D/AmbientService(  912): scheduling next alarm, nowWall: 1447167664789, nextWall: 1447167720000, nowElapsed: 76677623, nextElapsed: 76732834
11-10 16:01:04.791 D/AmbientService(  912): enterAmbient: AmbientActivity[component=ComponentInfo{com.google.android.wearable.app/com.google.android.clockwork.home.HomeActivity}, callbacks=@10b985be, running=true, ambient=false] main 1
11-10 16:01:04.801 D/AmbientService(  912): onAmbientEntered: AmbientActivity[component=ComponentInfo{com.google.android.wearable.app/com.google.android.clockwork.home.HomeActivity}, callbacks=@10b985be, running=true, ambient=true]Binder_3 56
11-10 16:01:04.876 D/PowerHAL(  573): IDLE_MODE(touch) -> 1
11-10 16:01:04.921 D/audio_hw_primary(  196): disable_audio_route: reset and update mixer path: audio-record
11-10 16:01:04.924 D/audio_hw_primary(  196): disable_snd_device: snd_device(55: voice-rec-mic)
11-10 16:01:05.770 D/SurfaceFlinger(  174): Set power mode=3, type=0 flinger=0xb7a47550
11-10 16:01:05.771 I/qdhwcomposer(  174): handle_blank_event: dpy:0 panel power state: 2
11-10 16:01:27.068 I/qdhwcomposer(  174): handle_blank_event: dpy:0 panel power state: 2
11-10 16:01:27.467 I/FitnessWearable( 1225): Checking fitness notification
11-10 16:01:28.208 I/FitnessWearable( 1225): Fitness Platform Queries took: 551 ms
11-10 16:01:28.314 I/PhenotypeFlagCommitter(  824): Experiment Configs successfully retrieved for com.google.android.gms.playlog.uploader
11-10 16:01:28.322 I/GoogleURLConnFactory(  824): Using platform SSLCertificateSocketFactory
11-10 16:01:28.677 D/ClockworkProxy(  735): doAccept: Create socket stream 11 for TCP connection from /192.168.167.239:42031 to /74.125.136.95:443
11-10 16:01:28.688 D/ClockworkProxy(  735): doAccept: rpc succeeded. Activate stream 11
11-10 16:01:31.767 I/FitnessWearable( 1225): Completed Phone Sync
11-10 16:01:31.767 I/FitnessWearable( 1225): Checking on account update
11-10 16:01:31.963 I/FitnessWearable( 1225): Initialized Fitness Account
11-10 16:01:33.291 I/FitnessWearable( 1225): Completed Phone Sync
11-10 16:01:33.291 I/FitnessWearable( 1225): Checking on account update
11-10 16:01:33.431 I/FitnessWearable( 1225): Initialized Fitness Account
11-10 16:01:33.608 I/art     (  774): Background partial concurrent mark sweep GC freed 42799(1998KB) AllocSpace objects, 1(16KB) LOS objects, 17% free, 9MB/11MB, paused 1.859ms total 119.291ms
11-10 16:01:34.183 W/bt-btif ( 1087): dm_pm_timer expires
11-10 16:01:34.184 W/bt-btif ( 1087): dm_pm_timer expires 0
11-10 16:01:34.184 W/bt-btif ( 1087): proc dm_pm_timer expires
11-10 16:02:01.069 I/qdhwcomposer(  174): handle_blank_event: dpy:0 panel power state: 2
11-10 16:02:01.075 D/AmbientService(  912): scheduling next alarm, nowWall: 1447167721075, nextWall: 1447167780000, nowElapsed: 76733909, nextElapsed: 76792834
11-10 16:02:01.085 D/AmbientService(  912): updateAmbient: AmbientActivity[component=ComponentInfo{com.google.android.wearable.app/com.google.android.clockwork.home.HomeActivity}, callbacks=@10b985be, running=true, ambient=true] main 1
11-10 16:02:01.088 I/InputReader(  573): Reconfiguring input devices.  changes=0x00000004
11-10 16:02:01.088 I/InputReader(  573): Device reconfigured: id=3, name='synaptics_rmi4_i2c', size 320x320, orientation 0, mode 1, display id 0
11-10 16:02:01.089 I/InputReader(  573): Reconfiguring input devices.  changes=0x00000004
11-10 16:02:01.093 D/AmbientService(  912): onAmbientUpdated: AmbientActivity[component=ComponentInfo{com.google.android.wearable.app/com.google.android.clockwork.home.HomeActivity}, callbacks=@10b985be, running=true, ambient=true]Binder_3 56
11-10 16:02:01.097 D/SurfaceFlinger(  174): Set power mode=1, type=0 flinger=0xb7a47550
11-10 16:02:01.097 I/qdhwcomposer(  174): handle_blank_event: dpy:0 panel power state: 2
11-10 16:02:01.228 D/SurfaceFlinger(  174): Set power mode=3, type=0 flinger=0xb7a47550
11-10 16:02:01.228 I/qdhwcomposer(  174): handle_blank_event: dpy:0 panel power state: 2
11-10 16:03:01.069 I/qdhwcomposer(  174): handle_blank_event: dpy:0 panel power state: 2
11-10 16:03:01.076 D/AmbientService(  912): scheduling next alarm, nowWall: 1447167781076, nextWall: 1447167840000, nowElapsed: 76793910, nextElapsed: 76852834
11-10 16:03:01.078 D/AmbientService(  912): updateAmbient: AmbientActivity[component=ComponentInfo{com.google.android.wearable.app/com.google.android.clockwork.home.HomeActivity}, callbacks=@10b985be, running=true, ambient=true] main 1
11-10 16:03:01.091 I/InputReader(  573): Reconfiguring input devices.  changes=0x00000004
11-10 16:03:01.091 I/InputReader(  573): Device reconfigured: id=3, name='synaptics_rmi4_i2c', size 320x320, orientation 0, mode 1, display id 0
11-10 16:03:01.092 I/InputReader(  573): Reconfiguring input devices.  changes=0x00000004
11-10 16:03:01.095 D/AmbientService(  912): onAmbientUpdated: AmbientActivity[component=ComponentInfo{com.google.android.wearable.app/com.google.android.clockwork.home.HomeActivity}, callbacks=@10b985be, running=true, ambient=true]Binder_2 55
11-10 16:03:01.099 D/SurfaceFlinger(  174): Set power mode=1, type=0 flinger=0xb7a47550
11-10 16:03:01.099 I/qdhwcomposer(  174): handle_blank_event: dpy:0 panel power state: 2
11-10 16:03:01.229 D/SurfaceFlinger(  174): Set power mode=3, type=0 flinger=0xb7a47550
11-10 16:03:01.229 I/qdhwcomposer(  174): handle_blank_event: dpy:0 panel power state: 2
11-10 16:04:01.069 I/qdhwcomposer(  174): handle_blank_event: dpy:0 panel power state: 2
11-10 16:04:01.075 D/AmbientService(  912): scheduling next alarm, nowWall: 1447167841075, nextWall: 1447167900000, nowElapsed: 76853909, nextElapsed: 76912834
11-10 16:04:01.078 D/AmbientService(  912): updateAmbient: AmbientActivity[component=ComponentInfo{com.google.android.wearable.app/com.google.android.clockwork.home.HomeActivity}, callbacks=@10b985be, running=true, ambient=true] main 1
11-10 16:04:01.098 D/AmbientService(  912): onAmbientUpdated: AmbientActivity[component=ComponentInfo{com.google.android.wearable.app/com.google.android.clockwork.home.HomeActivity}, callbacks=@10b985be, running=true, ambient=true]Binder_1 54
11-10 16:04:01.099 I/InputReader(  573): Reconfiguring input devices.  changes=0x00000004
11-10 16:04:01.100 I/InputReader(  573): Device reconfigured: id=3, name='synaptics_rmi4_i2c', size 320x320, orientation 0, mode 1, display id 0
11-10 16:04:01.101 I/InputReader(  573): Reconfiguring input devices.  changes=0x00000004
11-10 16:04:01.123 D/SurfaceFlinger(  174): Set power mode=1, type=0 flinger=0xb7a47550
11-10 16:04:01.123 I/qdhwcomposer(  174): handle_blank_event: dpy:0 panel power state: 2
11-10 16:04:01.255 D/SurfaceFlinger(  174): Set power mode=3, type=0 flinger=0xb7a47550
11-10 16:04:01.255 I/qdhwcomposer(  174): handle_blank_event: dpy:0 panel power state: 2
11-10 16:04:46.431 I/qdhwcomposer(  174): handle_blank_event: dpy:0 panel power state: 2
11-10 16:04:48.457 W/bt-btif ( 1087): dm_pm_timer expires
11-10 16:04:48.457 W/bt-btif ( 1087): dm_pm_timer expires 0
11-10 16:04:48.458 W/bt-btif ( 1087): proc dm_pm_timer expires
11-10 16:04:53.413 I/qdhwcomposer(  174): handle_blank_event: dpy:0 panel power state: 2
11-10 16:04:55.443 W/bt-btif ( 1087): dm_pm_timer expires
11-10 16:04:55.443 W/bt-btif ( 1087): dm_pm_timer expires 0
11-10 16:04:55.443 W/bt-btif ( 1087): proc dm_pm_timer expires
11-10 16:05:01.070 I/qdhwcomposer(  174): handle_blank_event: dpy:0 panel power state: 2
11-10 16:05:01.076 D/AmbientService(  912): scheduling next alarm, nowWall: 1447167901076, nextWall: 1447167960000, nowElapsed: 76913910, nextElapsed: 76972834
11-10 16:05:01.078 D/AmbientService(  912): updateAmbient: AmbientActivity[component=ComponentInfo{com.google.android.wearable.app/com.google.android.clockwork.home.HomeActivity}, callbacks=@10b985be, running=true, ambient=true] main 1
11-10 16:05:01.116 I/InputReader(  573): Reconfiguring input devices.  changes=0x00000004
11-10 16:05:01.116 I/InputReader(  573): Device reconfigured: id=3, name='synaptics_rmi4_i2c', size 320x320, orientation 0, mode 1, display id 0
11-10 16:05:01.118 D/AmbientService(  912): onAmbientUpdated: AmbientActivity[component=ComponentInfo{com.google.android.wearable.app/com.google.android.clockwork.home.HomeActivity}, callbacks=@10b985be, running=true, ambient=true]Binder_3 56
11-10 16:05:01.118 I/InputReader(  573): Reconfiguring input devices.  changes=0x00000004
11-10 16:05:01.141 D/SurfaceFlinger(  174): Set power mode=1, type=0 flinger=0xb7a47550
11-10 16:05:01.141 I/qdhwcomposer(  174): handle_blank_event: dpy:0 panel power state: 2
11-10 16:05:01.271 D/SurfaceFlinger(  174): Set power mode=3, type=0 flinger=0xb7a47550
11-10 16:05:01.271 I/qdhwcomposer(  174): handle_blank_event: dpy:0 panel power state: 2
11-10 16:05:04.387 I/qdhwcomposer(  174): handle_blank_event: dpy:0 panel power state: 2
11-10 16:05:04.397 D/AuthZenListenerService(  970): onMessageReceived: MessageEventParcelable[16719,com/google/android/location/fused/wearable/LOCATIONS, size=362], Path: com/google/android/location/fused/wearable/LOCATIONS
11-10 16:05:04.399 D/AuthZenWearListenerService(  970): onMessageReceived : MessageEventParcelable[16719,com/google/android/location/fused/wearable/LOCATIONS, size=362], Path: com/google/android/location/fused/wearable/LOCATIONS
11-10 16:05:05.392 I/art     (  824): WaitForGcToComplete blocked for 8.174ms for cause DisableMovingGc
11-10 16:05:06.413 W/bt-btif ( 1087): dm_pm_timer expires
11-10 16:05:06.413 W/bt-btif ( 1087): dm_pm_timer expires 0
11-10 16:05:06.413 W/bt-btif ( 1087): proc dm_pm_timer expires
11-10 16:06:01.070 I/qdhwcomposer(  174): handle_blank_event: dpy:0 panel power state: 2
11-10 16:06:01.075 D/AmbientService(  912): scheduling next alarm, nowWall: 1447167961075, nextWall: 1447168020000, nowElapsed: 76973909, nextElapsed: 77032834
11-10 16:06:01.077 D/AmbientService(  912): updateAmbient: AmbientActivity[component=ComponentInfo{com.google.android.wearable.app/com.google.android.clockwork.home.HomeActivity}, callbacks=@10b985be, running=true, ambient=true] main 1
11-10 16:06:01.100 I/InputReader(  573): Reconfiguring input devices.  changes=0x00000004
11-10 16:06:01.100 I/InputReader(  573): Device reconfigured: id=3, name='synaptics_rmi4_i2c', size 320x320, orientation 0, mode 1, display id 0
11-10 16:06:01.101 I/InputReader(  573): Reconfiguring input devices.  changes=0x00000004
11-10 16:06:01.102 D/AmbientService(  912): onAmbientUpdated: AmbientActivity[component=ComponentInfo{com.google.android.wearable.app/com.google.android.clockwork.home.HomeActivity}, callbacks=@10b985be, running=true, ambient=true]Binder_2 55
11-10 16:06:01.125 D/SurfaceFlinger(  174): Set power mode=1, type=0 flinger=0xb7a47550
11-10 16:06:01.125 I/qdhwcomposer(  174): handle_blank_event: dpy:0 panel power state: 2
11-10 16:06:01.256 D/SurfaceFlinger(  174): Set power mode=3, type=0 flinger=0xb7a47550
11-10 16:06:01.256 I/qdhwcomposer(  174): handle_blank_event: dpy:0 panel power state: 2
11-10 16:06:26.066 I/qdhwcomposer(  174): handle_blank_event: dpy:0 panel power state: 2
11-10 16:07:01.070 I/qdhwcomposer(  174): handle_blank_event: dpy:0 panel power state: 2
11-10 16:07:01.077 D/AmbientService(  912): scheduling next alarm, nowWall: 1447168021077, nextWall: 1447168080000, nowElapsed: 77033911, nextElapsed: 77092834
11-10 16:07:01.078 D/AmbientService(  912): updateAmbient: AmbientActivity[component=ComponentInfo{com.google.android.wearable.app/com.google.android.clockwork.home.HomeActivity}, callbacks=@10b985be, running=true, ambient=true] main 1
11-10 16:07:01.108 I/InputReader(  573): Reconfiguring input devices.  changes=0x00000004
11-10 16:07:01.108 I/InputReader(  573): Device reconfigured: id=3, name='synaptics_rmi4_i2c', size 320x320, orientation 0, mode 1, display id 0
11-10 16:07:01.109 I/InputReader(  573): Reconfiguring input devices.  changes=0x00000004
11-10 16:07:01.110 D/AmbientService(  912): onAmbientUpdated: AmbientActivity[component=ComponentInfo{com.google.android.wearable.app/com.google.android.clockwork.home.HomeActivity}, callbacks=@10b985be, running=true, ambient=true]Binder_1 54
11-10 16:07:01.133 D/SurfaceFlinger(  174): Set power mode=1, type=0 flinger=0xb7a47550
11-10 16:07:01.133 I/qdhwcomposer(  174): handle_blank_event: dpy:0 panel power state: 2
11-10 16:07:01.265 D/SurfaceFlinger(  174): Set power mode=3, type=0 flinger=0xb7a47550
11-10 16:07:01.265 I/qdhwcomposer(  174): handle_blank_event: dpy:0 panel power state: 2
11-10 16:08:01.071 I/qdhwcomposer(  174): handle_blank_event: dpy:0 panel power state: 2
11-10 16:08:01.079 D/AmbientService(  912): scheduling next alarm, nowWall: 1447168081079, nextWall: 1447168140000, nowElapsed: 77093913, nextElapsed: 77152834
11-10 16:08:01.080 D/AmbientService(  912): updateAmbient: AmbientActivity[component=ComponentInfo{com.google.android.wearable.app/com.google.android.clockwork.home.HomeActivity}, callbacks=@10b985be, running=true, ambient=true] main 1
11-10 16:08:01.101 D/AmbientService(  912): onAmbientUpdated: AmbientActivity[component=ComponentInfo{com.google.android.wearable.app/com.google.android.clockwork.home.HomeActivity}, callbacks=@10b985be, running=true, ambient=true]Binder_3 56
11-10 16:08:01.102 I/InputReader(  573): Reconfiguring input devices.  changes=0x00000004
11-10 16:08:01.102 I/InputReader(  573): Device reconfigured: id=3, name='synaptics_rmi4_i2c', size 320x320, orientation 0, mode 1, display id 0
11-10 16:08:01.104 I/InputReader(  573): Reconfiguring input devices.  changes=0x00000004
11-10 16:08:01.126 D/SurfaceFlinger(  174): Set power mode=1, type=0 flinger=0xb7a47550
11-10 16:08:01.126 I/qdhwcomposer(  174): handle_blank_event: dpy:0 panel power state: 2
11-10 16:08:01.256 D/SurfaceFlinger(  174): Set power mode=3, type=0 flinger=0xb7a47550
11-10 16:08:01.256 I/qdhwcomposer(  174): handle_blank_event: dpy:0 panel power state: 2
11-10 16:09:01.071 I/qdhwcomposer(  174): handle_blank_event: dpy:0 panel power state: 2
11-10 16:09:01.078 D/AmbientService(  912): scheduling next alarm, nowWall: 1447168141078, nextWall: 1447168200000, nowElapsed: 77153912, nextElapsed: 77212834
11-10 16:09:01.080 D/AmbientService(  912): updateAmbient: AmbientActivity[component=ComponentInfo{com.google.android.wearable.app/com.google.android.clockwork.home.HomeActivity}, callbacks=@10b985be, running=true, ambient=true] main 1
11-10 16:09:01.103 D/AmbientService(  912): onAmbientUpdated: AmbientActivity[component=ComponentInfo{com.google.android.wearable.app/com.google.android.clockwork.home.HomeActivity}, callbacks=@10b985be, running=true, ambient=true]Binder_2 55
11-10 16:09:01.104 I/InputReader(  573): Reconfiguring input devices.  changes=0x00000004
11-10 16:09:01.104 I/InputReader(  573): Device reconfigured: id=3, name='synaptics_rmi4_i2c', size 320x320, orientation 0, mode 1, display id 0
11-10 16:09:01.105 I/InputReader(  573): Reconfiguring input devices.  changes=0x00000004
11-10 16:09:01.129 D/SurfaceFlinger(  174): Set power mode=1, type=0 flinger=0xb7a47550
11-10 16:09:01.129 I/qdhwcomposer(  174): handle_blank_event: dpy:0 panel power state: 2
11-10 16:09:01.259 D/SurfaceFlinger(  174): Set power mode=3, type=0 flinger=0xb7a47550
11-10 16:09:01.259 I/qdhwcomposer(  174): handle_blank_event: dpy:0 panel power state: 2
11-10 16:10:01.071 I/qdhwcomposer(  174): handle_blank_event: dpy:0 panel power state: 2
11-10 16:10:01.080 D/AmbientService(  912): scheduling next alarm, nowWall: 1447168201080, nextWall: 1447168260000, nowElapsed: 77213914, nextElapsed: 77272834
11-10 16:10:01.081 D/AmbientService(  912): updateAmbient: AmbientActivity[component=ComponentInfo{com.google.android.wearable.app/com.google.android.clockwork.home.HomeActivity}, callbacks=@10b985be, running=true, ambient=true] main 1
11-10 16:10:01.099 D/AmbientService(  912): onAmbientUpdated: AmbientActivity[component=ComponentInfo{com.google.android.wearable.app/com.google.android.clockwork.home.HomeActivity}, callbacks=@10b985be, running=true, ambient=true]Binder_1 54
11-10 16:10:01.100 I/InputReader(  573): Reconfiguring input devices.  changes=0x00000004
11-10 16:10:01.100 I/InputReader(  573): Device reconfigured: id=3, name='synaptics_rmi4_i2c', size 320x320, orientation 0, mode 1, display id 0
11-10 16:10:01.101 I/InputReader(  573): Reconfiguring input devices.  changes=0x00000004
11-10 16:10:01.125 D/SurfaceFlinger(  174): Set power mode=1, type=0 flinger=0xb7a47550
11-10 16:10:01.125 I/qdhwcomposer(  174): handle_blank_event: dpy:0 panel power state: 2
11-10 16:10:01.256 D/SurfaceFlinger(  174): Set power mode=3, type=0 flinger=0xb7a47550
11-10 16:10:01.257 I/qdhwcomposer(  174): handle_blank_event: dpy:0 panel power state: 2
11-10 16:11:01.076 I/qdhwcomposer(  174): handle_blank_event: dpy:0 panel power state: 2
11-10 16:11:01.083 D/AmbientService(  912): scheduling next alarm, nowWall: 1447168261083, nextWall: 1447168320000, nowElapsed: 77273916, nextElapsed: 77332833
11-10 16:11:01.086 D/AmbientService(  912): updateAmbient: AmbientActivity[component=ComponentInfo{com.google.android.wearable.app/com.google.android.clockwork.home.HomeActivity}, callbacks=@10b985be, running=true, ambient=true] main 1
11-10 16:11:01.098 I/InputReader(  573): Reconfiguring input devices.  changes=0x00000004
11-10 16:11:01.098 I/InputReader(  573): Device reconfigured: id=3, name='synaptics_rmi4_i2c', size 320x320, orientation 0, mode 1, display id 0
11-10 16:11:01.099 I/InputReader(  573): Reconfiguring input devices.  changes=0x00000004
11-10 16:11:01.103 D/AmbientService(  912): onAmbientUpdated: AmbientActivity[component=ComponentInfo{com.google.android.wearable.app/com.google.android.clockwork.home.HomeActivity}, callbacks=@10b985be, running=true, ambient=true]Binder_3 56
11-10 16:11:01.130 D/SurfaceFlinger(  174): Set power mode=1, type=0 flinger=0xb7a47550
11-10 16:11:01.130 I/qdhwcomposer(  174): handle_blank_event: dpy:0 panel power state: 2
11-10 16:11:01.255 D/SurfaceFlinger(  174): Set power mode=3, type=0 flinger=0xb7a47550
11-10 16:11:01.255 I/qdhwcomposer(  174): handle_blank_event: dpy:0 panel power state: 2
11-10 16:12:01.072 I/qdhwcomposer(  174): handle_blank_event: dpy:0 panel power state: 2
11-10 16:12:01.081 D/AmbientService(  912): scheduling next alarm, nowWall: 1447168321081, nextWall: 1447168380000, nowElapsed: 77333914, nextElapsed: 77392833
11-10 16:12:01.082 D/AmbientService(  912): updateAmbient: AmbientActivity[component=ComponentInfo{com.google.android.wearable.app/com.google.android.clockwork.home.HomeActivity}, callbacks=@10b985be, running=true, ambient=true] main 1
11-10 16:12:01.100 D/AmbientService(  912): onAmbientUpdated: AmbientActivity[component=ComponentInfo{com.google.android.wearable.app/com.google.android.clockwork.home.HomeActivity}, callbacks=@10b985be, running=true, ambient=true]Binder_2 55
11-10 16:12:01.101 I/InputReader(  573): Reconfiguring input devices.  changes=0x00000004
11-10 16:12:01.101 I/InputReader(  573): Device reconfigured: id=3, name='synaptics_rmi4_i2c', size 320x320, orientation 0, mode 1, display id 0
11-10 16:12:01.102 I/InputReader(  573): Reconfiguring input devices.  changes=0x00000004
11-10 16:12:01.126 D/SurfaceFlinger(  174): Set power mode=1, type=0 flinger=0xb7a47550
11-10 16:12:01.126 I/qdhwcomposer(  174): handle_blank_event: dpy:0 panel power state: 2
11-10 16:12:01.257 D/SurfaceFlinger(  174): Set power mode=3, type=0 flinger=0xb7a47550
11-10 16:12:01.257 I/qdhwcomposer(  174): handle_blank_event: dpy:0 panel power state: 2
11-10 16:13:01.072 I/qdhwcomposer(  174): handle_blank_event: dpy:0 panel power state: 2
11-10 16:13:01.079 D/AmbientService(  912): scheduling next alarm, nowWall: 1447168381079, nextWall: 1447168440000, nowElapsed: 77393913, nextElapsed: 77452834
11-10 16:13:01.082 D/AmbientService(  912): updateAmbient: AmbientActivity[component=ComponentInfo{com.google.android.wearable.app/com.google.android.clockwork.home.HomeActivity}, callbacks=@10b985be, running=true, ambient=true] main 1
11-10 16:13:01.102 D/AmbientService(  912): onAmbientUpdated: AmbientActivity[component=ComponentInfo{com.google.android.wearable.app/com.google.android.clockwork.home.HomeActivity}, callbacks=@10b985be, running=true, ambient=true]Binder_1 54
11-10 16:13:01.103 I/InputReader(  573): Reconfiguring input devices.  changes=0x00000004
11-10 16:13:01.103 I/InputReader(  573): Device reconfigured: id=3, name='synaptics_rmi4_i2c', size 320x320, orientation 0, mode 1, display id 0
11-10 16:13:01.104 I/InputReader(  573): Reconfiguring input devices.  changes=0x00000004
11-10 16:13:01.127 D/SurfaceFlinger(  174): Set power mode=1, type=0 flinger=0xb7a47550
11-10 16:13:01.127 I/qdhwcomposer(  174): handle_blank_event: dpy:0 panel power state: 2
11-10 16:13:01.253 D/SurfaceFlinger(  174): Set power mode=3, type=0 flinger=0xb7a47550
11-10 16:13:01.253 I/qdhwcomposer(  174): handle_blank_event: dpy:0 panel power state: 2
11-10 16:13:11.165 I/qdhwcomposer(  174): handle_blank_event: dpy:0 panel power state: 2
11-10 16:13:11.180 D/AuthZenListenerService(  970): onMessageReceived: MessageEventParcelable[16720,com/google/android/location/fused/wearable/LOCATIONS, size=362], Path: com/google/android/location/fused/wearable/LOCATIONS
11-10 16:13:11.181 D/AuthZenWearListenerService(  970): onMessageReceived : MessageEventParcelable[16720,com/google/android/location/fused/wearable/LOCATIONS, size=362], Path: com/google/android/location/fused/wearable/LOCATIONS
11-10 16:13:13.191 W/bt-btif ( 1087): dm_pm_timer expires
11-10 16:13:13.191 W/bt-btif ( 1087): dm_pm_timer expires 0
11-10 16:13:13.191 W/bt-btif ( 1087): proc dm_pm_timer expires
11-10 16:14:01.073 I/qdhwcomposer(  174): handle_blank_event: dpy:0 panel power state: 2
11-10 16:14:01.207 I/art     (  573): Explicit concurrent mark sweep GC freed 26214(1329KB) AllocSpace objects, 2(32KB) LOS objects, 15% free, 10MB/12MB, paused 1.872ms total 103.712ms
11-10 16:14:01.213 D/AmbientService(  912): scheduling next alarm, nowWall: 1447168441213, nextWall: 1447168500000, nowElapsed: 77454047, nextElapsed: 77512834
11-10 16:14:01.214 D/AmbientService(  912): updateAmbient: AmbientActivity[component=ComponentInfo{com.google.android.wearable.app/com.google.android.clockwork.home.HomeActivity}, callbacks=@10b985be, running=true, ambient=true] main 1
11-10 16:14:01.219 D/AmbientService(  912): onAmbientUpdated: AmbientActivity[component=ComponentInfo{com.google.android.wearable.app/com.google.android.clockwork.home.HomeActivity}, callbacks=@10b985be, running=true, ambient=true]Binder_3 56
11-10 16:14:01.255 D/SurfaceFlinger(  174): Set power mode=1, type=0 flinger=0xb7a47550
11-10 16:14:01.255 I/qdhwcomposer(  174): handle_blank_event: dpy:0 panel power state: 2
11-10 16:14:01.305 I/FitnessWearable( 1225): Checking fitness notification
11-10 16:14:01.377 D/SurfaceFlinger(  174): Set power mode=3, type=0 flinger=0xb7a47550
11-10 16:14:01.378 I/qdhwcomposer(  174): handle_blank_event: dpy:0 panel power state: 2
11-10 16:14:01.931 I/FitnessWearable( 1225): Fitness Platform Queries took: 505 ms
11-10 16:14:02.849 D/AuthZenListenerService(  970): onMessageReceived: MessageEventParcelable[16721,/WearablesSync/Ack/tommy.thorsen@gmail.com, size=22], Path: /WearablesSync/Ack/tommy.thorsen@gmail.com
11-10 16:14:02.850 D/AuthZenWearListenerService(  970): onMessageReceived : MessageEventParcelable[16721,/WearablesSync/Ack/tommy.thorsen@gmail.com, size=22], Path: /WearablesSync/Ack/tommy.thorsen@gmail.com
11-10 16:14:04.850 W/bt-btif ( 1087): dm_pm_timer expires
11-10 16:14:04.850 W/bt-btif ( 1087): dm_pm_timer expires 0
11-10 16:14:04.850 W/bt-btif ( 1087): proc dm_pm_timer expires
11-10 16:14:08.617 I/FitnessWearable( 1225): Completed Phone Sync
11-10 16:14:08.617 I/FitnessWearable( 1225): Checking on account update
11-10 16:14:08.850 I/FitnessWearable( 1225): Initialized Fitness Account
11-10 16:14:09.456 W/bt-btif ( 1087): dm_pm_timer expires
11-10 16:14:09.456 W/bt-btif ( 1087): dm_pm_timer expires 0
11-10 16:14:09.456 W/bt-btif ( 1087): proc dm_pm_timer expires
11-10 16:14:11.984 E/libsuspend(  573): Error writing to /sys/power/state: Device or resource busy
11-10 16:15:01.073 I/qdhwcomposer(  174): handle_blank_event: dpy:0 panel power state: 2
11-10 16:15:01.080 D/AmbientService(  912): scheduling next alarm, nowWall: 1447168501080, nextWall: 1447168560000, nowElapsed: 77513914, nextElapsed: 77572834
11-10 16:15:01.081 D/AmbientService(  912): updateAmbient: AmbientActivity[component=ComponentInfo{com.google.android.wearable.app/com.google.android.clockwork.home.HomeActivity}, callbacks=@10b985be, running=true, ambient=true] main 1
11-10 16:15:01.105 I/InputReader(  573): Reconfiguring input devices.  changes=0x00000004
11-10 16:15:01.106 I/InputReader(  573): Device reconfigured: id=3, name='synaptics_rmi4_i2c', size 320x320, orientation 0, mode 1, display id 0
11-10 16:15:01.107 I/InputReader(  573): Reconfiguring input devices.  changes=0x00000004
11-10 16:15:01.107 D/AmbientService(  912): onAmbientUpdated: AmbientActivity[component=ComponentInfo{com.google.android.wearable.app/com.google.android.clockwork.home.HomeActivity}, callbacks=@10b985be, running=true, ambient=true]Binder_1 54
11-10 16:15:01.130 D/SurfaceFlinger(  174): Set power mode=1, type=0 flinger=0xb7a47550
11-10 16:15:01.130 I/qdhwcomposer(  174): handle_blank_event: dpy:0 panel power state: 2
11-10 16:15:01.260 D/SurfaceFlinger(  174): Set power mode=3, type=0 flinger=0xb7a47550
11-10 16:15:01.261 I/qdhwcomposer(  174): handle_blank_event: dpy:0 panel power state: 2
11-10 16:16:01.073 I/qdhwcomposer(  174): handle_blank_event: dpy:0 panel power state: 2
11-10 16:16:01.082 D/AmbientService(  912): scheduling next alarm, nowWall: 1447168561082, nextWall: 1447168620000, nowElapsed: 77573915, nextElapsed: 77632833
11-10 16:16:01.083 D/AmbientService(  912): updateAmbient: AmbientActivity[component=ComponentInfo{com.google.android.wearable.app/com.google.android.clockwork.home.HomeActivity}, callbacks=@10b985be, running=true, ambient=true] main 1
11-10 16:16:01.105 D/AmbientService(  912): onAmbientUpdated: AmbientActivity[component=ComponentInfo{com.google.android.wearable.app/com.google.android.clockwork.home.HomeActivity}, callbacks=@10b985be, running=true, ambient=true]Binder_3 56
11-10 16:16:01.106 I/InputReader(  573): Reconfiguring input devices.  changes=0x00000004
11-10 16:16:01.106 I/InputReader(  573): Device reconfigured: id=3, name='synaptics_rmi4_i2c', size 320x320, orientation 0, mode 1, display id 0
11-10 16:16:01.108 I/InputReader(  573): Reconfiguring input devices.  changes=0x00000004
11-10 16:16:01.130 D/SurfaceFlinger(  174): Set power mode=1, type=0 flinger=0xb7a47550
11-10 16:16:01.130 I/qdhwcomposer(  174): handle_blank_event: dpy:0 panel power state: 2
11-10 16:16:01.262 D/SurfaceFlinger(  174): Set power mode=3, type=0 flinger=0xb7a47550
11-10 16:16:01.262 I/qdhwcomposer(  174): handle_blank_event: dpy:0 panel power state: 2
11-10 16:16:26.074 I/qdhwcomposer(  174): handle_blank_event: dpy:0 panel power state: 2
11-10 16:17:01.074 I/qdhwcomposer(  174): handle_blank_event: dpy:0 panel power state: 2
11-10 16:17:01.080 D/AmbientService(  912): scheduling next alarm, nowWall: 1447168621080, nextWall: 1447168680000, nowElapsed: 77633913, nextElapsed: 77692833
11-10 16:17:01.081 D/AmbientService(  912): updateAmbient: AmbientActivity[component=ComponentInfo{com.google.android.wearable.app/com.google.android.clockwork.home.HomeActivity}, callbacks=@10b985be, running=true, ambient=true] main 1
11-10 16:17:01.113 I/InputReader(  573): Reconfiguring input devices.  changes=0x00000004
11-10 16:17:01.113 I/InputReader(  573): Device reconfigured: id=3, name='synaptics_rmi4_i2c', size 320x320, orientation 0, mode 1, display id 0
11-10 16:17:01.115 D/AmbientService(  912): onAmbientUpdated: AmbientActivity[component=ComponentInfo{com.google.android.wearable.app/com.google.android.clockwork.home.HomeActivity}, callbacks=@10b985be, running=true, ambient=true]Binder_2 55
11-10 16:17:01.115 I/InputReader(  573): Reconfiguring input devices.  changes=0x00000004
11-10 16:17:01.140 D/SurfaceFlinger(  174): Set power mode=1, type=0 flinger=0xb7a47550
11-10 16:17:01.140 I/qdhwcomposer(  174): handle_blank_event: dpy:0 panel power state: 2
11-10 16:17:01.270 D/SurfaceFlinger(  174): Set power mode=3, type=0 flinger=0xb7a47550
11-10 16:17:01.270 I/qdhwcomposer(  174): handle_blank_event: dpy:0 panel power state: 2
11-10 16:18:01.074 I/qdhwcomposer(  174): handle_blank_event: dpy:0 panel power state: 2
11-10 16:18:01.084 D/AmbientService(  912): scheduling next alarm, nowWall: 1447168681084, nextWall: 1447168740000, nowElapsed: 77693917, nextElapsed: 77752833
11-10 16:18:01.085 D/AmbientService(  912): updateAmbient: AmbientActivity[component=ComponentInfo{com.google.android.wearable.app/com.google.android.clockwork.home.HomeActivity}, callbacks=@10b985be, running=true, ambient=true] main 1
11-10 16:18:01.102 D/AmbientService(  912): onAmbientUpdated: AmbientActivity[component=ComponentInfo{com.google.android.wearable.app/com.google.android.clockwork.home.HomeActivity}, callbacks=@10b985be, running=true, ambient=true]Binder_1 54
11-10 16:18:01.104 I/InputReader(  573): Reconfiguring input devices.  changes=0x00000004
11-10 16:18:01.104 I/InputReader(  573): Device reconfigured: id=3, name='synaptics_rmi4_i2c', size 320x320, orientation 0, mode 1, display id 0
11-10 16:18:01.105 I/InputReader(  573): Reconfiguring input devices.  changes=0x00000004
11-10 16:18:01.127 D/SurfaceFlinger(  174): Set power mode=1, type=0 flinger=0xb7a47550
11-10 16:18:01.128 I/qdhwcomposer(  174): handle_blank_event: dpy:0 panel power state: 2
11-10 16:18:01.251 D/SurfaceFlinger(  174): Set power mode=3, type=0 flinger=0xb7a47550
11-10 16:18:01.251 I/qdhwcomposer(  174): handle_blank_event: dpy:0 panel power state: 2
11-10 16:19:01.074 I/qdhwcomposer(  174): handle_blank_event: dpy:0 panel power state: 2
11-10 16:19:01.082 D/AmbientService(  912): scheduling next alarm, nowWall: 1447168741082, nextWall: 1447168800000, nowElapsed: 77753916, nextElapsed: 77812834
11-10 16:19:01.085 D/AmbientService(  912): updateAmbient: AmbientActivity[component=ComponentInfo{com.google.android.wearable.app/com.google.android.clockwork.home.HomeActivity}, callbacks=@10b985be, running=true, ambient=true] main 1
11-10 16:19:01.103 D/AmbientService(  912): onAmbientUpdated: AmbientActivity[component=ComponentInfo{com.google.android.wearable.app/com.google.android.clockwork.home.HomeActivity}, callbacks=@10b985be, running=true, ambient=true]Binder_3 56
11-10 16:19:01.105 I/InputReader(  573): Reconfiguring input devices.  changes=0x00000004
11-10 16:19:01.105 I/InputReader(  573): Device reconfigured: id=3, name='synaptics_rmi4_i2c', size 320x320, orientation 0, mode 1, display id 0
11-10 16:19:01.106 I/InputReader(  573): Reconfiguring input devices.  changes=0x00000004
11-10 16:19:01.130 D/SurfaceFlinger(  174): Set power mode=1, type=0 flinger=0xb7a47550
11-10 16:19:01.130 I/qdhwcomposer(  174): handle_blank_event: dpy:0 panel power state: 2
11-10 16:19:01.253 D/SurfaceFlinger(  174): Set power mode=3, type=0 flinger=0xb7a47550
11-10 16:19:01.253 I/qdhwcomposer(  174): handle_blank_event: dpy:0 panel power state: 2
11-10 16:20:01.075 I/qdhwcomposer(  174): handle_blank_event: dpy:0 panel power state: 2
11-10 16:20:01.085 D/AmbientService(  912): scheduling next alarm, nowWall: 1447168801085, nextWall: 1447168860000, nowElapsed: 77813918, nextElapsed: 77872833
11-10 16:20:01.086 D/AmbientService(  912): updateAmbient: AmbientActivity[component=ComponentInfo{com.google.android.wearable.app/com.google.android.clockwork.home.HomeActivity}, callbacks=@10b985be, running=true, ambient=true] main 1
11-10 16:20:01.103 D/AmbientService(  912): onAmbientUpdated: AmbientActivity[component=ComponentInfo{com.google.android.wearable.app/com.google.android.clockwork.home.HomeActivity}, callbacks=@10b985be, running=true, ambient=true]Binder_2 55
11-10 16:20:01.104 I/InputReader(  573): Reconfiguring input devices.  changes=0x00000004
11-10 16:20:01.105 I/InputReader(  573): Device reconfigured: id=3, name='synaptics_rmi4_i2c', size 320x320, orientation 0, mode 1, display id 0
11-10 16:20:01.106 I/InputReader(  573): Reconfiguring input devices.  changes=0x00000004
11-10 16:20:01.130 D/SurfaceFlinger(  174): Set power mode=1, type=0 flinger=0xb7a47550
11-10 16:20:01.130 I/qdhwcomposer(  174): handle_blank_event: dpy:0 panel power state: 2
11-10 16:20:01.255 D/SurfaceFlinger(  174): Set power mode=3, type=0 flinger=0xb7a47550
11-10 16:20:01.256 I/qdhwcomposer(  174): handle_blank_event: dpy:0 panel power state: 2
11-10 16:21:01.075 I/qdhwcomposer(  174): handle_blank_event: dpy:0 panel power state: 2
11-10 16:21:01.083 D/AmbientService(  912): scheduling next alarm, nowWall: 1447168861083, nextWall: 1447168920000, nowElapsed: 77873917, nextElapsed: 77932834
11-10 16:21:01.086 D/AmbientService(  912): updateAmbient: AmbientActivity[component=ComponentInfo{com.google.android.wearable.app/com.google.android.clockwork.home.HomeActivity}, callbacks=@10b985be, running=true, ambient=true] main 1
11-10 16:21:01.101 I/InputReader(  573): Reconfiguring input devices.  changes=0x00000004
11-10 16:21:01.101 I/InputReader(  573): Device reconfigured: id=3, name='synaptics_rmi4_i2c', size 320x320, orientation 0, mode 1, display id 0
11-10 16:21:01.102 I/InputReader(  573): Reconfiguring input devices.  changes=0x00000004
11-10 16:21:01.106 D/AmbientService(  912): onAmbientUpdated: AmbientActivity[component=ComponentInfo{com.google.android.wearable.app/com.google.android.clockwork.home.HomeActivity}, callbacks=@10b985be, running=true, ambient=true]Binder_1 54
11-10 16:21:01.131 D/SurfaceFlinger(  174): Set power mode=1, type=0 flinger=0xb7a47550
11-10 16:21:01.131 I/qdhwcomposer(  174): handle_blank_event: dpy:0 panel power state: 2
11-10 16:21:01.255 D/SurfaceFlinger(  174): Set power mode=3, type=0 flinger=0xb7a47550
11-10 16:21:01.255 I/qdhwcomposer(  174): handle_blank_event: dpy:0 panel power state: 2
11-10 16:21:17.446 I/qdhwcomposer(  174): handle_blank_event: dpy:0 panel power state: 2
11-10 16:21:17.501 D/AuthZenListenerService(  970): onMessageReceived: MessageEventParcelable[16722,com/google/android/location/fused/wearable/LOCATIONS, size=362], Path: com/google/android/location/fused/wearable/LOCATIONS
11-10 16:21:17.510 D/AuthZenWearListenerService(  970): onMessageReceived : MessageEventParcelable[16722,com/google/android/location/fused/wearable/LOCATIONS, size=362], Path: com/google/android/location/fused/wearable/LOCATIONS
11-10 16:21:19.476 W/bt-btif ( 1087): dm_pm_timer expires
11-10 16:21:19.476 W/bt-btif ( 1087): dm_pm_timer expires 0
11-10 16:21:19.476 W/bt-btif ( 1087): proc dm_pm_timer expires
11-10 16:22:00.076 I/qdhwcomposer(  174): handle_blank_event: dpy:0 panel power state: 2
11-10 16:22:00.085 D/AmbientService(  912): scheduling next alarm, nowWall: 1447168920085, nextWall: 1447168980000, nowElapsed: 77932919, nextElapsed: 77992834
11-10 16:22:00.087 D/AmbientService(  912): updateAmbient: AmbientActivity[component=ComponentInfo{com.google.android.wearable.app/com.google.android.clockwork.home.HomeActivity}, callbacks=@10b985be, running=true, ambient=true] main 1
11-10 16:22:00.107 D/AmbientService(  912): onAmbientUpdated: AmbientActivity[component=ComponentInfo{com.google.android.wearable.app/com.google.android.clockwork.home.HomeActivity}, callbacks=@10b985be, running=true, ambient=true]Binder_3 56
11-10 16:22:00.108 I/InputReader(  573): Reconfiguring input devices.  changes=0x00000004
11-10 16:22:00.108 I/InputReader(  573): Device reconfigured: id=3, name='synaptics_rmi4_i2c', size 320x320, orientation 0, mode 1, display id 0
11-10 16:22:00.111 I/InputReader(  573): Reconfiguring input devices.  changes=0x00000004
11-10 16:22:00.134 D/SurfaceFlinger(  174): Set power mode=1, type=0 flinger=0xb7a47550
11-10 16:22:00.134 I/qdhwcomposer(  174): handle_blank_event: dpy:0 panel power state: 2
11-10 16:22:00.265 D/SurfaceFlinger(  174): Set power mode=3, type=0 flinger=0xb7a47550
11-10 16:22:00.265 I/qdhwcomposer(  174): handle_blank_event: dpy:0 panel power state: 2
11-10 16:23:01.076 I/qdhwcomposer(  174): handle_blank_event: dpy:0 panel power state: 2
11-10 16:23:01.084 D/AmbientService(  912): scheduling next alarm, nowWall: 1447168981084, nextWall: 1447169040000, nowElapsed: 77993918, nextElapsed: 78052834
11-10 16:23:01.085 D/AmbientService(  912): updateAmbient: AmbientActivity[component=ComponentInfo{com.google.android.wearable.app/com.google.android.clockwork.home.HomeActivity}, callbacks=@10b985be, running=true, ambient=true] main 1
11-10 16:23:01.105 D/AmbientService(  912): onAmbientUpdated: AmbientActivity[component=ComponentInfo{com.google.android.wearable.app/com.google.android.clockwork.home.HomeActivity}, callbacks=@10b985be, running=true, ambient=true]Binder_2 55
11-10 16:23:01.106 I/InputReader(  573): Reconfiguring input devices.  changes=0x00000004
11-10 16:23:01.106 I/InputReader(  573): Device reconfigured: id=3, name='synaptics_rmi4_i2c', size 320x320, orientation 0, mode 1, display id 0
11-10 16:23:01.109 I/InputReader(  573): Reconfiguring input devices.  changes=0x00000004
11-10 16:23:01.132 D/SurfaceFlinger(  174): Set power mode=1, type=0 flinger=0xb7a47550
11-10 16:23:01.132 I/qdhwcomposer(  174): handle_blank_event: dpy:0 panel power state: 2
11-10 16:23:01.262 D/SurfaceFlinger(  174): Set power mode=3, type=0 flinger=0xb7a47550
11-10 16:23:01.262 I/qdhwcomposer(  174): handle_blank_event: dpy:0 panel power state: 2
11-10 16:24:01.077 I/qdhwcomposer(  174): handle_blank_event: dpy:0 panel power state: 2
11-10 16:24:01.084 D/AmbientService(  912): scheduling next alarm, nowWall: 1447169041084, nextWall: 1447169100000, nowElapsed: 78053917, nextElapsed: 78112833
11-10 16:24:01.087 D/AmbientService(  912): updateAmbient: AmbientActivity[component=ComponentInfo{com.google.android.wearable.app/com.google.android.clockwork.home.HomeActivity}, callbacks=@10b985be, running=true, ambient=true] main 1
11-10 16:24:01.104 D/AmbientService(  912): onAmbientUpdated: AmbientActivity[component=ComponentInfo{com.google.android.wearable.app/com.google.android.clockwork.home.HomeActivity}, callbacks=@10b985be, running=true, ambient=true]Binder_1 54
11-10 16:24:01.106 I/InputReader(  573): Reconfiguring input devices.  changes=0x00000004
11-10 16:24:01.106 I/InputReader(  573): Device reconfigured: id=3, name='synaptics_rmi4_i2c', size 320x320, orientation 0, mode 1, display id 0
11-10 16:24:01.107 I/InputReader(  573): Reconfiguring input devices.  changes=0x00000004
11-10 16:24:01.129 D/SurfaceFlinger(  174): Set power mode=1, type=0 flinger=0xb7a47550
11-10 16:24:01.130 I/qdhwcomposer(  174): handle_blank_event: dpy:0 panel power state: 2
11-10 16:24:01.259 D/SurfaceFlinger(  174): Set power mode=3, type=0 flinger=0xb7a47550
11-10 16:24:01.260 I/qdhwcomposer(  174): handle_blank_event: dpy:0 panel power state: 2
11-10 16:24:19.008 I/qdhwcomposer(  174): handle_blank_event: dpy:0 panel power state: 2
11-10 16:24:19.011 V/KeyguardServiceDelegate(  573): onScreenTurnedOn(showListener = com.android.internal.policy.impl.PhoneWindowManager$2@1a6c5e2a)
11-10 16:24:19.028 E/WifiStateMachine(  573): cancelDelayedScan -> 464
11-10 16:24:19.032 D/audio_hw_primary(  196): adev_set_parameters: enter: screen_state=on
11-10 16:24:19.037 V/KeyguardServiceDelegate(  573): **** SHOWN CALLED ****
11-10 16:24:19.039 D/PowerHAL(  573): IDLE_MODE(touch) -> 0
11-10 16:24:19.045 D/SurfaceFlinger(  174): Set power mode=2, type=0 flinger=0xb7a47550
11-10 16:24:19.061 I/qdhwcomposer(  174): handle_blank_event: dpy:0 panel power state: 1
11-10 16:24:19.098 D/DeepAmbientRecognition(  735): onDestroy
11-10 16:24:19.114 D/AmbientService(  912): exitAmbient: AmbientActivity[component=ComponentInfo{com.google.android.wearable.app/com.google.android.clockwork.home.HomeActivity}, callbacks=@10b985be, running=true, ambient=true] main 1
11-10 16:24:19.125 D/AmbientService(  912): AmbientDreamStub.detach called while disabled
11-10 16:24:19.139 I/InputReader(  573): Reconfiguring input devices.  changes=0x00000004
11-10 16:24:19.139 I/InputReader(  573): Device reconfigured: id=3, name='synaptics_rmi4_i2c', size 320x320, orientation 0, mode 1, display id 0
11-10 16:24:19.141 I/InputReader(  573): Reconfiguring input devices.  changes=0x00000004
11-10 16:24:19.150 I/AudioFlinger(  196): AudioFlinger's thread 0xb5614008 ready to run
11-10 16:24:19.164 D/audio_hw_primary(  196): select_devices: out_snd_device(0: none) in_snd_device(55: voice-rec-mic)
11-10 16:24:19.164 D/msm8974_platform(  196): platform_send_audio_calibration: sending audio calibration for snd_device(55) acdb_id(62)
11-10 16:24:19.164 D/        (  196): Failed to fetch the lookup information of the device 0000003E 
11-10 16:24:19.164 D/        (  196): Failed to fetch the lookup information of the device 0000003E 
11-10 16:24:19.164 D/audio_hw_primary(  196): enable_snd_device: snd_device(55: voice-rec-mic)
11-10 16:24:19.172 I/InputReader(  573): Reconfiguring input devices.  changes=0x00000004
11-10 16:24:19.172 I/InputReader(  573): Device reconfigured: id=3, name='synaptics_rmi4_i2c', size 320x320, orientation 0, mode 1, display id 0
11-10 16:24:19.174 I/InputReader(  573): Reconfiguring input devices.  changes=0x00000004
11-10 16:24:19.192 D/AmbientService(  912): onAmbientExited: AmbientActivity[component=ComponentInfo{com.google.android.wearable.app/com.google.android.clockwork.home.HomeActivity}, callbacks=@10b985be, running=true, ambient=false] Binder_3 56
11-10 16:24:19.194 D/audio_hw_primary(  196): enable_audio_route: apply and update mixer path: audio-record
11-10 16:24:23.330 I/art     (  735): Background sticky concurrent mark sweep GC freed 67908(1405KB) AllocSpace objects, 0(0B) LOS objects, 8% free, 15MB/17MB, paused 7.358ms total 65.680ms
11-10 16:24:24.027 E/WifiStateMachine(  573): cancelDelayedScan -> 465
11-10 16:24:24.031 D/audio_hw_primary(  196): adev_set_parameters: enter: screen_state=off
11-10 16:24:24.069 D/DeepAmbientRecognition(  735): onCreate
11-10 16:24:24.084 D/AmbientService(  912): onReceive Intent { act=android.intent.action.SCREEN_OFF flg=0x50000010 } true
11-10 16:24:24.085 D/AmbientService(  912): AmbientDreamRegistrationServiceStub.attach: dream: AmbientComponentConfig[component=ComponentInfo{com.google.android.wearable.ambient/com.google.android.wearable.ambient.AmbientDream}]
11-10 16:24:24.086 D/AmbientService(  912): findRunningActivities: found: AmbientActivity[component=ComponentInfo{com.google.android.wearable.app/com.google.android.clockwork.home.HomeActivity}, callbacks=@10b985be, running=true, ambient=false]
11-10 16:24:24.087 D/AmbientService(  912): scheduling next alarm, nowWall: 1447169064087, nextWall: 1447169100000, nowElapsed: 78076920, nextElapsed: 78112833
11-10 16:24:24.088 D/AmbientService(  912): enterAmbient: AmbientActivity[component=ComponentInfo{com.google.android.wearable.app/com.google.android.clockwork.home.HomeActivity}, callbacks=@10b985be, running=true, ambient=false] main 1
11-10 16:24:24.152 D/AmbientService(  912): onAmbientEntered: AmbientActivity[component=ComponentInfo{com.google.android.wearable.app/com.google.android.clockwork.home.HomeActivity}, callbacks=@10b985be, running=true, ambient=true]Binder_3 56
11-10 16:24:24.154 D/PowerHAL(  573): IDLE_MODE(touch) -> 1
11-10 16:24:24.207 D/audio_hw_primary(  196): disable_audio_route: reset and update mixer path: audio-record
11-10 16:24:24.212 D/audio_hw_primary(  196): disable_snd_device: snd_device(55: voice-rec-mic)
11-10 16:24:24.573 D/SurfaceFlinger(  174): Set power mode=3, type=0 flinger=0xb7a47550
11-10 16:24:24.573 I/qdhwcomposer(  174): handle_blank_event: dpy:0 panel power state: 2
11-10 16:24:39.439 I/qdhwcomposer(  174): handle_blank_event: dpy:0 panel power state: 2
11-10 16:24:42.879 W/bt-btif ( 1087): dm_pm_timer expires
11-10 16:24:42.879 W/bt-btif ( 1087): dm_pm_timer expires 0
11-10 16:24:42.879 W/bt-btif ( 1087): proc dm_pm_timer expires
11-10 16:24:45.436 W/bt-btif ( 1087): dm_pm_timer expires
11-10 16:24:45.436 W/bt-btif ( 1087): dm_pm_timer expires 0
11-10 16:24:45.437 W/bt-btif ( 1087): proc dm_pm_timer expires
11-10 16:24:48.034 I/qdhwcomposer(  174): handle_blank_event: dpy:0 panel power state: 2
11-10 16:24:48.036 E/libsuspend(  573): Error writing to /sys/power/state: Device or resource busy
11-10 16:24:51.127 I/qdhwcomposer(  174): handle_blank_event: dpy:0 panel power state: 2
11-10 16:25:01.076 I/qdhwcomposer(  174): handle_blank_event: dpy:0 panel power state: 2
11-10 16:25:01.082 D/AmbientService(  912): scheduling next alarm, nowWall: 1447169101082, nextWall: 1447169160000, nowElapsed: 78113916, nextElapsed: 78172834
11-10 16:25:01.092 D/AmbientService(  912): updateAmbient: AmbientActivity[component=ComponentInfo{com.google.android.wearable.app/com.google.android.clockwork.home.HomeActivity}, callbacks=@10b985be, running=true, ambient=true] main 1
11-10 16:25:01.097 I/InputReader(  573): Reconfiguring input devices.  changes=0x00000004
11-10 16:25:01.097 I/InputReader(  573): Device reconfigured: id=3, name='synaptics_rmi4_i2c', size 320x320, orientation 0, mode 1, display id 0
11-10 16:25:01.098 I/InputReader(  573): Reconfiguring input devices.  changes=0x00000004
11-10 16:25:01.101 D/AmbientService(  912): onAmbientUpdated: AmbientActivity[component=ComponentInfo{com.google.android.wearable.app/com.google.android.clockwork.home.HomeActivity}, callbacks=@10b985be, running=true, ambient=true]Binder_3 56
11-10 16:25:01.104 D/SurfaceFlinger(  174): Set power mode=1, type=0 flinger=0xb7a47550
11-10 16:25:01.104 I/qdhwcomposer(  174): handle_blank_event: dpy:0 panel power state: 2
11-10 16:25:01.233 D/SurfaceFlinger(  174): Set power mode=3, type=0 flinger=0xb7a47550
11-10 16:25:01.233 I/qdhwcomposer(  174): handle_blank_event: dpy:0 panel power state: 2
11-10 16:25:27.269 I/qdhwcomposer(  174): handle_blank_event: dpy:0 panel power state: 2
11-10 16:25:27.272 V/KeyguardServiceDelegate(  573): onScreenTurnedOn(showListener = com.android.internal.policy.impl.PhoneWindowManager$2@1a6c5e2a)
11-10 16:25:27.291 D/audio_hw_primary(  196): adev_set_parameters: enter: screen_state=on
