11-10 15:08:00.040 D/AmbientService(  912): onAmbientUpdated: AmbientActivity[component=ComponentInfo{com.google.android.wearable.app/com.google.android.clockwork.home.HomeActivity}, callbacks=@10b985be, running=true, ambient=true]Binder_1 54
11-10 15:08:00.041 I/InputReader(  573): Reconfiguring input devices.  changes=0x00000004
11-10 15:08:00.064 D/SurfaceFlinger(  174): Set power mode=1, type=0 flinger=0xb7a47550
11-10 15:08:00.064 I/qdhwcomposer(  174): handle_blank_event: dpy:0 panel power state: 2
11-10 15:08:00.194 D/SurfaceFlinger(  174): Set power mode=3, type=0 flinger=0xb7a47550
11-10 15:08:00.194 I/qdhwcomposer(  174): handle_blank_event: dpy:0 panel power state: 2
11-10 15:08:01.511 W/bt-btif ( 1087): dm_pm_timer expires
11-10 15:08:01.511 W/bt-btif ( 1087): dm_pm_timer expires 0
11-10 15:08:01.511 W/bt-btif ( 1087): proc dm_pm_timer expires
11-10 15:09:00.049 I/qdhwcomposer(  174): handle_blank_event: dpy:0 panel power state: 2
11-10 15:09:00.056 D/AmbientService(  912): scheduling next alarm, nowWall: 1447164540056, nextWall: 1447164600000, nowElapsed: 73552890, nextElapsed: 73612834
11-10 15:09:00.057 D/AmbientService(  912): updateAmbient: AmbientActivity[component=ComponentInfo{com.google.android.wearable.app/com.google.android.clockwork.home.HomeActivity}, callbacks=@10b985be, running=true, ambient=true] main 1
11-10 15:09:00.083 I/InputReader(  573): Reconfiguring input devices.  changes=0x00000004
11-10 15:09:00.083 I/InputReader(  573): Device reconfigured: id=3, name='synaptics_rmi4_i2c', size 320x320, orientation 0, mode 1, display id 0
11-10 15:09:00.085 I/InputReader(  573): Reconfiguring input devices.  changes=0x00000004
11-10 15:09:00.085 D/AmbientService(  912): onAmbientUpdated: AmbientActivity[component=ComponentInfo{com.google.android.wearable.app/com.google.android.clockwork.home.HomeActivity}, callbacks=@10b985be, running=true, ambient=true]Binder_2 55
11-10 15:09:00.108 D/SurfaceFlinger(  174): Set power mode=1, type=0 flinger=0xb7a47550
11-10 15:09:00.108 I/qdhwcomposer(  174): handle_blank_event: dpy:0 panel power state: 2
11-10 15:09:00.239 D/SurfaceFlinger(  174): Set power mode=3, type=0 flinger=0xb7a47550
11-10 15:09:00.239 I/qdhwcomposer(  174): handle_blank_event: dpy:0 panel power state: 2
11-10 15:10:01.050 I/qdhwcomposer(  174): handle_blank_event: dpy:0 panel power state: 2
11-10 15:10:01.060 D/AmbientService(  912): scheduling next alarm, nowWall: 1447164601060, nextWall: 1447164660000, nowElapsed: 73613894, nextElapsed: 73672834
11-10 15:10:01.061 D/AmbientService(  912): updateAmbient: AmbientActivity[component=ComponentInfo{com.google.android.wearable.app/com.google.android.clockwork.home.HomeActivity}, callbacks=@10b985be, running=true, ambient=true] main 1
11-10 15:10:01.077 I/InputReader(  573): Reconfiguring input devices.  changes=0x00000004
11-10 15:10:01.078 I/InputReader(  573): Device reconfigured: id=3, name='synaptics_rmi4_i2c', size 320x320, orientation 0, mode 1, display id 0
11-10 15:10:01.081 D/AmbientService(  912): onAmbientUpdated: AmbientActivity[component=ComponentInfo{com.google.android.wearable.app/com.google.android.clockwork.home.HomeActivity}, callbacks=@10b985be, running=true, ambient=true]Binder_3 56
11-10 15:10:01.081 I/InputReader(  573): Reconfiguring input devices.  changes=0x00000004
11-10 15:10:01.106 D/SurfaceFlinger(  174): Set power mode=1, type=0 flinger=0xb7a47550
11-10 15:10:01.106 I/qdhwcomposer(  174): handle_blank_event: dpy:0 panel power state: 2
11-10 15:10:01.238 D/SurfaceFlinger(  174): Set power mode=3, type=0 flinger=0xb7a47550
11-10 15:10:01.238 I/qdhwcomposer(  174): handle_blank_event: dpy:0 panel power state: 2
11-10 15:11:01.046 I/qdhwcomposer(  174): handle_blank_event: dpy:0 panel power state: 2
11-10 15:11:01.053 D/AmbientService(  912): scheduling next alarm, nowWall: 1447164661053, nextWall: 1447164720000, nowElapsed: 73673886, nextElapsed: 73732833
11-10 15:11:01.055 D/AmbientService(  912): updateAmbient: AmbientActivity[component=ComponentInfo{com.google.android.wearable.app/com.google.android.clockwork.home.HomeActivity}, callbacks=@10b985be, running=true, ambient=true] main 1
11-10 15:11:01.078 D/AmbientService(  912): onAmbientUpdated: AmbientActivity[component=ComponentInfo{com.google.android.wearable.app/com.google.android.clockwork.home.HomeActivity}, callbacks=@10b985be, running=true, ambient=true]Binder_1 54
11-10 15:11:01.079 I/InputReader(  573): Reconfiguring input devices.  changes=0x00000004
11-10 15:11:01.079 I/InputReader(  573): Device reconfigured: id=3, name='synaptics_rmi4_i2c', size 320x320, orientation 0, mode 1, display id 0
11-10 15:11:01.080 I/InputReader(  573): Reconfiguring input devices.  changes=0x00000004
11-10 15:11:01.103 D/SurfaceFlinger(  174): Set power mode=1, type=0 flinger=0xb7a47550
11-10 15:11:01.104 I/qdhwcomposer(  174): handle_blank_event: dpy:0 panel power state: 2
11-10 15:11:01.234 D/SurfaceFlinger(  174): Set power mode=3, type=0 flinger=0xb7a47550
11-10 15:11:01.234 I/qdhwcomposer(  174): handle_blank_event: dpy:0 panel power state: 2
11-10 15:12:01.051 I/qdhwcomposer(  174): handle_blank_event: dpy:0 panel power state: 2
11-10 15:12:01.059 D/AmbientService(  912): scheduling next alarm, nowWall: 1447164721059, nextWall: 1447164780000, nowElapsed: 73733893, nextElapsed: 73792834
11-10 15:12:01.060 D/AmbientService(  912): updateAmbient: AmbientActivity[component=ComponentInfo{com.google.android.wearable.app/com.google.android.clockwork.home.HomeActivity}, callbacks=@10b985be, running=true, ambient=true] main 1
11-10 15:12:01.080 D/AmbientService(  912): onAmbientUpdated: AmbientActivity[component=ComponentInfo{com.google.android.wearable.app/com.google.android.clockwork.home.HomeActivity}, callbacks=@10b985be, running=true, ambient=true]Binder_2 55
11-10 15:12:01.080 I/InputReader(  573): Reconfiguring input devices.  changes=0x00000004
11-10 15:12:01.080 I/InputReader(  573): Device reconfigured: id=3, name='synaptics_rmi4_i2c', size 320x320, orientation 0, mode 1, display id 0
11-10 15:12:01.082 I/InputReader(  573): Reconfiguring input devices.  changes=0x00000004
11-10 15:12:01.105 D/SurfaceFlinger(  174): Set power mode=1, type=0 flinger=0xb7a47550
11-10 15:12:01.105 I/qdhwcomposer(  174): handle_blank_event: dpy:0 panel power state: 2
11-10 15:12:01.236 D/SurfaceFlinger(  174): Set power mode=3, type=0 flinger=0xb7a47550
11-10 15:12:01.236 I/qdhwcomposer(  174): handle_blank_event: dpy:0 panel power state: 2
11-10 15:12:44.765 I/qdhwcomposer(  174): handle_blank_event: dpy:0 panel power state: 2
11-10 15:12:45.256 D/AuthZenListenerService(  970): onMessageReceived: MessageEventParcelable[16696,com/google/android/location/fused/wearable/LOCATIONS, size=362], Path: com/google/android/location/fused/wearable/LOCATIONS
11-10 15:12:45.257 D/AuthZenWearListenerService(  970): onMessageReceived : MessageEventParcelable[16696,com/google/android/location/fused/wearable/LOCATIONS, size=362], Path: com/google/android/location/fused/wearable/LOCATIONS
11-10 15:12:47.194 W/bt-btif ( 1087): dm_pm_timer expires
11-10 15:12:47.194 W/bt-btif ( 1087): dm_pm_timer expires 0
11-10 15:12:47.194 W/bt-btif ( 1087): proc dm_pm_timer expires
11-10 15:13:01.050 I/qdhwcomposer(  174): handle_blank_event: dpy:0 panel power state: 2
11-10 15:13:01.055 D/AmbientService(  912): scheduling next alarm, nowWall: 1447164781055, nextWall: 1447164840000, nowElapsed: 73793889, nextElapsed: 73852834
11-10 15:13:01.066 I/InputReader(  573): Reconfiguring input devices.  changes=0x00000004
11-10 15:13:01.066 I/InputReader(  573): Device reconfigured: id=3, name='synaptics_rmi4_i2c', size 320x320, orientation 0, mode 1, display id 0
11-10 15:13:01.067 I/InputReader(  573): Reconfiguring input devices.  changes=0x00000004
11-10 15:13:01.070 D/AmbientService(  912): updateAmbient: AmbientActivity[component=ComponentInfo{com.google.android.wearable.app/com.google.android.clockwork.home.HomeActivity}, callbacks=@10b985be, running=true, ambient=true] main 1
11-10 15:13:01.074 D/AmbientService(  912): onAmbientUpdated: AmbientActivity[component=ComponentInfo{com.google.android.wearable.app/com.google.android.clockwork.home.HomeActivity}, callbacks=@10b985be, running=true, ambient=true]Binder_3 56
11-10 15:13:01.093 D/SurfaceFlinger(  174): Set power mode=1, type=0 flinger=0xb7a47550
11-10 15:13:01.093 I/qdhwcomposer(  174): handle_blank_event: dpy:0 panel power state: 2
11-10 15:13:01.224 D/SurfaceFlinger(  174): Set power mode=3, type=0 flinger=0xb7a47550
11-10 15:13:01.224 I/qdhwcomposer(  174): handle_blank_event: dpy:0 panel power state: 2
11-10 15:14:01.051 I/qdhwcomposer(  174): handle_blank_event: dpy:0 panel power state: 2
11-10 15:14:01.060 D/AmbientService(  912): scheduling next alarm, nowWall: 1447164841060, nextWall: 1447164900000, nowElapsed: 73853893, nextElapsed: 73912833
11-10 15:14:01.061 D/AmbientService(  912): updateAmbient: AmbientActivity[component=ComponentInfo{com.google.android.wearable.app/com.google.android.clockwork.home.HomeActivity}, callbacks=@10b985be, running=true, ambient=true] main 1
11-10 15:14:01.082 D/AmbientService(  912): onAmbientUpdated: AmbientActivity[component=ComponentInfo{com.google.android.wearable.app/com.google.android.clockwork.home.HomeActivity}, callbacks=@10b985be, running=true, ambient=true]Binder_1 54
11-10 15:14:01.084 I/InputReader(  573): Reconfiguring input devices.  changes=0x00000004
11-10 15:14:01.084 I/InputReader(  573): Device reconfigured: id=3, name='synaptics_rmi4_i2c', size 320x320, orientation 0, mode 1, display id 0
11-10 15:14:01.085 I/InputReader(  573): Reconfiguring input devices.  changes=0x00000004
11-10 15:14:01.108 D/SurfaceFlinger(  174): Set power mode=1, type=0 flinger=0xb7a47550
11-10 15:14:01.108 I/qdhwcomposer(  174): handle_blank_event: dpy:0 panel power state: 2
11-10 15:14:01.239 D/SurfaceFlinger(  174): Set power mode=3, type=0 flinger=0xb7a47550
11-10 15:14:01.239 I/qdhwcomposer(  174): handle_blank_event: dpy:0 panel power state: 2
11-10 15:14:13.174 I/qdhwcomposer(  174): handle_blank_event: dpy:0 panel power state: 2
11-10 15:14:13.177 V/KeyguardServiceDelegate(  573): onScreenTurnedOn(showListener = com.android.internal.policy.impl.PhoneWindowManager$2@1a6c5e2a)
11-10 15:14:13.187 E/WifiStateMachine(  573): cancelDelayedScan -> 434
11-10 15:14:13.192 V/KeyguardServiceDelegate(  573): **** SHOWN CALLED ****
11-10 15:14:13.200 D/audio_hw_primary(  196): adev_set_parameters: enter: screen_state=on
11-10 15:14:13.212 D/PowerHAL(  573): IDLE_MODE(touch) -> 0
11-10 15:14:13.214 D/SurfaceFlinger(  174): Set power mode=2, type=0 flinger=0xb7a47550
11-10 15:14:13.231 I/qdhwcomposer(  174): handle_blank_event: dpy:0 panel power state: 1
11-10 15:14:13.259 D/AmbientService(  912): exitAmbient: AmbientActivity[component=ComponentInfo{com.google.android.wearable.app/com.google.android.clockwork.home.HomeActivity}, callbacks=@10b985be, running=true, ambient=true] main 1
11-10 15:14:13.263 D/AmbientService(  912): AmbientDreamStub.detach called while disabled
11-10 15:14:13.303 D/AmbientService(  912): onAmbientExited: AmbientActivity[component=ComponentInfo{com.google.android.wearable.app/com.google.android.clockwork.home.HomeActivity}, callbacks=@10b985be, running=true, ambient=false] Binder_2 55
11-10 15:14:13.313 I/AudioFlinger(  196): AudioFlinger's thread 0xb5614008 ready to run
11-10 15:14:13.332 D/audio_hw_primary(  196): select_devices: out_snd_device(0: none) in_snd_device(55: voice-rec-mic)
11-10 15:14:13.332 D/msm8974_platform(  196): platform_send_audio_calibration: sending audio calibration for snd_device(55) acdb_id(62)
11-10 15:14:13.332 D/        (  196): Failed to fetch the lookup information of the device 0000003E 
11-10 15:14:13.332 D/        (  196): Failed to fetch the lookup information of the device 0000003E 
11-10 15:14:13.333 D/audio_hw_primary(  196): enable_snd_device: snd_device(55: voice-rec-mic)
11-10 15:14:13.348 I/InputReader(  573): Reconfiguring input devices.  changes=0x00000004
11-10 15:14:13.348 I/InputReader(  573): Device reconfigured: id=3, name='synaptics_rmi4_i2c', size 320x320, orientation 0, mode 1, display id 0
11-10 15:14:13.351 I/InputReader(  573): Reconfiguring input devices.  changes=0x00000004
11-10 15:14:13.373 D/audio_hw_primary(  196): enable_audio_route: apply and update mixer path: audio-record
11-10 15:14:13.374 I/InputReader(  573): Reconfiguring input devices.  changes=0x00000004
11-10 15:14:13.374 I/InputReader(  573): Device reconfigured: id=3, name='synaptics_rmi4_i2c', size 320x320, orientation 0, mode 1, display id 0
11-10 15:14:13.376 I/InputReader(  573): Reconfiguring input devices.  changes=0x00000004
11-10 15:14:13.377 D/DeepAmbientRecognition(  735): onDestroy
11-10 15:14:13.397 I/InputReader(  573): Reconfiguring input devices.  changes=0x00000004
11-10 15:14:13.397 I/InputReader(  573): Device reconfigured: id=3, name='synaptics_rmi4_i2c', size 320x320, orientation 0, mode 1, display id 0
11-10 15:14:13.398 I/InputReader(  573): Reconfiguring input devices.  changes=0x00000004
11-10 15:14:18.186 E/WifiStateMachine(  573): cancelDelayedScan -> 435
11-10 15:14:18.193 D/audio_hw_primary(  196): adev_set_parameters: enter: screen_state=off
11-10 15:14:18.230 D/DeepAmbientRecognition(  735): onCreate
11-10 15:14:18.241 D/AmbientService(  912): onReceive Intent { act=android.intent.action.SCREEN_OFF flg=0x50000010 } true
11-10 15:14:18.263 D/AmbientService(  912): AmbientDreamRegistrationServiceStub.attach: dream: AmbientComponentConfig[component=ComponentInfo{com.google.android.wearable.ambient/com.google.android.wearable.ambient.AmbientDream}]
11-10 15:14:18.263 D/AmbientService(  912): findRunningActivities: found: AmbientActivity[component=ComponentInfo{com.google.android.wearable.app/com.google.android.clockwork.home.HomeActivity}, callbacks=@10b985be, running=true, ambient=false]
11-10 15:14:18.263 D/AmbientService(  912): scheduling next alarm, nowWall: 1447164858263, nextWall: 1447164900000, nowElapsed: 73871097, nextElapsed: 73912834
11-10 15:14:18.277 D/AmbientService(  912): enterAmbient: AmbientActivity[component=ComponentInfo{com.google.android.wearable.app/com.google.android.clockwork.home.HomeActivity}, callbacks=@10b985be, running=true, ambient=false] main 1
11-10 15:14:18.283 D/AmbientService(  912): onAmbientEntered: AmbientActivity[component=ComponentInfo{com.google.android.wearable.app/com.google.android.clockwork.home.HomeActivity}, callbacks=@10b985be, running=true, ambient=true]Binder_2 55
11-10 15:14:18.343 D/PowerHAL(  573): IDLE_MODE(touch) -> 1
11-10 15:14:18.404 D/audio_hw_primary(  196): disable_audio_route: reset and update mixer path: audio-record
11-10 15:14:18.408 D/audio_hw_primary(  196): disable_snd_device: snd_device(55: voice-rec-mic)
11-10 15:14:18.736 D/SurfaceFlinger(  174): Set power mode=3, type=0 flinger=0xb7a47550
11-10 15:14:18.736 I/qdhwcomposer(  174): handle_blank_event: dpy:0 panel power state: 2
11-10 15:14:19.477 I/qdhwcomposer(  174): handle_blank_event: dpy:0 panel power state: 2
11-10 15:14:19.478 E/libsuspend(  573): Error writing to /sys/power/state: Device or resource busy
11-10 15:14:49.589 I/qdhwcomposer(  174): handle_blank_event: dpy:0 panel power state: 2
11-10 15:14:49.591 V/KeyguardServiceDelegate(  573): onScreenTurnedOn(showListener = com.android.internal.policy.impl.PhoneWindowManager$2@1a6c5e2a)
11-10 15:14:49.602 E/WifiStateMachine(  573): cancelDelayedScan -> 436
11-10 15:14:49.610 V/KeyguardServiceDelegate(  573): **** SHOWN CALLED ****
11-10 15:14:49.610 D/audio_hw_primary(  196): adev_set_parameters: enter: screen_state=on
11-10 15:14:49.616 D/PowerHAL(  573): IDLE_MODE(touch) -> 0
11-10 15:14:49.618 D/SurfaceFlinger(  174): Set power mode=2, type=0 flinger=0xb7a47550
11-10 15:14:49.638 I/qdhwcomposer(  174): handle_blank_event: dpy:0 panel power state: 1
11-10 15:14:49.675 D/DeepAmbientRecognition(  735): onDestroy
11-10 15:14:49.683 D/AmbientService(  912): exitAmbient: AmbientActivity[component=ComponentInfo{com.google.android.wearable.app/com.google.android.clockwork.home.HomeActivity}, callbacks=@10b985be, running=true, ambient=true] main 1
11-10 15:14:49.693 D/AmbientService(  912): AmbientDreamStub.detach called while disabled
11-10 15:14:49.716 I/AudioFlinger(  196): AudioFlinger's thread 0xb5614008 ready to run
11-10 15:14:49.741 D/audio_hw_primary(  196): select_devices: out_snd_device(0: none) in_snd_device(55: voice-rec-mic)
11-10 15:14:49.741 D/msm8974_platform(  196): platform_send_audio_calibration: sending audio calibration for snd_device(55) acdb_id(62)
11-10 15:14:49.742 D/        (  196): Failed to fetch the lookup information of the device 0000003E 
11-10 15:14:49.743 D/        (  196): Failed to fetch the lookup information of the device 0000003E 
11-10 15:14:49.743 D/audio_hw_primary(  196): enable_snd_device: snd_device(55: voice-rec-mic)
11-10 15:14:49.746 D/AmbientService(  912): onAmbientExited: AmbientActivity[component=ComponentInfo{com.google.android.wearable.app/com.google.android.clockwork.home.HomeActivity}, callbacks=@10b985be, running=true, ambient=false] Binder_3 56
11-10 15:14:49.756 D/audio_hw_primary(  196): enable_audio_route: apply and update mixer path: audio-record
11-10 15:14:49.771 D/LightsService(  573): Excessive delay setting light: 51ms
11-10 15:14:54.601 E/WifiStateMachine(  573): cancelDelayedScan -> 437
11-10 15:14:54.608 D/audio_hw_primary(  196): adev_set_parameters: enter: screen_state=off
11-10 15:14:54.645 D/DeepAmbientRecognition(  735): onCreate
11-10 15:14:54.657 D/AmbientService(  912): onReceive Intent { act=android.intent.action.SCREEN_OFF flg=0x50000010 } true
11-10 15:14:54.675 D/AmbientService(  912): AmbientDreamRegistrationServiceStub.attach: dream: AmbientComponentConfig[component=ComponentInfo{com.google.android.wearable.ambient/com.google.android.wearable.ambient.AmbientDream}]
11-10 15:14:54.676 D/AmbientService(  912): findRunningActivities: found: AmbientActivity[component=ComponentInfo{com.google.android.wearable.app/com.google.android.clockwork.home.HomeActivity}, callbacks=@10b985be, running=true, ambient=false]
11-10 15:14:54.676 D/AmbientService(  912): scheduling next alarm, nowWall: 1447164894676, nextWall: 1447164900000, nowElapsed: 73907510, nextElapsed: 73912834
11-10 15:14:54.677 D/AmbientService(  912): enterAmbient: AmbientActivity[component=ComponentInfo{com.google.android.wearable.app/com.google.android.clockwork.home.HomeActivity}, callbacks=@10b985be, running=true, ambient=false] main 1
11-10 15:14:54.686 D/AmbientService(  912): onAmbientEntered: AmbientActivity[component=ComponentInfo{com.google.android.wearable.app/com.google.android.clockwork.home.HomeActivity}, callbacks=@10b985be, running=true, ambient=true]Binder_3 56
11-10 15:14:54.687 D/PowerHAL(  573): IDLE_MODE(touch) -> 1
11-10 15:14:54.778 D/audio_hw_primary(  196): disable_audio_route: reset and update mixer path: audio-record
11-10 15:14:54.782 D/audio_hw_primary(  196): disable_snd_device: snd_device(55: voice-rec-mic)
11-10 15:14:55.081 V/KeyguardServiceDelegate(  573): onScreenTurnedOn(showListener = com.android.internal.policy.impl.PhoneWindowManager$2@1a6c5e2a)
11-10 15:14:55.083 D/PowerHAL(  573): IDLE_MODE(touch) -> 0
11-10 15:14:55.092 E/WifiStateMachine(  573): cancelDelayedScan -> 438
11-10 15:14:55.100 V/KeyguardServiceDelegate(  573): **** SHOWN CALLED ****
11-10 15:14:55.103 D/audio_hw_primary(  196): adev_set_parameters: enter: screen_state=on
11-10 15:14:55.118 D/AmbientService(  912): exitAmbient: AmbientActivity[component=ComponentInfo{com.google.android.wearable.app/com.google.android.clockwork.home.HomeActivity}, callbacks=@10b985be, running=true, ambient=true] main 1
11-10 15:14:55.130 D/AmbientService(  912): AmbientDreamStub.detach called while disabled
11-10 15:14:55.258 I/art     (  573): Explicit concurrent mark sweep GC freed 32760(1617KB) AllocSpace objects, 1(16KB) LOS objects, 15% free, 10MB/12MB, paused 1.964ms total 130.155ms
11-10 15:14:55.303 D/AmbientService(  912): onAmbientExited: AmbientActivity[component=ComponentInfo{com.google.android.wearable.app/com.google.android.clockwork.home.HomeActivity}, callbacks=@10b985be, running=true, ambient=false] Binder_3 56
11-10 15:14:55.318 I/AudioFlinger(  196): AudioFlinger's thread 0xb5614008 ready to run
11-10 15:14:55.334 D/audio_hw_primary(  196): select_devices: out_snd_device(0: none) in_snd_device(55: voice-rec-mic)
11-10 15:14:55.334 D/msm8974_platform(  196): platform_send_audio_calibration: sending audio calibration for snd_device(55) acdb_id(62)
11-10 15:14:55.334 D/        (  196): Failed to fetch the lookup information of the device 0000003E 
11-10 15:14:55.334 D/        (  196): Failed to fetch the lookup information of the device 0000003E 
11-10 15:14:55.334 D/audio_hw_primary(  196): enable_snd_device: snd_device(55: voice-rec-mic)
11-10 15:14:55.343 D/audio_hw_primary(  196): enable_audio_route: apply and update mixer path: audio-record
11-10 15:14:55.369 D/LightsService(  573): Excessive delay setting light: 61ms
11-10 15:14:55.398 D/DeepAmbientRecognition(  735): onDestroy
11-10 15:15:07.547 E/WifiStateMachine(  573): cancelDelayedScan -> 439
11-10 15:15:07.553 D/audio_hw_primary(  196): adev_set_parameters: enter: screen_state=off
11-10 15:15:07.590 D/DeepAmbientRecognition(  735): onCreate
11-10 15:15:07.602 D/AmbientService(  912): AmbientDreamRegistrationServiceStub.attach: dream: AmbientComponentConfig[component=ComponentInfo{com.google.android.wearable.ambient/com.google.android.wearable.ambient.AmbientDream}]
11-10 15:15:07.609 D/AmbientService(  912): findRunningActivities: found: AmbientActivity[component=ComponentInfo{com.google.android.wearable.app/com.google.android.clockwork.home.HomeActivity}, callbacks=@10b985be, running=true, ambient=false]
11-10 15:15:07.610 D/AmbientService(  912): onReceive Intent { act=android.intent.action.SCREEN_OFF flg=0x50000010 } true
11-10 15:15:07.627 D/AmbientService(  912): scheduling next alarm, nowWall: 1447164907627, nextWall: 1447164960000, nowElapsed: 73920461, nextElapsed: 73972834
11-10 15:15:07.628 D/AmbientService(  912): enterAmbient: AmbientActivity[component=ComponentInfo{com.google.android.wearable.app/com.google.android.clockwork.home.HomeActivity}, callbacks=@10b985be, running=true, ambient=false] main 1
11-10 15:15:07.635 D/AmbientService(  912): onAmbientEntered: AmbientActivity[component=ComponentInfo{com.google.android.wearable.app/com.google.android.clockwork.home.HomeActivity}, callbacks=@10b985be, running=true, ambient=true]Binder_1 54
11-10 15:15:07.650 D/SurfaceFlinger(  174): Set power mode=3, type=0 flinger=0xb7a47550
11-10 15:15:07.651 I/qdhwcomposer(  174): handle_blank_event: dpy:0 panel power state: 2
11-10 15:15:07.657 D/PowerHAL(  573): IDLE_MODE(touch) -> 1
11-10 15:15:07.707 D/SurfaceFlinger(  174): Set power mode=1, type=0 flinger=0xb7a47550
11-10 15:15:07.707 I/qdhwcomposer(  174): handle_blank_event: dpy:0 panel power state: 2
11-10 15:15:07.758 D/audio_hw_primary(  196): disable_audio_route: reset and update mixer path: audio-record
11-10 15:15:07.762 D/audio_hw_primary(  196): disable_snd_device: snd_device(55: voice-rec-mic)
11-10 15:15:07.817 D/SurfaceFlinger(  174): Set power mode=3, type=0 flinger=0xb7a47550
11-10 15:15:07.818 I/qdhwcomposer(  174): handle_blank_event: dpy:0 panel power state: 2
11-10 15:15:08.366 E/libsuspend(  573): Error writing to /sys/power/state: Device or resource busy
11-10 15:15:08.571 I/qdhwcomposer(  174): handle_blank_event: dpy:0 panel power state: 2
11-10 15:15:08.572 E/libsuspend(  573): Error writing to /sys/power/state: Device or resource busy
11-10 15:16:01.052 I/qdhwcomposer(  174): handle_blank_event: dpy:0 panel power state: 2
11-10 15:16:01.058 D/AmbientService(  912): scheduling next alarm, nowWall: 1447164961058, nextWall: 1447165020000, nowElapsed: 73973891, nextElapsed: 74032833
11-10 15:16:01.068 D/AmbientService(  912): updateAmbient: AmbientActivity[component=ComponentInfo{com.google.android.wearable.app/com.google.android.clockwork.home.HomeActivity}, callbacks=@10b985be, running=true, ambient=true] main 1
11-10 15:16:01.072 I/InputReader(  573): Reconfiguring input devices.  changes=0x00000004
11-10 15:16:01.072 I/InputReader(  573): Device reconfigured: id=3, name='synaptics_rmi4_i2c', size 320x320, orientation 0, mode 1, display id 0
11-10 15:16:01.073 I/InputReader(  573): Reconfiguring input devices.  changes=0x00000004
11-10 15:16:01.077 D/AmbientService(  912): onAmbientUpdated: AmbientActivity[component=ComponentInfo{com.google.android.wearable.app/com.google.android.clockwork.home.HomeActivity}, callbacks=@10b985be, running=true, ambient=true]Binder_3 56
11-10 15:16:01.095 D/SurfaceFlinger(  174): Set power mode=1, type=0 flinger=0xb7a47550
11-10 15:16:01.095 I/qdhwcomposer(  174): handle_blank_event: dpy:0 panel power state: 2
11-10 15:16:01.225 D/SurfaceFlinger(  174): Set power mode=3, type=0 flinger=0xb7a47550
11-10 15:16:01.226 I/qdhwcomposer(  174): handle_blank_event: dpy:0 panel power state: 2
11-10 15:16:26.053 I/qdhwcomposer(  174): handle_blank_event: dpy:0 panel power state: 2
11-10 15:16:49.581 I/qdhwcomposer(  174): handle_blank_event: dpy:0 panel power state: 2
11-10 15:16:49.582 V/KeyguardServiceDelegate(  573): onScreenTurnedOn(showListener = com.android.internal.policy.impl.PhoneWindowManager$2@1a6c5e2a)
11-10 15:16:49.594 E/WifiStateMachine(  573): cancelDelayedScan -> 440
11-10 15:16:49.598 D/audio_hw_primary(  196): adev_set_parameters: enter: screen_state=on
11-10 15:16:49.604 V/KeyguardServiceDelegate(  573): **** SHOWN CALLED ****
11-10 15:16:49.611 D/PowerHAL(  573): IDLE_MODE(touch) -> 0
11-10 15:16:49.613 D/SurfaceFlinger(  174): Set power mode=2, type=0 flinger=0xb7a47550
11-10 15:16:49.633 I/qdhwcomposer(  174): handle_blank_event: dpy:0 panel power state: 1
11-10 15:16:49.679 D/AmbientService(  912): exitAmbient: AmbientActivity[component=ComponentInfo{com.google.android.wearable.app/com.google.android.clockwork.home.HomeActivity}, callbacks=@10b985be, running=true, ambient=true] main 1
11-10 15:16:49.685 D/AmbientService(  912): AmbientDreamStub.detach called while disabled
11-10 15:16:49.703 I/AudioFlinger(  196): AudioFlinger's thread 0xb5614008 ready to run
11-10 15:16:49.713 I/InputReader(  573): Reconfiguring input devices.  changes=0x00000004
11-10 15:16:49.713 I/InputReader(  573): Device reconfigured: id=3, name='synaptics_rmi4_i2c', size 320x320, orientation 0, mode 1, display id 0
11-10 15:16:49.715 I/InputReader(  573): Reconfiguring input devices.  changes=0x00000004
11-10 15:16:49.716 D/audio_hw_primary(  196): select_devices: out_snd_device(0: none) in_snd_device(55: voice-rec-mic)
11-10 15:16:49.716 D/msm8974_platform(  196): platform_send_audio_calibration: sending audio calibration for snd_device(55) acdb_id(62)
11-10 15:16:49.716 D/        (  196): Failed to fetch the lookup information of the device 0000003E 
11-10 15:16:49.716 D/        (  196): Failed to fetch the lookup information of the device 0000003E 
11-10 15:16:49.716 D/audio_hw_primary(  196): enable_snd_device: snd_device(55: voice-rec-mic)
11-10 15:16:49.729 D/audio_hw_primary(  196): enable_audio_route: apply and update mixer path: audio-record
11-10 15:16:49.753 I/InputReader(  573): Reconfiguring input devices.  changes=0x00000004
11-10 15:16:49.753 I/InputReader(  573): Device reconfigured: id=3, name='synaptics_rmi4_i2c', size 320x320, orientation 0, mode 1, display id 0
11-10 15:16:49.755 I/InputReader(  573): Reconfiguring input devices.  changes=0x00000004
11-10 15:16:49.774 I/InputReader(  573): Reconfiguring input devices.  changes=0x00000004
11-10 15:16:49.774 I/InputReader(  573): Device reconfigured: id=3, name='synaptics_rmi4_i2c', size 320x320, orientation 0, mode 1, display id 0
11-10 15:16:49.778 I/InputReader(  573): Reconfiguring input devices.  changes=0x00000004
11-10 15:16:49.784 D/AmbientService(  912): onAmbientExited: AmbientActivity[component=ComponentInfo{com.google.android.wearable.app/com.google.android.clockwork.home.HomeActivity}, callbacks=@10b985be, running=true, ambient=false] Binder_2 55
11-10 15:16:49.799 D/DeepAmbientRecognition(  735): onDestroy
11-10 15:16:54.586 E/WifiStateMachine(  573): cancelDelayedScan -> 441
11-10 15:16:54.593 D/audio_hw_primary(  196): adev_set_parameters: enter: screen_state=off
11-10 15:16:54.642 D/DeepAmbientRecognition(  735): onCreate
11-10 15:16:54.654 D/AmbientService(  912): onReceive Intent { act=android.intent.action.SCREEN_OFF flg=0x50000010 } true
11-10 15:16:54.673 D/AmbientService(  912): AmbientDreamRegistrationServiceStub.attach: dream: AmbientComponentConfig[component=ComponentInfo{com.google.android.wearable.ambient/com.google.android.wearable.ambient.AmbientDream}]
11-10 15:16:54.674 D/AmbientService(  912): findRunningActivities: found: AmbientActivity[component=ComponentInfo{com.google.android.wearable.app/com.google.android.clockwork.home.HomeActivity}, callbacks=@10b985be, running=true, ambient=false]
11-10 15:16:54.674 D/AmbientService(  912): scheduling next alarm, nowWall: 1447165014674, nextWall: 1447165020000, nowElapsed: 74027508, nextElapsed: 74032834
11-10 15:16:54.675 D/AmbientService(  912): enterAmbient: AmbientActivity[component=ComponentInfo{com.google.android.wearable.app/com.google.android.clockwork.home.HomeActivity}, callbacks=@10b985be, running=true, ambient=false] main 1
11-10 15:16:54.681 D/AmbientService(  912): onAmbientEntered: AmbientActivity[component=ComponentInfo{com.google.android.wearable.app/com.google.android.clockwork.home.HomeActivity}, callbacks=@10b985be, running=true, ambient=true]Binder_3 56
11-10 15:16:54.683 D/PowerHAL(  573): IDLE_MODE(touch) -> 1
11-10 15:16:54.776 D/audio_hw_primary(  196): disable_audio_route: reset and update mixer path: audio-record
11-10 15:16:54.780 D/audio_hw_primary(  196): disable_snd_device: snd_device(55: voice-rec-mic)
11-10 15:16:55.147 D/SurfaceFlinger(  174): Set power mode=3, type=0 flinger=0xb7a47550
11-10 15:16:55.148 I/qdhwcomposer(  174): handle_blank_event: dpy:0 panel power state: 2
11-10 15:16:55.886 I/qdhwcomposer(  174): handle_blank_event: dpy:0 panel power state: 2
11-10 15:16:55.887 E/libsuspend(  573): Error writing to /sys/power/state: Device or resource busy
11-10 15:17:00.053 I/qdhwcomposer(  174): handle_blank_event: dpy:0 panel power state: 2
11-10 15:17:00.056 D/AmbientService(  912): scheduling next alarm, nowWall: 1447165020056, nextWall: 1447165080000, nowElapsed: 74032890, nextElapsed: 74092834
11-10 15:17:00.059 D/AmbientService(  912): updateAmbient: AmbientActivity[component=ComponentInfo{com.google.android.wearable.app/com.google.android.clockwork.home.HomeActivity}, callbacks=@10b985be, running=true, ambient=true] main 1
11-10 15:17:00.064 D/AmbientService(  912): onAmbientUpdated: AmbientActivity[component=ComponentInfo{com.google.android.wearable.app/com.google.android.clockwork.home.HomeActivity}, callbacks=@10b985be, running=true, ambient=true]Binder_3 56
11-10 15:17:00.072 D/SurfaceFlinger(  174): Set power mode=1, type=0 flinger=0xb7a47550
11-10 15:17:00.072 I/qdhwcomposer(  174): handle_blank_event: dpy:0 panel power state: 2
11-10 15:17:00.198 D/SurfaceFlinger(  174): Set power mode=3, type=0 flinger=0xb7a47550
11-10 15:17:00.198 I/qdhwcomposer(  174): handle_blank_event: dpy:0 panel power state: 2
11-10 15:18:01.053 I/qdhwcomposer(  174): handle_blank_event: dpy:0 panel power state: 2
11-10 15:18:01.061 D/AmbientService(  912): scheduling next alarm, nowWall: 1447165081061, nextWall: 1447165140000, nowElapsed: 74093894, nextElapsed: 74152833
11-10 15:18:01.062 D/AmbientService(  912): updateAmbient: AmbientActivity[component=ComponentInfo{com.google.android.wearable.app/com.google.android.clockwork.home.HomeActivity}, callbacks=@10b985be, running=true, ambient=true] main 1
11-10 15:18:01.074 I/InputReader(  573): Reconfiguring input devices.  changes=0x00000004
11-10 15:18:01.075 I/InputReader(  573): Device reconfigured: id=3, name='synaptics_rmi4_i2c', size 320x320, orientation 0, mode 1, display id 0
11-10 15:18:01.075 I/InputReader(  573): Reconfiguring input devices.  changes=0x00000004
11-10 15:18:01.079 D/AmbientService(  912): onAmbientUpdated: AmbientActivity[component=ComponentInfo{com.google.android.wearable.app/com.google.android.clockwork.home.HomeActivity}, callbacks=@10b985be, running=true, ambient=true]Binder_2 55
11-10 15:18:01.083 D/SurfaceFlinger(  174): Set power mode=1, type=0 flinger=0xb7a47550
11-10 15:18:01.083 I/qdhwcomposer(  174): handle_blank_event: dpy:0 panel power state: 2
11-10 15:18:01.215 D/SurfaceFlinger(  174): Set power mode=3, type=0 flinger=0xb7a47550
11-10 15:18:01.215 I/qdhwcomposer(  174): handle_blank_event: dpy:0 panel power state: 2
11-10 15:18:59.536 I/qdhwcomposer(  174): handle_blank_event: dpy:0 panel power state: 2
11-10 15:18:59.539 V/KeyguardServiceDelegate(  573): onScreenTurnedOn(showListener = com.android.internal.policy.impl.PhoneWindowManager$2@1a6c5e2a)
11-10 15:18:59.555 E/WifiStateMachine(  573): cancelDelayedScan -> 442
11-10 15:18:59.563 V/KeyguardServiceDelegate(  573): **** SHOWN CALLED ****
11-10 15:18:59.564 D/audio_hw_primary(  196): adev_set_parameters: enter: screen_state=on
11-10 15:18:59.569 D/PowerHAL(  573): IDLE_MODE(touch) -> 0
11-10 15:18:59.572 D/SurfaceFlinger(  174): Set power mode=2, type=0 flinger=0xb7a47550
11-10 15:18:59.595 I/qdhwcomposer(  174): handle_blank_event: dpy:0 panel power state: 1
11-10 15:18:59.629 D/DeepAmbientRecognition(  735): onDestroy
11-10 15:18:59.649 I/InputReader(  573): Reconfiguring input devices.  changes=0x00000004
11-10 15:18:59.650 I/InputReader(  573): Device reconfigured: id=3, name='synaptics_rmi4_i2c', size 320x320, orientation 0, mode 1, display id 0
11-10 15:18:59.652 I/InputReader(  573): Reconfiguring input devices.  changes=0x00000004
11-10 15:18:59.663 I/InputReader(  573): Reconfiguring input devices.  changes=0x00000004
11-10 15:18:59.663 I/InputReader(  573): Device reconfigured: id=3, name='synaptics_rmi4_i2c', size 320x320, orientation 0, mode 1, display id 0
11-10 15:18:59.665 I/InputReader(  573): Reconfiguring input devices.  changes=0x00000004
11-10 15:18:59.673 D/AmbientService(  912): exitAmbient: AmbientActivity[component=ComponentInfo{com.google.android.wearable.app/com.google.android.clockwork.home.HomeActivity}, callbacks=@10b985be, running=true, ambient=true] main 1
11-10 15:18:59.683 I/InputReader(  573): Reconfiguring input devices.  changes=0x00000004
11-10 15:18:59.683 I/InputReader(  573): Device reconfigured: id=3, name='synaptics_rmi4_i2c', size 320x320, orientation 0, mode 1, display id 0
11-10 15:18:59.685 I/InputReader(  573): Reconfiguring input devices.  changes=0x00000004
11-10 15:18:59.689 D/AmbientService(  912): AmbientDreamStub.detach called while disabled
11-10 15:18:59.706 I/InputReader(  573): Reconfiguring input devices.  changes=0x00000004
11-10 15:18:59.706 I/InputReader(  573): Device reconfigured: id=3, name='synaptics_rmi4_i2c', size 320x320, orientation 0, mode 1, display id 0
11-10 15:18:59.708 I/InputReader(  573): Reconfiguring input devices.  changes=0x00000004
11-10 15:18:59.710 I/AudioFlinger(  196): AudioFlinger's thread 0xb5614008 ready to run
11-10 15:18:59.723 D/audio_hw_primary(  196): select_devices: out_snd_device(0: none) in_snd_device(55: voice-rec-mic)
11-10 15:18:59.723 D/msm8974_platform(  196): platform_send_audio_calibration: sending audio calibration for snd_device(55) acdb_id(62)
11-10 15:18:59.723 D/        (  196): Failed to fetch the lookup information of the device 0000003E 
11-10 15:18:59.723 D/        (  196): Failed to fetch the lookup information of the device 0000003E 
11-10 15:18:59.723 D/audio_hw_primary(  196): enable_snd_device: snd_device(55: voice-rec-mic)
11-10 15:18:59.732 I/InputReader(  573): Reconfiguring input devices.  changes=0x00000004
11-10 15:18:59.732 I/InputReader(  573): Device reconfigured: id=3, name='synaptics_rmi4_i2c', size 320x320, orientation 0, mode 1, display id 0
11-10 15:18:59.742 I/InputReader(  573): Reconfiguring input devices.  changes=0x00000004
11-10 15:18:59.755 D/audio_hw_primary(  196): enable_audio_route: apply and update mixer path: audio-record
11-10 15:18:59.766 D/AmbientService(  912): onAmbientExited: AmbientActivity[component=ComponentInfo{com.google.android.wearable.app/com.google.android.clockwork.home.HomeActivity}, callbacks=@10b985be, running=true, ambient=false] Binder_1 54
11-10 15:19:10.190 E/WifiStateMachine(  573): cancelDelayedScan -> 443
11-10 15:19:10.192 D/audio_hw_primary(  196): adev_set_parameters: enter: screen_state=off
11-10 15:19:10.227 D/DeepAmbientRecognition(  735): onCreate
11-10 15:19:10.250 D/AmbientService(  912): onReceive Intent { act=android.intent.action.SCREEN_OFF flg=0x50000010 } true
11-10 15:19:10.252 D/AmbientService(  912): AmbientDreamRegistrationServiceStub.attach: dream: AmbientComponentConfig[component=ComponentInfo{com.google.android.wearable.ambient/com.google.android.wearable.ambient.AmbientDream}]
11-10 15:19:10.274 D/AmbientService(  912): findRunningActivities: found: AmbientActivity[component=ComponentInfo{com.google.android.wearable.app/com.google.android.clockwork.home.HomeActivity}, callbacks=@10b985be, running=true, ambient=false]
11-10 15:19:10.274 D/AmbientService(  912): scheduling next alarm, nowWall: 1447165150274, nextWall: 1447165200000, nowElapsed: 74163107, nextElapsed: 74212833
11-10 15:19:10.275 D/AmbientService(  912): enterAmbient: AmbientActivity[component=ComponentInfo{com.google.android.wearable.app/com.google.android.clockwork.home.HomeActivity}, callbacks=@10b985be, running=true, ambient=false] main 1
11-10 15:19:10.281 D/AmbientService(  912): onAmbientEntered: AmbientActivity[component=ComponentInfo{com.google.android.wearable.app/com.google.android.clockwork.home.HomeActivity}, callbacks=@10b985be, running=true, ambient=true]Binder_1 54
11-10 15:19:10.303 D/SurfaceFlinger(  174): Set power mode=3, type=0 flinger=0xb7a47550
11-10 15:19:10.303 I/qdhwcomposer(  174): handle_blank_event: dpy:0 panel power state: 2
11-10 15:19:10.309 D/PowerHAL(  573): IDLE_MODE(touch) -> 1
11-10 15:19:10.332 D/SurfaceFlinger(  174): Set power mode=1, type=0 flinger=0xb7a47550
11-10 15:19:10.332 I/qdhwcomposer(  174): handle_blank_event: dpy:0 panel power state: 2
11-10 15:19:10.371 D/audio_hw_primary(  196): disable_audio_route: reset and update mixer path: audio-record
11-10 15:19:10.378 D/audio_hw_primary(  196): disable_snd_device: snd_device(55: voice-rec-mic)
11-10 15:19:10.453 D/SurfaceFlinger(  174): Set power mode=3, type=0 flinger=0xb7a47550
11-10 15:19:10.453 I/qdhwcomposer(  174): handle_blank_event: dpy:0 panel power state: 2
11-10 15:19:11.044 E/libsuspend(  573): Error writing to /sys/power/state: Device or resource busy
11-10 15:19:11.243 I/qdhwcomposer(  174): handle_blank_event: dpy:0 panel power state: 2
11-10 15:19:11.244 E/libsuspend(  573): Error writing to /sys/power/state: Device or resource busy
11-10 15:19:11.724 I/qdhwcomposer(  174): handle_blank_event: dpy:0 panel power state: 2
11-10 15:19:11.726 V/KeyguardServiceDelegate(  573): onScreenTurnedOn(showListener = com.android.internal.policy.impl.PhoneWindowManager$2@1a6c5e2a)
11-10 15:19:11.738 E/WifiStateMachine(  573): cancelDelayedScan -> 444
11-10 15:19:11.742 D/audio_hw_primary(  196): adev_set_parameters: enter: screen_state=on
11-10 15:19:11.746 V/KeyguardServiceDelegate(  573): **** SHOWN CALLED ****
11-10 15:19:11.755 D/PowerHAL(  573): IDLE_MODE(touch) -> 0
11-10 15:19:11.757 D/SurfaceFlinger(  174): Set power mode=2, type=0 flinger=0xb7a47550
11-10 15:19:11.778 I/qdhwcomposer(  174): handle_blank_event: dpy:0 panel power state: 1
11-10 15:19:11.815 D/DeepAmbientRecognition(  735): onDestroy
11-10 15:19:11.830 D/AmbientService(  912): exitAmbient: AmbientActivity[component=ComponentInfo{com.google.android.wearable.app/com.google.android.clockwork.home.HomeActivity}, callbacks=@10b985be, running=true, ambient=true] main 1
11-10 15:19:11.837 D/AmbientService(  912): AmbientDreamStub.detach called while disabled
11-10 15:19:11.863 D/AmbientService(  912): onAmbientExited: AmbientActivity[component=ComponentInfo{com.google.android.wearable.app/com.google.android.clockwork.home.HomeActivity}, callbacks=@10b985be, running=true, ambient=false] Binder_2 55
11-10 15:19:11.865 I/AudioFlinger(  196): AudioFlinger's thread 0xb5614008 ready to run
11-10 15:19:11.881 D/audio_hw_primary(  196): select_devices: out_snd_device(0: none) in_snd_device(55: voice-rec-mic)
11-10 15:19:11.881 D/msm8974_platform(  196): platform_send_audio_calibration: sending audio calibration for snd_device(55) acdb_id(62)
11-10 15:19:11.881 D/        (  196): Failed to fetch the lookup information of the device 0000003E 
11-10 15:19:11.881 D/        (  196): Failed to fetch the lookup information of the device 0000003E 
11-10 15:19:11.881 D/audio_hw_primary(  196): enable_snd_device: snd_device(55: voice-rec-mic)
11-10 15:19:11.896 D/audio_hw_primary(  196): enable_audio_route: apply and update mixer path: audio-record
11-10 15:19:16.731 E/WifiStateMachine(  573): cancelDelayedScan -> 445
11-10 15:19:16.737 D/audio_hw_primary(  196): adev_set_parameters: enter: screen_state=off
11-10 15:19:16.771 D/DeepAmbientRecognition(  735): onCreate
11-10 15:19:16.782 D/AmbientService(  912): AmbientDreamRegistrationServiceStub.attach: dream: AmbientComponentConfig[component=ComponentInfo{com.google.android.wearable.ambient/com.google.android.wearable.ambient.AmbientDream}]
11-10 15:19:16.783 D/AmbientService(  912): findRunningActivities: found: AmbientActivity[component=ComponentInfo{com.google.android.wearable.app/com.google.android.clockwork.home.HomeActivity}, callbacks=@10b985be, running=true, ambient=false]
11-10 15:19:16.783 D/AmbientService(  912): onReceive Intent { act=android.intent.action.SCREEN_OFF flg=0x50000010 } true
11-10 15:19:16.804 D/AmbientService(  912): scheduling next alarm, nowWall: 1447165156804, nextWall: 1447165200000, nowElapsed: 74169638, nextElapsed: 74212834
11-10 15:19:16.805 D/AmbientService(  912): enterAmbient: AmbientActivity[component=ComponentInfo{com.google.android.wearable.app/com.google.android.clockwork.home.HomeActivity}, callbacks=@10b985be, running=true, ambient=false] main 1
11-10 15:19:16.813 D/AmbientService(  912): onAmbientEntered: AmbientActivity[component=ComponentInfo{com.google.android.wearable.app/com.google.android.clockwork.home.HomeActivity}, callbacks=@10b985be, running=true, ambient=true]Binder_2 55
11-10 15:19:16.815 D/PowerHAL(  573): IDLE_MODE(touch) -> 1
11-10 15:19:16.914 D/audio_hw_primary(  196): disable_audio_route: reset and update mixer path: audio-record
11-10 15:19:16.917 D/audio_hw_primary(  196): disable_snd_device: snd_device(55: voice-rec-mic)
11-10 15:19:17.283 D/SurfaceFlinger(  174): Set power mode=3, type=0 flinger=0xb7a47550
11-10 15:19:17.283 I/qdhwcomposer(  174): handle_blank_event: dpy:0 panel power state: 2
11-10 15:19:59.119 I/qdhwcomposer(  174): handle_blank_event: dpy:0 panel power state: 2
11-10 15:19:59.121 V/KeyguardServiceDelegate(  573): onScreenTurnedOn(showListener = com.android.internal.policy.impl.PhoneWindowManager$2@1a6c5e2a)
11-10 15:19:59.133 E/WifiStateMachine(  573): cancelDelayedScan -> 446
11-10 15:19:59.135 D/audio_hw_primary(  196): adev_set_parameters: enter: screen_state=on
11-10 15:19:59.137 V/KeyguardServiceDelegate(  573): **** SHOWN CALLED ****
11-10 15:19:59.158 D/PowerHAL(  573): IDLE_MODE(touch) -> 0
11-10 15:19:59.160 D/SurfaceFlinger(  174): Set power mode=2, type=0 flinger=0xb7a47550
11-10 15:19:59.177 I/qdhwcomposer(  174): handle_blank_event: dpy:0 panel power state: 1
11-10 15:19:59.220 D/AmbientService(  912): exitAmbient: AmbientActivity[component=ComponentInfo{com.google.android.wearable.app/com.google.android.clockwork.home.HomeActivity}, callbacks=@10b985be, running=true, ambient=true] main 1
11-10 15:19:59.230 D/AmbientService(  912): AmbientDreamStub.detach called while disabled
11-10 15:19:59.260 D/AmbientService(  912): onAmbientExited: AmbientActivity[component=ComponentInfo{com.google.android.wearable.app/com.google.android.clockwork.home.HomeActivity}, callbacks=@10b985be, running=true, ambient=false] Binder_2 55
11-10 15:19:59.268 I/AudioFlinger(  196): AudioFlinger's thread 0xb5614008 ready to run
11-10 15:19:59.270 D/LightsService(  573): Excessive delay setting light: 56ms
11-10 15:19:59.286 D/audio_hw_primary(  196): select_devices: out_snd_device(0: none) in_snd_device(55: voice-rec-mic)
11-10 15:19:59.286 D/msm8974_platform(  196): platform_send_audio_calibration: sending audio calibration for snd_device(55) acdb_id(62)
11-10 15:19:59.286 D/        (  196): Failed to fetch the lookup information of the device 0000003E 
11-10 15:19:59.286 D/        (  196): Failed to fetch the lookup information of the device 0000003E 
11-10 15:19:59.286 D/audio_hw_primary(  196): enable_snd_device: snd_device(55: voice-rec-mic)
11-10 15:19:59.299 D/audio_hw_primary(  196): enable_audio_route: apply and update mixer path: audio-record
11-10 15:19:59.326 D/DeepAmbientRecognition(  735): onDestroy
11-10 15:19:59.532 E/StreamLayout(  735): Unknown action type: 5
11-10 15:20:09.639 E/WifiStateMachine(  573): cancelDelayedScan -> 447
11-10 15:20:09.642 D/audio_hw_primary(  196): adev_set_parameters: enter: screen_state=off
11-10 15:20:09.730 I/art     (  865): Explicit concurrent mark sweep GC freed 3086(116KB) AllocSpace objects, 0(0B) LOS objects, 24% free, 5MB/7MB, paused 1.117ms total 90.772ms
11-10 15:20:09.750 D/DeepAmbientRecognition(  735): onCreate
11-10 15:20:09.761 D/AmbientService(  912): onReceive Intent { act=android.intent.action.SCREEN_OFF flg=0x50000010 } true
11-10 15:20:09.778 D/AmbientService(  912): AmbientDreamRegistrationServiceStub.attach: dream: AmbientComponentConfig[component=ComponentInfo{com.google.android.wearable.ambient/com.google.android.wearable.ambient.AmbientDream}]
11-10 15:20:09.779 D/AmbientService(  912): findRunningActivities: found: AmbientActivity[component=ComponentInfo{com.google.android.wearable.app/com.google.android.clockwork.home.HomeActivity}, callbacks=@10b985be, running=true, ambient=false]
11-10 15:20:09.779 D/AmbientService(  912): scheduling next alarm, nowWall: 1447165209779, nextWall: 1447165260000, nowElapsed: 74222613, nextElapsed: 74272834
11-10 15:20:09.780 D/AmbientService(  912): enterAmbient: AmbientActivity[component=ComponentInfo{com.google.android.wearable.app/com.google.android.clockwork.home.HomeActivity}, callbacks=@10b985be, running=true, ambient=false] main 1
11-10 15:20:09.790 D/AmbientService(  912): onAmbientEntered: AmbientActivity[component=ComponentInfo{com.google.android.wearable.app/com.google.android.clockwork.home.HomeActivity}, callbacks=@10b985be, running=true, ambient=true]Binder_2 55
11-10 15:20:09.805 D/SurfaceFlinger(  174): Set power mode=3, type=0 flinger=0xb7a47550
11-10 15:20:09.805 I/qdhwcomposer(  174): handle_blank_event: dpy:0 panel power state: 2
11-10 15:20:09.819 D/SurfaceFlinger(  174): Set power mode=1, type=0 flinger=0xb7a47550
11-10 15:20:09.819 I/qdhwcomposer(  174): handle_blank_event: dpy:0 panel power state: 2
11-10 15:20:09.832 D/PowerHAL(  573): IDLE_MODE(touch) -> 1
11-10 15:20:09.901 D/audio_hw_primary(  196): disable_audio_route: reset and update mixer path: audio-record
11-10 15:20:09.904 D/audio_hw_primary(  196): disable_snd_device: snd_device(55: voice-rec-mic)
11-10 15:20:09.943 D/SurfaceFlinger(  174): Set power mode=3, type=0 flinger=0xb7a47550
11-10 15:20:09.944 I/qdhwcomposer(  174): handle_blank_event: dpy:0 panel power state: 2
11-10 15:20:10.579 E/libsuspend(  573): Error writing to /sys/power/state: Device or resource busy
11-10 15:20:10.779 I/qdhwcomposer(  174): handle_blank_event: dpy:0 panel power state: 2
11-10 15:20:10.779 E/libsuspend(  573): Error writing to /sys/power/state: Device or resource busy
11-10 15:20:18.109 I/qdhwcomposer(  174): handle_blank_event: dpy:0 panel power state: 2
11-10 15:20:18.111 V/KeyguardServiceDelegate(  573): onScreenTurnedOn(showListener = com.android.internal.policy.impl.PhoneWindowManager$2@1a6c5e2a)
11-10 15:20:18.122 E/WifiStateMachine(  573): cancelDelayedScan -> 448
11-10 15:20:18.127 D/audio_hw_primary(  196): adev_set_parameters: enter: screen_state=on
11-10 15:20:18.132 V/KeyguardServiceDelegate(  573): **** SHOWN CALLED ****
11-10 15:20:18.138 D/PowerHAL(  573): IDLE_MODE(touch) -> 0
11-10 15:20:18.141 D/SurfaceFlinger(  174): Set power mode=2, type=0 flinger=0xb7a47550
11-10 15:20:18.170 I/qdhwcomposer(  174): handle_blank_event: dpy:0 panel power state: 1
11-10 15:20:18.202 D/DeepAmbientRecognition(  735): onDestroy
11-10 15:20:18.222 D/AmbientService(  912): exitAmbient: AmbientActivity[component=ComponentInfo{com.google.android.wearable.app/com.google.android.clockwork.home.HomeActivity}, callbacks=@10b985be, running=true, ambient=true] main 1
11-10 15:20:18.234 D/AmbientService(  912): AmbientDreamStub.detach called while disabled
11-10 15:20:18.268 D/AmbientService(  912): onAmbientExited: AmbientActivity[component=ComponentInfo{com.google.android.wearable.app/com.google.android.clockwork.home.HomeActivity}, callbacks=@10b985be, running=true, ambient=false] Binder_3 56
11-10 15:20:18.270 I/AudioFlinger(  196): AudioFlinger's thread 0xb5614008 ready to run
11-10 15:20:18.283 D/audio_hw_primary(  196): select_devices: out_snd_device(0: none) in_snd_device(55: voice-rec-mic)
11-10 15:20:18.283 D/msm8974_platform(  196): platform_send_audio_calibration: sending audio calibration for snd_device(55) acdb_id(62)
11-10 15:20:18.283 D/        (  196): Failed to fetch the lookup information of the device 0000003E 
11-10 15:20:18.284 D/        (  196): Failed to fetch the lookup information of the device 0000003E 
