11-10 15:20:18.284 D/audio_hw_primary(  196): enable_snd_device: snd_device(55: voice-rec-mic)
11-10 15:20:18.302 D/audio_hw_primary(  196): enable_audio_route: apply and update mixer path: audio-record
11-10 15:20:30.471 I/art     (  735): Background sticky concurrent mark sweep GC freed 15144(1049KB) AllocSpace objects, 25(400KB) LOS objects, 8% free, 15MB/16MB, paused 4.003ms total 200.335ms
11-10 15:20:30.802 I/art     (  735): Background partial concurrent mark sweep GC freed 15546(685KB) AllocSpace objects, 12(1148KB) LOS objects, 11% free, 15MB/17MB, paused 1.550ms total 166.716ms
11-10 15:20:31.211 I/art     (  735): Background partial concurrent mark sweep GC freed 435(25KB) AllocSpace objects, 6(1678KB) LOS objects, 11% free, 15MB/17MB, paused 1.739ms total 151.623ms
11-10 15:20:32.864 W/TelecomManager(  573): Telecom Service not found.
11-10 15:20:33.285 D/AmbientService(  912): onPaused: AmbientActivity[component=ComponentInfo{com.google.android.wearable.app/com.google.android.clockwork.home.HomeActivity}, callbacks=@10b985be, running=true, ambient=false] Binder_2 55
11-10 15:20:33.303 E/WifiStateMachine(  573): cancelDelayedScan -> 449
11-10 15:20:33.308 D/AmbientService(  912): onResumed: AmbientActivity[component=ComponentInfo{com.google.android.wearable.app/com.google.android.clockwork.home.HomeActivity}, callbacks=@10b985be, running=false, ambient=false] Binder_2 55
11-10 15:20:33.354 D/AmbientService(  912): AmbientDreamRegistrationServiceStub.attach: dream: AmbientComponentConfig[component=ComponentInfo{com.google.android.wearable.ambient/com.google.android.wearable.ambient.AmbientDream}]
11-10 15:20:33.355 D/AmbientService(  912): findRunningActivities: found: AmbientActivity[component=ComponentInfo{com.google.android.wearable.app/com.google.android.clockwork.home.HomeActivity}, callbacks=@10b985be, running=true, ambient=false]
11-10 15:20:33.365 D/audio_hw_primary(  196): disable_audio_route: reset and update mixer path: audio-record
11-10 15:20:33.371 D/audio_hw_primary(  196): disable_snd_device: snd_device(55: voice-rec-mic)
11-10 15:20:33.383 D/audio_hw_primary(  196): adev_set_parameters: enter: screen_state=off
11-10 15:20:33.411 D/AmbientService(  912): scheduling next alarm, nowWall: 1447165233411, nextWall: 1447165260000, nowElapsed: 74246244, nextElapsed: 74272833
11-10 15:20:33.412 D/AmbientService(  912): enterAmbient: AmbientActivity[component=ComponentInfo{com.google.android.wearable.app/com.google.android.clockwork.home.HomeActivity}, callbacks=@10b985be, running=true, ambient=false] main 1
11-10 15:20:33.417 D/AmbientService(  912): onReceive Intent { act=android.intent.action.SCREEN_OFF flg=0x50000010 } true
11-10 15:20:33.431 I/AudioFlinger(  196): AudioFlinger's thread 0xb5614008 ready to run
11-10 15:20:33.441 D/AmbientService(  912): onAmbientEntered: AmbientActivity[component=ComponentInfo{com.google.android.wearable.app/com.google.android.clockwork.home.HomeActivity}, callbacks=@10b985be, running=true, ambient=true]Binder_3 56
11-10 15:20:33.444 D/audio_hw_primary(  196): select_devices: out_snd_device(0: none) in_snd_device(55: voice-rec-mic)
11-10 15:20:33.444 D/msm8974_platform(  196): platform_send_audio_calibration: sending audio calibration for snd_device(55) acdb_id(62)
11-10 15:20:33.444 D/        (  196): Failed to fetch the lookup information of the device 0000003E 
11-10 15:20:33.444 D/        (  196): Failed to fetch the lookup information of the device 0000003E 
11-10 15:20:33.444 D/audio_hw_primary(  196): enable_snd_device: snd_device(55: voice-rec-mic)
11-10 15:20:33.472 D/audio_hw_primary(  196): enable_audio_route: apply and update mixer path: audio-record
11-10 15:20:33.512 D/SurfaceFlinger(  174): Set power mode=3, type=0 flinger=0xb7a47550
11-10 15:20:33.513 I/qdhwcomposer(  174): handle_blank_event: dpy:0 panel power state: 2
11-10 15:20:33.516 D/PowerHAL(  573): IDLE_MODE(touch) -> 1
11-10 15:20:33.523 D/DeepAmbientRecognition(  735): onCreate
11-10 15:20:33.548 D/SurfaceFlinger(  174): Set power mode=1, type=0 flinger=0xb7a47550
11-10 15:20:33.548 I/qdhwcomposer(  174): handle_blank_event: dpy:0 panel power state: 2
11-10 15:20:33.662 D/SurfaceFlinger(  174): Set power mode=3, type=0 flinger=0xb7a47550
11-10 15:20:33.662 I/qdhwcomposer(  174): handle_blank_event: dpy:0 panel power state: 2
11-10 15:20:33.713 D/audio_hw_primary(  196): disable_audio_route: reset and update mixer path: audio-record
11-10 15:20:33.716 D/audio_hw_primary(  196): disable_snd_device: snd_device(55: voice-rec-mic)
11-10 15:20:34.247 E/libsuspend(  573): Error writing to /sys/power/state: Device or resource busy
11-10 15:20:34.438 I/qdhwcomposer(  174): handle_blank_event: dpy:0 panel power state: 2
11-10 15:20:34.439 E/libsuspend(  573): Error writing to /sys/power/state: Device or resource busy
11-10 15:21:01.054 I/qdhwcomposer(  174): handle_blank_event: dpy:0 panel power state: 2
11-10 15:21:01.061 D/AmbientService(  912): scheduling next alarm, nowWall: 1447165261061, nextWall: 1447165320000, nowElapsed: 74273894, nextElapsed: 74332833
11-10 15:21:01.062 D/AmbientService(  912): updateAmbient: AmbientActivity[component=ComponentInfo{com.google.android.wearable.app/com.google.android.clockwork.home.HomeActivity}, callbacks=@10b985be, running=true, ambient=true] main 1
11-10 15:21:01.074 I/InputReader(  573): Reconfiguring input devices.  changes=0x00000004
11-10 15:21:01.074 I/InputReader(  573): Device reconfigured: id=3, name='synaptics_rmi4_i2c', size 320x320, orientation 0, mode 1, display id 0
11-10 15:21:01.075 I/InputReader(  573): Reconfiguring input devices.  changes=0x00000004
11-10 15:21:01.085 D/AmbientService(  912): onAmbientUpdated: AmbientActivity[component=ComponentInfo{com.google.android.wearable.app/com.google.android.clockwork.home.HomeActivity}, callbacks=@10b985be, running=true, ambient=true]Binder_2 55
11-10 15:21:01.105 D/SurfaceFlinger(  174): Set power mode=1, type=0 flinger=0xb7a47550
11-10 15:21:01.105 I/qdhwcomposer(  174): handle_blank_event: dpy:0 panel power state: 2
11-10 15:21:01.231 D/SurfaceFlinger(  174): Set power mode=3, type=0 flinger=0xb7a47550
11-10 15:21:01.231 I/qdhwcomposer(  174): handle_blank_event: dpy:0 panel power state: 2
11-10 15:21:50.396 I/qdhwcomposer(  174): handle_blank_event: dpy:0 panel power state: 2
11-10 15:21:50.506 D/AuthZenListenerService(  970): onMessageReceived: MessageEventParcelable[16697,com/google/android/location/fused/wearable/LOCATIONS, size=362], Path: com/google/android/location/fused/wearable/LOCATIONS
11-10 15:21:50.511 D/AuthZenWearListenerService(  970): onMessageReceived : MessageEventParcelable[16697,com/google/android/location/fused/wearable/LOCATIONS, size=362], Path: com/google/android/location/fused/wearable/LOCATIONS
11-10 15:21:52.420 W/bt-btif ( 1087): dm_pm_timer expires
11-10 15:21:52.420 W/bt-btif ( 1087): dm_pm_timer expires 0
11-10 15:21:52.420 W/bt-btif ( 1087): proc dm_pm_timer expires
11-10 15:22:01.054 I/qdhwcomposer(  174): handle_blank_event: dpy:0 panel power state: 2
11-10 15:22:01.060 D/AmbientService(  912): scheduling next alarm, nowWall: 1447165321060, nextWall: 1447165380000, nowElapsed: 74333894, nextElapsed: 74392834
11-10 15:22:01.062 D/AmbientService(  912): updateAmbient: AmbientActivity[component=ComponentInfo{com.google.android.wearable.app/com.google.android.clockwork.home.HomeActivity}, callbacks=@10b985be, running=true, ambient=true] main 1
11-10 15:22:01.196 I/art     (  573): Explicit concurrent mark sweep GC freed 34973(1807KB) AllocSpace objects, 0(0B) LOS objects, 15% free, 10MB/12MB, paused 2.091ms total 116.918ms
11-10 15:22:01.202 I/InputReader(  573): Reconfiguring input devices.  changes=0x00000004
11-10 15:22:01.202 I/InputReader(  573): Device reconfigured: id=3, name='synaptics_rmi4_i2c', size 320x320, orientation 0, mode 1, display id 0
11-10 15:22:01.203 I/InputReader(  573): Reconfiguring input devices.  changes=0x00000004
11-10 15:22:01.206 D/AmbientService(  912): onAmbientUpdated: AmbientActivity[component=ComponentInfo{com.google.android.wearable.app/com.google.android.clockwork.home.HomeActivity}, callbacks=@10b985be, running=true, ambient=true]Binder_3 56
11-10 15:22:01.244 D/SurfaceFlinger(  174): Set power mode=1, type=0 flinger=0xb7a47550
11-10 15:22:01.244 I/qdhwcomposer(  174): handle_blank_event: dpy:0 panel power state: 2
11-10 15:22:01.367 D/SurfaceFlinger(  174): Set power mode=3, type=0 flinger=0xb7a47550
11-10 15:22:01.367 I/qdhwcomposer(  174): handle_blank_event: dpy:0 panel power state: 2
11-10 15:22:01.423 I/FitnessWearable( 1225): Checking fitness notification
11-10 15:22:01.532 I/EventLogService(  970): Aggregate from 1447163103453 (log), 1447163103453 (data)
11-10 15:22:02.476 I/FitnessWearable( 1225): Fitness Platform Queries took: 876 ms
11-10 15:22:03.962 W/bt-btif ( 1087): dm_pm_timer expires
11-10 15:22:03.962 W/bt-btif ( 1087): dm_pm_timer expires 0
11-10 15:22:03.962 W/bt-btif ( 1087): proc dm_pm_timer expires
11-10 15:22:06.886 I/FitnessWearable( 1225): Completed Phone Sync
11-10 15:22:06.887 I/FitnessWearable( 1225): Checking on account update
11-10 15:22:07.033 I/FitnessWearable( 1225): Initialized Fitness Account
11-10 15:22:07.782 W/bt-btif ( 1087): dm_pm_timer expires
11-10 15:22:07.782 W/bt-btif ( 1087): dm_pm_timer expires 0
11-10 15:22:07.782 W/bt-btif ( 1087): proc dm_pm_timer expires
11-10 15:23:01.055 I/qdhwcomposer(  174): handle_blank_event: dpy:0 panel power state: 2
11-10 15:23:01.061 D/AmbientService(  912): scheduling next alarm, nowWall: 1447165381061, nextWall: 1447165440000, nowElapsed: 74393895, nextElapsed: 74452834
11-10 15:23:01.063 D/AmbientService(  912): updateAmbient: AmbientActivity[component=ComponentInfo{com.google.android.wearable.app/com.google.android.clockwork.home.HomeActivity}, callbacks=@10b985be, running=true, ambient=true] main 1
11-10 15:23:01.104 I/InputReader(  573): Reconfiguring input devices.  changes=0x00000004
11-10 15:23:01.104 I/InputReader(  573): Device reconfigured: id=3, name='synaptics_rmi4_i2c', size 320x320, orientation 0, mode 1, display id 0
11-10 15:23:01.105 I/InputReader(  573): Reconfiguring input devices.  changes=0x00000004
11-10 15:23:01.106 D/AmbientService(  912): onAmbientUpdated: AmbientActivity[component=ComponentInfo{com.google.android.wearable.app/com.google.android.clockwork.home.HomeActivity}, callbacks=@10b985be, running=true, ambient=true]Binder_3 56
11-10 15:23:01.129 D/SurfaceFlinger(  174): Set power mode=1, type=0 flinger=0xb7a47550
11-10 15:23:01.129 I/qdhwcomposer(  174): handle_blank_event: dpy:0 panel power state: 2
11-10 15:23:01.258 D/SurfaceFlinger(  174): Set power mode=3, type=0 flinger=0xb7a47550
11-10 15:23:01.258 I/qdhwcomposer(  174): handle_blank_event: dpy:0 panel power state: 2
11-10 15:24:01.054 I/qdhwcomposer(  174): handle_blank_event: dpy:0 panel power state: 2
11-10 15:24:01.061 D/AmbientService(  912): scheduling next alarm, nowWall: 1447165441061, nextWall: 1447165500000, nowElapsed: 74453894, nextElapsed: 74512833
11-10 15:24:01.064 D/AmbientService(  912): updateAmbient: AmbientActivity[component=ComponentInfo{com.google.android.wearable.app/com.google.android.clockwork.home.HomeActivity}, callbacks=@10b985be, running=true, ambient=true] main 1
11-10 15:24:01.081 D/AmbientService(  912): onAmbientUpdated: AmbientActivity[component=ComponentInfo{com.google.android.wearable.app/com.google.android.clockwork.home.HomeActivity}, callbacks=@10b985be, running=true, ambient=true]Binder_2 55
11-10 15:24:01.083 I/InputReader(  573): Reconfiguring input devices.  changes=0x00000004
11-10 15:24:01.083 I/InputReader(  573): Device reconfigured: id=3, name='synaptics_rmi4_i2c', size 320x320, orientation 0, mode 1, display id 0
11-10 15:24:01.084 I/InputReader(  573): Reconfiguring input devices.  changes=0x00000004
11-10 15:24:01.108 D/SurfaceFlinger(  174): Set power mode=1, type=0 flinger=0xb7a47550
11-10 15:24:01.109 I/qdhwcomposer(  174): handle_blank_event: dpy:0 panel power state: 2
11-10 15:24:01.239 D/SurfaceFlinger(  174): Set power mode=3, type=0 flinger=0xb7a47550
11-10 15:24:01.239 I/qdhwcomposer(  174): handle_blank_event: dpy:0 panel power state: 2
11-10 15:25:01.055 I/qdhwcomposer(  174): handle_blank_event: dpy:0 panel power state: 2
11-10 15:25:01.062 D/AmbientService(  912): scheduling next alarm, nowWall: 1447165501062, nextWall: 1447165560000, nowElapsed: 74513895, nextElapsed: 74572833
11-10 15:25:01.065 D/AmbientService(  912): updateAmbient: AmbientActivity[component=ComponentInfo{com.google.android.wearable.app/com.google.android.clockwork.home.HomeActivity}, callbacks=@10b985be, running=true, ambient=true] main 1
11-10 15:25:01.083 I/InputReader(  573): Reconfiguring input devices.  changes=0x00000004
11-10 15:25:01.083 I/InputReader(  573): Device reconfigured: id=3, name='synaptics_rmi4_i2c', size 320x320, orientation 0, mode 1, display id 0
11-10 15:25:01.086 D/AmbientService(  912): onAmbientUpdated: AmbientActivity[component=ComponentInfo{com.google.android.wearable.app/com.google.android.clockwork.home.HomeActivity}, callbacks=@10b985be, running=true, ambient=true]Binder_1 54
11-10 15:25:01.087 I/InputReader(  573): Reconfiguring input devices.  changes=0x00000004
11-10 15:25:01.110 D/SurfaceFlinger(  174): Set power mode=1, type=0 flinger=0xb7a47550
11-10 15:25:01.110 I/qdhwcomposer(  174): handle_blank_event: dpy:0 panel power state: 2
11-10 15:25:01.241 D/SurfaceFlinger(  174): Set power mode=3, type=0 flinger=0xb7a47550
11-10 15:25:01.241 I/qdhwcomposer(  174): handle_blank_event: dpy:0 panel power state: 2
11-10 15:26:01.056 I/qdhwcomposer(  174): handle_blank_event: dpy:0 panel power state: 2
11-10 15:26:01.062 D/AmbientService(  912): scheduling next alarm, nowWall: 1447165561062, nextWall: 1447165620000, nowElapsed: 74573896, nextElapsed: 74632834
11-10 15:26:01.065 D/AmbientService(  912): updateAmbient: AmbientActivity[component=ComponentInfo{com.google.android.wearable.app/com.google.android.clockwork.home.HomeActivity}, callbacks=@10b985be, running=true, ambient=true] main 1
11-10 15:26:01.084 D/AmbientService(  912): onAmbientUpdated: AmbientActivity[component=ComponentInfo{com.google.android.wearable.app/com.google.android.clockwork.home.HomeActivity}, callbacks=@10b985be, running=true, ambient=true]Binder_3 56
11-10 15:26:01.086 I/InputReader(  573): Reconfiguring input devices.  changes=0x00000004
11-10 15:26:01.086 I/InputReader(  573): Device reconfigured: id=3, name='synaptics_rmi4_i2c', size 320x320, orientation 0, mode 1, display id 0
11-10 15:26:01.087 I/InputReader(  573): Reconfiguring input devices.  changes=0x00000004
11-10 15:26:01.108 D/SurfaceFlinger(  174): Set power mode=1, type=0 flinger=0xb7a47550
11-10 15:26:01.108 I/qdhwcomposer(  174): handle_blank_event: dpy:0 panel power state: 2
11-10 15:26:01.238 D/SurfaceFlinger(  174): Set power mode=3, type=0 flinger=0xb7a47550
11-10 15:26:01.238 I/qdhwcomposer(  174): handle_blank_event: dpy:0 panel power state: 2
11-10 15:26:26.056 I/qdhwcomposer(  174): handle_blank_event: dpy:0 panel power state: 2
11-10 15:26:38.672 I/qdhwcomposer(  174): handle_blank_event: dpy:0 panel power state: 2
11-10 15:26:38.752 D/AuthZenListenerService(  970): onMessageReceived: MessageEventParcelable[16698,com/google/android/location/fused/wearable/LOCATIONS, size=362], Path: com/google/android/location/fused/wearable/LOCATIONS
11-10 15:26:38.757 D/AuthZenWearListenerService(  970): onMessageReceived : MessageEventParcelable[16698,com/google/android/location/fused/wearable/LOCATIONS, size=362], Path: com/google/android/location/fused/wearable/LOCATIONS
11-10 15:26:40.699 W/bt-btif ( 1087): dm_pm_timer expires
11-10 15:26:40.699 W/bt-btif ( 1087): dm_pm_timer expires 0
11-10 15:26:40.699 W/bt-btif ( 1087): proc dm_pm_timer expires
11-10 15:27:01.056 I/qdhwcomposer(  174): handle_blank_event: dpy:0 panel power state: 2
11-10 15:27:01.062 D/AmbientService(  912): scheduling next alarm, nowWall: 1447165621062, nextWall: 1447165680000, nowElapsed: 74633896, nextElapsed: 74692834
11-10 15:27:01.064 D/AmbientService(  912): updateAmbient: AmbientActivity[component=ComponentInfo{com.google.android.wearable.app/com.google.android.clockwork.home.HomeActivity}, callbacks=@10b985be, running=true, ambient=true] main 1
11-10 15:27:01.097 I/InputReader(  573): Reconfiguring input devices.  changes=0x00000004
11-10 15:27:01.098 I/InputReader(  573): Device reconfigured: id=3, name='synaptics_rmi4_i2c', size 320x320, orientation 0, mode 1, display id 0
11-10 15:27:01.102 I/InputReader(  573): Reconfiguring input devices.  changes=0x00000004
11-10 15:27:01.102 D/AmbientService(  912): onAmbientUpdated: AmbientActivity[component=ComponentInfo{com.google.android.wearable.app/com.google.android.clockwork.home.HomeActivity}, callbacks=@10b985be, running=true, ambient=true]Binder_2 55
11-10 15:27:01.125 D/SurfaceFlinger(  174): Set power mode=1, type=0 flinger=0xb7a47550
11-10 15:27:01.126 I/qdhwcomposer(  174): handle_blank_event: dpy:0 panel power state: 2
11-10 15:27:01.256 D/SurfaceFlinger(  174): Set power mode=3, type=0 flinger=0xb7a47550
11-10 15:27:01.256 I/qdhwcomposer(  174): handle_blank_event: dpy:0 panel power state: 2
11-10 15:28:01.056 I/qdhwcomposer(  174): handle_blank_event: dpy:0 panel power state: 2
11-10 15:28:01.063 D/AmbientService(  912): scheduling next alarm, nowWall: 1447165681063, nextWall: 1447165740000, nowElapsed: 74693897, nextElapsed: 74752834
11-10 15:28:01.065 D/AmbientService(  912): updateAmbient: AmbientActivity[component=ComponentInfo{com.google.android.wearable.app/com.google.android.clockwork.home.HomeActivity}, callbacks=@10b985be, running=true, ambient=true] main 1
11-10 15:28:01.086 D/AmbientService(  912): onAmbientUpdated: AmbientActivity[component=ComponentInfo{com.google.android.wearable.app/com.google.android.clockwork.home.HomeActivity}, callbacks=@10b985be, running=true, ambient=true]Binder_1 54
11-10 15:28:01.086 I/InputReader(  573): Reconfiguring input devices.  changes=0x00000004
11-10 15:28:01.086 I/InputReader(  573): Device reconfigured: id=3, name='synaptics_rmi4_i2c', size 320x320, orientation 0, mode 1, display id 0
11-10 15:28:01.087 I/InputReader(  573): Reconfiguring input devices.  changes=0x00000004
11-10 15:28:01.112 D/SurfaceFlinger(  174): Set power mode=1, type=0 flinger=0xb7a47550
11-10 15:28:01.112 I/qdhwcomposer(  174): handle_blank_event: dpy:0 panel power state: 2
11-10 15:28:01.243 D/SurfaceFlinger(  174): Set power mode=3, type=0 flinger=0xb7a47550
11-10 15:28:01.244 I/qdhwcomposer(  174): handle_blank_event: dpy:0 panel power state: 2
11-10 15:29:01.057 I/qdhwcomposer(  174): handle_blank_event: dpy:0 panel power state: 2
11-10 15:29:01.064 D/AmbientService(  912): scheduling next alarm, nowWall: 1447165741064, nextWall: 1447165800000, nowElapsed: 74753898, nextElapsed: 74812834
11-10 15:29:01.066 D/AmbientService(  912): updateAmbient: AmbientActivity[component=ComponentInfo{com.google.android.wearable.app/com.google.android.clockwork.home.HomeActivity}, callbacks=@10b985be, running=true, ambient=true] main 1
11-10 15:29:01.083 D/AmbientService(  912): onAmbientUpdated: AmbientActivity[component=ComponentInfo{com.google.android.wearable.app/com.google.android.clockwork.home.HomeActivity}, callbacks=@10b985be, running=true, ambient=true]Binder_3 56
11-10 15:29:01.092 I/InputReader(  573): Reconfiguring input devices.  changes=0x00000004
11-10 15:29:01.092 I/InputReader(  573): Device reconfigured: id=3, name='synaptics_rmi4_i2c', size 320x320, orientation 0, mode 1, display id 0
11-10 15:29:01.093 I/InputReader(  573): Reconfiguring input devices.  changes=0x00000004
11-10 15:29:01.116 D/SurfaceFlinger(  174): Set power mode=1, type=0 flinger=0xb7a47550
11-10 15:29:01.116 I/qdhwcomposer(  174): handle_blank_event: dpy:0 panel power state: 2
11-10 15:29:01.241 D/SurfaceFlinger(  174): Set power mode=3, type=0 flinger=0xb7a47550
11-10 15:29:01.241 I/qdhwcomposer(  174): handle_blank_event: dpy:0 panel power state: 2
11-10 15:30:01.057 I/qdhwcomposer(  174): handle_blank_event: dpy:0 panel power state: 2
11-10 15:30:01.066 D/AmbientService(  912): scheduling next alarm, nowWall: 1447165801066, nextWall: 1447165860000, nowElapsed: 74813899, nextElapsed: 74872833
11-10 15:30:01.067 D/AmbientService(  912): updateAmbient: AmbientActivity[component=ComponentInfo{com.google.android.wearable.app/com.google.android.clockwork.home.HomeActivity}, callbacks=@10b985be, running=true, ambient=true] main 1
11-10 15:30:01.087 D/AmbientService(  912): onAmbientUpdated: AmbientActivity[component=ComponentInfo{com.google.android.wearable.app/com.google.android.clockwork.home.HomeActivity}, callbacks=@10b985be, running=true, ambient=true]Binder_2 55
11-10 15:30:01.087 I/InputReader(  573): Reconfiguring input devices.  changes=0x00000004
11-10 15:30:01.088 I/InputReader(  573): Device reconfigured: id=3, name='synaptics_rmi4_i2c', size 320x320, orientation 0, mode 1, display id 0
11-10 15:30:01.089 I/InputReader(  573): Reconfiguring input devices.  changes=0x00000004
11-10 15:30:01.112 D/SurfaceFlinger(  174): Set power mode=1, type=0 flinger=0xb7a47550
11-10 15:30:01.113 I/qdhwcomposer(  174): handle_blank_event: dpy:0 panel power state: 2
11-10 15:30:01.243 D/SurfaceFlinger(  174): Set power mode=3, type=0 flinger=0xb7a47550
11-10 15:30:01.243 I/qdhwcomposer(  174): handle_blank_event: dpy:0 panel power state: 2
11-10 15:30:35.713 I/qdhwcomposer(  174): handle_blank_event: dpy:0 panel power state: 2
11-10 15:30:35.725 V/KeyguardServiceDelegate(  573): onScreenTurnedOn(showListener = com.android.internal.policy.impl.PhoneWindowManager$2@1a6c5e2a)
11-10 15:30:35.733 E/WifiStateMachine(  573): cancelDelayedScan -> 450
11-10 15:30:35.737 D/audio_hw_primary(  196): adev_set_parameters: enter: screen_state=on
11-10 15:30:35.741 V/KeyguardServiceDelegate(  573): **** SHOWN CALLED ****
11-10 15:30:35.747 D/PowerHAL(  573): IDLE_MODE(touch) -> 0
11-10 15:30:35.749 D/SurfaceFlinger(  174): Set power mode=2, type=0 flinger=0xb7a47550
11-10 15:30:35.769 I/qdhwcomposer(  174): handle_blank_event: dpy:0 panel power state: 1
11-10 15:30:35.798 D/DeepAmbientRecognition(  735): onDestroy
11-10 15:30:35.819 D/AmbientService(  912): exitAmbient: AmbientActivity[component=ComponentInfo{com.google.android.wearable.app/com.google.android.clockwork.home.HomeActivity}, callbacks=@10b985be, running=true, ambient=true] main 1
11-10 15:30:35.828 D/AmbientService(  912): AmbientDreamStub.detach called while disabled
11-10 15:30:35.847 I/InputReader(  573): Reconfiguring input devices.  changes=0x00000004
11-10 15:30:35.847 I/InputReader(  573): Device reconfigured: id=3, name='synaptics_rmi4_i2c', size 320x320, orientation 0, mode 1, display id 0
11-10 15:30:35.851 I/InputReader(  573): Reconfiguring input devices.  changes=0x00000004
11-10 15:30:35.853 I/AudioFlinger(  196): AudioFlinger's thread 0xb5614008 ready to run
11-10 15:30:35.866 D/audio_hw_primary(  196): select_devices: out_snd_device(0: none) in_snd_device(55: voice-rec-mic)
11-10 15:30:35.866 D/msm8974_platform(  196): platform_send_audio_calibration: sending audio calibration for snd_device(55) acdb_id(62)
11-10 15:30:35.866 D/        (  196): Failed to fetch the lookup information of the device 0000003E 
11-10 15:30:35.866 D/        (  196): Failed to fetch the lookup information of the device 0000003E 
11-10 15:30:35.866 D/audio_hw_primary(  196): enable_snd_device: snd_device(55: voice-rec-mic)
11-10 15:30:35.879 I/InputReader(  573): Reconfiguring input devices.  changes=0x00000004
11-10 15:30:35.879 I/InputReader(  573): Device reconfigured: id=3, name='synaptics_rmi4_i2c', size 320x320, orientation 0, mode 1, display id 0
11-10 15:30:35.880 I/InputReader(  573): Reconfiguring input devices.  changes=0x00000004
11-10 15:30:35.894 D/AmbientService(  912): onAmbientExited: AmbientActivity[component=ComponentInfo{com.google.android.wearable.app/com.google.android.clockwork.home.HomeActivity}, callbacks=@10b985be, running=true, ambient=false] Binder_1 54
11-10 15:30:35.902 D/audio_hw_primary(  196): enable_audio_route: apply and update mixer path: audio-record
11-10 15:30:40.770 E/WifiStateMachine(  573): cancelDelayedScan -> 451
11-10 15:30:40.779 D/audio_hw_primary(  196): adev_set_parameters: enter: screen_state=off
11-10 15:30:40.806 D/DeepAmbientRecognition(  735): onCreate
11-10 15:30:40.826 D/AmbientService(  912): onReceive Intent { act=android.intent.action.SCREEN_OFF flg=0x50000010 } true
11-10 15:30:40.839 D/AmbientService(  912): AmbientDreamRegistrationServiceStub.attach: dream: AmbientComponentConfig[component=ComponentInfo{com.google.android.wearable.ambient/com.google.android.wearable.ambient.AmbientDream}]
11-10 15:30:40.839 D/AmbientService(  912): findRunningActivities: found: AmbientActivity[component=ComponentInfo{com.google.android.wearable.app/com.google.android.clockwork.home.HomeActivity}, callbacks=@10b985be, running=true, ambient=false]
11-10 15:30:40.840 D/AmbientService(  912): scheduling next alarm, nowWall: 1447165840840, nextWall: 1447165860000, nowElapsed: 74853673, nextElapsed: 74872833
11-10 15:30:40.840 D/AmbientService(  912): enterAmbient: AmbientActivity[component=ComponentInfo{com.google.android.wearable.app/com.google.android.clockwork.home.HomeActivity}, callbacks=@10b985be, running=true, ambient=false] main 1
11-10 15:30:40.847 D/LightsService(  573): Excessive delay setting light: 57ms
11-10 15:30:40.858 D/AmbientService(  912): onAmbientEntered: AmbientActivity[component=ComponentInfo{com.google.android.wearable.app/com.google.android.clockwork.home.HomeActivity}, callbacks=@10b985be, running=true, ambient=true]Binder_1 54
11-10 15:30:40.929 D/audio_hw_primary(  196): disable_audio_route: reset and update mixer path: audio-record
11-10 15:30:40.932 D/audio_hw_primary(  196): disable_snd_device: snd_device(55: voice-rec-mic)
11-10 15:30:40.956 D/PowerHAL(  573): IDLE_MODE(touch) -> 1
11-10 15:30:41.814 D/SurfaceFlinger(  174): Set power mode=3, type=0 flinger=0xb7a47550
11-10 15:30:41.814 I/qdhwcomposer(  174): handle_blank_event: dpy:0 panel power state: 2
11-10 15:31:01.058 I/qdhwcomposer(  174): handle_blank_event: dpy:0 panel power state: 2
11-10 15:31:01.064 D/AmbientService(  912): scheduling next alarm, nowWall: 1447165861064, nextWall: 1447165920000, nowElapsed: 74873898, nextElapsed: 74932834
11-10 15:31:01.065 D/AmbientService(  912): updateAmbient: AmbientActivity[component=ComponentInfo{com.google.android.wearable.app/com.google.android.clockwork.home.HomeActivity}, callbacks=@10b985be, running=true, ambient=true] main 1
11-10 15:31:01.083 I/InputReader(  573): Reconfiguring input devices.  changes=0x00000004
11-10 15:31:01.083 I/InputReader(  573): Device reconfigured: id=3, name='synaptics_rmi4_i2c', size 320x320, orientation 0, mode 1, display id 0
11-10 15:31:01.084 I/InputReader(  573): Reconfiguring input devices.  changes=0x00000004
11-10 15:31:01.085 D/AmbientService(  912): onAmbientUpdated: AmbientActivity[component=ComponentInfo{com.google.android.wearable.app/com.google.android.clockwork.home.HomeActivity}, callbacks=@10b985be, running=true, ambient=true]Binder_1 54
11-10 15:31:01.089 D/SurfaceFlinger(  174): Set power mode=1, type=0 flinger=0xb7a47550
11-10 15:31:01.090 I/qdhwcomposer(  174): handle_blank_event: dpy:0 panel power state: 2
11-10 15:31:01.221 D/SurfaceFlinger(  174): Set power mode=3, type=0 flinger=0xb7a47550
11-10 15:31:01.221 I/qdhwcomposer(  174): handle_blank_event: dpy:0 panel power state: 2
11-10 15:31:08.995 I/qdhwcomposer(  174): handle_blank_event: dpy:0 panel power state: 2
11-10 15:31:09.029 D/AuthZenListenerService(  970): onMessageReceived: MessageEventParcelable[16699,com/google/android/location/fused/wearable/LOCATIONS, size=362], Path: com/google/android/location/fused/wearable/LOCATIONS
11-10 15:31:09.039 D/AuthZenWearListenerService(  970): onMessageReceived : MessageEventParcelable[16699,com/google/android/location/fused/wearable/LOCATIONS, size=362], Path: com/google/android/location/fused/wearable/LOCATIONS
11-10 15:31:11.021 W/bt-btif ( 1087): dm_pm_timer expires
11-10 15:31:11.021 W/bt-btif ( 1087): dm_pm_timer expires 0
11-10 15:31:11.021 W/bt-btif ( 1087): proc dm_pm_timer expires
11-10 15:32:01.057 I/qdhwcomposer(  174): handle_blank_event: dpy:0 panel power state: 2
11-10 15:32:01.063 D/AmbientService(  912): scheduling next alarm, nowWall: 1447165921063, nextWall: 1447165980000, nowElapsed: 74933897, nextElapsed: 74992834
11-10 15:32:01.065 D/AmbientService(  912): updateAmbient: AmbientActivity[component=ComponentInfo{com.google.android.wearable.app/com.google.android.clockwork.home.HomeActivity}, callbacks=@10b985be, running=true, ambient=true] main 1
11-10 15:32:01.082 I/InputReader(  573): Reconfiguring input devices.  changes=0x00000004
11-10 15:32:01.082 I/InputReader(  573): Device reconfigured: id=3, name='synaptics_rmi4_i2c', size 320x320, orientation 0, mode 1, display id 0
11-10 15:32:01.084 I/InputReader(  573): Reconfiguring input devices.  changes=0x00000004
11-10 15:32:01.084 D/AmbientService(  912): onAmbientUpdated: AmbientActivity[component=ComponentInfo{com.google.android.wearable.app/com.google.android.clockwork.home.HomeActivity}, callbacks=@10b985be, running=true, ambient=true]Binder_3 56
11-10 15:32:01.108 D/SurfaceFlinger(  174): Set power mode=1, type=0 flinger=0xb7a47550
11-10 15:32:01.108 I/qdhwcomposer(  174): handle_blank_event: dpy:0 panel power state: 2
11-10 15:32:01.237 D/SurfaceFlinger(  174): Set power mode=3, type=0 flinger=0xb7a47550
11-10 15:32:01.237 I/qdhwcomposer(  174): handle_blank_event: dpy:0 panel power state: 2
11-10 15:33:01.058 I/qdhwcomposer(  174): handle_blank_event: dpy:0 panel power state: 2
11-10 15:33:01.066 D/AmbientService(  912): scheduling next alarm, nowWall: 1447165981066, nextWall: 1447166040000, nowElapsed: 74993900, nextElapsed: 75052834
11-10 15:33:01.068 D/AmbientService(  912): updateAmbient: AmbientActivity[component=ComponentInfo{com.google.android.wearable.app/com.google.android.clockwork.home.HomeActivity}, callbacks=@10b985be, running=true, ambient=true] main 1
11-10 15:33:01.088 D/AmbientService(  912): onAmbientUpdated: AmbientActivity[component=ComponentInfo{com.google.android.wearable.app/com.google.android.clockwork.home.HomeActivity}, callbacks=@10b985be, running=true, ambient=true]Binder_2 55
11-10 15:33:01.089 I/InputReader(  573): Reconfiguring input devices.  changes=0x00000004
11-10 15:33:01.089 I/InputReader(  573): Device reconfigured: id=3, name='synaptics_rmi4_i2c', size 320x320, orientation 0, mode 1, display id 0
11-10 15:33:01.091 I/InputReader(  573): Reconfiguring input devices.  changes=0x00000004
11-10 15:33:01.113 D/SurfaceFlinger(  174): Set power mode=1, type=0 flinger=0xb7a47550
11-10 15:33:01.114 I/qdhwcomposer(  174): handle_blank_event: dpy:0 panel power state: 2
11-10 15:33:01.243 D/SurfaceFlinger(  174): Set power mode=3, type=0 flinger=0xb7a47550
11-10 15:33:01.244 I/qdhwcomposer(  174): handle_blank_event: dpy:0 panel power state: 2
11-10 15:34:01.059 I/qdhwcomposer(  174): handle_blank_event: dpy:0 panel power state: 2
11-10 15:34:01.067 D/AmbientService(  912): scheduling next alarm, nowWall: 1447166041067, nextWall: 1447166100000, nowElapsed: 75053901, nextElapsed: 75112834
11-10 15:34:01.068 D/AmbientService(  912): updateAmbient: AmbientActivity[component=ComponentInfo{com.google.android.wearable.app/com.google.android.clockwork.home.HomeActivity}, callbacks=@10b985be, running=true, ambient=true] main 1
11-10 15:34:01.089 D/AmbientService(  912): onAmbientUpdated: AmbientActivity[component=ComponentInfo{com.google.android.wearable.app/com.google.android.clockwork.home.HomeActivity}, callbacks=@10b985be, running=true, ambient=true]Binder_1 54
11-10 15:34:01.090 I/InputReader(  573): Reconfiguring input devices.  changes=0x00000004
11-10 15:34:01.090 I/InputReader(  573): Device reconfigured: id=3, name='synaptics_rmi4_i2c', size 320x320, orientation 0, mode 1, display id 0
11-10 15:34:01.091 I/InputReader(  573): Reconfiguring input devices.  changes=0x00000004
11-10 15:34:01.115 D/SurfaceFlinger(  174): Set power mode=1, type=0 flinger=0xb7a47550
11-10 15:34:01.115 I/qdhwcomposer(  174): handle_blank_event: dpy:0 panel power state: 2
11-10 15:34:01.246 D/SurfaceFlinger(  174): Set power mode=3, type=0 flinger=0xb7a47550
11-10 15:34:01.246 I/qdhwcomposer(  174): handle_blank_event: dpy:0 panel power state: 2
11-10 15:34:01.300 I/qdhwcomposer(  174): handle_blank_event: dpy:0 panel power state: 2
11-10 15:34:01.302 E/libsuspend(  573): Error writing to /sys/power/state: Device or resource busy
11-10 15:34:02.666 I/FitnessWearable( 1225): Checking fitness notification
11-10 15:34:03.157 I/FitnessWearable( 1225): Fitness Platform Queries took: 386 ms
11-10 15:34:03.752 D/AuthZenListenerService(  970): onMessageReceived: MessageEventParcelable[16700,/WearablesSync/Ack/tommy.thorsen@gmail.com, size=10], Path: /WearablesSync/Ack/tommy.thorsen@gmail.com
11-10 15:34:03.753 D/AuthZenWearListenerService(  970): onMessageReceived : MessageEventParcelable[16700,/WearablesSync/Ack/tommy.thorsen@gmail.com, size=10], Path: /WearablesSync/Ack/tommy.thorsen@gmail.com
11-10 15:34:05.690 W/bt-btif ( 1087): dm_pm_timer expires
11-10 15:34:05.690 W/bt-btif ( 1087): dm_pm_timer expires 0
11-10 15:34:05.690 W/bt-btif ( 1087): proc dm_pm_timer expires
11-10 15:34:08.544 I/qdhwcomposer(  174): handle_blank_event: dpy:0 panel power state: 2
11-10 15:34:10.440 I/FitnessWearable( 1225): Completed Phone Sync
11-10 15:34:10.440 I/FitnessWearable( 1225): Checking on account update
11-10 15:34:10.688 I/FitnessWearable( 1225): Initialized Fitness Account
11-10 15:34:11.274 W/bt-btif ( 1087): dm_pm_timer expires
11-10 15:34:11.274 W/bt-btif ( 1087): dm_pm_timer expires 0
11-10 15:34:11.274 W/bt-btif ( 1087): proc dm_pm_timer expires
11-10 15:35:01.059 I/qdhwcomposer(  174): handle_blank_event: dpy:0 panel power state: 2
11-10 15:35:01.065 D/AmbientService(  912): scheduling next alarm, nowWall: 1447166101065, nextWall: 1447166160000, nowElapsed: 75113898, nextElapsed: 75172833
11-10 15:35:01.066 D/AmbientService(  912): updateAmbient: AmbientActivity[component=ComponentInfo{com.google.android.wearable.app/com.google.android.clockwork.home.HomeActivity}, callbacks=@10b985be, running=true, ambient=true] main 1
11-10 15:35:01.101 I/InputReader(  573): Reconfiguring input devices.  changes=0x00000004
11-10 15:35:01.101 I/InputReader(  573): Device reconfigured: id=3, name='synaptics_rmi4_i2c', size 320x320, orientation 0, mode 1, display id 0
11-10 15:35:01.102 D/AmbientService(  912): onAmbientUpdated: AmbientActivity[component=ComponentInfo{com.google.android.wearable.app/com.google.android.clockwork.home.HomeActivity}, callbacks=@10b985be, running=true, ambient=true]Binder_3 56
11-10 15:35:01.103 I/InputReader(  573): Reconfiguring input devices.  changes=0x00000004
11-10 15:35:01.126 D/SurfaceFlinger(  174): Set power mode=1, type=0 flinger=0xb7a47550
11-10 15:35:01.127 I/qdhwcomposer(  174): handle_blank_event: dpy:0 panel power state: 2
11-10 15:35:01.257 D/SurfaceFlinger(  174): Set power mode=3, type=0 flinger=0xb7a47550
11-10 15:35:01.257 I/qdhwcomposer(  174): handle_blank_event: dpy:0 panel power state: 2
11-10 15:36:01.059 I/qdhwcomposer(  174): handle_blank_event: dpy:0 panel power state: 2
11-10 15:36:01.068 D/AmbientService(  912): scheduling next alarm, nowWall: 1447166161068, nextWall: 1447166220000, nowElapsed: 75173901, nextElapsed: 75232833
11-10 15:36:01.069 D/AmbientService(  912): updateAmbient: AmbientActivity[component=ComponentInfo{com.google.android.wearable.app/com.google.android.clockwork.home.HomeActivity}, callbacks=@10b985be, running=true, ambient=true] main 1
11-10 15:36:01.088 D/AmbientService(  912): onAmbientUpdated: AmbientActivity[component=ComponentInfo{com.google.android.wearable.app/com.google.android.clockwork.home.HomeActivity}, callbacks=@10b985be, running=true, ambient=true]Binder_2 55
11-10 15:36:01.089 I/InputReader(  573): Reconfiguring input devices.  changes=0x00000004
11-10 15:36:01.089 I/InputReader(  573): Device reconfigured: id=3, name='synaptics_rmi4_i2c', size 320x320, orientation 0, mode 1, display id 0
11-10 15:36:01.090 I/InputReader(  573): Reconfiguring input devices.  changes=0x00000004
11-10 15:36:01.112 D/SurfaceFlinger(  174): Set power mode=1, type=0 flinger=0xb7a47550
11-10 15:36:01.112 I/qdhwcomposer(  174): handle_blank_event: dpy:0 panel power state: 2
11-10 15:36:01.244 D/SurfaceFlinger(  174): Set power mode=3, type=0 flinger=0xb7a47550
11-10 15:36:01.244 I/qdhwcomposer(  174): handle_blank_event: dpy:0 panel power state: 2
11-10 15:36:26.060 I/qdhwcomposer(  174): handle_blank_event: dpy:0 panel power state: 2
11-10 15:37:01.060 I/qdhwcomposer(  174): handle_blank_event: dpy:0 panel power state: 2
11-10 15:37:01.066 D/AmbientService(  912): scheduling next alarm, nowWall: 1447166221066, nextWall: 1447166280000, nowElapsed: 75233900, nextElapsed: 75292834
11-10 15:37:01.068 D/AmbientService(  912): updateAmbient: AmbientActivity[component=ComponentInfo{com.google.android.wearable.app/com.google.android.clockwork.home.HomeActivity}, callbacks=@10b985be, running=true, ambient=true] main 1
11-10 15:37:01.102 I/InputReader(  573): Reconfiguring input devices.  changes=0x00000004
11-10 15:37:01.102 I/InputReader(  573): Device reconfigured: id=3, name='synaptics_rmi4_i2c', size 320x320, orientation 0, mode 1, display id 0
11-10 15:37:01.106 I/InputReader(  573): Reconfiguring input devices.  changes=0x00000004
11-10 15:37:01.107 D/AmbientService(  912): onAmbientUpdated: AmbientActivity[component=ComponentInfo{com.google.android.wearable.app/com.google.android.clockwork.home.HomeActivity}, callbacks=@10b985be, running=true, ambient=true]Binder_1 54
11-10 15:37:01.128 D/SurfaceFlinger(  174): Set power mode=1, type=0 flinger=0xb7a47550
11-10 15:37:01.128 I/qdhwcomposer(  174): handle_blank_event: dpy:0 panel power state: 2
11-10 15:37:01.256 D/SurfaceFlinger(  174): Set power mode=3, type=0 flinger=0xb7a47550
11-10 15:37:01.256 I/qdhwcomposer(  174): handle_blank_event: dpy:0 panel power state: 2
11-10 15:37:23.057 I/qdhwcomposer(  174): handle_blank_event: dpy:0 panel power state: 2
11-10 15:37:23.092 D/AuthZenListenerService(  970): onMessageReceived: MessageEventParcelable[16701,com/google/android/location/fused/wearable/LOCATIONS, size=362], Path: com/google/android/location/fused/wearable/LOCATIONS
11-10 15:37:23.102 D/AuthZenWearListenerService(  970): onMessageReceived : MessageEventParcelable[16701,com/google/android/location/fused/wearable/LOCATIONS, size=362], Path: com/google/android/location/fused/wearable/LOCATIONS
11-10 15:37:25.085 W/bt-btif ( 1087): dm_pm_timer expires
11-10 15:37:25.085 W/bt-btif ( 1087): dm_pm_timer expires 0
11-10 15:37:25.085 W/bt-btif ( 1087): proc dm_pm_timer expires
11-10 15:38:01.059 I/qdhwcomposer(  174): handle_blank_event: dpy:0 panel power state: 2
11-10 15:38:01.066 D/AmbientService(  912): scheduling next alarm, nowWall: 1447166281066, nextWall: 1447166340000, nowElapsed: 75293900, nextElapsed: 75352834
11-10 15:38:01.068 D/AmbientService(  912): updateAmbient: AmbientActivity[component=ComponentInfo{com.google.android.wearable.app/com.google.android.clockwork.home.HomeActivity}, callbacks=@10b985be, running=true, ambient=true] main 1
11-10 15:38:01.081 I/InputReader(  573): Reconfiguring input devices.  changes=0x00000004
11-10 15:38:01.081 I/InputReader(  573): Device reconfigured: id=3, name='synaptics_rmi4_i2c', size 320x320, orientation 0, mode 1, display id 0
11-10 15:38:01.085 D/AmbientService(  912): onAmbientUpdated: AmbientActivity[component=ComponentInfo{com.google.android.wearable.app/com.google.android.clockwork.home.HomeActivity}, callbacks=@10b985be, running=true, ambient=true]Binder_3 56
11-10 15:38:01.085 I/InputReader(  573): Reconfiguring input devices.  changes=0x00000004
11-10 15:38:01.109 D/SurfaceFlinger(  174): Set power mode=1, type=0 flinger=0xb7a47550
11-10 15:38:01.109 I/qdhwcomposer(  174): handle_blank_event: dpy:0 panel power state: 2
11-10 15:38:01.235 D/SurfaceFlinger(  174): Set power mode=3, type=0 flinger=0xb7a47550
11-10 15:38:01.236 I/qdhwcomposer(  174): handle_blank_event: dpy:0 panel power state: 2
11-10 15:39:01.060 I/qdhwcomposer(  174): handle_blank_event: dpy:0 panel power state: 2
11-10 15:39:01.069 D/AmbientService(  912): scheduling next alarm, nowWall: 1447166341069, nextWall: 1447166400000, nowElapsed: 75353902, nextElapsed: 75412833
11-10 15:39:01.070 D/AmbientService(  912): updateAmbient: AmbientActivity[component=ComponentInfo{com.google.android.wearable.app/com.google.android.clockwork.home.HomeActivity}, callbacks=@10b985be, running=true, ambient=true] main 1
11-10 15:39:01.075 D/AmbientService(  912): onAmbientUpdated: AmbientActivity[component=ComponentInfo{com.google.android.wearable.app/com.google.android.clockwork.home.HomeActivity}, callbacks=@10b985be, running=true, ambient=true]Binder_2 55
11-10 15:39:01.081 D/SurfaceFlinger(  174): Set power mode=1, type=0 flinger=0xb7a47550
11-10 15:39:01.081 I/qdhwcomposer(  174): handle_blank_event: dpy:0 panel power state: 2
11-10 15:39:01.213 D/SurfaceFlinger(  174): Set power mode=3, type=0 flinger=0xb7a47550
11-10 15:39:01.213 I/qdhwcomposer(  174): handle_blank_event: dpy:0 panel power state: 2
11-10 15:40:01.060 I/qdhwcomposer(  174): handle_blank_event: dpy:0 panel power state: 2
11-10 15:40:01.068 D/AmbientService(  912): scheduling next alarm, nowWall: 1447166401068, nextWall: 1447166460000, nowElapsed: 75413901, nextElapsed: 75472833
11-10 15:40:01.069 D/AmbientService(  912): updateAmbient: AmbientActivity[component=ComponentInfo{com.google.android.wearable.app/com.google.android.clockwork.home.HomeActivity}, callbacks=@10b985be, running=true, ambient=true] main 1
11-10 15:40:01.100 D/AmbientService(  912): onAmbientUpdated: AmbientActivity[component=ComponentInfo{com.google.android.wearable.app/com.google.android.clockwork.home.HomeActivity}, callbacks=@10b985be, running=true, ambient=true]Binder_1 54
11-10 15:40:01.101 I/InputReader(  573): Reconfiguring input devices.  changes=0x00000004
11-10 15:40:01.101 I/InputReader(  573): Device reconfigured: id=3, name='synaptics_rmi4_i2c', size 320x320, orientation 0, mode 1, display id 0
11-10 15:40:01.102 I/InputReader(  573): Reconfiguring input devices.  changes=0x00000004
11-10 15:40:01.126 D/SurfaceFlinger(  174): Set power mode=1, type=0 flinger=0xb7a47550
11-10 15:40:01.126 I/qdhwcomposer(  174): handle_blank_event: dpy:0 panel power state: 2
11-10 15:40:01.257 D/SurfaceFlinger(  174): Set power mode=3, type=0 flinger=0xb7a47550
11-10 15:40:01.257 I/qdhwcomposer(  174): handle_blank_event: dpy:0 panel power state: 2
11-10 15:41:01.061 I/qdhwcomposer(  174): handle_blank_event: dpy:0 panel power state: 2
11-10 15:41:01.069 D/AmbientService(  912): scheduling next alarm, nowWall: 1447166461069, nextWall: 1447166520000, nowElapsed: 75473903, nextElapsed: 75532834
11-10 15:41:01.071 D/AmbientService(  912): updateAmbient: AmbientActivity[component=ComponentInfo{com.google.android.wearable.app/com.google.android.clockwork.home.HomeActivity}, callbacks=@10b985be, running=true, ambient=true] main 1
11-10 15:41:01.087 D/AmbientService(  912): onAmbientUpdated: AmbientActivity[component=ComponentInfo{com.google.android.wearable.app/com.google.android.clockwork.home.HomeActivity}, callbacks=@10b985be, running=true, ambient=true]Binder_3 56
11-10 15:41:01.088 I/InputReader(  573): Reconfiguring input devices.  changes=0x00000004
11-10 15:41:01.088 I/InputReader(  573): Device reconfigured: id=3, name='synaptics_rmi4_i2c', size 320x320, orientation 0, mode 1, display id 0
11-10 15:41:01.089 I/InputReader(  573): Reconfiguring input devices.  changes=0x00000004
11-10 15:41:01.113 D/SurfaceFlinger(  174): Set power mode=1, type=0 flinger=0xb7a47550
11-10 15:41:01.113 I/qdhwcomposer(  174): handle_blank_event: dpy:0 panel power state: 2
11-10 15:41:01.245 D/SurfaceFlinger(  174): Set power mode=3, type=0 flinger=0xb7a47550
11-10 15:41:01.245 I/qdhwcomposer(  174): handle_blank_event: dpy:0 panel power state: 2
11-10 15:42:01.061 I/qdhwcomposer(  174): handle_blank_event: dpy:0 panel power state: 2
11-10 15:42:01.070 D/AmbientService(  912): scheduling next alarm, nowWall: 1447166521070, nextWall: 1447166580000, nowElapsed: 75533903, nextElapsed: 75592833
11-10 15:42:01.071 D/AmbientService(  912): updateAmbient: AmbientActivity[component=ComponentInfo{com.google.android.wearable.app/com.google.android.clockwork.home.HomeActivity}, callbacks=@10b985be, running=true, ambient=true] main 1
11-10 15:42:01.089 I/InputReader(  573): Reconfiguring input devices.  changes=0x00000004
11-10 15:42:01.089 I/InputReader(  573): Device reconfigured: id=3, name='synaptics_rmi4_i2c', size 320x320, orientation 0, mode 1, display id 0
11-10 15:42:01.092 D/AmbientService(  912): onAmbientUpdated: AmbientActivity[component=ComponentInfo{com.google.android.wearable.app/com.google.android.clockwork.home.HomeActivity}, callbacks=@10b985be, running=true, ambient=true]Binder_2 55
11-10 15:42:01.093 I/InputReader(  573): Reconfiguring input devices.  changes=0x00000004
11-10 15:42:01.117 D/SurfaceFlinger(  174): Set power mode=1, type=0 flinger=0xb7a47550
11-10 15:42:01.117 I/qdhwcomposer(  174): handle_blank_event: dpy:0 panel power state: 2
11-10 15:42:01.248 D/SurfaceFlinger(  174): Set power mode=3, type=0 flinger=0xb7a47550
11-10 15:42:01.248 I/qdhwcomposer(  174): handle_blank_event: dpy:0 panel power state: 2
11-10 15:42:30.285 I/qdhwcomposer(  174): handle_blank_event: dpy:0 panel power state: 2
11-10 15:42:30.319 D/AuthZenListenerService(  970): onMessageReceived: MessageEventParcelable[16702,com/google/android/location/fused/wearable/LOCATIONS, size=362], Path: com/google/android/location/fused/wearable/LOCATIONS
11-10 15:42:30.320 D/AuthZenWearListenerService(  970): onMessageReceived : MessageEventParcelable[16702,com/google/android/location/fused/wearable/LOCATIONS, size=362], Path: com/google/android/location/fused/wearable/LOCATIONS
11-10 15:42:32.308 W/bt-btif ( 1087): dm_pm_timer expires
11-10 15:42:32.308 W/bt-btif ( 1087): dm_pm_timer expires 0
11-10 15:42:32.308 W/bt-btif ( 1087): proc dm_pm_timer expires
11-10 15:43:01.058 I/qdhwcomposer(  174): handle_blank_event: dpy:0 panel power state: 2
11-10 15:43:01.065 D/AmbientService(  912): scheduling next alarm, nowWall: 1447166581065, nextWall: 1447166640000, nowElapsed: 75593898, nextElapsed: 75652833
11-10 15:43:01.066 D/AmbientService(  912): updateAmbient: AmbientActivity[component=ComponentInfo{com.google.android.wearable.app/com.google.android.clockwork.home.HomeActivity}, callbacks=@10b985be, running=true, ambient=true] main 1
11-10 15:43:01.191 I/art     (  573): Explicit concurrent mark sweep GC freed 23864(1222KB) AllocSpace objects, 2(32KB) LOS objects, 15% free, 10MB/12MB, paused 1.953ms total 115.326ms
11-10 15:43:01.196 I/InputReader(  573): Reconfiguring input devices.  changes=0x00000004
11-10 15:43:01.197 I/InputReader(  573): Device reconfigured: id=3, name='synaptics_rmi4_i2c', size 320x320, orientation 0, mode 1, display id 0
11-10 15:43:01.201 D/AmbientService(  912): onAmbientUpdated: AmbientActivity[component=ComponentInfo{com.google.android.wearable.app/com.google.android.clockwork.home.HomeActivity}, callbacks=@10b985be, running=true, ambient=true]Binder_1 54
11-10 15:43:01.215 D/SurfaceFlinger(  174): Set power mode=1, type=0 flinger=0xb7a47550
11-10 15:43:01.215 I/qdhwcomposer(  174): handle_blank_event: dpy:0 panel power state: 2
11-10 15:43:01.345 D/SurfaceFlinger(  174): Set power mode=3, type=0 flinger=0xb7a47550
11-10 15:43:01.345 I/qdhwcomposer(  174): handle_blank_event: dpy:0 panel power state: 2
11-10 15:43:09.482 I/qdhwcomposer(  174): handle_blank_event: dpy:0 panel power state: 2
11-10 15:43:09.484 V/KeyguardServiceDelegate(  573): onScreenTurnedOn(showListener = com.android.internal.policy.impl.PhoneWindowManager$2@1a6c5e2a)
11-10 15:43:09.498 E/WifiStateMachine(  573): cancelDelayedScan -> 452
11-10 15:43:09.502 D/audio_hw_primary(  196): adev_set_parameters: enter: screen_state=on
11-10 15:43:09.505 V/KeyguardServiceDelegate(  573): **** SHOWN CALLED ****
11-10 15:43:09.512 D/PowerHAL(  573): IDLE_MODE(touch) -> 0
11-10 15:43:09.514 D/SurfaceFlinger(  174): Set power mode=2, type=0 flinger=0xb7a47550
11-10 15:43:09.534 I/qdhwcomposer(  174): handle_blank_event: dpy:0 panel power state: 1
11-10 15:43:09.574 D/DeepAmbientRecognition(  735): onDestroy
11-10 15:43:09.586 D/AmbientService(  912): exitAmbient: AmbientActivity[component=ComponentInfo{com.google.android.wearable.app/com.google.android.clockwork.home.HomeActivity}, callbacks=@10b985be, running=true, ambient=true] main 1
11-10 15:43:09.587 D/AmbientService(  912): AmbientDreamStub.detach called while disabled
11-10 15:43:09.609 I/InputReader(  573): Reconfiguring input devices.  changes=0x00000004
11-10 15:43:09.610 I/InputReader(  573): Device reconfigured: id=3, name='synaptics_rmi4_i2c', size 320x320, orientation 0, mode 1, display id 0
11-10 15:43:09.612 I/InputReader(  573): Reconfiguring input devices.  changes=0x00000004
11-10 15:43:09.620 I/AudioFlinger(  196): AudioFlinger's thread 0xb5614008 ready to run
11-10 15:43:09.633 D/audio_hw_primary(  196): select_devices: out_snd_device(0: none) in_snd_device(55: voice-rec-mic)
11-10 15:43:09.633 D/msm8974_platform(  196): platform_send_audio_calibration: sending audio calibration for snd_device(55) acdb_id(62)
11-10 15:43:09.633 D/        (  196): Failed to fetch the lookup information of the device 0000003E 
11-10 15:43:09.633 D/        (  196): Failed to fetch the lookup information of the device 0000003E 
11-10 15:43:09.633 D/audio_hw_primary(  196): enable_snd_device: snd_device(55: voice-rec-mic)
