11-10 16:48:01.272 I/qdhwcomposer(  174): handle_blank_event: dpy:0 panel power state: 2
11-10 16:49:01.085 I/qdhwcomposer(  174): handle_blank_event: dpy:0 panel power state: 2
11-10 16:49:01.092 D/AmbientService(  912): scheduling next alarm, nowWall: 1447170541092, nextWall: 1447170600000, nowElapsed: 79553926, nextElapsed: 79612834
11-10 16:49:01.094 D/AmbientService(  912): updateAmbient: AmbientActivity[component=ComponentInfo{com.google.android.wearable.app/com.google.android.clockwork.home.HomeActivity}, callbacks=@10b985be, running=true, ambient=true] main 1
11-10 16:49:01.099 D/AmbientService(  912): onAmbientUpdated: AmbientActivity[component=ComponentInfo{com.google.android.wearable.app/com.google.android.clockwork.home.HomeActivity}, callbacks=@10b985be, running=true, ambient=true]Binder_3 56
11-10 16:49:01.102 D/SurfaceFlinger(  174): Set power mode=1, type=0 flinger=0xb7a47550
11-10 16:49:01.102 I/qdhwcomposer(  174): handle_blank_event: dpy:0 panel power state: 2
11-10 16:49:01.234 D/SurfaceFlinger(  174): Set power mode=3, type=0 flinger=0xb7a47550
11-10 16:49:01.234 I/qdhwcomposer(  174): handle_blank_event: dpy:0 panel power state: 2
11-10 16:50:01.085 I/qdhwcomposer(  174): handle_blank_event: dpy:0 panel power state: 2
11-10 16:50:01.094 D/AmbientService(  912): scheduling next alarm, nowWall: 1447170601094, nextWall: 1447170660000, nowElapsed: 79613928, nextElapsed: 79672834
11-10 16:50:01.096 D/AmbientService(  912): updateAmbient: AmbientActivity[component=ComponentInfo{com.google.android.wearable.app/com.google.android.clockwork.home.HomeActivity}, callbacks=@10b985be, running=true, ambient=true] main 1
11-10 16:50:01.125 D/AmbientService(  912): onAmbientUpdated: AmbientActivity[component=ComponentInfo{com.google.android.wearable.app/com.google.android.clockwork.home.HomeActivity}, callbacks=@10b985be, running=true, ambient=true]Binder_2 55
11-10 16:50:01.126 I/InputReader(  573): Reconfiguring input devices.  changes=0x00000004
11-10 16:50:01.126 I/InputReader(  573): Device reconfigured: id=3, name='synaptics_rmi4_i2c', size 320x320, orientation 0, mode 1, display id 0
11-10 16:50:01.129 I/InputReader(  573): Reconfiguring input devices.  changes=0x00000004
11-10 16:50:01.154 D/SurfaceFlinger(  174): Set power mode=1, type=0 flinger=0xb7a47550
11-10 16:50:01.154 I/qdhwcomposer(  174): handle_blank_event: dpy:0 panel power state: 2
11-10 16:50:01.283 D/SurfaceFlinger(  174): Set power mode=3, type=0 flinger=0xb7a47550
11-10 16:50:01.283 I/qdhwcomposer(  174): handle_blank_event: dpy:0 panel power state: 2
11-10 16:51:01.086 I/qdhwcomposer(  174): handle_blank_event: dpy:0 panel power state: 2
11-10 16:51:01.093 D/AmbientService(  912): scheduling next alarm, nowWall: 1447170661093, nextWall: 1447170720000, nowElapsed: 79673927, nextElapsed: 79732834
11-10 16:51:01.096 D/AmbientService(  912): updateAmbient: AmbientActivity[component=ComponentInfo{com.google.android.wearable.app/com.google.android.clockwork.home.HomeActivity}, callbacks=@10b985be, running=true, ambient=true] main 1
11-10 16:51:01.116 D/AmbientService(  912): onAmbientUpdated: AmbientActivity[component=ComponentInfo{com.google.android.wearable.app/com.google.android.clockwork.home.HomeActivity}, callbacks=@10b985be, running=true, ambient=true]Binder_1 54
11-10 16:51:01.118 I/InputReader(  573): Reconfiguring input devices.  changes=0x00000004
11-10 16:51:01.118 I/InputReader(  573): Device reconfigured: id=3, name='synaptics_rmi4_i2c', size 320x320, orientation 0, mode 1, display id 0
11-10 16:51:01.119 I/InputReader(  573): Reconfiguring input devices.  changes=0x00000004
11-10 16:51:01.141 D/SurfaceFlinger(  174): Set power mode=1, type=0 flinger=0xb7a47550
11-10 16:51:01.141 I/qdhwcomposer(  174): handle_blank_event: dpy:0 panel power state: 2
11-10 16:51:01.272 D/SurfaceFlinger(  174): Set power mode=3, type=0 flinger=0xb7a47550
11-10 16:51:01.272 I/qdhwcomposer(  174): handle_blank_event: dpy:0 panel power state: 2
11-10 16:51:01.331 I/qdhwcomposer(  174): handle_blank_event: dpy:0 panel power state: 2
11-10 16:51:01.333 E/libsuspend(  573): Error writing to /sys/power/state: Device or resource busy
11-10 16:51:02.189 I/FitnessWearable( 1225): Checking fitness notification
11-10 16:51:02.318 I/art     (  774): Background partial concurrent mark sweep GC freed 41163(2026KB) AllocSpace objects, 2(28KB) LOS objects, 17% free, 9MB/11MB, paused 2.115ms total 188.896ms
11-10 16:51:03.208 I/FitnessWearable( 1225): Fitness Platform Queries took: 850 ms
11-10 16:51:04.486 W/bt-btif ( 1087): dm_pm_timer expires
11-10 16:51:04.486 W/bt-btif ( 1087): dm_pm_timer expires 0
11-10 16:51:04.486 W/bt-btif ( 1087): proc dm_pm_timer expires
11-10 16:51:07.585 I/FitnessWearable( 1225): Completed Phone Sync
11-10 16:51:07.585 I/FitnessWearable( 1225): Checking on account update
11-10 16:51:07.722 I/FitnessWearable( 1225): Initialized Fitness Account
11-10 16:51:08.477 W/bt-btif ( 1087): dm_pm_timer expires
11-10 16:51:08.477 W/bt-btif ( 1087): dm_pm_timer expires 0
11-10 16:51:08.477 W/bt-btif ( 1087): proc dm_pm_timer expires
11-10 16:52:00.086 I/qdhwcomposer(  174): handle_blank_event: dpy:0 panel power state: 2
11-10 16:52:00.092 D/AmbientService(  912): scheduling next alarm, nowWall: 1447170720092, nextWall: 1447170780000, nowElapsed: 79732926, nextElapsed: 79792834
11-10 16:52:00.094 D/AmbientService(  912): updateAmbient: AmbientActivity[component=ComponentInfo{com.google.android.wearable.app/com.google.android.clockwork.home.HomeActivity}, callbacks=@10b985be, running=true, ambient=true] main 1
11-10 16:52:00.119 I/InputReader(  573): Reconfiguring input devices.  changes=0x00000004
11-10 16:52:00.119 I/InputReader(  573): Device reconfigured: id=3, name='synaptics_rmi4_i2c', size 320x320, orientation 0, mode 1, display id 0
11-10 16:52:00.120 I/InputReader(  573): Reconfiguring input devices.  changes=0x00000004
11-10 16:52:00.121 D/AmbientService(  912): onAmbientUpdated: AmbientActivity[component=ComponentInfo{com.google.android.wearable.app/com.google.android.clockwork.home.HomeActivity}, callbacks=@10b985be, running=true, ambient=true]Binder_3 56
11-10 16:52:00.144 D/SurfaceFlinger(  174): Set power mode=1, type=0 flinger=0xb7a47550
11-10 16:52:00.144 I/qdhwcomposer(  174): handle_blank_event: dpy:0 panel power state: 2
11-10 16:52:00.274 D/SurfaceFlinger(  174): Set power mode=3, type=0 flinger=0xb7a47550
11-10 16:52:00.274 I/qdhwcomposer(  174): handle_blank_event: dpy:0 panel power state: 2
11-10 16:53:01.087 I/qdhwcomposer(  174): handle_blank_event: dpy:0 panel power state: 2
11-10 16:53:01.094 D/AmbientService(  912): scheduling next alarm, nowWall: 1447170781094, nextWall: 1447170840000, nowElapsed: 79793928, nextElapsed: 79852834
11-10 16:53:01.096 D/AmbientService(  912): updateAmbient: AmbientActivity[component=ComponentInfo{com.google.android.wearable.app/com.google.android.clockwork.home.HomeActivity}, callbacks=@10b985be, running=true, ambient=true] main 1
11-10 16:53:01.116 I/InputReader(  573): Reconfiguring input devices.  changes=0x00000004
11-10 16:53:01.116 I/InputReader(  573): Device reconfigured: id=3, name='synaptics_rmi4_i2c', size 320x320, orientation 0, mode 1, display id 0
11-10 16:53:01.117 I/InputReader(  573): Reconfiguring input devices.  changes=0x00000004
11-10 16:53:01.121 D/AmbientService(  912): onAmbientUpdated: AmbientActivity[component=ComponentInfo{com.google.android.wearable.app/com.google.android.clockwork.home.HomeActivity}, callbacks=@10b985be, running=true, ambient=true]Binder_2 55
11-10 16:53:01.142 D/SurfaceFlinger(  174): Set power mode=1, type=0 flinger=0xb7a47550
11-10 16:53:01.143 I/qdhwcomposer(  174): handle_blank_event: dpy:0 panel power state: 2
11-10 16:53:01.273 D/SurfaceFlinger(  174): Set power mode=3, type=0 flinger=0xb7a47550
11-10 16:53:01.273 I/qdhwcomposer(  174): handle_blank_event: dpy:0 panel power state: 2
11-10 16:54:01.087 I/qdhwcomposer(  174): handle_blank_event: dpy:0 panel power state: 2
11-10 16:54:01.096 D/AmbientService(  912): scheduling next alarm, nowWall: 1447170841095, nextWall: 1447170900000, nowElapsed: 79853929, nextElapsed: 79912834
11-10 16:54:01.102 D/AmbientService(  912): updateAmbient: AmbientActivity[component=ComponentInfo{com.google.android.wearable.app/com.google.android.clockwork.home.HomeActivity}, callbacks=@10b985be, running=true, ambient=true] main 1
11-10 16:54:01.114 I/InputReader(  573): Reconfiguring input devices.  changes=0x00000004
11-10 16:54:01.114 I/InputReader(  573): Device reconfigured: id=3, name='synaptics_rmi4_i2c', size 320x320, orientation 0, mode 1, display id 0
11-10 16:54:01.115 I/InputReader(  573): Reconfiguring input devices.  changes=0x00000004
11-10 16:54:01.118 D/AmbientService(  912): onAmbientUpdated: AmbientActivity[component=ComponentInfo{com.google.android.wearable.app/com.google.android.clockwork.home.HomeActivity}, callbacks=@10b985be, running=true, ambient=true]Binder_1 54
11-10 16:54:01.142 D/SurfaceFlinger(  174): Set power mode=1, type=0 flinger=0xb7a47550
11-10 16:54:01.142 I/qdhwcomposer(  174): handle_blank_event: dpy:0 panel power state: 2
11-10 16:54:01.264 D/SurfaceFlinger(  174): Set power mode=3, type=0 flinger=0xb7a47550
11-10 16:54:01.265 I/qdhwcomposer(  174): handle_blank_event: dpy:0 panel power state: 2
11-10 16:55:01.087 I/qdhwcomposer(  174): handle_blank_event: dpy:0 panel power state: 2
11-10 16:55:01.096 D/AmbientService(  912): scheduling next alarm, nowWall: 1447170901096, nextWall: 1447170960000, nowElapsed: 79913929, nextElapsed: 79972833
11-10 16:55:01.097 D/AmbientService(  912): updateAmbient: AmbientActivity[component=ComponentInfo{com.google.android.wearable.app/com.google.android.clockwork.home.HomeActivity}, callbacks=@10b985be, running=true, ambient=true] main 1
11-10 16:55:01.115 D/AmbientService(  912): onAmbientUpdated: AmbientActivity[component=ComponentInfo{com.google.android.wearable.app/com.google.android.clockwork.home.HomeActivity}, callbacks=@10b985be, running=true, ambient=true]Binder_3 56
11-10 16:55:01.116 I/InputReader(  573): Reconfiguring input devices.  changes=0x00000004
11-10 16:55:01.117 I/InputReader(  573): Device reconfigured: id=3, name='synaptics_rmi4_i2c', size 320x320, orientation 0, mode 1, display id 0
11-10 16:55:01.118 I/InputReader(  573): Reconfiguring input devices.  changes=0x00000004
11-10 16:55:01.140 D/SurfaceFlinger(  174): Set power mode=1, type=0 flinger=0xb7a47550
11-10 16:55:01.140 I/qdhwcomposer(  174): handle_blank_event: dpy:0 panel power state: 2
11-10 16:55:01.270 D/SurfaceFlinger(  174): Set power mode=3, type=0 flinger=0xb7a47550
11-10 16:55:01.271 I/qdhwcomposer(  174): handle_blank_event: dpy:0 panel power state: 2
11-10 16:56:01.086 I/qdhwcomposer(  174): handle_blank_event: dpy:0 panel power state: 2
11-10 16:56:01.093 D/AmbientService(  912): scheduling next alarm, nowWall: 1447170961093, nextWall: 1447171020000, nowElapsed: 79973927, nextElapsed: 80032834
11-10 16:56:01.095 D/AmbientService(  912): updateAmbient: AmbientActivity[component=ComponentInfo{com.google.android.wearable.app/com.google.android.clockwork.home.HomeActivity}, callbacks=@10b985be, running=true, ambient=true] main 1
11-10 16:56:01.116 D/AmbientService(  912): onAmbientUpdated: AmbientActivity[component=ComponentInfo{com.google.android.wearable.app/com.google.android.clockwork.home.HomeActivity}, callbacks=@10b985be, running=true, ambient=true]Binder_2 55
11-10 16:56:01.117 I/InputReader(  573): Reconfiguring input devices.  changes=0x00000004
11-10 16:56:01.117 I/InputReader(  573): Device reconfigured: id=3, name='synaptics_rmi4_i2c', size 320x320, orientation 0, mode 1, display id 0
11-10 16:56:01.119 I/InputReader(  573): Reconfiguring input devices.  changes=0x00000004
11-10 16:56:01.142 D/SurfaceFlinger(  174): Set power mode=1, type=0 flinger=0xb7a47550
11-10 16:56:01.142 I/qdhwcomposer(  174): handle_blank_event: dpy:0 panel power state: 2
11-10 16:56:01.274 D/SurfaceFlinger(  174): Set power mode=3, type=0 flinger=0xb7a47550
11-10 16:56:01.274 I/qdhwcomposer(  174): handle_blank_event: dpy:0 panel power state: 2
11-10 16:56:26.088 I/qdhwcomposer(  174): handle_blank_event: dpy:0 panel power state: 2
11-10 16:57:01.088 I/qdhwcomposer(  174): handle_blank_event: dpy:0 panel power state: 2
11-10 16:57:01.095 D/AmbientService(  912): scheduling next alarm, nowWall: 1447171021095, nextWall: 1447171080000, nowElapsed: 80033928, nextElapsed: 80092833
11-10 16:57:01.096 D/AmbientService(  912): updateAmbient: AmbientActivity[component=ComponentInfo{com.google.android.wearable.app/com.google.android.clockwork.home.HomeActivity}, callbacks=@10b985be, running=true, ambient=true] main 1
11-10 16:57:01.126 I/InputReader(  573): Reconfiguring input devices.  changes=0x00000004
11-10 16:57:01.126 I/InputReader(  573): Device reconfigured: id=3, name='synaptics_rmi4_i2c', size 320x320, orientation 0, mode 1, display id 0
11-10 16:57:01.127 I/InputReader(  573): Reconfiguring input devices.  changes=0x00000004
11-10 16:57:01.127 D/AmbientService(  912): onAmbientUpdated: AmbientActivity[component=ComponentInfo{com.google.android.wearable.app/com.google.android.clockwork.home.HomeActivity}, callbacks=@10b985be, running=true, ambient=true]Binder_1 54
11-10 16:57:01.151 D/SurfaceFlinger(  174): Set power mode=1, type=0 flinger=0xb7a47550
11-10 16:57:01.151 I/qdhwcomposer(  174): handle_blank_event: dpy:0 panel power state: 2
11-10 16:57:01.281 D/SurfaceFlinger(  174): Set power mode=3, type=0 flinger=0xb7a47550
11-10 16:57:01.281 I/qdhwcomposer(  174): handle_blank_event: dpy:0 panel power state: 2
11-10 16:57:31.492 I/qdhwcomposer(  174): handle_blank_event: dpy:0 panel power state: 2
11-10 16:57:32.698 I/FitnessWearable( 1225): Completed Phone Sync
11-10 16:57:32.698 I/FitnessWearable( 1225): Checking on account update
11-10 16:57:32.851 I/art     (  573): Explicit concurrent mark sweep GC freed 28504(1487KB) AllocSpace objects, 3(48KB) LOS objects, 15% free, 10MB/12MB, paused 2.051ms total 115.047ms
11-10 16:57:33.057 I/FitnessWearable( 1225): Initialized Fitness Account
11-10 16:57:33.510 W/bt-btif ( 1087): dm_pm_timer expires
11-10 16:57:33.511 W/bt-btif ( 1087): dm_pm_timer expires 0
11-10 16:57:33.511 W/bt-btif ( 1087): proc dm_pm_timer expires
11-10 16:57:43.088 I/qdhwcomposer(  174): handle_blank_event: dpy:0 panel power state: 2
11-10 16:57:43.095 D/OnBodyDetection(  735): onCreate
11-10 16:58:00.089 I/qdhwcomposer(  174): handle_blank_event: dpy:0 panel power state: 2
11-10 16:58:00.137 I/InputReader(  573): Reconfiguring input devices.  changes=0x00000004
11-10 16:58:00.137 I/InputReader(  573): Device reconfigured: id=3, name='synaptics_rmi4_i2c', size 320x320, orientation 0, mode 1, display id 0
11-10 16:58:00.289 D/AmbientService(  912): scheduling next alarm, nowWall: 1447171080289, nextWall: 1447171140000, nowElapsed: 80093123, nextElapsed: 80152834
11-10 16:58:00.290 D/AmbientService(  912): updateAmbient: AmbientActivity[component=ComponentInfo{com.google.android.wearable.app/com.google.android.clockwork.home.HomeActivity}, callbacks=@10b985be, running=true, ambient=true] main 1
11-10 16:58:00.293 D/AmbientService(  912): onAmbientUpdated: AmbientActivity[component=ComponentInfo{com.google.android.wearable.app/com.google.android.clockwork.home.HomeActivity}, callbacks=@10b985be, running=true, ambient=true]Binder_2 55
11-10 16:58:00.324 D/SurfaceFlinger(  174): Set power mode=1, type=0 flinger=0xb7a47550
11-10 16:58:00.325 I/qdhwcomposer(  174): handle_blank_event: dpy:0 panel power state: 2
11-10 16:58:00.448 D/SurfaceFlinger(  174): Set power mode=3, type=0 flinger=0xb7a47550
11-10 16:58:00.449 I/qdhwcomposer(  174): handle_blank_event: dpy:0 panel power state: 2
11-10 16:59:00.089 I/qdhwcomposer(  174): handle_blank_event: dpy:0 panel power state: 2
11-10 16:59:00.108 D/AmbientService(  912): scheduling next alarm, nowWall: 1447171140108, nextWall: 1447171200000, nowElapsed: 80152942, nextElapsed: 80212834
11-10 16:59:00.115 D/AmbientService(  912): updateAmbient: AmbientActivity[component=ComponentInfo{com.google.android.wearable.app/com.google.android.clockwork.home.HomeActivity}, callbacks=@10b985be, running=true, ambient=true] main 1
11-10 16:59:00.127 I/InputReader(  573): Reconfiguring input devices.  changes=0x00000004
11-10 16:59:00.127 I/InputReader(  573): Device reconfigured: id=3, name='synaptics_rmi4_i2c', size 320x320, orientation 0, mode 1, display id 0
11-10 16:59:00.130 D/AmbientService(  912): onAmbientUpdated: AmbientActivity[component=ComponentInfo{com.google.android.wearable.app/com.google.android.clockwork.home.HomeActivity}, callbacks=@10b985be, running=true, ambient=true]Binder_1 54
11-10 16:59:00.133 I/InputReader(  573): Reconfiguring input devices.  changes=0x00000004
11-10 16:59:00.155 D/SurfaceFlinger(  174): Set power mode=1, type=0 flinger=0xb7a47550
11-10 16:59:00.155 I/qdhwcomposer(  174): handle_blank_event: dpy:0 panel power state: 2
11-10 16:59:00.282 D/SurfaceFlinger(  174): Set power mode=3, type=0 flinger=0xb7a47550
11-10 16:59:00.282 I/qdhwcomposer(  174): handle_blank_event: dpy:0 panel power state: 2
11-10 16:59:00.426 D/PowerHAL(  573): IDLE_MODE(touch) -> 0
11-10 16:59:00.435 D/AmbientService(  912): exitAmbient: AmbientActivity[component=ComponentInfo{com.google.android.wearable.app/com.google.android.clockwork.home.HomeActivity}, callbacks=@10b985be, running=true, ambient=true] main 1
11-10 16:59:00.437 D/AmbientService(  912): AmbientDreamStub.detach called while disabled
11-10 16:59:00.447 D/SurfaceFlinger(  174): Set power mode=2, type=0 flinger=0xb7a47550
11-10 16:59:00.449 I/qdhwcomposer(  174): handle_blank_event: dpy:0 panel power state: 1
11-10 16:59:00.476 I/AudioFlinger(  196): AudioFlinger's thread 0xb5614008 ready to run
11-10 16:59:00.487 D/AmbientService(  912): onAmbientExited: AmbientActivity[component=ComponentInfo{com.google.android.wearable.app/com.google.android.clockwork.home.HomeActivity}, callbacks=@10b985be, running=true, ambient=false] Binder_3 56
11-10 16:59:00.488 D/DeepAmbientRecognition(  735): onDestroy
11-10 16:59:00.501 D/audio_hw_primary(  196): select_devices: out_snd_device(0: none) in_snd_device(55: voice-rec-mic)
11-10 16:59:00.501 D/msm8974_platform(  196): platform_send_audio_calibration: sending audio calibration for snd_device(55) acdb_id(62)
11-10 16:59:00.502 D/        (  196): Failed to fetch the lookup information of the device 0000003E 
11-10 16:59:00.502 D/        (  196): Failed to fetch the lookup information of the device 0000003E 
11-10 16:59:00.502 D/audio_hw_primary(  196): enable_snd_device: snd_device(55: voice-rec-mic)
11-10 16:59:00.509 D/audio_hw_primary(  196): enable_audio_route: apply and update mixer path: audio-record
11-10 16:59:00.535 I/InputReader(  573): Reconfiguring input devices.  changes=0x00000004
11-10 16:59:00.535 I/InputReader(  573): Device reconfigured: id=3, name='synaptics_rmi4_i2c', size 320x320, orientation 0, mode 1, display id 0
11-10 16:59:00.536 I/InputReader(  573): Reconfiguring input devices.  changes=0x00000004
11-10 16:59:00.542 I/InputReader(  573): Reconfiguring input devices.  changes=0x00000004
11-10 16:59:00.542 I/InputReader(  573): Device reconfigured: id=3, name='synaptics_rmi4_i2c', size 320x320, orientation 0, mode 1, display id 0
11-10 16:59:00.543 I/InputReader(  573): Reconfiguring input devices.  changes=0x00000004
11-10 16:59:00.549 I/InputReader(  573): Reconfiguring input devices.  changes=0x00000004
11-10 16:59:00.549 I/InputReader(  573): Device reconfigured: id=3, name='synaptics_rmi4_i2c', size 320x320, orientation 0, mode 1, display id 0
11-10 16:59:00.550 I/InputReader(  573): Reconfiguring input devices.  changes=0x00000004
11-10 16:59:00.598 D/OnBodyDetection(  735): onDestroy
11-10 16:59:01.074 D/SurfaceFlinger(  174): Set power mode=0, type=0 flinger=0xb7a47550
11-10 16:59:01.502 I/qdhwcomposer(  174): handle_blank_event: dpy:0 panel power state: 0
11-10 16:59:01.503 D/SurfaceControl(  573): Excessive delay in setPowerMode(): 435ms
11-10 16:59:01.504 D/PowerHAL(  573): IDLE_MODE(touch) -> 1
11-10 16:59:01.540 D/AmbientService(  912): onPaused: AmbientActivity[component=ComponentInfo{com.google.android.wearable.app/com.google.android.clockwork.home.HomeActivity}, callbacks=@10b985be, running=true, ambient=false] Binder_2 55
11-10 16:59:01.545 D/AmbientService(  912): onStopped: AmbientActivity[component=ComponentInfo{com.google.android.wearable.app/com.google.android.clockwork.home.HomeActivity}, callbacks=@10b985be, running=false, ambient=false] Binder_3 56
11-10 16:59:01.594 D/audio_hw_primary(  196): disable_audio_route: reset and update mixer path: audio-record
11-10 16:59:01.598 D/audio_hw_primary(  196): disable_snd_device: snd_device(55: voice-rec-mic)
11-10 16:59:01.718 E/libsuspend(  573): Error writing to /sys/power/state: Device or resource busy
11-10 17:03:04.141 I/FitnessWearable( 1225): Checking fitness notification
11-10 17:03:04.521 I/art     (  774): Background sticky concurrent mark sweep GC freed 18698(1093KB) AllocSpace objects, 5(94KB) LOS objects, 9% free, 10MB/11MB, paused 2.486ms total 101.607ms
11-10 17:03:04.820 I/FitnessWearable( 1225): Fitness Platform Queries took: 491 ms
11-10 17:03:04.900 I/art     ( 1225): Background sticky concurrent mark sweep GC freed 24782(880KB) AllocSpace objects, 2(32KB) LOS objects, 8% free, 8MB/8MB, paused 7.015ms total 52.091ms
11-10 17:03:05.412 I/art     (  774): Background partial concurrent mark sweep GC freed 41038(1958KB) AllocSpace objects, 0(0B) LOS objects, 17% free, 9MB/11MB, paused 1.994ms total 101.390ms
11-10 17:03:05.672 I/PhenotypeFlagCommitter(  824): Experiment Configs successfully retrieved for com.google.android.gms.playlog.uploader
11-10 17:03:05.678 I/GoogleURLConnFactory(  824): Using platform SSLCertificateSocketFactory
11-10 17:03:06.034 D/ClockworkProxy(  735): doAccept: Create socket stream 12 for TCP connection from /192.168.167.239:59400 to /216.58.209.138:443
11-10 17:03:06.049 D/ClockworkProxy(  735): doAccept: rpc succeeded. Activate stream 12
11-10 17:03:08.879 I/FitnessWearable( 1225): Completed Phone Sync
11-10 17:03:08.879 I/FitnessWearable( 1225): Checking on account update
11-10 17:03:09.016 I/FitnessWearable( 1225): Initialized Fitness Account
11-10 17:03:09.700 W/bt-btif ( 1087): dm_pm_timer expires
11-10 17:03:09.700 W/bt-btif ( 1087): dm_pm_timer expires 0
11-10 17:03:09.700 W/bt-btif ( 1087): proc dm_pm_timer expires
11-10 17:07:10.084 W/bt-btif ( 1087): dm_pm_timer expires
11-10 17:07:10.084 W/bt-btif ( 1087): dm_pm_timer expires 0
11-10 17:07:10.085 W/bt-btif ( 1087): proc dm_pm_timer expires
11-10 17:12:03.887 I/art     (  735): Background partial concurrent mark sweep GC freed 23054(1141KB) AllocSpace objects, 53(2MB) LOS objects, 11% free, 15MB/17MB, paused 4.290ms total 274.422ms
11-10 17:12:04.593 V/RenderScript(  735): 0xb7aef9c0 Launching thread(s), CPUs 4
11-10 17:12:05.642 W/bt-btif ( 1087): dm_pm_timer expires
11-10 17:12:05.642 W/bt-btif ( 1087): dm_pm_timer expires 0
11-10 17:12:05.642 W/bt-btif ( 1087): proc dm_pm_timer expires
11-10 17:12:10.533 W/bt-btif ( 1087): dm_pm_timer expires
11-10 17:12:10.533 W/bt-btif ( 1087): dm_pm_timer expires 0
11-10 17:12:10.533 W/bt-btif ( 1087): proc dm_pm_timer expires
11-10 17:12:13.058 E/libsuspend(  573): Error writing to /sys/power/state: Device or resource busy
11-10 17:15:05.152 I/EventLogService(  970): Aggregate from 1447169941158 (log), 1447169941158 (data)
11-10 17:15:06.071 I/FitnessWearable( 1225): Checking fitness notification
11-10 17:15:06.647 I/FitnessWearable( 1225): Fitness Platform Queries took: 344 ms
11-10 17:15:09.827 I/FitnessWearable( 1225): Completed Phone Sync
11-10 17:15:09.828 I/FitnessWearable( 1225): Checking on account update
11-10 17:15:09.965 I/FitnessWearable( 1225): Initialized Fitness Account
11-10 17:15:10.717 W/bt-btif ( 1087): dm_pm_timer expires
11-10 17:15:10.717 W/bt-btif ( 1087): dm_pm_timer expires 0
11-10 17:15:10.717 W/bt-btif ( 1087): proc dm_pm_timer expires
11-10 17:29:01.123 I/FitnessWearable( 1225): Checking fitness notification
11-10 17:29:01.479 I/art     (  774): Background sticky concurrent mark sweep GC freed 15309(839KB) AllocSpace objects, 3(48KB) LOS objects, 8% free, 10MB/11MB, paused 9.808ms total 60.968ms
11-10 17:29:01.709 I/FitnessWearable( 1225): Fitness Platform Queries took: 452 ms
11-10 17:29:01.801 I/art     ( 1225): Background sticky concurrent mark sweep GC freed 34180(1501KB) AllocSpace objects, 3(48KB) LOS objects, 9% free, 8MB/9MB, paused 24.563ms total 62.244ms
11-10 17:29:02.048 I/art     (  735): Background partial concurrent mark sweep GC freed 5389(294KB) AllocSpace objects, 13(1838KB) LOS objects, 11% free, 16MB/18MB, paused 11.931ms total 155.539ms
11-10 17:29:05.013 I/FitnessWearable( 1225): Completed Phone Sync
11-10 17:29:05.013 I/FitnessWearable( 1225): Checking on account update
11-10 17:29:05.162 I/FitnessWearable( 1225): Initialized Fitness Account
11-10 17:29:05.948 W/bt-btif ( 1087): dm_pm_timer expires
11-10 17:29:05.948 W/bt-btif ( 1087): dm_pm_timer expires 0
11-10 17:29:05.948 W/bt-btif ( 1087): proc dm_pm_timer expires
11-10 17:43:20.142 I/FitnessWearable( 1225): Checking fitness notification
11-10 17:43:20.540 I/art     (  774): Background partial concurrent mark sweep GC freed 42004(2MB) AllocSpace objects, 1(16KB) LOS objects, 17% free, 9MB/11MB, paused 2.071ms total 220.307ms
11-10 17:43:20.720 I/FitnessWearable( 1225): Fitness Platform Queries took: 440 ms
11-10 17:43:20.782 I/art     ( 1225): Background sticky concurrent mark sweep GC freed 18431(605KB) AllocSpace objects, 1(16KB) LOS objects, 0% free, 10MB/10MB, paused 7.150ms total 36.303ms
11-10 17:43:20.941 I/art     ( 1225): Background partial concurrent mark sweep GC freed 3388(156KB) AllocSpace objects, 2(2000KB) LOS objects, 20% free, 7MB/9MB, paused 5.463ms total 110.500ms
11-10 17:43:23.842 I/FitnessWearable( 1225): Completed Phone Sync
11-10 17:43:23.842 I/FitnessWearable( 1225): Checking on account update
11-10 17:43:24.021 I/FitnessWearable( 1225): Initialized Fitness Account
11-10 17:43:24.675 W/bt-btif ( 1087): dm_pm_timer expires
11-10 17:43:24.675 W/bt-btif ( 1087): dm_pm_timer expires 0
11-10 17:43:24.675 W/bt-btif ( 1087): proc dm_pm_timer expires
11-10 17:44:01.231 I/art     (  573): Explicit concurrent mark sweep GC freed 27347(1546KB) AllocSpace objects, 4(64KB) LOS objects, 15% free, 11MB/13MB, paused 1.853ms total 104.319ms
11-10 17:47:12.498 I/TimeSyncer(  735): Companion requested the watch start a time sync.
11-10 17:47:12.498 I/TimeSyncer(  735): sending request - elapsedRealTime: 83045332
11-10 17:47:12.562 I/TimeSyncer(  735): Not correcting small offset ms: 247
11-10 17:47:12.562 D/TimeSyncer(  735): Resetting alarm for 86400000 ms from now
11-10 17:47:14.552 W/bt-btif ( 1087): dm_pm_timer expires
11-10 17:47:14.552 W/bt-btif ( 1087): dm_pm_timer expires 0
11-10 17:47:14.552 W/bt-btif ( 1087): proc dm_pm_timer expires
11-10 17:57:06.737 I/FitnessWearable( 1225): Completed Phone Sync
11-10 17:57:06.737 I/FitnessWearable( 1225): Checking on account update
11-10 17:57:07.047 I/FitnessWearable( 1225): Initialized Fitness Account
11-10 17:57:07.126 I/EventLogService(  970): Aggregate from 1447172105152 (log), 1447172105152 (data)
11-10 17:57:07.544 W/bt-btif ( 1087): dm_pm_timer expires
11-10 17:57:07.544 W/bt-btif ( 1087): dm_pm_timer expires 0
11-10 17:57:07.544 W/bt-btif ( 1087): proc dm_pm_timer expires
11-10 18:03:09.140 I/FitnessWearable( 1225): Checking fitness notification
11-10 18:03:09.453 W/art     (  824): Suspending all threads took: 28.809ms
11-10 18:03:09.494 I/art     (  824): Background sticky concurrent mark sweep GC freed 20363(1293KB) AllocSpace objects, 21(336KB) LOS objects, 18% free, 7MB/9MB, paused 30.847ms total 82.276ms
11-10 18:03:09.706 I/FitnessWearable( 1225): Fitness Platform Queries took: 429 ms
11-10 18:03:09.895 I/art     (  735): Background sticky concurrent mark sweep GC freed 1910(70KB) AllocSpace objects, 0(0B) LOS objects, 0% free, 18MB/18MB, paused 16.233ms total 30.284ms
11-10 18:03:10.085 I/art     (  735): Background partial concurrent mark sweep GC freed 1948(115KB) AllocSpace objects, 20(1584KB) LOS objects, 10% free, 16MB/18MB, paused 1.815ms total 185.904ms
11-10 18:03:10.562 I/PhenotypeFlagCommitter(  824): Experiment Configs successfully retrieved for com.google.android.gms.playlog.uploader
11-10 18:03:10.568 I/GoogleURLConnFactory(  824): Using platform SSLCertificateSocketFactory
11-10 18:03:10.825 D/ClockworkProxy(  735): doAccept: Create socket stream 13 for TCP connection from /192.168.167.239:44740 to /216.58.209.138:443
11-10 18:03:10.830 D/ClockworkProxy(  735): doAccept: rpc succeeded. Activate stream 13
11-10 18:03:12.486 I/FitnessWearable( 1225): Completed Phone Sync
11-10 18:03:12.486 I/FitnessWearable( 1225): Checking on account update
11-10 18:03:12.675 I/FitnessWearable( 1225): Initialized Fitness Account
11-10 18:03:13.599 I/FitnessWearable( 1225): Completed Phone Sync
11-10 18:03:13.599 I/FitnessWearable( 1225): Checking on account update
11-10 18:03:13.855 I/FitnessWearable( 1225): Initialized Fitness Account
11-10 18:03:13.911 I/art     ( 1225): Background sticky concurrent mark sweep GC freed 9400(581KB) AllocSpace objects, 1(16KB) LOS objects, 7% free, 9MB/9MB, paused 8.734ms total 33.816ms
11-10 18:03:14.469 W/bt-btif ( 1087): dm_pm_timer expires
11-10 18:03:14.469 W/bt-btif ( 1087): dm_pm_timer expires 0
11-10 18:03:14.469 W/bt-btif ( 1087): proc dm_pm_timer expires
11-10 18:07:13.540 W/bt-btif ( 1087): dm_pm_timer expires
11-10 18:07:13.540 W/bt-btif ( 1087): dm_pm_timer expires 0
11-10 18:07:13.540 W/bt-btif ( 1087): proc dm_pm_timer expires
11-10 18:09:33.523 D/PowerHAL(  573): IDLE_MODE(touch) -> 0
11-10 18:09:33.533 V/KeyguardServiceDelegate(  573): onScreenTurnedOn(showListener = com.android.internal.policy.impl.PhoneWindowManager$2@1a6c5e2a)
11-10 18:09:33.535 D/SurfaceFlinger(  174): Set power mode=2, type=0 flinger=0xb7a47550
11-10 18:09:33.542 V/KeyguardServiceDelegate(  573): **** SHOWN CALLED ****
11-10 18:09:33.580 E/WifiStateMachine(  573): cancelDelayedScan -> 472
11-10 18:09:33.586 D/audio_hw_primary(  196): adev_set_parameters: enter: screen_state=on
11-10 18:09:33.641 D/AmbientService(  912): onResumed: AmbientActivity[component=ComponentInfo{com.google.android.wearable.app/com.google.android.clockwork.home.HomeActivity}, callbacks=@10b985be, running=false, ambient=false] Binder_1 54
11-10 18:09:33.667 I/AudioFlinger(  196): AudioFlinger's thread 0xb5614008 ready to run
11-10 18:09:33.689 D/audio_hw_primary(  196): select_devices: out_snd_device(0: none) in_snd_device(55: voice-rec-mic)
11-10 18:09:33.689 D/msm8974_platform(  196): platform_send_audio_calibration: sending audio calibration for snd_device(55) acdb_id(62)
11-10 18:09:33.689 D/        (  196): Failed to fetch the lookup information of the device 0000003E 
11-10 18:09:33.690 D/        (  196): Failed to fetch the lookup information of the device 0000003E 
11-10 18:09:33.690 D/audio_hw_primary(  196): enable_snd_device: snd_device(55: voice-rec-mic)
11-10 18:09:33.708 D/audio_hw_primary(  196): enable_audio_route: apply and update mixer path: audio-record
11-10 18:09:33.830 I/qdhwcomposer(  174): handle_blank_event: dpy:0 panel power state: 1
11-10 18:09:33.832 D/SurfaceControl(  573): Excessive delay in setPowerMode(): 298ms
11-10 18:09:34.765 D/AmbientService(  912): onPaused: AmbientActivity[component=ComponentInfo{com.google.android.wearable.app/com.google.android.clockwork.home.HomeActivity}, callbacks=@10b985be, running=true, ambient=false] Binder_3 56
11-10 18:09:34.840 D/audio_hw_primary(  196): disable_audio_route: reset and update mixer path: audio-record
11-10 18:09:34.843 D/audio_hw_primary(  196): disable_snd_device: snd_device(55: voice-rec-mic)
11-10 18:09:34.886 I/art     (  203): Background concurrent mark sweep GC freed 81(3KB) AllocSpace objects, 0(0B) LOS objects, 24% free, 4MB/5MB, paused 354us total 111.673ms
11-10 18:09:34.939 D/CloudSync(  774): Power connected.
11-10 18:09:34.950 I/WearableNetwork(  774): Going to set wifi state to false
11-10 18:09:34.971 I/WiFiMediator(  774): WiFi mediator is not running.
11-10 18:09:34.982 E/NetworkScheduler.SchedulerReceiver(  824): Invalid parameter app
11-10 18:09:34.982 E/NetworkScheduler.SchedulerReceiver(  824): Invalid package name : Perhaps you didn't include a PendingIntent in the extras?
11-10 18:09:34.993 I/GCoreUlr(  774): ULR code skipped on unsupported form factor.
11-10 18:09:35.137 I/art     (  203): Background concurrent mark sweep GC freed 788(33KB) AllocSpace objects, 0(0B) LOS objects, 24% free, 4MB/5MB, paused 382us total 128.829ms
11-10 18:09:35.430 D/OpenGLRenderer(31668): Use EGL_SWAP_BEHAVIOR_PRESERVED: true
11-10 18:09:35.459 D/Atlas   (31668): Validating map...
11-10 18:09:35.480 D/AmbientService(  912): setConfiguration: AmbientActivity[component=ComponentInfo{com.lge.wearable.chargingmode/com.lge.wearable.chargingmode.ChargingActivity}, callbacks=@1a5ae13b, running=false, ambient=false]Binder_2 55
11-10 18:09:35.481 D/AmbientService(  912): onResumed: AmbientActivity[component=ComponentInfo{com.lge.wearable.chargingmode/com.lge.wearable.chargingmode.ChargingActivity}, callbacks=@1a5ae13b, running=false, ambient=false] Binder_3 56
11-10 18:09:35.564 I/Adreno-EGL(31668): <qeglDrvAPI_eglInitialize:379>: QUALCOMM Build: 04/17/15, 7501d81, Id740c4a472
11-10 18:09:35.567 I/OpenGLRenderer(31668): Initialized EGL, version 1.4
11-10 18:09:35.601 D/OpenGLRenderer(31668): Enabling debug mode 0
11-10 18:09:35.975 I/ActivityManager(  573): Displayed com.lge.wearable.chargingmode/.ChargingActivity: +1s209ms
11-10 18:09:36.849 E/SQLiteLog(31685): (283) recovered 8 frames from WAL file /data/data/com.android.providers.media/databases/external.db-wal
11-10 18:09:37.176 I/PhenotypeFlagCommitter(  824): Experiment Configs successfully retrieved for com.google.android.gms.playlog.uploader
11-10 18:09:37.182 I/GoogleURLConnFactory(  824): Using platform SSLCertificateSocketFactory
11-10 18:09:37.363 W/bt-btif ( 1087): dm_pm_timer expires
11-10 18:09:37.363 W/bt-btif ( 1087): dm_pm_timer expires 0
11-10 18:09:37.363 W/bt-btif ( 1087): proc dm_pm_timer expires
11-10 18:09:37.750 D/ClockworkProxy(  735): doAccept: Create socket stream 14 for TCP connection from /192.168.167.239:36584 to /216.58.209.106:443
11-10 18:09:37.755 D/ClockworkProxy(  735): doAccept: rpc succeeded. Activate stream 14
11-10 18:09:38.468 I/ClearcutLoggerApiImpl(  774): disconnect managed GoogleApiClient
11-10 18:09:41.157 W/bt-btif ( 1087): dm_pm_timer expires
11-10 18:09:41.157 W/bt-btif ( 1087): dm_pm_timer expires 0
11-10 18:09:41.157 W/bt-btif ( 1087): proc dm_pm_timer expires
11-10 18:09:44.802 D/AmbientService(  912): onPaused: AmbientActivity[component=ComponentInfo{com.lge.wearable.chargingmode/com.lge.wearable.chargingmode.ChargingActivity}, callbacks=@1a5ae13b, running=true, ambient=false] Binder_1 54
11-10 18:09:44.805 D/AmbientService(  912): onResumed: AmbientActivity[component=ComponentInfo{com.google.android.wearable.app/com.google.android.clockwork.home.HomeActivity}, callbacks=@10b985be, running=false, ambient=false] Binder_2 55
11-10 18:09:44.862 I/AudioFlinger(  196): AudioFlinger's thread 0xb5614008 ready to run
11-10 18:09:44.894 D/audio_hw_primary(  196): select_devices: out_snd_device(0: none) in_snd_device(55: voice-rec-mic)
11-10 18:09:44.894 D/msm8974_platform(  196): platform_send_audio_calibration: sending audio calibration for snd_device(55) acdb_id(62)
11-10 18:09:44.894 D/        (  196): Failed to fetch the lookup information of the device 0000003E 
11-10 18:09:44.894 D/        (  196): Failed to fetch the lookup information of the device 0000003E 
11-10 18:09:44.894 D/audio_hw_primary(  196): enable_snd_device: snd_device(55: voice-rec-mic)
11-10 18:09:44.903 D/audio_hw_primary(  196): enable_audio_route: apply and update mixer path: audio-record
11-10 18:09:45.199 D/CloudSync(  774): Power disconnected.
11-10 18:09:45.237 V/KeyguardServiceDelegate(  573): onScreenTurnedOn(showListener = com.android.internal.policy.impl.PhoneWindowManager$2@1a6c5e2a)
11-10 18:09:45.245 E/WifiStateMachine(  573): cancelDelayedScan -> 473
11-10 18:09:45.267 D/AmbientService(  912): onStopped: AmbientActivity[component=ComponentInfo{com.lge.wearable.chargingmode/com.lge.wearable.chargingmode.ChargingActivity}, callbacks=@1a5ae13b, running=false, ambient=false] Binder_2 55
11-10 18:09:45.288 D/audio_hw_primary(  196): adev_set_parameters: enter: screen_state=off
11-10 18:09:45.319 V/KeyguardServiceDelegate(  573): **** SHOWN CALLED ****
11-10 18:09:45.351 I/GCoreUlr(  774): ULR code skipped on unsupported form factor.
11-10 18:09:45.632 I/art     (  865): Explicit concurrent mark sweep GC freed 3210(125KB) AllocSpace objects, 0(0B) LOS objects, 25% free, 5MB/7MB, paused 2.325ms total 323.295ms
11-10 18:09:45.662 D/AmbientService(  912): onReceive Intent { act=android.intent.action.SCREEN_OFF flg=0x50000010 } true
11-10 18:09:45.700 D/AmbientService(  912): detach: AmbientActivity[component=ComponentInfo{com.lge.wearable.chargingmode/com.lge.wearable.chargingmode.ChargingActivity}, callbacks=@1a5ae13b, running=false, ambient=false] Binder_2 55
11-10 18:09:45.732 D/DeepAmbientRecognition(  735): onCreate
11-10 18:09:45.892 I/art     (  573): Background sticky concurrent mark sweep GC freed 21258(1163KB) AllocSpace objects, 10(610KB) LOS objects, 13% free, 11MB/13MB, paused 2.331ms total 222.547ms
11-10 18:09:45.972 E/WifiStateMachine(  573): cancelDelayedScan -> 474
11-10 18:09:45.976 D/audio_hw_primary(  196): adev_set_parameters: enter: screen_state=on
11-10 18:09:46.053 D/DeepAmbientRecognition(  735): onDestroy
11-10 18:09:47.588 W/bt-btif ( 1087): dm_pm_timer expires
11-10 18:09:47.588 W/bt-btif ( 1087): dm_pm_timer expires 0
11-10 18:09:47.588 W/bt-btif ( 1087): proc dm_pm_timer expires
11-10 18:09:49.736 D/AmbientService(  912): onPaused: AmbientActivity[component=ComponentInfo{com.google.android.wearable.app/com.google.android.clockwork.home.HomeActivity}, callbacks=@10b985be, running=true, ambient=false] Binder_3 56
11-10 18:09:49.824 D/audio_hw_primary(  196): disable_audio_route: reset and update mixer path: audio-record
11-10 18:09:49.830 D/audio_hw_primary(  196): disable_snd_device: snd_device(55: voice-rec-mic)
11-10 18:09:49.912 D/CloudSync(  774): Power connected.
11-10 18:09:49.918 I/WearableNetwork(  774): Going to set wifi state to false
11-10 18:09:49.920 I/WiFiMediator(  774): WiFi mediator is not running.
11-10 18:09:49.967 D/AmbientService(  912): setConfiguration: AmbientActivity[component=ComponentInfo{com.lge.wearable.chargingmode/com.lge.wearable.chargingmode.ChargingActivity}, callbacks=@36c33bed, running=false, ambient=false]Binder_2 55
11-10 18:09:49.967 D/AmbientService(  912): onResumed: AmbientActivity[component=ComponentInfo{com.lge.wearable.chargingmode/com.lge.wearable.chargingmode.ChargingActivity}, callbacks=@36c33bed, running=false, ambient=false] Binder_3 56
11-10 18:09:50.096 I/ActivityManager(  573): Displayed com.lge.wearable.chargingmode/.ChargingActivity: +359ms
11-10 18:09:50.107 E/NetworkScheduler.SchedulerReceiver(  824): Invalid parameter app
11-10 18:09:50.107 E/NetworkScheduler.SchedulerReceiver(  824): Invalid package name : Perhaps you didn't include a PendingIntent in the extras?
11-10 18:09:50.116 I/GCoreUlr(  774): ULR code skipped on unsupported form factor.
11-10 18:09:52.064 W/bt-btif ( 1087): dm_pm_timer expires
11-10 18:09:52.064 W/bt-btif ( 1087): dm_pm_timer expires 0
11-10 18:09:52.064 W/bt-btif ( 1087): proc dm_pm_timer expires
