11-10 13:18:18.542 V/DreamService[AmbientDream](  912): onBind() intent = Intent { act=android.service.dreams.DreamService flg=0x800000 cmp=com.google.android.wearable.ambient/.AmbientDream }
11-10 13:18:18.568 I/AmbientService(  912): Ambient Created
11-10 13:18:18.568 V/DreamService[AmbientDream](  912): Calling onDreamingStarted()
11-10 13:18:18.568 I/AmbientService(  912): Ambient Starting
11-10 13:18:18.945 I/PowerManagerService(  573): Waking up from dozing (uid 10004)...
11-10 13:18:18.950 E/InputMethodManagerService(  573): Ignoring setImeWindowStatus due to an invalid token. uid:1000 token:null
11-10 13:18:18.954 I/DreamManagerService(  573): Gently waking up from dream.
11-10 13:18:18.955 V/DreamService[AmbientDream](  912): wakeUp(): fromSystem=true, mWaking=false, mFinished=false
11-10 13:18:18.955 V/DreamService[AmbientDream](  912): finish(): mFinished=false
11-10 13:18:18.957 I/DreamManagerService(  573): Leaving dreamland.
11-10 13:18:18.957 I/DreamController(  573): Stopping dream: name=ComponentInfo{com.google.android.wearable.ambient/com.google.android.wearable.ambient.AmbientDream}, isTest=false, canDoze=true, userId=0
11-10 13:18:18.964 V/DreamService[AmbientDream](  912): detach(): Calling onDreamingStopped()
11-10 13:18:18.964 I/AmbientService(  912): Ambient Stopping
11-10 13:18:18.979 V/DreamService[AmbientDream](  912): onDestroy()
11-10 13:18:34.881 I/PowerManagerService(  573): Going to sleep due to screen timeout (uid 1000)...
11-10 13:18:34.882 I/DreamManagerService(  573): Entering dreamland.
11-10 13:18:34.882 I/PowerManagerService(  573): Dozing...
11-10 13:18:34.883 I/DreamController(  573): Starting dream: name=ComponentInfo{com.google.android.wearable.ambient/com.google.android.wearable.ambient.AmbientDream}, isTest=false, canDoze=true, userId=0
11-10 13:18:34.894 E/InputMethodManagerService(  573): Ignoring setImeWindowStatus due to an invalid token. uid:1000 token:null
11-10 13:18:34.894 E/InputMethodManagerService(  573): Ignoring setImeWindowStatus due to an invalid token. uid:1000 token:null
11-10 13:18:34.938 V/DreamService[AmbientDream](  912): onBind() intent = Intent { act=android.service.dreams.DreamService flg=0x800000 cmp=com.google.android.wearable.ambient/.AmbientDream }
11-10 13:18:34.947 I/AmbientService(  912): Ambient Created
11-10 13:18:34.947 V/DreamService[AmbientDream](  912): Calling onDreamingStarted()
11-10 13:18:34.947 I/AmbientService(  912): Ambient Starting
11-10 13:18:35.023 I/DisplayManagerService(  573): Display device changed state: "Built-in Screen", DOZE_SUSPEND
11-10 13:18:35.026 V/ActivityManager(  573): Display changed displayId=0
11-10 13:19:01.016 I/AmbientService(  912): Ambient Updating
11-10 13:19:01.046 I/DisplayManagerService(  573): Display device changed state: "Built-in Screen", DOZE
11-10 13:19:01.055 V/ActivityManager(  573): Display changed displayId=0
11-10 13:19:01.167 I/DisplayManagerService(  573): Display device changed state: "Built-in Screen", DOZE_SUSPEND
11-10 13:19:01.174 V/ActivityManager(  573): Display changed displayId=0
11-10 13:20:01.019 I/AmbientService(  912): Ambient Updating
11-10 13:20:01.042 I/DisplayManagerService(  573): Display device changed state: "Built-in Screen", DOZE
11-10 13:20:01.050 V/ActivityManager(  573): Display changed displayId=0
11-10 13:20:01.160 I/DisplayManagerService(  573): Display device changed state: "Built-in Screen", DOZE_SUSPEND
11-10 13:20:01.160 V/ActivityManager(  573): Display changed displayId=0
11-10 13:20:01.268 I/ActivityManager(  573): Delay finish: com.google.android.apps.fitness/com.google.android.wearable.fitness.summary.notification.NotificationReceiver
11-10 13:20:01.838 W/ResourcesManager(  735): Asset path '/system/framework/com.google.android.wearable.jar' does not exist or contains no resources.
11-10 13:20:01.866 I/ActivityManager(  573): Resuming delayed broadcast
11-10 13:20:01.989 I/DisplayManagerService(  573): Display device changed state: "Built-in Screen", DOZE
11-10 13:20:01.995 V/ActivityManager(  573): Display changed displayId=0
11-10 13:20:02.090 W/ResourcesManager(  735): Asset path '/system/framework/com.google.android.wearable.jar' does not exist or contains no resources.
11-10 13:20:02.258 I/DisplayManagerService(  573): Display device changed state: "Built-in Screen", DOZE_SUSPEND
11-10 13:20:02.267 V/ActivityManager(  573): Display changed displayId=0
11-10 13:21:01.019 I/AmbientService(  912): Ambient Updating
11-10 13:21:01.062 I/DisplayManagerService(  573): Display device changed state: "Built-in Screen", DOZE
11-10 13:21:01.071 V/ActivityManager(  573): Display changed displayId=0
11-10 13:21:01.182 I/DisplayManagerService(  573): Display device changed state: "Built-in Screen", DOZE_SUSPEND
11-10 13:21:01.188 V/ActivityManager(  573): Display changed displayId=0
11-10 13:22:01.021 I/AmbientService(  912): Ambient Updating
11-10 13:22:01.067 I/DisplayManagerService(  573): Display device changed state: "Built-in Screen", DOZE
11-10 13:22:01.072 V/ActivityManager(  573): Display changed displayId=0
11-10 13:22:01.187 I/DisplayManagerService(  573): Display device changed state: "Built-in Screen", DOZE_SUSPEND
11-10 13:22:01.194 V/ActivityManager(  573): Display changed displayId=0
11-10 13:23:01.018 I/AmbientService(  912): Ambient Updating
11-10 13:23:01.298 I/DisplayManagerService(  573): Display device changed state: "Built-in Screen", DOZE
11-10 13:23:01.300 V/ActivityManager(  573): Display changed displayId=0
11-10 13:23:01.419 I/DisplayManagerService(  573): Display device changed state: "Built-in Screen", DOZE_SUSPEND
11-10 13:23:01.425 V/ActivityManager(  573): Display changed displayId=0
11-10 13:24:01.022 I/AmbientService(  912): Ambient Updating
11-10 13:24:01.093 I/DisplayManagerService(  573): Display device changed state: "Built-in Screen", DOZE
11-10 13:24:01.094 V/ActivityManager(  573): Display changed displayId=0
11-10 13:24:01.212 I/DisplayManagerService(  573): Display device changed state: "Built-in Screen", DOZE_SUSPEND
11-10 13:24:01.218 V/ActivityManager(  573): Display changed displayId=0
11-10 13:25:01.020 I/AmbientService(  912): Ambient Updating
11-10 13:25:01.070 I/DisplayManagerService(  573): Display device changed state: "Built-in Screen", DOZE
11-10 13:25:01.077 V/ActivityManager(  573): Display changed displayId=0
11-10 13:25:01.191 I/DisplayManagerService(  573): Display device changed state: "Built-in Screen", DOZE_SUSPEND
11-10 13:25:01.197 V/ActivityManager(  573): Display changed displayId=0
11-10 13:26:01.021 I/AmbientService(  912): Ambient Updating
11-10 13:26:01.069 I/DisplayManagerService(  573): Display device changed state: "Built-in Screen", DOZE
11-10 13:26:01.077 V/ActivityManager(  573): Display changed displayId=0
11-10 13:26:01.190 I/DisplayManagerService(  573): Display device changed state: "Built-in Screen", DOZE_SUSPEND
11-10 13:26:01.197 V/ActivityManager(  573): Display changed displayId=0
11-10 13:27:01.020 I/AmbientService(  912): Ambient Updating
11-10 13:27:01.080 I/DisplayManagerService(  573): Display device changed state: "Built-in Screen", DOZE
11-10 13:27:01.093 V/ActivityManager(  573): Display changed displayId=0
11-10 13:27:01.199 I/DisplayManagerService(  573): Display device changed state: "Built-in Screen", DOZE_SUSPEND
11-10 13:27:01.206 V/ActivityManager(  573): Display changed displayId=0
11-10 13:28:01.020 I/AmbientService(  912): Ambient Updating
11-10 13:28:01.072 I/DisplayManagerService(  573): Display device changed state: "Built-in Screen", DOZE
11-10 13:28:01.080 V/ActivityManager(  573): Display changed displayId=0
11-10 13:28:01.193 I/DisplayManagerService(  573): Display device changed state: "Built-in Screen", DOZE_SUSPEND
11-10 13:28:01.199 V/ActivityManager(  573): Display changed displayId=0
11-10 13:29:01.022 I/AmbientService(  912): Ambient Updating
11-10 13:29:01.073 I/DisplayManagerService(  573): Display device changed state: "Built-in Screen", DOZE
11-10 13:29:01.082 V/ActivityManager(  573): Display changed displayId=0
11-10 13:29:01.193 I/DisplayManagerService(  573): Display device changed state: "Built-in Screen", DOZE_SUSPEND
11-10 13:29:01.200 V/ActivityManager(  573): Display changed displayId=0
11-10 13:30:01.023 I/AmbientService(  912): Ambient Updating
11-10 13:30:01.071 I/DisplayManagerService(  573): Display device changed state: "Built-in Screen", DOZE
11-10 13:30:01.082 V/ActivityManager(  573): Display changed displayId=0
11-10 13:30:01.191 I/DisplayManagerService(  573): Display device changed state: "Built-in Screen", DOZE_SUSPEND
11-10 13:30:01.198 V/ActivityManager(  573): Display changed displayId=0
11-10 13:31:01.021 I/AmbientService(  912): Ambient Updating
11-10 13:31:01.071 I/DisplayManagerService(  573): Display device changed state: "Built-in Screen", DOZE
11-10 13:31:01.071 V/ActivityManager(  573): Display changed displayId=0
11-10 13:31:01.190 I/DisplayManagerService(  573): Display device changed state: "Built-in Screen", DOZE_SUSPEND
11-10 13:31:01.196 V/ActivityManager(  573): Display changed displayId=0
11-10 13:31:28.885 I/DisplayManagerService(  573): Display device changed state: "Built-in Screen", DOZE
11-10 13:31:28.890 V/ActivityManager(  573): Display changed displayId=0
11-10 13:31:29.034 I/DisplayManagerService(  573): Display device changed state: "Built-in Screen", DOZE_SUSPEND
11-10 13:31:29.041 V/ActivityManager(  573): Display changed displayId=0
11-10 13:31:33.212 I/DisplayManagerService(  573): Display device changed state: "Built-in Screen", DOZE
11-10 13:31:33.217 V/ActivityManager(  573): Display changed displayId=0
11-10 13:31:33.356 I/DisplayManagerService(  573): Display device changed state: "Built-in Screen", DOZE_SUSPEND
11-10 13:31:33.364 V/ActivityManager(  573): Display changed displayId=0
11-10 13:32:01.022 I/AmbientService(  912): Ambient Updating
11-10 13:32:01.077 I/DisplayManagerService(  573): Display device changed state: "Built-in Screen", DOZE
11-10 13:32:01.090 V/ActivityManager(  573): Display changed displayId=0
11-10 13:32:01.197 I/DisplayManagerService(  573): Display device changed state: "Built-in Screen", DOZE_SUSPEND
11-10 13:32:01.203 V/ActivityManager(  573): Display changed displayId=0
11-10 13:32:01.947 I/ActivityManager(  573): Delay finish: com.google.android.gms/.checkin.EventLogService$Receiver
11-10 13:32:03.001 I/ActivityManager(  573): Resuming delayed broadcast
11-10 13:32:03.006 I/ActivityManager(  573): Delay finish: com.google.android.apps.fitness/com.google.android.wearable.fitness.summary.notification.NotificationReceiver
11-10 13:32:03.391 W/ResourcesManager(  735): Asset path '/system/framework/com.google.android.wearable.jar' does not exist or contains no resources.
11-10 13:32:03.404 I/ActivityManager(  573): Resuming delayed broadcast
11-10 13:32:03.524 I/DisplayManagerService(  573): Display device changed state: "Built-in Screen", DOZE
11-10 13:32:03.530 V/ActivityManager(  573): Display changed displayId=0
11-10 13:32:03.698 I/DisplayManagerService(  573): Display device changed state: "Built-in Screen", DOZE_SUSPEND
11-10 13:32:03.705 V/ActivityManager(  573): Display changed displayId=0
11-10 13:33:01.021 I/AmbientService(  912): Ambient Updating
11-10 13:33:01.095 I/DisplayManagerService(  573): Display device changed state: "Built-in Screen", DOZE
11-10 13:33:01.102 V/ActivityManager(  573): Display changed displayId=0
11-10 13:33:01.215 I/DisplayManagerService(  573): Display device changed state: "Built-in Screen", DOZE_SUSPEND
11-10 13:33:01.222 V/ActivityManager(  573): Display changed displayId=0
11-10 13:34:01.020 I/AmbientService(  912): Ambient Updating
11-10 13:34:01.083 I/DisplayManagerService(  573): Display device changed state: "Built-in Screen", DOZE
11-10 13:34:01.086 V/ActivityManager(  573): Display changed displayId=0
11-10 13:34:01.202 I/DisplayManagerService(  573): Display device changed state: "Built-in Screen", DOZE_SUSPEND
11-10 13:34:01.208 V/ActivityManager(  573): Display changed displayId=0
11-10 13:34:26.767 I/DisplayManagerService(  573): Display device changed state: "Built-in Screen", DOZE
11-10 13:34:26.773 V/ActivityManager(  573): Display changed displayId=0
11-10 13:34:26.911 I/DisplayManagerService(  573): Display device changed state: "Built-in Screen", DOZE_SUSPEND
11-10 13:34:26.919 V/ActivityManager(  573): Display changed displayId=0
11-10 13:34:32.332 I/DisplayManagerService(  573): Display device changed state: "Built-in Screen", DOZE
11-10 13:34:32.334 V/ActivityManager(  573): Display changed displayId=0
11-10 13:34:32.475 I/DisplayManagerService(  573): Display device changed state: "Built-in Screen", DOZE_SUSPEND
11-10 13:34:32.482 V/ActivityManager(  573): Display changed displayId=0
11-10 13:35:01.021 I/AmbientService(  912): Ambient Updating
11-10 13:35:01.061 I/DisplayManagerService(  573): Display device changed state: "Built-in Screen", DOZE
11-10 13:35:01.075 V/ActivityManager(  573): Display changed displayId=0
11-10 13:35:01.181 I/DisplayManagerService(  573): Display device changed state: "Built-in Screen", DOZE_SUSPEND
11-10 13:35:01.188 V/ActivityManager(  573): Display changed displayId=0
11-10 13:35:43.027 I/DisplayManagerService(  573): Display device changed state: "Built-in Screen", DOZE
11-10 13:35:43.033 V/ActivityManager(  573): Display changed displayId=0
11-10 13:35:43.109 I/PowerManagerService(  573): Waking up from dozing (uid 10004)...
11-10 13:35:43.120 E/InputMethodManagerService(  573): Ignoring setImeWindowStatus due to an invalid token. uid:1000 token:null
11-10 13:35:43.153 I/DisplayManagerService(  573): Display device changed state: "Built-in Screen", ON
11-10 13:35:43.170 V/ActivityManager(  573): Display changed displayId=0
11-10 13:35:43.214 I/DreamManagerService(  573): Gently waking up from dream.
11-10 13:35:43.215 V/DreamService[AmbientDream](  912): wakeUp(): fromSystem=true, mWaking=false, mFinished=false
11-10 13:35:43.215 V/DreamService[AmbientDream](  912): finish(): mFinished=false
11-10 13:35:43.215 I/DreamManagerService(  573): Leaving dreamland.
11-10 13:35:43.216 I/DreamController(  573): Stopping dream: name=ComponentInfo{com.google.android.wearable.ambient/com.google.android.wearable.ambient.AmbientDream}, isTest=false, canDoze=true, userId=0
11-10 13:35:43.222 V/DreamService[AmbientDream](  912): detach(): Calling onDreamingStopped()
11-10 13:35:43.222 I/AmbientService(  912): Ambient Stopping
11-10 13:35:43.228 V/DreamService[AmbientDream](  912): onDestroy()
11-10 13:35:49.143 I/PowerManagerService(  573): Going to sleep due to screen timeout (uid 1000)...
11-10 13:35:49.143 I/DreamManagerService(  573): Entering dreamland.
11-10 13:35:49.143 I/PowerManagerService(  573): Dozing...
11-10 13:35:49.145 I/DreamController(  573): Starting dream: name=ComponentInfo{com.google.android.wearable.ambient/com.google.android.wearable.ambient.AmbientDream}, isTest=false, canDoze=true, userId=0
11-10 13:35:49.155 E/InputMethodManagerService(  573): Ignoring setImeWindowStatus due to an invalid token. uid:1000 token:null
11-10 13:35:49.155 E/InputMethodManagerService(  573): Ignoring setImeWindowStatus due to an invalid token. uid:1000 token:null
11-10 13:35:49.195 V/DreamService[AmbientDream](  912): onBind() intent = Intent { act=android.service.dreams.DreamService flg=0x800000 cmp=com.google.android.wearable.ambient/.AmbientDream }
11-10 13:35:49.221 I/AmbientService(  912): Ambient Created
11-10 13:35:49.221 V/DreamService[AmbientDream](  912): Calling onDreamingStarted()
11-10 13:35:49.221 I/AmbientService(  912): Ambient Starting
11-10 13:35:49.285 I/DisplayManagerService(  573): Display device changed state: "Built-in Screen", DOZE_SUSPEND
11-10 13:35:49.292 V/ActivityManager(  573): Display changed displayId=0
11-10 13:35:49.309 I/DisplayManagerService(  573): Display device changed state: "Built-in Screen", DOZE
11-10 13:35:49.317 V/ActivityManager(  573): Display changed displayId=0
11-10 13:35:49.550 I/DisplayManagerService(  573): Display device changed state: "Built-in Screen", DOZE_SUSPEND
11-10 13:35:49.557 V/ActivityManager(  573): Display changed displayId=0
11-10 13:35:50.591 I/DisplayManagerService(  573): Display device changed state: "Built-in Screen", DOZE
11-10 13:35:50.594 V/ActivityManager(  573): Display changed displayId=0
11-10 13:35:50.733 I/DisplayManagerService(  573): Display device changed state: "Built-in Screen", DOZE_SUSPEND
11-10 13:35:50.740 V/ActivityManager(  573): Display changed displayId=0
11-10 13:36:01.023 I/AmbientService(  912): Ambient Updating
11-10 13:36:01.082 I/DisplayManagerService(  573): Display device changed state: "Built-in Screen", DOZE
11-10 13:36:01.087 V/ActivityManager(  573): Display changed displayId=0
11-10 13:36:01.203 I/DisplayManagerService(  573): Display device changed state: "Built-in Screen", DOZE_SUSPEND
11-10 13:36:01.210 V/ActivityManager(  573): Display changed displayId=0
11-10 13:37:01.023 I/AmbientService(  912): Ambient Updating
11-10 13:37:01.077 I/DisplayManagerService(  573): Display device changed state: "Built-in Screen", DOZE
11-10 13:37:01.089 V/ActivityManager(  573): Display changed displayId=0
11-10 13:37:01.196 I/DisplayManagerService(  573): Display device changed state: "Built-in Screen", DOZE_SUSPEND
11-10 13:37:01.203 V/ActivityManager(  573): Display changed displayId=0
11-10 13:37:42.658 I/DisplayManagerService(  573): Display device changed state: "Built-in Screen", DOZE
11-10 13:37:42.664 V/ActivityManager(  573): Display changed displayId=0
11-10 13:37:42.768 I/PowerManagerService(  573): Waking up from dozing (uid 10004)...
11-10 13:37:42.777 E/InputMethodManagerService(  573): Ignoring setImeWindowStatus due to an invalid token. uid:1000 token:null
11-10 13:37:42.805 I/DisplayManagerService(  573): Display device changed state: "Built-in Screen", ON
11-10 13:37:42.821 V/ActivityManager(  573): Display changed displayId=0
11-10 13:37:42.840 I/DreamManagerService(  573): Gently waking up from dream.
11-10 13:37:42.841 V/DreamService[AmbientDream](  912): wakeUp(): fromSystem=true, mWaking=false, mFinished=false
11-10 13:37:42.841 V/DreamService[AmbientDream](  912): finish(): mFinished=false
11-10 13:37:42.841 I/DreamManagerService(  573): Leaving dreamland.
11-10 13:37:42.842 I/DreamController(  573): Stopping dream: name=ComponentInfo{com.google.android.wearable.ambient/com.google.android.wearable.ambient.AmbientDream}, isTest=false, canDoze=true, userId=0
11-10 13:37:42.845 V/DreamService[AmbientDream](  912): detach(): Calling onDreamingStopped()
11-10 13:37:42.845 I/AmbientService(  912): Ambient Stopping
11-10 13:37:42.853 V/DreamService[AmbientDream](  912): onDestroy()
11-10 13:37:48.792 I/PowerManagerService(  573): Going to sleep due to screen timeout (uid 1000)...
11-10 13:37:48.793 I/DreamManagerService(  573): Entering dreamland.
11-10 13:37:48.793 I/PowerManagerService(  573): Dozing...
11-10 13:37:48.794 I/DreamController(  573): Starting dream: name=ComponentInfo{com.google.android.wearable.ambient/com.google.android.wearable.ambient.AmbientDream}, isTest=false, canDoze=true, userId=0
11-10 13:37:48.804 E/InputMethodManagerService(  573): Ignoring setImeWindowStatus due to an invalid token. uid:1000 token:null
11-10 13:37:48.804 E/InputMethodManagerService(  573): Ignoring setImeWindowStatus due to an invalid token. uid:1000 token:null
11-10 13:37:48.844 V/DreamService[AmbientDream](  912): onBind() intent = Intent { act=android.service.dreams.DreamService flg=0x800000 cmp=com.google.android.wearable.ambient/.AmbientDream }
11-10 13:37:48.869 I/AmbientService(  912): Ambient Created
11-10 13:37:48.869 V/DreamService[AmbientDream](  912): Calling onDreamingStarted()
11-10 13:37:48.870 I/AmbientService(  912): Ambient Starting
11-10 13:37:48.930 I/DisplayManagerService(  573): Display device changed state: "Built-in Screen", DOZE_SUSPEND
11-10 13:37:48.932 V/ActivityManager(  573): Display changed displayId=0
11-10 13:37:48.979 I/DisplayManagerService(  573): Display device changed state: "Built-in Screen", DOZE
11-10 13:37:48.980 V/ActivityManager(  573): Display changed displayId=0
11-10 13:37:49.203 I/DisplayManagerService(  573): Display device changed state: "Built-in Screen", DOZE_SUSPEND
11-10 13:37:49.210 V/ActivityManager(  573): Display changed displayId=0
11-10 13:37:51.850 I/DisplayManagerService(  573): Display device changed state: "Built-in Screen", DOZE
11-10 13:37:51.856 V/ActivityManager(  573): Display changed displayId=0
11-10 13:37:51.995 I/DisplayManagerService(  573): Display device changed state: "Built-in Screen", DOZE_SUSPEND
11-10 13:37:52.003 V/ActivityManager(  573): Display changed displayId=0
11-10 13:38:01.027 I/AmbientService(  912): Ambient Updating
11-10 13:38:01.059 I/DisplayManagerService(  573): Display device changed state: "Built-in Screen", DOZE
11-10 13:38:01.064 V/ActivityManager(  573): Display changed displayId=0
11-10 13:38:01.178 I/DisplayManagerService(  573): Display device changed state: "Built-in Screen", DOZE_SUSPEND
11-10 13:38:01.185 V/ActivityManager(  573): Display changed displayId=0
11-10 13:38:28.801 I/PowerManagerService(  573): Waking up from dozing (uid 10004)...
11-10 13:38:28.820 E/InputMethodManagerService(  573): Ignoring setImeWindowStatus due to an invalid token. uid:1000 token:null
11-10 13:38:28.828 I/DisplayManagerService(  573): Display device changed state: "Built-in Screen", ON
11-10 13:38:28.840 V/ActivityManager(  573): Display changed displayId=0
11-10 13:38:28.884 I/DreamManagerService(  573): Gently waking up from dream.
11-10 13:38:28.885 V/DreamService[AmbientDream](  912): wakeUp(): fromSystem=true, mWaking=false, mFinished=false
11-10 13:38:28.885 V/DreamService[AmbientDream](  912): finish(): mFinished=false
11-10 13:38:28.894 I/DreamManagerService(  573): Leaving dreamland.
11-10 13:38:28.896 I/DreamController(  573): Stopping dream: name=ComponentInfo{com.google.android.wearable.ambient/com.google.android.wearable.ambient.AmbientDream}, isTest=false, canDoze=true, userId=0
11-10 13:38:28.911 V/DreamService[AmbientDream](  912): detach(): Calling onDreamingStopped()
11-10 13:38:28.912 I/AmbientService(  912): Ambient Stopping
11-10 13:38:28.919 V/DreamService[AmbientDream](  912): onDestroy()
11-10 13:38:33.824 I/PowerManagerService(  573): Going to sleep due to screen timeout (uid 1000)...
11-10 13:38:33.825 I/DreamManagerService(  573): Entering dreamland.
11-10 13:38:33.825 I/PowerManagerService(  573): Dozing...
11-10 13:38:33.827 I/DreamController(  573): Starting dream: name=ComponentInfo{com.google.android.wearable.ambient/com.google.android.wearable.ambient.AmbientDream}, isTest=false, canDoze=true, userId=0
11-10 13:38:33.840 E/InputMethodManagerService(  573): Ignoring setImeWindowStatus due to an invalid token. uid:1000 token:null
11-10 13:38:33.840 E/InputMethodManagerService(  573): Ignoring setImeWindowStatus due to an invalid token. uid:1000 token:null
11-10 13:38:33.878 V/DreamService[AmbientDream](  912): onBind() intent = Intent { act=android.service.dreams.DreamService flg=0x800000 cmp=com.google.android.wearable.ambient/.AmbientDream }
11-10 13:38:33.908 I/AmbientService(  912): Ambient Created
11-10 13:38:33.910 V/DreamService[AmbientDream](  912): Calling onDreamingStarted()
11-10 13:38:33.910 I/AmbientService(  912): Ambient Starting
11-10 13:38:34.873 I/DisplayManagerService(  573): Display device changed state: "Built-in Screen", DOZE_SUSPEND
11-10 13:38:34.875 V/ActivityManager(  573): Display changed displayId=0
11-10 13:39:01.023 I/AmbientService(  912): Ambient Updating
11-10 13:39:01.056 I/DisplayManagerService(  573): Display device changed state: "Built-in Screen", DOZE
11-10 13:39:01.067 V/ActivityManager(  573): Display changed displayId=0
11-10 13:39:01.177 I/DisplayManagerService(  573): Display device changed state: "Built-in Screen", DOZE_SUSPEND
11-10 13:39:01.183 V/ActivityManager(  573): Display changed displayId=0
11-10 13:39:21.482 I/DisplayManagerService(  573): Display device changed state: "Built-in Screen", DOZE
11-10 13:39:21.488 V/ActivityManager(  573): Display changed displayId=0
11-10 13:39:21.603 I/DisplayManagerService(  573): Display device changed state: "Built-in Screen", DOZE_SUSPEND
11-10 13:39:21.609 V/ActivityManager(  573): Display changed displayId=0
11-10 13:39:23.552 I/PowerManagerService(  573): Waking up from dozing (uid 10004)...
11-10 13:39:23.560 E/InputMethodManagerService(  573): Ignoring setImeWindowStatus due to an invalid token. uid:1000 token:null
11-10 13:39:23.577 I/DisplayManagerService(  573): Display device changed state: "Built-in Screen", ON
11-10 13:39:23.597 V/ActivityManager(  573): Display changed displayId=0
11-10 13:39:23.603 I/DreamManagerService(  573): Gently waking up from dream.
11-10 13:39:23.603 V/DreamService[AmbientDream](  912): wakeUp(): fromSystem=true, mWaking=false, mFinished=false
11-10 13:39:23.603 V/DreamService[AmbientDream](  912): finish(): mFinished=false
11-10 13:39:23.604 I/DreamManagerService(  573): Leaving dreamland.
11-10 13:39:23.604 I/DreamController(  573): Stopping dream: name=ComponentInfo{com.google.android.wearable.ambient/com.google.android.wearable.ambient.AmbientDream}, isTest=false, canDoze=true, userId=0
11-10 13:39:23.608 V/DreamService[AmbientDream](  912): detach(): Calling onDreamingStopped()
11-10 13:39:23.608 I/AmbientService(  912): Ambient Stopping
11-10 13:39:23.613 V/DreamService[AmbientDream](  912): onDestroy()
11-10 13:39:43.587 I/PowerManagerService(  573): Going to sleep due to screen timeout (uid 1000)...
11-10 13:39:43.591 E/InputMethodManagerService(  573): Ignoring setImeWindowStatus due to an invalid token. uid:1000 token:null
11-10 13:39:43.594 I/DreamManagerService(  573): Entering dreamland.
11-10 13:39:43.595 I/DreamController(  573): Starting dream: name=ComponentInfo{com.google.android.wearable.ambient/com.google.android.wearable.ambient.AmbientDream}, isTest=false, canDoze=true, userId=0
11-10 13:39:43.596 I/PowerManagerService(  573): Dozing...
11-10 13:39:43.606 E/InputMethodManagerService(  573): Ignoring setImeWindowStatus due to an invalid token. uid:1000 token:null
11-10 13:39:43.644 V/DreamService[AmbientDream](  912): onBind() intent = Intent { act=android.service.dreams.DreamService flg=0x800000 cmp=com.google.android.wearable.ambient/.AmbientDream }
11-10 13:39:43.655 I/AmbientService(  912): Ambient Created
11-10 13:39:43.659 V/DreamService[AmbientDream](  912): Calling onDreamingStarted()
11-10 13:39:43.659 I/AmbientService(  912): Ambient Starting
11-10 13:39:43.730 I/DisplayManagerService(  573): Display device changed state: "Built-in Screen", DOZE_SUSPEND
11-10 13:39:43.733 V/ActivityManager(  573): Display changed displayId=0
11-10 13:40:01.024 I/AmbientService(  912): Ambient Updating
11-10 13:40:01.050 I/DisplayManagerService(  573): Display device changed state: "Built-in Screen", DOZE
11-10 13:40:01.052 V/ActivityManager(  573): Display changed displayId=0
11-10 13:40:01.169 I/DisplayManagerService(  573): Display device changed state: "Built-in Screen", DOZE_SUSPEND
11-10 13:40:01.176 V/ActivityManager(  573): Display changed displayId=0
11-10 13:40:59.797 I/PowerManagerService(  573): Waking up from dozing (uid 1000)...
11-10 13:40:59.809 E/InputMethodManagerService(  573): Ignoring setImeWindowStatus due to an invalid token. uid:1000 token:null
11-10 13:40:59.829 I/DisplayManagerService(  573): Display device changed state: "Built-in Screen", ON
11-10 13:40:59.847 V/ActivityManager(  573): Display changed displayId=0
11-10 13:40:59.849 I/DreamManagerService(  573): Gently waking up from dream.
11-10 13:40:59.850 V/DreamService[AmbientDream](  912): wakeUp(): fromSystem=true, mWaking=false, mFinished=false
11-10 13:40:59.850 V/DreamService[AmbientDream](  912): finish(): mFinished=false
11-10 13:40:59.874 I/DreamManagerService(  573): Leaving dreamland.
11-10 13:40:59.874 I/DreamController(  573): Stopping dream: name=ComponentInfo{com.google.android.wearable.ambient/com.google.android.wearable.ambient.AmbientDream}, isTest=false, canDoze=true, userId=0
11-10 13:40:59.884 V/DreamService[AmbientDream](  912): detach(): Calling onDreamingStopped()
11-10 13:40:59.884 I/AmbientService(  912): Ambient Stopping
11-10 13:40:59.890 V/DreamService[AmbientDream](  912): onDestroy()
11-10 13:41:09.792 I/PowerManagerService(  573): Going to sleep due to screen timeout (uid 1000)...
11-10 13:41:09.793 I/DreamManagerService(  573): Entering dreamland.
11-10 13:41:09.793 I/PowerManagerService(  573): Dozing...
11-10 13:41:09.794 I/DreamController(  573): Starting dream: name=ComponentInfo{com.google.android.wearable.ambient/com.google.android.wearable.ambient.AmbientDream}, isTest=false, canDoze=true, userId=0
11-10 13:41:09.806 E/InputMethodManagerService(  573): Ignoring setImeWindowStatus due to an invalid token. uid:1000 token:null
11-10 13:41:09.808 E/InputMethodManagerService(  573): Ignoring setImeWindowStatus due to an invalid token. uid:1000 token:null
11-10 13:41:09.860 V/DreamService[AmbientDream](  912): onBind() intent = Intent { act=android.service.dreams.DreamService flg=0x800000 cmp=com.google.android.wearable.ambient/.AmbientDream }
11-10 13:41:09.864 I/AmbientService(  912): Ambient Created
11-10 13:41:09.883 V/DreamService[AmbientDream](  912): Calling onDreamingStarted()
11-10 13:41:09.883 I/AmbientService(  912): Ambient Starting
11-10 13:41:09.901 I/DisplayManagerService(  573): Display device changed state: "Built-in Screen", DOZE_SUSPEND
11-10 13:41:09.908 V/ActivityManager(  573): Display changed displayId=0
11-10 13:41:09.942 I/DisplayManagerService(  573): Display device changed state: "Built-in Screen", DOZE
11-10 13:41:09.948 V/ActivityManager(  573): Display changed displayId=0
11-10 13:41:10.062 I/DisplayManagerService(  573): Display device changed state: "Built-in Screen", DOZE_SUSPEND
11-10 13:41:10.070 V/ActivityManager(  573): Display changed displayId=0
11-10 13:42:01.024 I/AmbientService(  912): Ambient Updating
11-10 13:42:01.051 I/DisplayManagerService(  573): Display device changed state: "Built-in Screen", DOZE
11-10 13:42:01.064 V/ActivityManager(  573): Display changed displayId=0
11-10 13:42:01.171 I/DisplayManagerService(  573): Display device changed state: "Built-in Screen", DOZE_SUSPEND
11-10 13:42:01.177 V/ActivityManager(  573): Display changed displayId=0
11-10 13:42:30.227 I/PowerManagerService(  573): Waking up from dozing (uid 10004)...
11-10 13:42:30.239 E/InputMethodManagerService(  573): Ignoring setImeWindowStatus due to an invalid token. uid:1000 token:null
11-10 13:42:30.257 I/DisplayManagerService(  573): Display device changed state: "Built-in Screen", ON
11-10 13:42:30.271 V/ActivityManager(  573): Display changed displayId=0
11-10 13:42:30.321 I/DreamManagerService(  573): Gently waking up from dream.
11-10 13:42:30.321 V/DreamService[AmbientDream](  912): wakeUp(): fromSystem=true, mWaking=false, mFinished=false
11-10 13:42:30.321 V/DreamService[AmbientDream](  912): finish(): mFinished=false
11-10 13:42:30.321 I/DreamManagerService(  573): Leaving dreamland.
11-10 13:42:30.322 I/DreamController(  573): Stopping dream: name=ComponentInfo{com.google.android.wearable.ambient/com.google.android.wearable.ambient.AmbientDream}, isTest=false, canDoze=true, userId=0
11-10 13:42:30.325 V/DreamService[AmbientDream](  912): detach(): Calling onDreamingStopped()
11-10 13:42:30.325 I/AmbientService(  912): Ambient Stopping
11-10 13:42:30.358 V/DreamService[AmbientDream](  912): onDestroy()
11-10 13:42:35.256 I/PowerManagerService(  573): Going to sleep due to screen timeout (uid 1000)...
11-10 13:42:35.257 I/DreamManagerService(  573): Entering dreamland.
11-10 13:42:35.257 I/PowerManagerService(  573): Dozing...
11-10 13:42:35.258 I/DreamController(  573): Starting dream: name=ComponentInfo{com.google.android.wearable.ambient/com.google.android.wearable.ambient.AmbientDream}, isTest=false, canDoze=true, userId=0
11-10 13:42:35.269 E/InputMethodManagerService(  573): Ignoring setImeWindowStatus due to an invalid token. uid:1000 token:null
11-10 13:42:35.269 E/InputMethodManagerService(  573): Ignoring setImeWindowStatus due to an invalid token. uid:1000 token:null
11-10 13:42:35.318 V/DreamService[AmbientDream](  912): onBind() intent = Intent { act=android.service.dreams.DreamService flg=0x800000 cmp=com.google.android.wearable.ambient/.AmbientDream }
11-10 13:42:35.546 I/AmbientService(  912): Ambient Created
11-10 13:42:35.547 V/DreamService[AmbientDream](  912): Calling onDreamingStarted()
11-10 13:42:35.547 I/AmbientService(  912): Ambient Starting
11-10 13:42:36.319 I/DisplayManagerService(  573): Display device changed state: "Built-in Screen", DOZE_SUSPEND
11-10 13:42:36.321 V/ActivityManager(  573): Display changed displayId=0
11-10 13:43:01.024 I/AmbientService(  912): Ambient Updating
11-10 13:43:01.049 I/DisplayManagerService(  573): Display device changed state: "Built-in Screen", DOZE
11-10 13:43:01.052 V/ActivityManager(  573): Display changed displayId=0
11-10 13:43:01.168 I/DisplayManagerService(  573): Display device changed state: "Built-in Screen", DOZE_SUSPEND
11-10 13:43:01.174 V/ActivityManager(  573): Display changed displayId=0
11-10 13:44:01.024 I/AmbientService(  912): Ambient Updating
11-10 13:44:01.073 I/DisplayManagerService(  573): Display device changed state: "Built-in Screen", DOZE
11-10 13:44:01.080 V/ActivityManager(  573): Display changed displayId=0
11-10 13:44:01.193 I/DisplayManagerService(  573): Display device changed state: "Built-in Screen", DOZE_SUSPEND
11-10 13:44:01.199 V/ActivityManager(  573): Display changed displayId=0
11-10 13:44:05.103 I/ActivityManager(  573): Delay finish: com.google.android.apps.fitness/com.google.android.wearable.fitness.summary.notification.NotificationReceiver
11-10 13:44:05.680 I/ActivityManager(  573): Resuming delayed broadcast
11-10 13:45:01.027 I/AmbientService(  912): Ambient Updating
11-10 13:45:01.081 I/DisplayManagerService(  573): Display device changed state: "Built-in Screen", DOZE
11-10 13:45:01.094 V/ActivityManager(  573): Display changed displayId=0
11-10 13:45:01.200 I/DisplayManagerService(  573): Display device changed state: "Built-in Screen", DOZE_SUSPEND
11-10 13:45:01.206 V/ActivityManager(  573): Display changed displayId=0
11-10 13:46:01.027 I/AmbientService(  912): Ambient Updating
11-10 13:46:01.079 I/DisplayManagerService(  573): Display device changed state: "Built-in Screen", DOZE
11-10 13:46:01.087 V/ActivityManager(  573): Display changed displayId=0
11-10 13:46:01.199 I/DisplayManagerService(  573): Display device changed state: "Built-in Screen", DOZE_SUSPEND
11-10 13:46:01.206 V/ActivityManager(  573): Display changed displayId=0
11-10 13:47:01.024 I/AmbientService(  912): Ambient Updating
11-10 13:47:01.044 I/DisplayManagerService(  573): Display device changed state: "Built-in Screen", DOZE
11-10 13:47:01.055 V/ActivityManager(  573): Display changed displayId=0
11-10 13:47:01.165 I/DisplayManagerService(  573): Display device changed state: "Built-in Screen", DOZE_SUSPEND
11-10 13:47:01.171 V/ActivityManager(  573): Display changed displayId=0
11-10 13:48:01.027 I/AmbientService(  912): Ambient Updating
11-10 13:48:01.070 I/DisplayManagerService(  573): Display device changed state: "Built-in Screen", DOZE
11-10 13:48:01.080 V/ActivityManager(  573): Display changed displayId=0
11-10 13:48:01.190 I/DisplayManagerService(  573): Display device changed state: "Built-in Screen", DOZE_SUSPEND
11-10 13:48:01.196 V/ActivityManager(  573): Display changed displayId=0
11-10 13:49:01.028 I/AmbientService(  912): Ambient Updating
11-10 13:49:01.076 I/DisplayManagerService(  573): Display device changed state: "Built-in Screen", DOZE
11-10 13:49:01.079 V/ActivityManager(  573): Display changed displayId=0
11-10 13:49:01.196 I/DisplayManagerService(  573): Display device changed state: "Built-in Screen", DOZE_SUSPEND
11-10 13:49:01.202 V/ActivityManager(  573): Display changed displayId=0
11-10 13:50:01.030 I/AmbientService(  912): Ambient Updating
11-10 13:50:01.079 I/DisplayManagerService(  573): Display device changed state: "Built-in Screen", DOZE
11-10 13:50:01.087 V/ActivityManager(  573): Display changed displayId=0
11-10 13:50:01.199 I/DisplayManagerService(  573): Display device changed state: "Built-in Screen", DOZE_SUSPEND
11-10 13:50:01.205 V/ActivityManager(  573): Display changed displayId=0
11-10 13:50:54.211 I/PowerManagerService(  573): Waking up from dozing (uid 1000)...
11-10 13:50:54.222 E/InputMethodManagerService(  573): Ignoring setImeWindowStatus due to an invalid token. uid:1000 token:null
11-10 13:50:54.252 I/DisplayManagerService(  573): Display device changed state: "Built-in Screen", ON
11-10 13:50:54.261 V/ActivityManager(  573): Display changed displayId=0
11-10 13:50:54.291 I/DreamManagerService(  573): Gently waking up from dream.
11-10 13:50:54.292 V/DreamService[AmbientDream](  912): wakeUp(): fromSystem=true, mWaking=false, mFinished=false
11-10 13:50:54.292 V/DreamService[AmbientDream](  912): finish(): mFinished=false
11-10 13:50:54.293 I/DreamManagerService(  573): Leaving dreamland.
11-10 13:50:54.293 I/DreamController(  573): Stopping dream: name=ComponentInfo{com.google.android.wearable.ambient/com.google.android.wearable.ambient.AmbientDream}, isTest=false, canDoze=true, userId=0
11-10 13:50:54.297 V/DreamService[AmbientDream](  912): detach(): Calling onDreamingStopped()
11-10 13:50:54.297 I/AmbientService(  912): Ambient Stopping
11-10 13:50:54.326 V/DreamService[AmbientDream](  912): onDestroy()
11-10 13:50:59.206 I/PowerManagerService(  573): Going to sleep due to screen timeout (uid 1000)...
11-10 13:50:59.207 I/DreamManagerService(  573): Entering dreamland.
11-10 13:50:59.207 I/PowerManagerService(  573): Dozing...
11-10 13:50:59.208 I/DreamController(  573): Starting dream: name=ComponentInfo{com.google.android.wearable.ambient/com.google.android.wearable.ambient.AmbientDream}, isTest=false, canDoze=true, userId=0
11-10 13:50:59.228 E/InputMethodManagerService(  573): Ignoring setImeWindowStatus due to an invalid token. uid:1000 token:null
11-10 13:50:59.229 E/InputMethodManagerService(  573): Ignoring setImeWindowStatus due to an invalid token. uid:1000 token:null
11-10 13:50:59.272 V/DreamService[AmbientDream](  912): onBind() intent = Intent { act=android.service.dreams.DreamService flg=0x800000 cmp=com.google.android.wearable.ambient/.AmbientDream }
11-10 13:50:59.296 I/AmbientService(  912): Ambient Created
11-10 13:50:59.296 V/DreamService[AmbientDream](  912): Calling onDreamingStarted()
11-10 13:50:59.296 I/AmbientService(  912): Ambient Starting
11-10 13:50:59.771 I/DisplayManagerService(  573): Display device changed state: "Built-in Screen", DOZE_SUSPEND
11-10 13:50:59.773 V/ActivityManager(  573): Display changed displayId=0
11-10 13:51:05.025 I/AmbientService(  912): Ambient Updating
11-10 13:51:05.039 I/DisplayManagerService(  573): Display device changed state: "Built-in Screen", DOZE
11-10 13:51:05.046 V/ActivityManager(  573): Display changed displayId=0
11-10 13:51:05.160 I/DisplayManagerService(  573): Display device changed state: "Built-in Screen", DOZE_SUSPEND
11-10 13:51:05.166 V/ActivityManager(  573): Display changed displayId=0
11-10 13:52:01.030 I/AmbientService(  912): Ambient Updating
11-10 13:52:01.057 I/DisplayManagerService(  573): Display device changed state: "Built-in Screen", DOZE
11-10 13:52:01.068 V/ActivityManager(  573): Display changed displayId=0
11-10 13:52:01.178 I/DisplayManagerService(  573): Display device changed state: "Built-in Screen", DOZE_SUSPEND
11-10 13:52:01.184 V/ActivityManager(  573): Display changed displayId=0
11-10 13:53:01.029 I/AmbientService(  912): Ambient Updating
11-10 13:53:01.078 I/DisplayManagerService(  573): Display device changed state: "Built-in Screen", DOZE
11-10 13:53:01.084 V/ActivityManager(  573): Display changed displayId=0
11-10 13:53:01.198 I/DisplayManagerService(  573): Display device changed state: "Built-in Screen", DOZE_SUSPEND
11-10 13:53:01.204 V/ActivityManager(  573): Display changed displayId=0
11-10 13:54:01.031 I/AmbientService(  912): Ambient Updating
11-10 13:54:01.083 I/DisplayManagerService(  573): Display device changed state: "Built-in Screen", DOZE
11-10 13:54:01.091 V/ActivityManager(  573): Display changed displayId=0
11-10 13:54:01.203 I/DisplayManagerService(  573): Display device changed state: "Built-in Screen", DOZE_SUSPEND
11-10 13:54:01.210 V/ActivityManager(  573): Display changed displayId=0
11-10 13:55:00.004 I/AmbientService(  912): Ambient Updating
11-10 13:55:00.058 I/DisplayManagerService(  573): Display device changed state: "Built-in Screen", DOZE
11-10 13:55:00.063 V/ActivityManager(  573): Display changed displayId=0
11-10 13:55:00.179 I/DisplayManagerService(  573): Display device changed state: "Built-in Screen", DOZE_SUSPEND
11-10 13:55:00.185 V/ActivityManager(  573): Display changed displayId=0
11-10 13:55:24.681 I/PowerManagerService(  573): Waking up from dozing (uid 10004)...
11-10 13:55:24.691 E/InputMethodManagerService(  573): Ignoring setImeWindowStatus due to an invalid token. uid:1000 token:null
11-10 13:55:24.712 I/DisplayManagerService(  573): Display device changed state: "Built-in Screen", ON
11-10 13:55:24.730 V/ActivityManager(  573): Display changed displayId=0
11-10 13:55:24.765 I/DreamManagerService(  573): Gently waking up from dream.
11-10 13:55:24.765 V/DreamService[AmbientDream](  912): wakeUp(): fromSystem=true, mWaking=false, mFinished=false
11-10 13:55:24.765 V/DreamService[AmbientDream](  912): finish(): mFinished=false
11-10 13:55:24.766 I/DreamManagerService(  573): Leaving dreamland.
11-10 13:55:24.766 I/DreamController(  573): Stopping dream: name=ComponentInfo{com.google.android.wearable.ambient/com.google.android.wearable.ambient.AmbientDream}, isTest=false, canDoze=true, userId=0
11-10 13:55:24.774 V/DreamService[AmbientDream](  912): detach(): Calling onDreamingStopped()
11-10 13:55:24.774 I/AmbientService(  912): Ambient Stopping
11-10 13:55:24.798 V/DreamService[AmbientDream](  912): onDestroy()
11-10 13:55:29.716 I/PowerManagerService(  573): Going to sleep due to screen timeout (uid 1000)...
11-10 13:55:29.717 I/DreamManagerService(  573): Entering dreamland.
11-10 13:55:29.718 I/PowerManagerService(  573): Dozing...
11-10 13:55:29.719 I/DreamController(  573): Starting dream: name=ComponentInfo{com.google.android.wearable.ambient/com.google.android.wearable.ambient.AmbientDream}, isTest=false, canDoze=true, userId=0
11-10 13:55:29.749 V/DreamService[AmbientDream](  912): onBind() intent = Intent { act=android.service.dreams.DreamService flg=0x800000 cmp=com.google.android.wearable.ambient/.AmbientDream }
11-10 13:55:29.754 I/AmbientService(  912): Ambient Created
11-10 13:55:29.754 V/DreamService[AmbientDream](  912): Calling onDreamingStarted()
11-10 13:55:29.754 I/AmbientService(  912): Ambient Starting
11-10 13:55:29.811 E/InputMethodManagerService(  573): Ignoring setImeWindowStatus due to an invalid token. uid:1000 token:null
11-10 13:55:29.874 E/InputMethodManagerService(  573): Ignoring setImeWindowStatus due to an invalid token. uid:1000 token:null
11-10 13:55:30.776 I/DisplayManagerService(  573): Display device changed state: "Built-in Screen", DOZE_SUSPEND
11-10 13:55:30.778 V/ActivityManager(  573): Display changed displayId=0
11-10 13:56:01.029 I/AmbientService(  912): Ambient Updating
11-10 13:56:01.065 I/DisplayManagerService(  573): Display device changed state: "Built-in Screen", DOZE
11-10 13:56:01.078 V/ActivityManager(  573): Display changed displayId=0
11-10 13:56:01.186 I/DisplayManagerService(  573): Display device changed state: "Built-in Screen", DOZE_SUSPEND
11-10 13:56:01.192 V/ActivityManager(  573): Display changed displayId=0
11-10 13:57:01.035 I/AmbientService(  912): Ambient Updating
11-10 13:57:01.063 I/DisplayManagerService(  573): Display device changed state: "Built-in Screen", DOZE
11-10 13:57:01.071 V/ActivityManager(  573): Display changed displayId=0
11-10 13:57:01.180 I/DisplayManagerService(  573): Display device changed state: "Built-in Screen", DOZE_SUSPEND
11-10 13:57:01.187 V/ActivityManager(  573): Display changed displayId=0
11-10 13:58:01.032 I/AmbientService(  912): Ambient Updating
11-10 13:58:01.103 I/DisplayManagerService(  573): Display device changed state: "Built-in Screen", DOZE
11-10 13:58:01.114 V/ActivityManager(  573): Display changed displayId=0
11-10 13:58:01.224 I/DisplayManagerService(  573): Display device changed state: "Built-in Screen", DOZE_SUSPEND
11-10 13:58:01.231 V/ActivityManager(  573): Display changed displayId=0
11-10 13:59:01.030 I/AmbientService(  912): Ambient Updating
11-10 13:59:01.085 I/DisplayManagerService(  573): Display device changed state: "Built-in Screen", DOZE
11-10 13:59:01.098 V/ActivityManager(  573): Display changed displayId=0
11-10 13:59:01.206 I/DisplayManagerService(  573): Display device changed state: "Built-in Screen", DOZE_SUSPEND
11-10 13:59:01.213 V/ActivityManager(  573): Display changed displayId=0
11-10 14:00:01.034 I/AmbientService(  912): Ambient Updating
11-10 14:00:01.082 I/DisplayManagerService(  573): Display device changed state: "Built-in Screen", DOZE
11-10 14:00:01.090 V/ActivityManager(  573): Display changed displayId=0
11-10 14:00:01.202 I/DisplayManagerService(  573): Display device changed state: "Built-in Screen", DOZE_SUSPEND
11-10 14:00:01.209 V/ActivityManager(  573): Display changed displayId=0
11-10 14:00:26.857 I/PowerManagerService(  573): Waking up from dozing (uid 1000)...
11-10 14:00:26.866 E/InputMethodManagerService(  573): Ignoring setImeWindowStatus due to an invalid token. uid:1000 token:null
11-10 14:00:26.898 I/DisplayManagerService(  573): Display device changed state: "Built-in Screen", ON
11-10 14:00:26.925 V/ActivityManager(  573): Display changed displayId=0
11-10 14:00:26.951 I/DreamManagerService(  573): Gently waking up from dream.
11-10 14:00:26.952 V/DreamService[AmbientDream](  912): wakeUp(): fromSystem=true, mWaking=false, mFinished=false
11-10 14:00:26.952 V/DreamService[AmbientDream](  912): finish(): mFinished=false
11-10 14:00:26.952 I/DreamManagerService(  573): Leaving dreamland.
11-10 14:00:26.953 I/DreamController(  573): Stopping dream: name=ComponentInfo{com.google.android.wearable.ambient/com.google.android.wearable.ambient.AmbientDream}, isTest=false, canDoze=true, userId=0
11-10 14:00:26.956 V/DreamService[AmbientDream](  912): detach(): Calling onDreamingStopped()
11-10 14:00:26.956 I/AmbientService(  912): Ambient Stopping
11-10 14:00:26.986 V/DreamService[AmbientDream](  912): onDestroy()
11-10 14:00:37.773 I/PowerManagerService(  573): Going to sleep due to screen timeout (uid 1000)...
11-10 14:00:37.774 I/DreamManagerService(  573): Entering dreamland.
11-10 14:00:37.774 I/PowerManagerService(  573): Dozing...
11-10 14:00:37.774 I/DreamController(  573): Starting dream: name=ComponentInfo{com.google.android.wearable.ambient/com.google.android.wearable.ambient.AmbientDream}, isTest=false, canDoze=true, userId=0
11-10 14:00:37.786 E/InputMethodManagerService(  573): Ignoring setImeWindowStatus due to an invalid token. uid:1000 token:null
11-10 14:00:37.789 E/InputMethodManagerService(  573): Ignoring setImeWindowStatus due to an invalid token. uid:1000 token:null
11-10 14:00:37.839 V/DreamService[AmbientDream](  912): onBind() intent = Intent { act=android.service.dreams.DreamService flg=0x800000 cmp=com.google.android.wearable.ambient/.AmbientDream }
11-10 14:00:37.844 I/AmbientService(  912): Ambient Created
11-10 14:00:37.862 V/DreamService[AmbientDream](  912): Calling onDreamingStarted()
11-10 14:00:37.862 I/AmbientService(  912): Ambient Starting
11-10 14:00:37.879 I/DisplayManagerService(  573): Display device changed state: "Built-in Screen", DOZE_SUSPEND
11-10 14:00:37.886 V/ActivityManager(  573): Display changed displayId=0
11-10 14:00:37.922 I/DisplayManagerService(  573): Display device changed state: "Built-in Screen", DOZE
11-10 14:00:37.928 V/ActivityManager(  573): Display changed displayId=0
11-10 14:00:38.042 I/DisplayManagerService(  573): Display device changed state: "Built-in Screen", DOZE_SUSPEND
11-10 14:00:38.050 V/ActivityManager(  573): Display changed displayId=0
11-10 14:01:01.031 I/AmbientService(  912): Ambient Updating
11-10 14:01:01.061 I/DisplayManagerService(  573): Display device changed state: "Built-in Screen", DOZE
11-10 14:01:01.070 V/ActivityManager(  573): Display changed displayId=0
11-10 14:01:01.181 I/DisplayManagerService(  573): Display device changed state: "Built-in Screen", DOZE_SUSPEND
11-10 14:01:01.188 V/ActivityManager(  573): Display changed displayId=0
11-10 14:01:18.084 I/ActivityManager(  573): Delay finish: com.google.android.apps.fitness/com.google.android.wearable.fitness.summary.notification.NotificationReceiver
11-10 14:01:22.086 I/ActivityManager(  573): Resuming delayed broadcast
11-10 14:02:01.032 I/AmbientService(  912): Ambient Updating
11-10 14:02:01.062 I/DisplayManagerService(  573): Display device changed state: "Built-in Screen", DOZE
11-10 14:02:01.067 V/ActivityManager(  573): Display changed displayId=0
11-10 14:02:01.183 I/DisplayManagerService(  573): Display device changed state: "Built-in Screen", DOZE_SUSPEND
11-10 14:02:01.190 V/ActivityManager(  573): Display changed displayId=0
11-10 14:03:01.034 I/AmbientService(  912): Ambient Updating
11-10 14:03:01.059 I/DisplayManagerService(  573): Display device changed state: "Built-in Screen", DOZE
11-10 14:03:01.062 V/ActivityManager(  573): Display changed displayId=0
11-10 14:03:01.181 I/DisplayManagerService(  573): Display device changed state: "Built-in Screen", DOZE_SUSPEND
11-10 14:03:01.188 V/ActivityManager(  573): Display changed displayId=0
11-10 14:04:01.033 I/AmbientService(  912): Ambient Updating
