11-10 10:37:01.446 I/AmbientService(  912): Ambient Updating
11-10 10:37:01.503 I/DisplayManagerService(  573): Display device changed state: "Built-in Screen", DOZE
11-10 10:37:01.509 V/ActivityManager(  573): Display changed displayId=0
11-10 10:37:01.536 I/ActivityManager(  573): Delay finish: com.google.android.apps.fitness/com.google.android.wearable.fitness.summary.notification.NotificationReceiver
11-10 10:37:01.622 I/DisplayManagerService(  573): Display device changed state: "Built-in Screen", DOZE_SUSPEND
11-10 10:37:01.625 V/ActivityManager(  573): Display changed displayId=0
11-10 10:37:02.703 W/ResourcesManager(  735): Asset path '/system/framework/com.google.android.wearable.jar' does not exist or contains no resources.
11-10 10:37:02.735 I/ActivityManager(  573): Resuming delayed broadcast
11-10 10:37:02.837 I/DisplayManagerService(  573): Display device changed state: "Built-in Screen", DOZE
11-10 10:37:02.844 V/ActivityManager(  573): Display changed displayId=0
11-10 10:37:02.866 W/ResourcesManager(  735): Asset path '/system/framework/com.google.android.wearable.jar' does not exist or contains no resources.
11-10 10:37:03.010 I/DisplayManagerService(  573): Display device changed state: "Built-in Screen", DOZE_SUSPEND
11-10 10:37:03.019 V/ActivityManager(  573): Display changed displayId=0
11-10 10:38:00.449 I/AmbientService(  912): Ambient Updating
11-10 10:38:00.503 I/DisplayManagerService(  573): Display device changed state: "Built-in Screen", DOZE
11-10 10:38:00.508 V/ActivityManager(  573): Display changed displayId=0
11-10 10:38:00.623 I/DisplayManagerService(  573): Display device changed state: "Built-in Screen", DOZE_SUSPEND
11-10 10:38:00.630 V/ActivityManager(  573): Display changed displayId=0
11-10 10:39:01.451 I/AmbientService(  912): Ambient Updating
11-10 10:39:01.499 I/DisplayManagerService(  573): Display device changed state: "Built-in Screen", DOZE
11-10 10:39:01.510 V/ActivityManager(  573): Display changed displayId=0
11-10 10:39:01.619 I/DisplayManagerService(  573): Display device changed state: "Built-in Screen", DOZE_SUSPEND
11-10 10:39:01.626 V/ActivityManager(  573): Display changed displayId=0
11-10 10:39:48.902 I/PowerManagerService(  573): Waking up from dozing (uid 1000)...
11-10 10:39:48.919 E/InputMethodManagerService(  573): Ignoring setImeWindowStatus due to an invalid token. uid:1000 token:null
11-10 10:39:48.940 I/DisplayManagerService(  573): Display device changed state: "Built-in Screen", ON
11-10 10:39:48.961 V/ActivityManager(  573): Display changed displayId=0
11-10 10:39:48.999 I/DreamManagerService(  573): Gently waking up from dream.
11-10 10:39:48.999 V/DreamService[AmbientDream](  912): wakeUp(): fromSystem=true, mWaking=false, mFinished=false
11-10 10:39:48.999 V/DreamService[AmbientDream](  912): finish(): mFinished=false
11-10 10:39:48.999 I/DreamManagerService(  573): Leaving dreamland.
11-10 10:39:49.000 I/DreamController(  573): Stopping dream: name=ComponentInfo{com.google.android.wearable.ambient/com.google.android.wearable.ambient.AmbientDream}, isTest=false, canDoze=true, userId=0
11-10 10:39:49.004 V/DreamService[AmbientDream](  912): detach(): Calling onDreamingStopped()
11-10 10:39:49.004 I/AmbientService(  912): Ambient Stopping
11-10 10:39:49.036 V/DreamService[AmbientDream](  912): onDestroy()
11-10 10:40:01.705 I/PowerManagerService(  573): Going to sleep due to screen timeout (uid 1000)...
11-10 10:40:01.709 E/InputMethodManagerService(  573): Ignoring setImeWindowStatus due to an invalid token. uid:1000 token:null
11-10 10:40:01.712 I/DreamManagerService(  573): Entering dreamland.
11-10 10:40:01.716 I/DreamController(  573): Starting dream: name=ComponentInfo{com.google.android.wearable.ambient/com.google.android.wearable.ambient.AmbientDream}, isTest=false, canDoze=true, userId=0
11-10 10:40:01.717 I/PowerManagerService(  573): Dozing...
11-10 10:40:01.728 E/InputMethodManagerService(  573): Ignoring setImeWindowStatus due to an invalid token. uid:1000 token:null
11-10 10:40:01.763 V/DreamService[AmbientDream](  912): onBind() intent = Intent { act=android.service.dreams.DreamService flg=0x800000 cmp=com.google.android.wearable.ambient/.AmbientDream }
11-10 10:40:01.908 I/AmbientService(  912): Ambient Created
11-10 10:40:01.908 V/DreamService[AmbientDream](  912): Calling onDreamingStarted()
11-10 10:40:01.908 I/AmbientService(  912): Ambient Starting
11-10 10:40:01.955 I/DisplayManagerService(  573): Display device changed state: "Built-in Screen", DOZE_SUSPEND
11-10 10:40:01.958 V/ActivityManager(  573): Display changed displayId=0
11-10 10:40:26.987 I/PowerManagerService(  573): Waking up from dozing (uid 1000)...
11-10 10:40:26.997 E/InputMethodManagerService(  573): Ignoring setImeWindowStatus due to an invalid token. uid:1000 token:null
11-10 10:40:27.019 I/DisplayManagerService(  573): Display device changed state: "Built-in Screen", ON
11-10 10:40:27.031 V/ActivityManager(  573): Display changed displayId=0
11-10 10:40:27.084 I/DreamManagerService(  573): Gently waking up from dream.
11-10 10:40:27.084 V/DreamService[AmbientDream](  912): wakeUp(): fromSystem=true, mWaking=false, mFinished=false
11-10 10:40:27.084 V/DreamService[AmbientDream](  912): finish(): mFinished=false
11-10 10:40:27.085 I/DreamManagerService(  573): Leaving dreamland.
11-10 10:40:27.085 I/DreamController(  573): Stopping dream: name=ComponentInfo{com.google.android.wearable.ambient/com.google.android.wearable.ambient.AmbientDream}, isTest=false, canDoze=true, userId=0
11-10 10:40:27.093 V/DreamService[AmbientDream](  912): detach(): Calling onDreamingStopped()
11-10 10:40:27.093 I/AmbientService(  912): Ambient Stopping
11-10 10:40:27.115 V/DreamService[AmbientDream](  912): onDestroy()
11-10 10:40:31.984 I/PowerManagerService(  573): Going to sleep due to screen timeout (uid 1000)...
11-10 10:40:31.984 I/DreamManagerService(  573): Entering dreamland.
11-10 10:40:31.984 I/PowerManagerService(  573): Dozing...
11-10 10:40:31.986 I/DreamController(  573): Starting dream: name=ComponentInfo{com.google.android.wearable.ambient/com.google.android.wearable.ambient.AmbientDream}, isTest=false, canDoze=true, userId=0
11-10 10:40:31.997 E/InputMethodManagerService(  573): Ignoring setImeWindowStatus due to an invalid token. uid:1000 token:null
11-10 10:40:31.997 E/InputMethodManagerService(  573): Ignoring setImeWindowStatus due to an invalid token. uid:1000 token:null
11-10 10:40:32.044 V/DreamService[AmbientDream](  912): onBind() intent = Intent { act=android.service.dreams.DreamService flg=0x800000 cmp=com.google.android.wearable.ambient/.AmbientDream }
11-10 10:40:32.089 I/AmbientService(  912): Ambient Created
11-10 10:40:32.089 V/DreamService[AmbientDream](  912): Calling onDreamingStarted()
11-10 10:40:32.089 I/AmbientService(  912): Ambient Starting
11-10 10:40:32.532 I/DisplayManagerService(  573): Display device changed state: "Built-in Screen", DOZE_SUSPEND
11-10 10:40:32.535 V/ActivityManager(  573): Display changed displayId=0
11-10 10:41:00.450 I/AmbientService(  912): Ambient Updating
11-10 10:41:00.474 I/DisplayManagerService(  573): Display device changed state: "Built-in Screen", DOZE
11-10 10:41:00.488 V/ActivityManager(  573): Display changed displayId=0
11-10 10:41:00.592 I/DisplayManagerService(  573): Display device changed state: "Built-in Screen", DOZE_SUSPEND
11-10 10:41:00.601 V/ActivityManager(  573): Display changed displayId=0
11-10 10:42:01.454 I/AmbientService(  912): Ambient Updating
11-10 10:42:01.483 I/DisplayManagerService(  573): Display device changed state: "Built-in Screen", DOZE
11-10 10:42:01.493 V/ActivityManager(  573): Display changed displayId=0
11-10 10:42:01.602 I/DisplayManagerService(  573): Display device changed state: "Built-in Screen", DOZE_SUSPEND
11-10 10:42:01.610 V/ActivityManager(  573): Display changed displayId=0
11-10 10:42:08.914 I/DisplayManagerService(  573): Display device changed state: "Built-in Screen", DOZE
11-10 10:42:08.922 V/ActivityManager(  573): Display changed displayId=0
11-10 10:42:09.048 I/DisplayManagerService(  573): Display device changed state: "Built-in Screen", DOZE_SUSPEND
11-10 10:42:09.056 V/ActivityManager(  573): Display changed displayId=0
11-10 10:43:01.444 I/AmbientService(  912): Ambient Updating
11-10 10:43:01.487 I/DisplayManagerService(  573): Display device changed state: "Built-in Screen", DOZE
11-10 10:43:01.503 V/ActivityManager(  573): Display changed displayId=0
11-10 10:43:01.608 I/DisplayManagerService(  573): Display device changed state: "Built-in Screen", DOZE_SUSPEND
11-10 10:43:01.615 V/ActivityManager(  573): Display changed displayId=0
11-10 10:44:01.452 I/AmbientService(  912): Ambient Updating
11-10 10:44:01.499 I/DisplayManagerService(  573): Display device changed state: "Built-in Screen", DOZE
11-10 10:44:01.509 V/ActivityManager(  573): Display changed displayId=0
11-10 10:44:01.620 I/DisplayManagerService(  573): Display device changed state: "Built-in Screen", DOZE_SUSPEND
11-10 10:44:01.627 V/ActivityManager(  573): Display changed displayId=0
11-10 10:45:01.450 I/AmbientService(  912): Ambient Updating
11-10 10:45:01.503 I/DisplayManagerService(  573): Display device changed state: "Built-in Screen", DOZE
11-10 10:45:01.503 V/ActivityManager(  573): Display changed displayId=0
11-10 10:45:01.623 I/DisplayManagerService(  573): Display device changed state: "Built-in Screen", DOZE_SUSPEND
11-10 10:45:01.633 V/ActivityManager(  573): Display changed displayId=0
11-10 10:46:01.452 I/AmbientService(  912): Ambient Updating
11-10 10:46:01.504 I/DisplayManagerService(  573): Display device changed state: "Built-in Screen", DOZE
11-10 10:46:01.513 V/ActivityManager(  573): Display changed displayId=0
11-10 10:46:01.621 I/DisplayManagerService(  573): Display device changed state: "Built-in Screen", DOZE_SUSPEND
11-10 10:46:01.629 V/ActivityManager(  573): Display changed displayId=0
11-10 10:47:01.449 I/AmbientService(  912): Ambient Updating
11-10 10:47:01.471 I/DisplayManagerService(  573): Display device changed state: "Built-in Screen", DOZE
11-10 10:47:01.484 V/ActivityManager(  573): Display changed displayId=0
11-10 10:47:01.592 I/DisplayManagerService(  573): Display device changed state: "Built-in Screen", DOZE_SUSPEND
11-10 10:47:01.600 V/ActivityManager(  573): Display changed displayId=0
11-10 10:47:12.338 I/DisplayManagerService(  573): Display device changed state: "Built-in Screen", DOZE
11-10 10:47:12.345 V/ActivityManager(  573): Display changed displayId=0
11-10 10:47:12.490 I/DisplayManagerService(  573): Display device changed state: "Built-in Screen", DOZE_SUSPEND
11-10 10:47:12.498 V/ActivityManager(  573): Display changed displayId=0
11-10 10:48:01.452 I/AmbientService(  912): Ambient Updating
11-10 10:48:01.494 I/DisplayManagerService(  573): Display device changed state: "Built-in Screen", DOZE
11-10 10:48:01.500 V/ActivityManager(  573): Display changed displayId=0
11-10 10:48:01.614 I/DisplayManagerService(  573): Display device changed state: "Built-in Screen", DOZE_SUSPEND
11-10 10:48:01.624 V/ActivityManager(  573): Display changed displayId=0
11-10 10:49:01.451 I/AmbientService(  912): Ambient Updating
11-10 10:49:01.506 I/DisplayManagerService(  573): Display device changed state: "Built-in Screen", DOZE
11-10 10:49:01.507 V/ActivityManager(  573): Display changed displayId=0
11-10 10:49:01.625 I/DisplayManagerService(  573): Display device changed state: "Built-in Screen", DOZE_SUSPEND
11-10 10:49:01.632 V/ActivityManager(  573): Display changed displayId=0
11-10 10:49:02.840 I/ActivityManager(  573): Delay finish: com.google.android.apps.fitness/com.google.android.wearable.fitness.summary.notification.NotificationReceiver
11-10 10:49:04.148 W/ResourcesManager(  735): Asset path '/system/framework/com.google.android.wearable.jar' does not exist or contains no resources.
11-10 10:49:04.240 I/ActivityManager(  573): Resuming delayed broadcast
11-10 10:49:04.278 I/DisplayManagerService(  573): Display device changed state: "Built-in Screen", DOZE
11-10 10:49:04.285 V/ActivityManager(  573): Display changed displayId=0
11-10 10:49:04.363 W/ResourcesManager(  735): Asset path '/system/framework/com.google.android.wearable.jar' does not exist or contains no resources.
11-10 10:49:04.530 I/DisplayManagerService(  573): Display device changed state: "Built-in Screen", DOZE_SUSPEND
11-10 10:49:04.537 V/ActivityManager(  573): Display changed displayId=0
11-10 10:50:01.452 I/AmbientService(  912): Ambient Updating
11-10 10:50:01.500 I/DisplayManagerService(  573): Display device changed state: "Built-in Screen", DOZE
11-10 10:50:01.513 V/ActivityManager(  573): Display changed displayId=0
11-10 10:50:01.620 I/DisplayManagerService(  573): Display device changed state: "Built-in Screen", DOZE_SUSPEND
11-10 10:50:01.628 V/ActivityManager(  573): Display changed displayId=0
11-10 10:51:01.453 I/AmbientService(  912): Ambient Updating
11-10 10:51:01.502 I/DisplayManagerService(  573): Display device changed state: "Built-in Screen", DOZE
11-10 10:51:01.511 V/ActivityManager(  573): Display changed displayId=0
11-10 10:51:01.622 I/DisplayManagerService(  573): Display device changed state: "Built-in Screen", DOZE_SUSPEND
11-10 10:51:01.629 V/ActivityManager(  573): Display changed displayId=0
11-10 10:52:01.455 I/AmbientService(  912): Ambient Updating
11-10 10:52:01.502 I/DisplayManagerService(  573): Display device changed state: "Built-in Screen", DOZE
11-10 10:52:01.512 V/ActivityManager(  573): Display changed displayId=0
11-10 10:52:01.620 I/DisplayManagerService(  573): Display device changed state: "Built-in Screen", DOZE_SUSPEND
11-10 10:52:01.628 V/ActivityManager(  573): Display changed displayId=0
11-10 10:52:39.705 I/PowerManagerService(  573): Waking up from dozing (uid 1000)...
11-10 10:52:39.713 E/InputMethodManagerService(  573): Ignoring setImeWindowStatus due to an invalid token. uid:1000 token:null
11-10 10:52:39.736 I/DisplayManagerService(  573): Display device changed state: "Built-in Screen", ON
11-10 10:52:39.769 V/ActivityManager(  573): Display changed displayId=0
11-10 10:52:39.777 I/DreamManagerService(  573): Gently waking up from dream.
11-10 10:52:39.778 V/DreamService[AmbientDream](  912): wakeUp(): fromSystem=true, mWaking=false, mFinished=false
11-10 10:52:39.778 V/DreamService[AmbientDream](  912): finish(): mFinished=false
11-10 10:52:39.778 I/DreamManagerService(  573): Leaving dreamland.
11-10 10:52:39.780 I/DreamController(  573): Stopping dream: name=ComponentInfo{com.google.android.wearable.ambient/com.google.android.wearable.ambient.AmbientDream}, isTest=false, canDoze=true, userId=0
11-10 10:52:39.785 V/DreamService[AmbientDream](  912): detach(): Calling onDreamingStopped()
11-10 10:52:39.785 I/AmbientService(  912): Ambient Stopping
11-10 10:52:39.807 V/DreamService[AmbientDream](  912): onDestroy()
11-10 10:52:53.421 I/ActivityManager(  573): Killing 670:android.process.media/u0a10 (adj 13): empty for 1800s
11-10 10:52:54.082 I/PowerManagerService(  573): Going to sleep due to screen timeout (uid 1000)...
11-10 10:52:54.083 I/DreamManagerService(  573): Entering dreamland.
11-10 10:52:54.083 I/PowerManagerService(  573): Dozing...
11-10 10:52:54.084 I/DreamController(  573): Starting dream: name=ComponentInfo{com.google.android.wearable.ambient/com.google.android.wearable.ambient.AmbientDream}, isTest=false, canDoze=true, userId=0
11-10 10:52:54.095 E/InputMethodManagerService(  573): Ignoring setImeWindowStatus due to an invalid token. uid:1000 token:null
11-10 10:52:54.095 E/InputMethodManagerService(  573): Ignoring setImeWindowStatus due to an invalid token. uid:1000 token:null
11-10 10:52:54.141 V/DreamService[AmbientDream](  912): onBind() intent = Intent { act=android.service.dreams.DreamService flg=0x800000 cmp=com.google.android.wearable.ambient/.AmbientDream }
11-10 10:52:54.162 I/AmbientService(  912): Ambient Created
11-10 10:52:54.162 V/DreamService[AmbientDream](  912): Calling onDreamingStarted()
11-10 10:52:54.162 I/AmbientService(  912): Ambient Starting
11-10 10:52:54.217 I/DisplayManagerService(  573): Display device changed state: "Built-in Screen", DOZE_SUSPEND
11-10 10:52:54.220 V/ActivityManager(  573): Display changed displayId=0
11-10 10:53:00.450 I/AmbientService(  912): Ambient Updating
11-10 10:53:00.466 I/DisplayManagerService(  573): Display device changed state: "Built-in Screen", DOZE
11-10 10:53:00.473 V/ActivityManager(  573): Display changed displayId=0
11-10 10:53:00.587 I/DisplayManagerService(  573): Display device changed state: "Built-in Screen", DOZE_SUSPEND
11-10 10:53:00.594 V/ActivityManager(  573): Display changed displayId=0
11-10 10:54:01.456 I/AmbientService(  912): Ambient Updating
11-10 10:54:01.491 I/DisplayManagerService(  573): Display device changed state: "Built-in Screen", DOZE
11-10 10:54:01.494 V/ActivityManager(  573): Display changed displayId=0
11-10 10:54:01.610 I/DisplayManagerService(  573): Display device changed state: "Built-in Screen", DOZE_SUSPEND
11-10 10:54:01.621 V/ActivityManager(  573): Display changed displayId=0
11-10 10:54:28.242 I/PowerManagerService(  573): Waking up from dozing (uid 1000)...
11-10 10:54:28.253 E/InputMethodManagerService(  573): Ignoring setImeWindowStatus due to an invalid token. uid:1000 token:null
11-10 10:54:28.282 I/DisplayManagerService(  573): Display device changed state: "Built-in Screen", ON
11-10 10:54:28.290 V/ActivityManager(  573): Display changed displayId=0
11-10 10:54:28.344 I/DreamManagerService(  573): Gently waking up from dream.
11-10 10:54:28.344 V/DreamService[AmbientDream](  912): wakeUp(): fromSystem=true, mWaking=false, mFinished=false
11-10 10:54:28.344 V/DreamService[AmbientDream](  912): finish(): mFinished=false
11-10 10:54:28.345 I/DreamManagerService(  573): Leaving dreamland.
11-10 10:54:28.345 I/DreamController(  573): Stopping dream: name=ComponentInfo{com.google.android.wearable.ambient/com.google.android.wearable.ambient.AmbientDream}, isTest=false, canDoze=true, userId=0
11-10 10:54:28.349 V/DreamService[AmbientDream](  912): detach(): Calling onDreamingStopped()
11-10 10:54:28.349 I/AmbientService(  912): Ambient Stopping
11-10 10:54:28.383 V/DreamService[AmbientDream](  912): onDestroy()
11-10 10:54:38.656 I/ActivityManager(  573): Killing 1424:com.endomondo.android/u0a28 (adj 13): empty for 1807s
11-10 10:54:38.714 I/ActivityManager(  573): Killing 1446:com.example.android.wearable.photoswatchface/u0a6 (adj 13): empty for 1807s
11-10 10:54:38.730 I/ActivityManager(  573): Killing 1042:com.google.android.deskclock/u0a24 (adj 15): empty for 1807s
11-10 10:54:38.758 I/ActivityManager(  573): Killing 1468:com.lge.bioitplatform.sdservice.service/u0a13 (adj 15): empty for 1807s
11-10 10:54:38.773 I/ActivityManager(  573): Killing 1368:com.google.android.apps.wearable.bugreportsender/2000 (adj 15): empty for 1807s
11-10 10:54:54.714 I/PowerManagerService(  573): Going to sleep due to screen timeout (uid 1000)...
11-10 10:54:54.714 I/DreamManagerService(  573): Entering dreamland.
11-10 10:54:54.714 I/PowerManagerService(  573): Dozing...
11-10 10:54:54.716 I/DreamController(  573): Starting dream: name=ComponentInfo{com.google.android.wearable.ambient/com.google.android.wearable.ambient.AmbientDream}, isTest=false, canDoze=true, userId=0
11-10 10:54:54.725 E/InputMethodManagerService(  573): Ignoring setImeWindowStatus due to an invalid token. uid:1000 token:null
11-10 10:54:54.726 E/InputMethodManagerService(  573): Ignoring setImeWindowStatus due to an invalid token. uid:1000 token:null
11-10 10:54:54.771 V/DreamService[AmbientDream](  912): onBind() intent = Intent { act=android.service.dreams.DreamService flg=0x800000 cmp=com.google.android.wearable.ambient/.AmbientDream }
11-10 10:54:54.915 I/AmbientService(  912): Ambient Created
11-10 10:54:54.915 V/DreamService[AmbientDream](  912): Calling onDreamingStarted()
11-10 10:54:54.915 I/AmbientService(  912): Ambient Starting
11-10 10:54:55.011 I/DisplayManagerService(  573): Display device changed state: "Built-in Screen", DOZE_SUSPEND
11-10 10:54:55.013 V/ActivityManager(  573): Display changed displayId=0
11-10 10:54:55.058 I/DisplayManagerService(  573): Display device changed state: "Built-in Screen", DOZE
11-10 10:54:55.073 V/ActivityManager(  573): Display changed displayId=0
11-10 10:54:55.277 I/DisplayManagerService(  573): Display device changed state: "Built-in Screen", DOZE_SUSPEND
11-10 10:54:55.284 V/ActivityManager(  573): Display changed displayId=0
11-10 10:55:00.451 I/AmbientService(  912): Ambient Updating
11-10 10:55:00.479 I/DisplayManagerService(  573): Display device changed state: "Built-in Screen", DOZE
11-10 10:55:00.485 V/ActivityManager(  573): Display changed displayId=0
11-10 10:55:00.600 I/DisplayManagerService(  573): Display device changed state: "Built-in Screen", DOZE_SUSPEND
11-10 10:55:00.607 V/ActivityManager(  573): Display changed displayId=0
11-10 10:56:01.456 I/AmbientService(  912): Ambient Updating
11-10 10:56:01.505 I/DisplayManagerService(  573): Display device changed state: "Built-in Screen", DOZE
11-10 10:56:01.517 V/ActivityManager(  573): Display changed displayId=0
11-10 10:56:01.626 I/DisplayManagerService(  573): Display device changed state: "Built-in Screen", DOZE_SUSPEND
11-10 10:56:01.633 V/ActivityManager(  573): Display changed displayId=0
11-10 10:57:01.453 I/AmbientService(  912): Ambient Updating
11-10 10:57:01.513 I/DisplayManagerService(  573): Display device changed state: "Built-in Screen", DOZE
11-10 10:57:01.516 V/ActivityManager(  573): Display changed displayId=0
11-10 10:57:01.633 I/DisplayManagerService(  573): Display device changed state: "Built-in Screen", DOZE_SUSPEND
11-10 10:57:01.639 V/ActivityManager(  573): Display changed displayId=0
11-10 10:58:01.456 I/AmbientService(  912): Ambient Updating
11-10 10:58:01.507 I/DisplayManagerService(  573): Display device changed state: "Built-in Screen", DOZE
11-10 10:58:01.518 V/ActivityManager(  573): Display changed displayId=0
11-10 10:58:01.627 I/DisplayManagerService(  573): Display device changed state: "Built-in Screen", DOZE_SUSPEND
11-10 10:58:01.633 V/ActivityManager(  573): Display changed displayId=0
11-10 10:58:19.513 I/PowerManagerService(  573): Waking up from dozing (uid 1000)...
11-10 10:58:19.524 E/InputMethodManagerService(  573): Ignoring setImeWindowStatus due to an invalid token. uid:1000 token:null
11-10 10:58:19.553 I/DisplayManagerService(  573): Display device changed state: "Built-in Screen", ON
11-10 10:58:19.586 V/ActivityManager(  573): Display changed displayId=0
11-10 10:58:19.611 I/DreamManagerService(  573): Gently waking up from dream.
11-10 10:58:19.611 V/DreamService[AmbientDream](  912): wakeUp(): fromSystem=true, mWaking=false, mFinished=false
11-10 10:58:19.611 V/DreamService[AmbientDream](  912): finish(): mFinished=false
11-10 10:58:19.612 I/DreamManagerService(  573): Leaving dreamland.
11-10 10:58:19.612 I/DreamController(  573): Stopping dream: name=ComponentInfo{com.google.android.wearable.ambient/com.google.android.wearable.ambient.AmbientDream}, isTest=false, canDoze=true, userId=0
11-10 10:58:19.615 V/DreamService[AmbientDream](  912): detach(): Calling onDreamingStopped()
11-10 10:58:19.615 I/AmbientService(  912): Ambient Stopping
11-10 10:58:19.652 V/DreamService[AmbientDream](  912): onDestroy()
11-10 10:58:24.509 I/PowerManagerService(  573): Going to sleep due to screen timeout (uid 1000)...
11-10 10:58:24.509 I/DreamManagerService(  573): Entering dreamland.
11-10 10:58:24.509 I/PowerManagerService(  573): Dozing...
11-10 10:58:24.511 I/DreamController(  573): Starting dream: name=ComponentInfo{com.google.android.wearable.ambient/com.google.android.wearable.ambient.AmbientDream}, isTest=false, canDoze=true, userId=0
11-10 10:58:24.522 E/InputMethodManagerService(  573): Ignoring setImeWindowStatus due to an invalid token. uid:1000 token:null
11-10 10:58:24.522 E/InputMethodManagerService(  573): Ignoring setImeWindowStatus due to an invalid token. uid:1000 token:null
11-10 10:58:24.565 V/DreamService[AmbientDream](  912): onBind() intent = Intent { act=android.service.dreams.DreamService flg=0x800000 cmp=com.google.android.wearable.ambient/.AmbientDream }
11-10 10:58:24.573 I/AmbientService(  912): Ambient Created
11-10 10:58:24.593 V/DreamService[AmbientDream](  912): Calling onDreamingStarted()
11-10 10:58:24.593 I/AmbientService(  912): Ambient Starting
11-10 10:58:25.072 I/DisplayManagerService(  573): Display device changed state: "Built-in Screen", DOZE_SUSPEND
11-10 10:58:25.074 V/ActivityManager(  573): Display changed displayId=0
11-10 10:59:01.454 I/AmbientService(  912): Ambient Updating
11-10 10:59:01.493 I/DisplayManagerService(  573): Display device changed state: "Built-in Screen", DOZE
11-10 10:59:01.505 V/ActivityManager(  573): Display changed displayId=0
11-10 10:59:01.614 I/DisplayManagerService(  573): Display device changed state: "Built-in Screen", DOZE_SUSPEND
11-10 10:59:01.620 V/ActivityManager(  573): Display changed displayId=0
11-10 11:00:01.457 I/AmbientService(  912): Ambient Updating
11-10 11:00:01.505 I/DisplayManagerService(  573): Display device changed state: "Built-in Screen", DOZE
11-10 11:00:01.517 V/ActivityManager(  573): Display changed displayId=0
11-10 11:00:01.625 I/DisplayManagerService(  573): Display device changed state: "Built-in Screen", DOZE_SUSPEND
11-10 11:00:01.632 V/ActivityManager(  573): Display changed displayId=0
11-10 11:01:01.456 I/AmbientService(  912): Ambient Updating
11-10 11:01:01.504 I/DisplayManagerService(  573): Display device changed state: "Built-in Screen", DOZE
11-10 11:01:01.511 V/ActivityManager(  573): Display changed displayId=0
11-10 11:01:01.623 I/DisplayManagerService(  573): Display device changed state: "Built-in Screen", DOZE_SUSPEND
11-10 11:01:01.630 V/ActivityManager(  573): Display changed displayId=0
11-10 11:01:05.490 I/ActivityManager(  573): Delay finish: com.google.android.apps.fitness/com.google.android.wearable.fitness.summary.notification.NotificationReceiver
11-10 11:01:06.336 I/DisplayManagerService(  573): Display device changed state: "Built-in Screen", DOZE
11-10 11:01:06.339 V/ActivityManager(  573): Display changed displayId=0
11-10 11:01:06.556 I/DisplayManagerService(  573): Display device changed state: "Built-in Screen", DOZE_SUSPEND
11-10 11:01:06.564 V/ActivityManager(  573): Display changed displayId=0
11-10 11:01:09.142 I/ActivityManager(  573): Resuming delayed broadcast
11-10 11:02:00.455 I/AmbientService(  912): Ambient Updating
11-10 11:02:00.506 I/DisplayManagerService(  573): Display device changed state: "Built-in Screen", DOZE
11-10 11:02:00.519 V/ActivityManager(  573): Display changed displayId=0
11-10 11:02:00.626 I/DisplayManagerService(  573): Display device changed state: "Built-in Screen", DOZE_SUSPEND
11-10 11:02:00.633 V/ActivityManager(  573): Display changed displayId=0
11-10 11:03:01.458 I/AmbientService(  912): Ambient Updating
11-10 11:03:01.506 I/DisplayManagerService(  573): Display device changed state: "Built-in Screen", DOZE
11-10 11:03:01.518 V/ActivityManager(  573): Display changed displayId=0
11-10 11:03:01.626 I/DisplayManagerService(  573): Display device changed state: "Built-in Screen", DOZE_SUSPEND
11-10 11:03:01.634 V/ActivityManager(  573): Display changed displayId=0
11-10 11:04:01.457 I/AmbientService(  912): Ambient Updating
11-10 11:04:01.528 I/DisplayManagerService(  573): Display device changed state: "Built-in Screen", DOZE
11-10 11:04:01.540 V/ActivityManager(  573): Display changed displayId=0
11-10 11:04:01.647 I/DisplayManagerService(  573): Display device changed state: "Built-in Screen", DOZE_SUSPEND
11-10 11:04:01.654 V/ActivityManager(  573): Display changed displayId=0
11-10 11:05:01.458 I/AmbientService(  912): Ambient Updating
11-10 11:05:01.508 I/DisplayManagerService(  573): Display device changed state: "Built-in Screen", DOZE
11-10 11:05:01.516 V/ActivityManager(  573): Display changed displayId=0
11-10 11:05:01.628 I/DisplayManagerService(  573): Display device changed state: "Built-in Screen", DOZE_SUSPEND
11-10 11:05:01.634 V/ActivityManager(  573): Display changed displayId=0
11-10 11:06:00.461 I/AmbientService(  912): Ambient Updating
11-10 11:06:00.534 I/DisplayManagerService(  573): Display device changed state: "Built-in Screen", DOZE
11-10 11:06:00.544 V/ActivityManager(  573): Display changed displayId=0
11-10 11:06:00.654 I/DisplayManagerService(  573): Display device changed state: "Built-in Screen", DOZE_SUSPEND
11-10 11:06:00.661 V/ActivityManager(  573): Display changed displayId=0
11-10 11:07:01.457 I/AmbientService(  912): Ambient Updating
11-10 11:07:01.516 I/DisplayManagerService(  573): Display device changed state: "Built-in Screen", DOZE
11-10 11:07:01.522 V/ActivityManager(  573): Display changed displayId=0
11-10 11:07:01.636 I/DisplayManagerService(  573): Display device changed state: "Built-in Screen", DOZE_SUSPEND
11-10 11:07:01.642 V/ActivityManager(  573): Display changed displayId=0
11-10 11:08:01.459 I/AmbientService(  912): Ambient Updating
11-10 11:08:01.506 I/DisplayManagerService(  573): Display device changed state: "Built-in Screen", DOZE
11-10 11:08:01.513 V/ActivityManager(  573): Display changed displayId=0
11-10 11:08:01.626 I/DisplayManagerService(  573): Display device changed state: "Built-in Screen", DOZE_SUSPEND
11-10 11:08:01.635 V/ActivityManager(  573): Display changed displayId=0
11-10 11:09:01.460 I/AmbientService(  912): Ambient Updating
11-10 11:09:01.504 I/DisplayManagerService(  573): Display device changed state: "Built-in Screen", DOZE
11-10 11:09:01.510 V/ActivityManager(  573): Display changed displayId=0
11-10 11:09:01.625 I/DisplayManagerService(  573): Display device changed state: "Built-in Screen", DOZE_SUSPEND
11-10 11:09:01.634 V/ActivityManager(  573): Display changed displayId=0
11-10 11:10:01.458 I/AmbientService(  912): Ambient Updating
11-10 11:10:01.515 I/DisplayManagerService(  573): Display device changed state: "Built-in Screen", DOZE
11-10 11:10:01.523 V/ActivityManager(  573): Display changed displayId=0
11-10 11:10:01.632 I/DisplayManagerService(  573): Display device changed state: "Built-in Screen", DOZE_SUSPEND
11-10 11:10:01.638 V/ActivityManager(  573): Display changed displayId=0
11-10 11:10:16.760 I/PowerManagerService(  573): Waking up from dozing (uid 10004)...
11-10 11:10:16.772 E/InputMethodManagerService(  573): Ignoring setImeWindowStatus due to an invalid token. uid:1000 token:null
11-10 11:10:16.790 I/DisplayManagerService(  573): Display device changed state: "Built-in Screen", ON
11-10 11:10:16.808 V/ActivityManager(  573): Display changed displayId=0
11-10 11:10:16.844 I/DreamManagerService(  573): Gently waking up from dream.
11-10 11:10:16.844 V/DreamService[AmbientDream](  912): wakeUp(): fromSystem=true, mWaking=false, mFinished=false
11-10 11:10:16.844 V/DreamService[AmbientDream](  912): finish(): mFinished=false
11-10 11:10:16.845 I/DreamManagerService(  573): Leaving dreamland.
11-10 11:10:16.845 I/DreamController(  573): Stopping dream: name=ComponentInfo{com.google.android.wearable.ambient/com.google.android.wearable.ambient.AmbientDream}, isTest=false, canDoze=true, userId=0
11-10 11:10:16.854 V/DreamService[AmbientDream](  912): detach(): Calling onDreamingStopped()
11-10 11:10:16.854 I/AmbientService(  912): Ambient Stopping
11-10 11:10:16.872 V/DreamService[AmbientDream](  912): onDestroy()
11-10 11:10:21.793 I/PowerManagerService(  573): Going to sleep due to screen timeout (uid 1000)...
11-10 11:10:21.794 I/DreamManagerService(  573): Entering dreamland.
11-10 11:10:21.794 I/PowerManagerService(  573): Dozing...
11-10 11:10:21.795 I/DreamController(  573): Starting dream: name=ComponentInfo{com.google.android.wearable.ambient/com.google.android.wearable.ambient.AmbientDream}, isTest=false, canDoze=true, userId=0
11-10 11:10:21.817 E/InputMethodManagerService(  573): Ignoring setImeWindowStatus due to an invalid token. uid:1000 token:null
11-10 11:10:21.817 E/InputMethodManagerService(  573): Ignoring setImeWindowStatus due to an invalid token. uid:1000 token:null
11-10 11:10:21.862 V/DreamService[AmbientDream](  912): onBind() intent = Intent { act=android.service.dreams.DreamService flg=0x800000 cmp=com.google.android.wearable.ambient/.AmbientDream }
11-10 11:10:21.868 I/AmbientService(  912): Ambient Created
11-10 11:10:21.892 V/DreamService[AmbientDream](  912): Calling onDreamingStarted()
11-10 11:10:21.892 I/AmbientService(  912): Ambient Starting
11-10 11:10:22.848 I/DisplayManagerService(  573): Display device changed state: "Built-in Screen", DOZE_SUSPEND
11-10 11:10:22.850 V/ActivityManager(  573): Display changed displayId=0
11-10 11:11:01.458 I/AmbientService(  912): Ambient Updating
11-10 11:11:01.486 I/DisplayManagerService(  573): Display device changed state: "Built-in Screen", DOZE
11-10 11:11:01.497 V/ActivityManager(  573): Display changed displayId=0
11-10 11:11:01.606 I/DisplayManagerService(  573): Display device changed state: "Built-in Screen", DOZE_SUSPEND
11-10 11:11:01.612 V/ActivityManager(  573): Display changed displayId=0
11-10 11:12:00.462 I/AmbientService(  912): Ambient Updating
11-10 11:12:00.489 I/DisplayManagerService(  573): Display device changed state: "Built-in Screen", DOZE
11-10 11:12:00.502 V/ActivityManager(  573): Display changed displayId=0
11-10 11:12:00.609 I/DisplayManagerService(  573): Display device changed state: "Built-in Screen", DOZE_SUSPEND
11-10 11:12:00.615 V/ActivityManager(  573): Display changed displayId=0
11-10 11:13:01.461 I/AmbientService(  912): Ambient Updating
11-10 11:13:01.511 I/DisplayManagerService(  573): Display device changed state: "Built-in Screen", DOZE
11-10 11:13:01.517 V/ActivityManager(  573): Display changed displayId=0
11-10 11:13:01.631 I/DisplayManagerService(  573): Display device changed state: "Built-in Screen", DOZE_SUSPEND
11-10 11:13:01.638 V/ActivityManager(  573): Display changed displayId=0
11-10 11:14:01.477 I/AmbientService(  912): Ambient Updating
11-10 11:14:01.545 I/DisplayManagerService(  573): Display device changed state: "Built-in Screen", DOZE
11-10 11:14:01.550 V/ActivityManager(  573): Display changed displayId=0
11-10 11:14:01.659 I/ActivityManager(  573): Delay finish: com.google.android.apps.fitness/com.google.android.wearable.fitness.summary.notification.NotificationReceiver
11-10 11:14:01.664 I/DisplayManagerService(  573): Display device changed state: "Built-in Screen", DOZE_SUSPEND
11-10 11:14:01.672 V/ActivityManager(  573): Display changed displayId=0
11-10 11:14:02.750 W/ResourcesManager(  735): Asset path '/system/framework/com.google.android.wearable.jar' does not exist or contains no resources.
11-10 11:14:02.778 I/ActivityManager(  573): Resuming delayed broadcast
11-10 11:14:02.881 I/DisplayManagerService(  573): Display device changed state: "Built-in Screen", DOZE
11-10 11:14:02.887 V/ActivityManager(  573): Display changed displayId=0
11-10 11:14:03.034 W/ResourcesManager(  735): Asset path '/system/framework/com.google.android.wearable.jar' does not exist or contains no resources.
11-10 11:14:03.160 I/DisplayManagerService(  573): Display device changed state: "Built-in Screen", DOZE_SUSPEND
11-10 11:14:03.168 V/ActivityManager(  573): Display changed displayId=0
11-10 11:15:01.459 I/AmbientService(  912): Ambient Updating
11-10 11:15:01.512 I/DisplayManagerService(  573): Display device changed state: "Built-in Screen", DOZE
11-10 11:15:01.524 V/ActivityManager(  573): Display changed displayId=0
11-10 11:15:01.632 I/DisplayManagerService(  573): Display device changed state: "Built-in Screen", DOZE_SUSPEND
11-10 11:15:01.639 V/ActivityManager(  573): Display changed displayId=0
11-10 11:16:01.463 I/AmbientService(  912): Ambient Updating
11-10 11:16:01.512 I/DisplayManagerService(  573): Display device changed state: "Built-in Screen", DOZE
11-10 11:16:01.523 V/ActivityManager(  573): Display changed displayId=0
11-10 11:16:01.632 I/DisplayManagerService(  573): Display device changed state: "Built-in Screen", DOZE_SUSPEND
11-10 11:16:01.639 V/ActivityManager(  573): Display changed displayId=0
11-10 11:17:01.460 I/AmbientService(  912): Ambient Updating
11-10 11:17:01.516 I/DisplayManagerService(  573): Display device changed state: "Built-in Screen", DOZE
11-10 11:17:01.528 V/ActivityManager(  573): Display changed displayId=0
11-10 11:17:01.635 I/DisplayManagerService(  573): Display device changed state: "Built-in Screen", DOZE_SUSPEND
11-10 11:17:01.642 V/ActivityManager(  573): Display changed displayId=0
11-10 11:18:00.785 I/AmbientService(  912): Ambient Updating
11-10 11:18:00.856 I/DisplayManagerService(  573): Display device changed state: "Built-in Screen", DOZE
11-10 11:18:00.861 V/ActivityManager(  573): Display changed displayId=0
11-10 11:18:00.976 I/DisplayManagerService(  573): Display device changed state: "Built-in Screen", DOZE_SUSPEND
11-10 11:18:00.984 V/ActivityManager(  573): Display changed displayId=0
11-10 11:18:08.802 I/DisplayManagerService(  573): Display device changed state: "Built-in Screen", DOZE
11-10 11:18:08.808 V/ActivityManager(  573): Display changed displayId=0
11-10 11:18:08.937 I/DisplayManagerService(  573): Display device changed state: "Built-in Screen", DOZE_SUSPEND
11-10 11:18:08.943 V/ActivityManager(  573): Display changed displayId=0
11-10 11:19:00.461 I/AmbientService(  912): Ambient Updating
11-10 11:19:00.520 I/DisplayManagerService(  573): Display device changed state: "Built-in Screen", DOZE
11-10 11:19:00.533 V/ActivityManager(  573): Display changed displayId=0
11-10 11:19:00.640 I/DisplayManagerService(  573): Display device changed state: "Built-in Screen", DOZE_SUSPEND
11-10 11:19:00.646 V/ActivityManager(  573): Display changed displayId=0
11-10 11:20:01.466 I/AmbientService(  912): Ambient Updating
11-10 11:20:01.515 I/DisplayManagerService(  573): Display device changed state: "Built-in Screen", DOZE
11-10 11:20:01.522 V/ActivityManager(  573): Display changed displayId=0
11-10 11:20:01.635 I/DisplayManagerService(  573): Display device changed state: "Built-in Screen", DOZE_SUSPEND
11-10 11:20:01.636 V/ActivityManager(  573): Display changed displayId=0
11-10 11:21:01.463 I/AmbientService(  912): Ambient Updating
11-10 11:21:01.516 I/DisplayManagerService(  573): Display device changed state: "Built-in Screen", DOZE
11-10 11:21:01.517 V/ActivityManager(  573): Display changed displayId=0
11-10 11:21:01.634 I/DisplayManagerService(  573): Display device changed state: "Built-in Screen", DOZE_SUSPEND
11-10 11:21:01.641 V/ActivityManager(  573): Display changed displayId=0
11-10 11:22:01.466 I/AmbientService(  912): Ambient Updating
11-10 11:22:01.511 I/DisplayManagerService(  573): Display device changed state: "Built-in Screen", DOZE
11-10 11:22:01.512 V/ActivityManager(  573): Display changed displayId=0
11-10 11:22:01.631 I/DisplayManagerService(  573): Display device changed state: "Built-in Screen", DOZE_SUSPEND
11-10 11:22:01.638 V/ActivityManager(  573): Display changed displayId=0
11-10 11:22:40.406 I/DisplayManagerService(  573): Display device changed state: "Built-in Screen", DOZE
11-10 11:22:40.412 V/ActivityManager(  573): Display changed displayId=0
11-10 11:22:40.542 I/DisplayManagerService(  573): Display device changed state: "Built-in Screen", DOZE_SUSPEND
11-10 11:22:40.549 V/ActivityManager(  573): Display changed displayId=0
11-10 11:23:01.462 I/AmbientService(  912): Ambient Updating
11-10 11:23:01.499 I/DisplayManagerService(  573): Display device changed state: "Built-in Screen", DOZE
11-10 11:23:01.514 V/ActivityManager(  573): Display changed displayId=0
11-10 11:23:01.620 I/DisplayManagerService(  573): Display device changed state: "Built-in Screen", DOZE_SUSPEND
11-10 11:23:01.627 V/ActivityManager(  573): Display changed displayId=0
11-10 11:23:14.921 I/PowerManagerService(  573): Waking up from dozing (uid 1000)...
11-10 11:23:14.936 E/InputMethodManagerService(  573): Ignoring setImeWindowStatus due to an invalid token. uid:1000 token:null
11-10 11:23:14.954 I/DisplayManagerService(  573): Display device changed state: "Built-in Screen", ON
11-10 11:23:14.979 V/ActivityManager(  573): Display changed displayId=0
11-10 11:23:15.015 I/DreamManagerService(  573): Gently waking up from dream.
11-10 11:23:15.015 V/DreamService[AmbientDream](  912): wakeUp(): fromSystem=true, mWaking=false, mFinished=false
11-10 11:23:15.016 V/DreamService[AmbientDream](  912): finish(): mFinished=false
11-10 11:23:15.016 I/DreamManagerService(  573): Leaving dreamland.
11-10 11:23:15.016 I/DreamController(  573): Stopping dream: name=ComponentInfo{com.google.android.wearable.ambient/com.google.android.wearable.ambient.AmbientDream}, isTest=false, canDoze=true, userId=0
11-10 11:23:15.019 V/DreamService[AmbientDream](  912): detach(): Calling onDreamingStopped()
11-10 11:23:15.019 I/AmbientService(  912): Ambient Stopping
11-10 11:23:15.046 V/DreamService[AmbientDream](  912): onDestroy()
11-10 11:23:27.314 I/PowerManagerService(  573): Going to sleep due to screen timeout (uid 1000)...
11-10 11:23:27.319 E/InputMethodManagerService(  573): Ignoring setImeWindowStatus due to an invalid token. uid:1000 token:null
11-10 11:23:27.320 I/DreamManagerService(  573): Entering dreamland.
11-10 11:23:27.320 I/DreamController(  573): Starting dream: name=ComponentInfo{com.google.android.wearable.ambient/com.google.android.wearable.ambient.AmbientDream}, isTest=false, canDoze=true, userId=0
11-10 11:23:27.336 I/PowerManagerService(  573): Dozing...
11-10 11:23:27.342 E/InputMethodManagerService(  573): Ignoring setImeWindowStatus due to an invalid token. uid:1000 token:null
11-10 11:23:27.438 V/DreamService[AmbientDream](  912): onBind() intent = Intent { act=android.service.dreams.DreamService flg=0x800000 cmp=com.google.android.wearable.ambient/.AmbientDream }
11-10 11:23:27.444 I/AmbientService(  912): Ambient Created
11-10 11:23:27.444 V/DreamService[AmbientDream](  912): Calling onDreamingStarted()
11-10 11:23:27.444 I/AmbientService(  912): Ambient Starting
11-10 11:23:27.528 I/DisplayManagerService(  573): Display device changed state: "Built-in Screen", DOZE_SUSPEND
11-10 11:23:27.530 V/ActivityManager(  573): Display changed displayId=0
11-10 11:23:33.719 I/DisplayManagerService(  573): Display device changed state: "Built-in Screen", DOZE
11-10 11:23:33.725 V/ActivityManager(  573): Display changed displayId=0
11-10 11:23:33.862 I/DisplayManagerService(  573): Display device changed state: "Built-in Screen", DOZE_SUSPEND
11-10 11:23:33.869 V/ActivityManager(  573): Display changed displayId=0
11-10 11:23:34.333 I/DisplayManagerService(  573): Display device changed state: "Built-in Screen", DOZE
11-10 11:23:34.339 V/ActivityManager(  573): Display changed displayId=0
11-10 11:23:34.489 I/DisplayManagerService(  573): Display device changed state: "Built-in Screen", DOZE_SUSPEND
11-10 11:23:34.500 V/ActivityManager(  573): Display changed displayId=0
11-10 11:23:38.436 I/ProcessStatsService(  573): Prepared write state in 3ms
11-10 11:23:38.439 I/ProcessStatsService(  573): Prepared write state in 2ms
11-10 11:24:01.463 I/AmbientService(  912): Ambient Updating
11-10 11:24:01.513 I/DisplayManagerService(  573): Display device changed state: "Built-in Screen", DOZE
11-10 11:24:01.525 V/ActivityManager(  573): Display changed displayId=0
11-10 11:24:01.632 I/DisplayManagerService(  573): Display device changed state: "Built-in Screen", DOZE_SUSPEND
11-10 11:24:01.639 V/ActivityManager(  573): Display changed displayId=0
11-10 11:24:48.395 I/DisplayManagerService(  573): Display device changed state: "Built-in Screen", DOZE
11-10 11:24:48.401 V/ActivityManager(  573): Display changed displayId=0
11-10 11:24:48.515 I/DisplayManagerService(  573): Display device changed state: "Built-in Screen", DOZE_SUSPEND
11-10 11:24:48.521 V/ActivityManager(  573): Display changed displayId=0
11-10 11:25:01.468 I/AmbientService(  912): Ambient Updating
11-10 11:25:01.542 I/DisplayManagerService(  573): Display device changed state: "Built-in Screen", DOZE
11-10 11:25:01.545 V/ActivityManager(  573): Display changed displayId=0
11-10 11:25:01.662 I/DisplayManagerService(  573): Display device changed state: "Built-in Screen", DOZE_SUSPEND
11-10 11:25:01.669 V/ActivityManager(  573): Display changed displayId=0
11-10 11:26:01.467 I/AmbientService(  912): Ambient Updating
11-10 11:26:01.515 I/DisplayManagerService(  573): Display device changed state: "Built-in Screen", DOZE
11-10 11:26:01.520 V/ActivityManager(  573): Display changed displayId=0
11-10 11:26:01.574 I/ActivityManager(  573): Delay finish: com.google.android.gms/.checkin.EventLogService$Receiver
11-10 11:26:01.635 I/DisplayManagerService(  573): Display device changed state: "Built-in Screen", DOZE_SUSPEND
11-10 11:26:01.642 V/ActivityManager(  573): Display changed displayId=0
11-10 11:26:02.012 I/ActivityManager(  573): Resuming delayed broadcast
11-10 11:27:01.463 I/AmbientService(  912): Ambient Updating
11-10 11:27:01.523 I/DisplayManagerService(  573): Display device changed state: "Built-in Screen", DOZE
11-10 11:27:01.536 V/ActivityManager(  573): Display changed displayId=0
11-10 11:27:01.642 I/DisplayManagerService(  573): Display device changed state: "Built-in Screen", DOZE_SUSPEND
11-10 11:27:01.649 V/ActivityManager(  573): Display changed displayId=0
11-10 11:28:01.465 I/AmbientService(  912): Ambient Updating
11-10 11:28:01.506 I/DisplayManagerService(  573): Display device changed state: "Built-in Screen", DOZE
11-10 11:28:01.515 V/ActivityManager(  573): Display changed displayId=0
11-10 11:28:01.627 I/DisplayManagerService(  573): Display device changed state: "Built-in Screen", DOZE_SUSPEND
11-10 11:28:01.633 V/ActivityManager(  573): Display changed displayId=0
11-10 11:29:01.466 I/AmbientService(  912): Ambient Updating
11-10 11:29:01.513 I/DisplayManagerService(  573): Display device changed state: "Built-in Screen", DOZE
11-10 11:29:01.521 V/ActivityManager(  573): Display changed displayId=0
11-10 11:29:01.633 I/DisplayManagerService(  573): Display device changed state: "Built-in Screen", DOZE_SUSPEND
11-10 11:29:01.639 V/ActivityManager(  573): Display changed displayId=0
11-10 11:30:01.468 I/AmbientService(  912): Ambient Updating
11-10 11:30:01.515 I/DisplayManagerService(  573): Display device changed state: "Built-in Screen", DOZE
11-10 11:30:01.523 V/ActivityManager(  573): Display changed displayId=0
11-10 11:30:01.636 I/DisplayManagerService(  573): Display device changed state: "Built-in Screen", DOZE_SUSPEND
11-10 11:30:01.642 V/ActivityManager(  573): Display changed displayId=0
11-10 11:31:01.467 I/AmbientService(  912): Ambient Updating
11-10 11:31:01.520 I/DisplayManagerService(  573): Display device changed state: "Built-in Screen", DOZE
11-10 11:31:01.521 V/ActivityManager(  573): Display changed displayId=0
11-10 11:31:01.641 I/DisplayManagerService(  573): Display device changed state: "Built-in Screen", DOZE_SUSPEND
11-10 11:31:01.647 V/ActivityManager(  573): Display changed displayId=0
11-10 11:32:01.469 I/AmbientService(  912): Ambient Updating
11-10 11:32:01.517 I/DisplayManagerService(  573): Display device changed state: "Built-in Screen", DOZE
11-10 11:32:01.525 V/ActivityManager(  573): Display changed displayId=0
11-10 11:32:01.637 I/DisplayManagerService(  573): Display device changed state: "Built-in Screen", DOZE_SUSPEND
11-10 11:32:01.643 V/ActivityManager(  573): Display changed displayId=0
11-10 11:32:55.078 I/PowerManagerService(  573): Waking up from dozing (uid 10004)...
11-10 11:32:55.090 E/InputMethodManagerService(  573): Ignoring setImeWindowStatus due to an invalid token. uid:1000 token:null
11-10 11:32:55.108 I/DisplayManagerService(  573): Display device changed state: "Built-in Screen", ON
11-10 11:32:55.148 V/ActivityManager(  573): Display changed displayId=0
11-10 11:32:55.174 I/DreamManagerService(  573): Gently waking up from dream.
11-10 11:32:55.175 V/DreamService[AmbientDream](  912): wakeUp(): fromSystem=true, mWaking=false, mFinished=false
11-10 11:32:55.175 V/DreamService[AmbientDream](  912): finish(): mFinished=false
11-10 11:32:55.175 I/DreamManagerService(  573): Leaving dreamland.
11-10 11:32:55.176 I/DreamController(  573): Stopping dream: name=ComponentInfo{com.google.android.wearable.ambient/com.google.android.wearable.ambient.AmbientDream}, isTest=false, canDoze=true, userId=0
11-10 11:32:55.178 V/DreamService[AmbientDream](  912): detach(): Calling onDreamingStopped()
11-10 11:32:55.178 I/AmbientService(  912): Ambient Stopping
11-10 11:32:55.194 V/DreamService[AmbientDream](  912): onDestroy()
11-10 11:33:00.107 I/PowerManagerService(  573): Going to sleep due to screen timeout (uid 1000)...
11-10 11:33:00.108 I/DreamManagerService(  573): Entering dreamland.
11-10 11:33:00.108 I/PowerManagerService(  573): Dozing...
11-10 11:33:00.110 I/DreamController(  573): Starting dream: name=ComponentInfo{com.google.android.wearable.ambient/com.google.android.wearable.ambient.AmbientDream}, isTest=false, canDoze=true, userId=0
11-10 11:33:00.120 E/InputMethodManagerService(  573): Ignoring setImeWindowStatus due to an invalid token. uid:1000 token:null
11-10 11:33:00.120 E/InputMethodManagerService(  573): Ignoring setImeWindowStatus due to an invalid token. uid:1000 token:null
11-10 11:33:00.165 V/DreamService[AmbientDream](  912): onBind() intent = Intent { act=android.service.dreams.DreamService flg=0x800000 cmp=com.google.android.wearable.ambient/.AmbientDream }
11-10 11:33:00.194 I/AmbientService(  912): Ambient Created
11-10 11:33:00.194 V/DreamService[AmbientDream](  912): Calling onDreamingStarted()
11-10 11:33:00.194 I/AmbientService(  912): Ambient Starting
