11-10 12:21:01.661 V/ActivityManager(  573): Display changed displayId=0
11-10 12:22:00.493 I/AmbientService(  912): Ambient Updating
11-10 12:22:00.522 I/DisplayManagerService(  573): Display device changed state: "Built-in Screen", DOZE
11-10 12:22:00.525 V/ActivityManager(  573): Display changed displayId=0
11-10 12:22:00.642 I/DisplayManagerService(  573): Display device changed state: "Built-in Screen", DOZE_SUSPEND
11-10 12:22:00.649 V/ActivityManager(  573): Display changed displayId=0
11-10 12:23:01.487 I/AmbientService(  912): Ambient Updating
11-10 12:23:01.535 I/DisplayManagerService(  573): Display device changed state: "Built-in Screen", DOZE
11-10 12:23:01.544 V/ActivityManager(  573): Display changed displayId=0
11-10 12:23:01.656 I/DisplayManagerService(  573): Display device changed state: "Built-in Screen", DOZE_SUSPEND
11-10 12:23:01.662 V/ActivityManager(  573): Display changed displayId=0
11-10 12:24:01.486 I/AmbientService(  912): Ambient Updating
11-10 12:24:01.536 I/DisplayManagerService(  573): Display device changed state: "Built-in Screen", DOZE
11-10 12:24:01.537 V/ActivityManager(  573): Display changed displayId=0
11-10 12:24:01.656 I/DisplayManagerService(  573): Display device changed state: "Built-in Screen", DOZE_SUSPEND
11-10 12:24:01.662 V/ActivityManager(  573): Display changed displayId=0
11-10 12:25:01.489 I/AmbientService(  912): Ambient Updating
11-10 12:25:01.538 I/DisplayManagerService(  573): Display device changed state: "Built-in Screen", DOZE
11-10 12:25:01.540 V/ActivityManager(  573): Display changed displayId=0
11-10 12:25:01.658 I/DisplayManagerService(  573): Display device changed state: "Built-in Screen", DOZE_SUSPEND
11-10 12:25:01.664 V/ActivityManager(  573): Display changed displayId=0
11-10 12:26:01.489 I/AmbientService(  912): Ambient Updating
11-10 12:26:01.537 I/DisplayManagerService(  573): Display device changed state: "Built-in Screen", DOZE
11-10 12:26:01.542 V/ActivityManager(  573): Display changed displayId=0
11-10 12:26:01.658 I/DisplayManagerService(  573): Display device changed state: "Built-in Screen", DOZE_SUSPEND
11-10 12:26:01.665 V/ActivityManager(  573): Display changed displayId=0
11-10 12:27:01.486 I/AmbientService(  912): Ambient Updating
11-10 12:27:01.537 I/DisplayManagerService(  573): Display device changed state: "Built-in Screen", DOZE
11-10 12:27:01.546 V/ActivityManager(  573): Display changed displayId=0
11-10 12:27:01.658 I/DisplayManagerService(  573): Display device changed state: "Built-in Screen", DOZE_SUSPEND
11-10 12:27:01.664 V/ActivityManager(  573): Display changed displayId=0
11-10 12:28:01.487 I/AmbientService(  912): Ambient Updating
11-10 12:28:01.535 I/DisplayManagerService(  573): Display device changed state: "Built-in Screen", DOZE
11-10 12:28:01.542 V/ActivityManager(  573): Display changed displayId=0
11-10 12:28:01.656 I/DisplayManagerService(  573): Display device changed state: "Built-in Screen", DOZE_SUSPEND
11-10 12:28:01.662 V/ActivityManager(  573): Display changed displayId=0
11-10 12:29:01.489 I/AmbientService(  912): Ambient Updating
11-10 12:29:01.538 I/DisplayManagerService(  573): Display device changed state: "Built-in Screen", DOZE
11-10 12:29:01.545 V/ActivityManager(  573): Display changed displayId=0
11-10 12:29:01.657 I/DisplayManagerService(  573): Display device changed state: "Built-in Screen", DOZE_SUSPEND
11-10 12:29:01.663 V/ActivityManager(  573): Display changed displayId=0
11-10 12:30:01.487 I/AmbientService(  912): Ambient Updating
11-10 12:30:01.537 I/DisplayManagerService(  573): Display device changed state: "Built-in Screen", DOZE
11-10 12:30:01.545 V/ActivityManager(  573): Display changed displayId=0
11-10 12:30:01.657 I/DisplayManagerService(  573): Display device changed state: "Built-in Screen", DOZE_SUSPEND
11-10 12:30:01.663 V/ActivityManager(  573): Display changed displayId=0
11-10 12:30:09.166 I/DisplayManagerService(  573): Display device changed state: "Built-in Screen", DOZE
11-10 12:30:09.172 V/ActivityManager(  573): Display changed displayId=0
11-10 12:30:09.302 I/DisplayManagerService(  573): Display device changed state: "Built-in Screen", DOZE_SUSPEND
11-10 12:30:09.310 V/ActivityManager(  573): Display changed displayId=0
11-10 12:31:01.490 I/AmbientService(  912): Ambient Updating
11-10 12:31:01.552 I/DisplayManagerService(  573): Display device changed state: "Built-in Screen", DOZE
11-10 12:31:01.557 V/ActivityManager(  573): Display changed displayId=0
11-10 12:31:01.673 I/DisplayManagerService(  573): Display device changed state: "Built-in Screen", DOZE_SUSPEND
11-10 12:31:01.679 V/ActivityManager(  573): Display changed displayId=0
11-10 12:31:11.548 I/ActivityManager(  573): Delay finish: com.google.android.gms/.checkin.EventLogService$Receiver
11-10 12:31:11.938 I/ActivityManager(  573): Resuming delayed broadcast
11-10 12:31:11.952 I/ActivityManager(  573): Delay finish: com.google.android.apps.fitness/com.google.android.wearable.fitness.summary.notification.NotificationReceiver
11-10 12:31:12.619 I/DisplayManagerService(  573): Display device changed state: "Built-in Screen", DOZE
11-10 12:31:12.625 V/ActivityManager(  573): Display changed displayId=0
11-10 12:31:12.759 I/DisplayManagerService(  573): Display device changed state: "Built-in Screen", DOZE_SUSPEND
11-10 12:31:12.760 V/ActivityManager(  573): Display changed displayId=0
11-10 12:31:13.369 W/ResourcesManager(  735): Asset path '/system/framework/com.google.android.wearable.jar' does not exist or contains no resources.
11-10 12:31:13.374 I/ActivityManager(  573): Resuming delayed broadcast
11-10 12:31:13.490 I/DisplayManagerService(  573): Display device changed state: "Built-in Screen", DOZE
11-10 12:31:13.496 V/ActivityManager(  573): Display changed displayId=0
11-10 12:31:13.673 I/DisplayManagerService(  573): Display device changed state: "Built-in Screen", DOZE_SUSPEND
11-10 12:31:13.681 V/ActivityManager(  573): Display changed displayId=0
11-10 12:32:00.487 I/AmbientService(  912): Ambient Updating
11-10 12:32:00.558 I/DisplayManagerService(  573): Display device changed state: "Built-in Screen", DOZE
11-10 12:32:00.571 V/ActivityManager(  573): Display changed displayId=0
11-10 12:32:00.678 I/DisplayManagerService(  573): Display device changed state: "Built-in Screen", DOZE_SUSPEND
11-10 12:32:00.684 V/ActivityManager(  573): Display changed displayId=0
11-10 12:33:01.490 I/AmbientService(  912): Ambient Updating
11-10 12:33:01.539 I/DisplayManagerService(  573): Display device changed state: "Built-in Screen", DOZE
11-10 12:33:01.548 V/ActivityManager(  573): Display changed displayId=0
11-10 12:33:01.659 I/DisplayManagerService(  573): Display device changed state: "Built-in Screen", DOZE_SUSPEND
11-10 12:33:01.665 V/ActivityManager(  573): Display changed displayId=0
11-10 12:34:01.490 I/AmbientService(  912): Ambient Updating
11-10 12:34:01.540 I/DisplayManagerService(  573): Display device changed state: "Built-in Screen", DOZE
11-10 12:34:01.540 V/ActivityManager(  573): Display changed displayId=0
11-10 12:34:01.660 I/DisplayManagerService(  573): Display device changed state: "Built-in Screen", DOZE_SUSPEND
11-10 12:34:01.666 V/ActivityManager(  573): Display changed displayId=0
11-10 12:35:01.190 I/AmbientService(  912): Ambient Updating
11-10 12:35:01.225 I/DisplayManagerService(  573): Display device changed state: "Built-in Screen", DOZE
11-10 12:35:01.233 V/ActivityManager(  573): Display changed displayId=0
11-10 12:35:01.346 I/DisplayManagerService(  573): Display device changed state: "Built-in Screen", DOZE_SUSPEND
11-10 12:35:01.352 V/ActivityManager(  573): Display changed displayId=0
11-10 12:36:01.488 I/AmbientService(  912): Ambient Updating
11-10 12:36:01.544 I/DisplayManagerService(  573): Display device changed state: "Built-in Screen", DOZE
11-10 12:36:01.550 V/ActivityManager(  573): Display changed displayId=0
11-10 12:36:01.664 I/DisplayManagerService(  573): Display device changed state: "Built-in Screen", DOZE_SUSPEND
11-10 12:36:01.670 V/ActivityManager(  573): Display changed displayId=0
11-10 12:37:01.490 I/AmbientService(  912): Ambient Updating
11-10 12:37:01.545 I/DisplayManagerService(  573): Display device changed state: "Built-in Screen", DOZE
11-10 12:37:01.550 V/ActivityManager(  573): Display changed displayId=0
11-10 12:37:01.665 I/DisplayManagerService(  573): Display device changed state: "Built-in Screen", DOZE_SUSPEND
11-10 12:37:01.674 V/ActivityManager(  573): Display changed displayId=0
11-10 12:38:01.489 I/AmbientService(  912): Ambient Updating
11-10 12:38:01.540 I/DisplayManagerService(  573): Display device changed state: "Built-in Screen", DOZE
11-10 12:38:01.544 V/ActivityManager(  573): Display changed displayId=0
11-10 12:38:01.659 I/DisplayManagerService(  573): Display device changed state: "Built-in Screen", DOZE_SUSPEND
11-10 12:38:01.666 V/ActivityManager(  573): Display changed displayId=0
11-10 12:39:01.493 I/AmbientService(  912): Ambient Updating
11-10 12:39:01.538 I/DisplayManagerService(  573): Display device changed state: "Built-in Screen", DOZE
11-10 12:39:01.547 V/ActivityManager(  573): Display changed displayId=0
11-10 12:39:01.659 I/DisplayManagerService(  573): Display device changed state: "Built-in Screen", DOZE_SUSPEND
11-10 12:39:01.665 V/ActivityManager(  573): Display changed displayId=0
11-10 12:40:01.492 I/AmbientService(  912): Ambient Updating
11-10 12:40:01.540 I/DisplayManagerService(  573): Display device changed state: "Built-in Screen", DOZE
11-10 12:40:01.546 V/ActivityManager(  573): Display changed displayId=0
11-10 12:40:01.660 I/DisplayManagerService(  573): Display device changed state: "Built-in Screen", DOZE_SUSPEND
11-10 12:40:01.667 V/ActivityManager(  573): Display changed displayId=0
11-10 12:41:01.489 I/AmbientService(  912): Ambient Updating
11-10 12:41:01.542 I/DisplayManagerService(  573): Display device changed state: "Built-in Screen", DOZE
11-10 12:41:01.549 V/ActivityManager(  573): Display changed displayId=0
11-10 12:41:01.662 I/DisplayManagerService(  573): Display device changed state: "Built-in Screen", DOZE_SUSPEND
11-10 12:41:01.668 V/ActivityManager(  573): Display changed displayId=0
11-10 12:42:01.494 I/AmbientService(  912): Ambient Updating
11-10 12:42:01.542 I/DisplayManagerService(  573): Display device changed state: "Built-in Screen", DOZE
11-10 12:42:01.551 V/ActivityManager(  573): Display changed displayId=0
11-10 12:42:01.663 I/DisplayManagerService(  573): Display device changed state: "Built-in Screen", DOZE_SUSPEND
11-10 12:42:01.670 V/ActivityManager(  573): Display changed displayId=0
11-10 12:43:01.493 I/AmbientService(  912): Ambient Updating
11-10 12:43:01.544 I/DisplayManagerService(  573): Display device changed state: "Built-in Screen", DOZE
11-10 12:43:01.552 V/ActivityManager(  573): Display changed displayId=0
11-10 12:43:01.665 I/DisplayManagerService(  573): Display device changed state: "Built-in Screen", DOZE_SUSPEND
11-10 12:43:01.672 V/ActivityManager(  573): Display changed displayId=0
11-10 12:43:41.046 I/PowerManagerService(  573): Waking up from dozing (uid 10004)...
11-10 12:43:41.059 E/InputMethodManagerService(  573): Ignoring setImeWindowStatus due to an invalid token. uid:1000 token:null
11-10 12:43:41.078 I/DisplayManagerService(  573): Display device changed state: "Built-in Screen", ON
11-10 12:43:41.101 V/ActivityManager(  573): Display changed displayId=0
11-10 12:43:41.150 I/DreamManagerService(  573): Gently waking up from dream.
11-10 12:43:41.151 V/DreamService[AmbientDream](  912): wakeUp(): fromSystem=true, mWaking=false, mFinished=false
11-10 12:43:41.151 V/DreamService[AmbientDream](  912): finish(): mFinished=false
11-10 12:43:41.151 I/DreamManagerService(  573): Leaving dreamland.
11-10 12:43:41.151 I/DreamController(  573): Stopping dream: name=ComponentInfo{com.google.android.wearable.ambient/com.google.android.wearable.ambient.AmbientDream}, isTest=false, canDoze=true, userId=0
11-10 12:43:41.155 V/DreamService[AmbientDream](  912): detach(): Calling onDreamingStopped()
11-10 12:43:41.155 I/AmbientService(  912): Ambient Stopping
11-10 12:43:41.267 V/DreamService[AmbientDream](  912): onDestroy()
11-10 12:43:41.438 I/ActivityManager(  573): Delay finish: com.google.android.apps.fitness/com.google.android.wearable.fitness.summary.notification.NotificationReceiver
11-10 12:43:42.191 I/ActivityManager(  573): Resuming delayed broadcast
11-10 12:43:42.384 W/ResourcesManager(  735): Asset path '/system/framework/com.google.android.wearable.jar' does not exist or contains no resources.
11-10 12:43:46.079 I/PowerManagerService(  573): Going to sleep due to screen timeout (uid 1000)...
11-10 12:43:46.080 I/DreamManagerService(  573): Entering dreamland.
11-10 12:43:46.081 I/PowerManagerService(  573): Dozing...
11-10 12:43:46.082 I/DreamController(  573): Starting dream: name=ComponentInfo{com.google.android.wearable.ambient/com.google.android.wearable.ambient.AmbientDream}, isTest=false, canDoze=true, userId=0
11-10 12:43:46.270 E/InputMethodManagerService(  573): Ignoring setImeWindowStatus due to an invalid token. uid:1000 token:null
11-10 12:43:46.271 E/InputMethodManagerService(  573): Ignoring setImeWindowStatus due to an invalid token. uid:1000 token:null
11-10 12:43:46.331 V/DreamService[AmbientDream](  912): onBind() intent = Intent { act=android.service.dreams.DreamService flg=0x800000 cmp=com.google.android.wearable.ambient/.AmbientDream }
11-10 12:43:46.336 I/AmbientService(  912): Ambient Created
11-10 12:43:46.357 V/DreamService[AmbientDream](  912): Calling onDreamingStarted()
11-10 12:43:46.357 I/AmbientService(  912): Ambient Starting
11-10 12:43:47.139 I/DisplayManagerService(  573): Display device changed state: "Built-in Screen", DOZE_SUSPEND
11-10 12:43:47.141 V/ActivityManager(  573): Display changed displayId=0
11-10 12:43:50.106 I/PowerManagerService(  573): Waking up from dozing (uid 1000)...
11-10 12:43:50.117 E/InputMethodManagerService(  573): Ignoring setImeWindowStatus due to an invalid token. uid:1000 token:null
11-10 12:43:50.150 I/DisplayManagerService(  573): Display device changed state: "Built-in Screen", ON
11-10 12:43:50.172 V/ActivityManager(  573): Display changed displayId=0
11-10 12:43:50.200 I/DreamManagerService(  573): Gently waking up from dream.
11-10 12:43:50.202 V/DreamService[AmbientDream](  912): wakeUp(): fromSystem=true, mWaking=false, mFinished=false
11-10 12:43:50.202 V/DreamService[AmbientDream](  912): finish(): mFinished=false
11-10 12:43:50.202 I/DreamManagerService(  573): Leaving dreamland.
11-10 12:43:50.203 I/DreamController(  573): Stopping dream: name=ComponentInfo{com.google.android.wearable.ambient/com.google.android.wearable.ambient.AmbientDream}, isTest=false, canDoze=true, userId=0
11-10 12:43:50.213 V/DreamService[AmbientDream](  912): detach(): Calling onDreamingStopped()
11-10 12:43:50.213 I/AmbientService(  912): Ambient Stopping
11-10 12:43:50.248 V/DreamService[AmbientDream](  912): onDestroy()
11-10 12:43:55.102 I/PowerManagerService(  573): Going to sleep due to screen timeout (uid 1000)...
11-10 12:43:55.107 E/InputMethodManagerService(  573): Ignoring setImeWindowStatus due to an invalid token. uid:1000 token:null
11-10 12:43:55.108 I/DreamManagerService(  573): Entering dreamland.
11-10 12:43:55.109 I/PowerManagerService(  573): Dozing...
11-10 12:43:55.109 I/DreamController(  573): Starting dream: name=ComponentInfo{com.google.android.wearable.ambient/com.google.android.wearable.ambient.AmbientDream}, isTest=false, canDoze=true, userId=0
11-10 12:43:55.126 E/InputMethodManagerService(  573): Ignoring setImeWindowStatus due to an invalid token. uid:1000 token:null
11-10 12:43:55.155 V/DreamService[AmbientDream](  912): onBind() intent = Intent { act=android.service.dreams.DreamService flg=0x800000 cmp=com.google.android.wearable.ambient/.AmbientDream }
11-10 12:43:55.166 I/AmbientService(  912): Ambient Created
11-10 12:43:55.180 V/DreamService[AmbientDream](  912): Calling onDreamingStarted()
11-10 12:43:55.180 I/AmbientService(  912): Ambient Starting
11-10 12:43:55.652 I/DisplayManagerService(  573): Display device changed state: "Built-in Screen", DOZE_SUSPEND
11-10 12:43:55.654 V/ActivityManager(  573): Display changed displayId=0
11-10 12:44:00.489 I/AmbientService(  912): Ambient Updating
11-10 12:44:00.500 I/DisplayManagerService(  573): Display device changed state: "Built-in Screen", DOZE
11-10 12:44:00.507 V/ActivityManager(  573): Display changed displayId=0
11-10 12:44:00.621 I/DisplayManagerService(  573): Display device changed state: "Built-in Screen", DOZE_SUSPEND
11-10 12:44:00.628 V/ActivityManager(  573): Display changed displayId=0
11-10 12:44:37.304 I/PowerManagerService(  573): Waking up from dozing (uid 10004)...
11-10 12:44:37.317 E/InputMethodManagerService(  573): Ignoring setImeWindowStatus due to an invalid token. uid:1000 token:null
11-10 12:44:37.335 I/DisplayManagerService(  573): Display device changed state: "Built-in Screen", ON
11-10 12:44:37.356 V/ActivityManager(  573): Display changed displayId=0
11-10 12:44:37.407 I/DreamManagerService(  573): Gently waking up from dream.
11-10 12:44:37.407 V/DreamService[AmbientDream](  912): wakeUp(): fromSystem=true, mWaking=false, mFinished=false
11-10 12:44:37.407 V/DreamService[AmbientDream](  912): finish(): mFinished=false
11-10 12:44:37.408 I/DreamManagerService(  573): Leaving dreamland.
11-10 12:44:37.408 I/DreamController(  573): Stopping dream: name=ComponentInfo{com.google.android.wearable.ambient/com.google.android.wearable.ambient.AmbientDream}, isTest=false, canDoze=true, userId=0
11-10 12:44:37.412 V/DreamService[AmbientDream](  912): detach(): Calling onDreamingStopped()
11-10 12:44:37.412 I/AmbientService(  912): Ambient Stopping
11-10 12:44:37.467 V/DreamService[AmbientDream](  912): onDestroy()
11-10 12:44:42.339 I/PowerManagerService(  573): Going to sleep due to screen timeout (uid 1000)...
11-10 12:44:42.341 I/DreamManagerService(  573): Entering dreamland.
11-10 12:44:42.341 I/PowerManagerService(  573): Dozing...
11-10 12:44:42.342 I/DreamController(  573): Starting dream: name=ComponentInfo{com.google.android.wearable.ambient/com.google.android.wearable.ambient.AmbientDream}, isTest=false, canDoze=true, userId=0
11-10 12:44:42.353 E/InputMethodManagerService(  573): Ignoring setImeWindowStatus due to an invalid token. uid:1000 token:null
11-10 12:44:42.353 E/InputMethodManagerService(  573): Ignoring setImeWindowStatus due to an invalid token. uid:1000 token:null
11-10 12:44:42.400 V/DreamService[AmbientDream](  912): onBind() intent = Intent { act=android.service.dreams.DreamService flg=0x800000 cmp=com.google.android.wearable.ambient/.AmbientDream }
11-10 12:44:42.439 I/AmbientService(  912): Ambient Created
11-10 12:44:42.439 V/DreamService[AmbientDream](  912): Calling onDreamingStarted()
11-10 12:44:42.439 I/AmbientService(  912): Ambient Starting
11-10 12:44:43.402 I/DisplayManagerService(  573): Display device changed state: "Built-in Screen", DOZE_SUSPEND
11-10 12:44:43.404 V/ActivityManager(  573): Display changed displayId=0
11-10 12:45:00.492 I/AmbientService(  912): Ambient Updating
11-10 12:45:00.524 I/DisplayManagerService(  573): Display device changed state: "Built-in Screen", DOZE
11-10 12:45:00.535 V/ActivityManager(  573): Display changed displayId=0
11-10 12:45:00.643 I/DisplayManagerService(  573): Display device changed state: "Built-in Screen", DOZE_SUSPEND
11-10 12:45:00.650 V/ActivityManager(  573): Display changed displayId=0
11-10 12:46:01.494 I/AmbientService(  912): Ambient Updating
11-10 12:46:01.538 I/DisplayManagerService(  573): Display device changed state: "Built-in Screen", DOZE
11-10 12:46:01.547 V/ActivityManager(  573): Display changed displayId=0
11-10 12:46:01.658 I/DisplayManagerService(  573): Display device changed state: "Built-in Screen", DOZE_SUSPEND
11-10 12:46:01.665 V/ActivityManager(  573): Display changed displayId=0
11-10 12:47:01.493 I/AmbientService(  912): Ambient Updating
11-10 12:47:01.554 I/DisplayManagerService(  573): Display device changed state: "Built-in Screen", DOZE
11-10 12:47:01.566 V/ActivityManager(  573): Display changed displayId=0
11-10 12:47:01.674 I/DisplayManagerService(  573): Display device changed state: "Built-in Screen", DOZE_SUSPEND
11-10 12:47:01.680 V/ActivityManager(  573): Display changed displayId=0
11-10 12:47:11.598 I/PowerManagerService(  573): Waking up from dozing (uid 10004)...
11-10 12:47:11.611 E/InputMethodManagerService(  573): Ignoring setImeWindowStatus due to an invalid token. uid:1000 token:null
11-10 12:47:11.633 I/DisplayManagerService(  573): Display device changed state: "Built-in Screen", ON
11-10 12:47:11.664 V/ActivityManager(  573): Display changed displayId=0
11-10 12:47:11.678 I/DreamManagerService(  573): Gently waking up from dream.
11-10 12:47:11.679 V/DreamService[AmbientDream](  912): wakeUp(): fromSystem=true, mWaking=false, mFinished=false
11-10 12:47:11.679 V/DreamService[AmbientDream](  912): finish(): mFinished=false
11-10 12:47:11.679 I/DreamManagerService(  573): Leaving dreamland.
11-10 12:47:11.681 I/DreamController(  573): Stopping dream: name=ComponentInfo{com.google.android.wearable.ambient/com.google.android.wearable.ambient.AmbientDream}, isTest=false, canDoze=true, userId=0
11-10 12:47:11.689 V/DreamService[AmbientDream](  912): detach(): Calling onDreamingStopped()
11-10 12:47:11.689 I/AmbientService(  912): Ambient Stopping
11-10 12:47:11.709 V/DreamService[AmbientDream](  912): onDestroy()
11-10 12:47:16.653 I/PowerManagerService(  573): Going to sleep due to screen timeout (uid 1000)...
11-10 12:47:16.654 I/DreamManagerService(  573): Entering dreamland.
11-10 12:47:16.654 I/PowerManagerService(  573): Dozing...
11-10 12:47:16.655 I/DreamController(  573): Starting dream: name=ComponentInfo{com.google.android.wearable.ambient/com.google.android.wearable.ambient.AmbientDream}, isTest=false, canDoze=true, userId=0
11-10 12:47:16.671 E/InputMethodManagerService(  573): Ignoring setImeWindowStatus due to an invalid token. uid:1000 token:null
11-10 12:47:16.672 E/InputMethodManagerService(  573): Ignoring setImeWindowStatus due to an invalid token. uid:1000 token:null
11-10 12:47:16.716 V/DreamService[AmbientDream](  912): onBind() intent = Intent { act=android.service.dreams.DreamService flg=0x800000 cmp=com.google.android.wearable.ambient/.AmbientDream }
11-10 12:47:16.740 I/AmbientService(  912): Ambient Created
11-10 12:47:16.740 V/DreamService[AmbientDream](  912): Calling onDreamingStarted()
11-10 12:47:16.740 I/AmbientService(  912): Ambient Starting
11-10 12:47:17.708 I/DisplayManagerService(  573): Display device changed state: "Built-in Screen", DOZE_SUSPEND
11-10 12:47:17.710 V/ActivityManager(  573): Display changed displayId=0
11-10 12:48:01.493 I/AmbientService(  912): Ambient Updating
11-10 12:48:01.518 I/DisplayManagerService(  573): Display device changed state: "Built-in Screen", DOZE
11-10 12:48:01.521 V/ActivityManager(  573): Display changed displayId=0
11-10 12:48:01.638 I/DisplayManagerService(  573): Display device changed state: "Built-in Screen", DOZE_SUSPEND
11-10 12:48:01.644 V/ActivityManager(  573): Display changed displayId=0
11-10 12:49:01.496 I/AmbientService(  912): Ambient Updating
11-10 12:49:01.545 I/DisplayManagerService(  573): Display device changed state: "Built-in Screen", DOZE
11-10 12:49:01.553 V/ActivityManager(  573): Display changed displayId=0
11-10 12:49:01.665 I/DisplayManagerService(  573): Display device changed state: "Built-in Screen", DOZE_SUSPEND
11-10 12:49:01.672 V/ActivityManager(  573): Display changed displayId=0
11-10 12:50:01.495 I/AmbientService(  912): Ambient Updating
11-10 12:50:01.542 I/DisplayManagerService(  573): Display device changed state: "Built-in Screen", DOZE
11-10 12:50:01.550 V/ActivityManager(  573): Display changed displayId=0
11-10 12:50:01.662 I/DisplayManagerService(  573): Display device changed state: "Built-in Screen", DOZE_SUSPEND
11-10 12:50:01.668 V/ActivityManager(  573): Display changed displayId=0
11-10 12:51:01.495 I/AmbientService(  912): Ambient Updating
11-10 12:51:01.561 I/DisplayManagerService(  573): Display device changed state: "Built-in Screen", DOZE
11-10 12:51:01.566 V/ActivityManager(  573): Display changed displayId=0
11-10 12:51:01.681 I/DisplayManagerService(  573): Display device changed state: "Built-in Screen", DOZE_SUSPEND
11-10 12:51:01.688 V/ActivityManager(  573): Display changed displayId=0
11-10 12:52:01.496 I/AmbientService(  912): Ambient Updating
11-10 12:52:01.548 I/DisplayManagerService(  573): Display device changed state: "Built-in Screen", DOZE
11-10 12:52:01.556 V/ActivityManager(  573): Display changed displayId=0
11-10 12:52:01.668 I/DisplayManagerService(  573): Display device changed state: "Built-in Screen", DOZE_SUSPEND
11-10 12:52:01.674 V/ActivityManager(  573): Display changed displayId=0
11-10 12:53:01.497 I/AmbientService(  912): Ambient Updating
11-10 12:53:01.547 I/DisplayManagerService(  573): Display device changed state: "Built-in Screen", DOZE
11-10 12:53:01.550 V/ActivityManager(  573): Display changed displayId=0
11-10 12:53:01.666 I/DisplayManagerService(  573): Display device changed state: "Built-in Screen", DOZE_SUSPEND
11-10 12:53:01.673 V/ActivityManager(  573): Display changed displayId=0
11-10 12:54:01.498 I/AmbientService(  912): Ambient Updating
11-10 12:54:01.547 I/DisplayManagerService(  573): Display device changed state: "Built-in Screen", DOZE
11-10 12:54:01.561 V/ActivityManager(  573): Display changed displayId=0
11-10 12:54:01.667 I/DisplayManagerService(  573): Display device changed state: "Built-in Screen", DOZE_SUSPEND
11-10 12:54:01.674 V/ActivityManager(  573): Display changed displayId=0
11-10 12:55:01.497 I/AmbientService(  912): Ambient Updating
11-10 12:55:01.545 I/DisplayManagerService(  573): Display device changed state: "Built-in Screen", DOZE
11-10 12:55:01.553 V/ActivityManager(  573): Display changed displayId=0
11-10 12:55:01.664 I/DisplayManagerService(  573): Display device changed state: "Built-in Screen", DOZE_SUSPEND
11-10 12:55:01.670 V/ActivityManager(  573): Display changed displayId=0
11-10 12:55:48.273 I/PowerManagerService(  573): Waking up from dozing (uid 10004)...
11-10 12:55:48.285 E/InputMethodManagerService(  573): Ignoring setImeWindowStatus due to an invalid token. uid:1000 token:null
11-10 12:55:48.302 I/DisplayManagerService(  573): Display device changed state: "Built-in Screen", ON
11-10 12:55:48.322 V/ActivityManager(  573): Display changed displayId=0
11-10 12:55:48.370 I/DreamManagerService(  573): Gently waking up from dream.
11-10 12:55:48.371 V/DreamService[AmbientDream](  912): wakeUp(): fromSystem=true, mWaking=false, mFinished=false
11-10 12:55:48.371 V/DreamService[AmbientDream](  912): finish(): mFinished=false
11-10 12:55:48.371 I/DreamManagerService(  573): Leaving dreamland.
11-10 12:55:48.373 I/DreamController(  573): Stopping dream: name=ComponentInfo{com.google.android.wearable.ambient/com.google.android.wearable.ambient.AmbientDream}, isTest=false, canDoze=true, userId=0
11-10 12:55:48.377 V/DreamService[AmbientDream](  912): detach(): Calling onDreamingStopped()
11-10 12:55:48.377 I/AmbientService(  912): Ambient Stopping
11-10 12:55:48.392 V/DreamService[AmbientDream](  912): onDestroy()
11-10 12:55:53.307 I/PowerManagerService(  573): Going to sleep due to screen timeout (uid 1000)...
11-10 12:55:53.308 I/DreamManagerService(  573): Entering dreamland.
11-10 12:55:53.308 I/PowerManagerService(  573): Dozing...
11-10 12:55:53.309 I/DreamController(  573): Starting dream: name=ComponentInfo{com.google.android.wearable.ambient/com.google.android.wearable.ambient.AmbientDream}, isTest=false, canDoze=true, userId=0
11-10 12:55:53.355 E/InputMethodManagerService(  573): Ignoring setImeWindowStatus due to an invalid token. uid:1000 token:null
11-10 12:55:53.371 E/InputMethodManagerService(  573): Ignoring setImeWindowStatus due to an invalid token. uid:1000 token:null
11-10 12:55:53.497 V/DreamService[AmbientDream](  912): onBind() intent = Intent { act=android.service.dreams.DreamService flg=0x800000 cmp=com.google.android.wearable.ambient/.AmbientDream }
11-10 12:55:53.543 I/AmbientService(  912): Ambient Created
11-10 12:55:53.543 V/DreamService[AmbientDream](  912): Calling onDreamingStarted()
11-10 12:55:53.543 I/AmbientService(  912): Ambient Starting
11-10 12:55:54.363 I/DisplayManagerService(  573): Display device changed state: "Built-in Screen", DOZE_SUSPEND
11-10 12:55:54.365 V/ActivityManager(  573): Display changed displayId=0
11-10 12:56:00.494 I/AmbientService(  912): Ambient Updating
11-10 12:56:00.513 I/DisplayManagerService(  573): Display device changed state: "Built-in Screen", DOZE
11-10 12:56:00.520 V/ActivityManager(  573): Display changed displayId=0
11-10 12:56:00.634 I/DisplayManagerService(  573): Display device changed state: "Built-in Screen", DOZE_SUSPEND
11-10 12:56:00.641 V/ActivityManager(  573): Display changed displayId=0
11-10 12:57:01.497 I/AmbientService(  912): Ambient Updating
11-10 12:57:01.527 I/DisplayManagerService(  573): Display device changed state: "Built-in Screen", DOZE
11-10 12:57:01.537 V/ActivityManager(  573): Display changed displayId=0
11-10 12:57:01.647 I/DisplayManagerService(  573): Display device changed state: "Built-in Screen", DOZE_SUSPEND
11-10 12:57:01.654 V/ActivityManager(  573): Display changed displayId=0
11-10 12:58:01.499 I/AmbientService(  912): Ambient Updating
11-10 12:58:01.539 I/DisplayManagerService(  573): Display device changed state: "Built-in Screen", DOZE
11-10 12:58:01.541 V/ActivityManager(  573): Display changed displayId=0
11-10 12:58:01.659 I/DisplayManagerService(  573): Display device changed state: "Built-in Screen", DOZE_SUSPEND
11-10 12:58:01.665 V/ActivityManager(  573): Display changed displayId=0
11-10 12:58:48.326 I/DisplayManagerService(  573): Display device changed state: "Built-in Screen", DOZE
11-10 12:58:48.332 V/ActivityManager(  573): Display changed displayId=0
11-10 12:58:48.398 I/ActivityManager(  573): Start proc 30792:com.google.android.deskclock/u0a24 for broadcast com.google.android.deskclock/.TimeChangeListener
11-10 12:58:48.446 I/DisplayManagerService(  573): Display device changed state: "Built-in Screen", DOZE_SUSPEND
11-10 12:58:48.454 V/ActivityManager(  573): Display changed displayId=0
11-10 12:58:48.563 W/ResourcesManager(30792): Asset path '/system/framework/com.google.android.wearable.jar' does not exist or contains no resources.
11-10 12:58:51.660 I/ActivityManager(  573): Killing 1404:com.ustwo.watchfaces.bits/u0a32 (adj 15): empty for 2287s
11-10 12:59:00.009 I/AmbientService(  912): Ambient Updating
11-10 12:59:00.062 I/DisplayManagerService(  573): Display device changed state: "Built-in Screen", DOZE
11-10 12:59:00.072 V/ActivityManager(  573): Display changed displayId=0
11-10 12:59:00.182 I/DisplayManagerService(  573): Display device changed state: "Built-in Screen", DOZE_SUSPEND
11-10 12:59:00.191 V/ActivityManager(  573): Display changed displayId=0
11-10 13:00:01.009 I/AmbientService(  912): Ambient Updating
11-10 13:00:01.059 I/DisplayManagerService(  573): Display device changed state: "Built-in Screen", DOZE
11-10 13:00:01.067 V/ActivityManager(  573): Display changed displayId=0
11-10 13:00:01.176 I/DisplayManagerService(  573): Display device changed state: "Built-in Screen", DOZE_SUSPEND
11-10 13:00:01.182 V/ActivityManager(  573): Display changed displayId=0
11-10 13:01:01.013 I/AmbientService(  912): Ambient Updating
11-10 13:01:01.061 I/DisplayManagerService(  573): Display device changed state: "Built-in Screen", DOZE
11-10 13:01:01.062 V/ActivityManager(  573): Display changed displayId=0
11-10 13:01:01.182 I/DisplayManagerService(  573): Display device changed state: "Built-in Screen", DOZE_SUSPEND
11-10 13:01:01.188 V/ActivityManager(  573): Display changed displayId=0
11-10 13:01:11.067 I/PowerManagerService(  573): Waking up from dozing (uid 1000)...
11-10 13:01:11.085 E/InputMethodManagerService(  573): Ignoring setImeWindowStatus due to an invalid token. uid:1000 token:null
11-10 13:01:11.109 I/DisplayManagerService(  573): Display device changed state: "Built-in Screen", ON
11-10 13:01:11.115 V/ActivityManager(  573): Display changed displayId=0
11-10 13:01:11.169 I/DreamManagerService(  573): Gently waking up from dream.
11-10 13:01:11.169 V/DreamService[AmbientDream](  912): wakeUp(): fromSystem=true, mWaking=false, mFinished=false
11-10 13:01:11.169 V/DreamService[AmbientDream](  912): finish(): mFinished=false
11-10 13:01:11.170 I/DreamManagerService(  573): Leaving dreamland.
11-10 13:01:11.170 I/DreamController(  573): Stopping dream: name=ComponentInfo{com.google.android.wearable.ambient/com.google.android.wearable.ambient.AmbientDream}, isTest=false, canDoze=true, userId=0
11-10 13:01:11.173 V/DreamService[AmbientDream](  912): detach(): Calling onDreamingStopped()
11-10 13:01:11.173 I/AmbientService(  912): Ambient Stopping
11-10 13:01:11.208 V/DreamService[AmbientDream](  912): onDestroy()
11-10 13:01:12.299 I/ActivityManager(  573): Delay finish: com.google.android.gms/.checkin.EventLogService$Receiver
11-10 13:01:12.573 I/ActivityManager(  573): Resuming delayed broadcast
11-10 13:01:12.582 I/ActivityManager(  573): Delay finish: com.google.android.apps.fitness/com.google.android.wearable.fitness.summary.notification.NotificationReceiver
11-10 13:01:14.245 W/ResourcesManager(  735): Asset path '/system/framework/com.google.android.wearable.jar' does not exist or contains no resources.
11-10 13:01:14.481 W/ResourcesManager(  735): Asset path '/system/framework/com.google.android.wearable.jar' does not exist or contains no resources.
11-10 13:01:16.063 I/PowerManagerService(  573): Going to sleep due to screen timeout (uid 1000)...
11-10 13:01:16.063 I/DreamManagerService(  573): Entering dreamland.
11-10 13:01:16.063 I/PowerManagerService(  573): Dozing...
11-10 13:01:16.065 I/DreamController(  573): Starting dream: name=ComponentInfo{com.google.android.wearable.ambient/com.google.android.wearable.ambient.AmbientDream}, isTest=false, canDoze=true, userId=0
11-10 13:01:16.075 E/InputMethodManagerService(  573): Ignoring setImeWindowStatus due to an invalid token. uid:1000 token:null
11-10 13:01:16.076 E/InputMethodManagerService(  573): Ignoring setImeWindowStatus due to an invalid token. uid:1000 token:null
11-10 13:01:16.108 V/DreamService[AmbientDream](  912): onBind() intent = Intent { act=android.service.dreams.DreamService flg=0x800000 cmp=com.google.android.wearable.ambient/.AmbientDream }
11-10 13:01:16.146 I/AmbientService(  912): Ambient Created
11-10 13:01:16.146 V/DreamService[AmbientDream](  912): Calling onDreamingStarted()
11-10 13:01:16.146 I/AmbientService(  912): Ambient Starting
11-10 13:01:16.617 I/DisplayManagerService(  573): Display device changed state: "Built-in Screen", DOZE_SUSPEND
11-10 13:01:16.619 V/ActivityManager(  573): Display changed displayId=0
11-10 13:01:17.652 I/ActivityManager(  573): Resuming delayed broadcast
11-10 13:02:01.009 I/AmbientService(  912): Ambient Updating
11-10 13:02:01.038 I/DisplayManagerService(  573): Display device changed state: "Built-in Screen", DOZE
11-10 13:02:01.045 V/ActivityManager(  573): Display changed displayId=0
11-10 13:02:01.157 I/DisplayManagerService(  573): Display device changed state: "Built-in Screen", DOZE_SUSPEND
11-10 13:02:01.163 V/ActivityManager(  573): Display changed displayId=0
11-10 13:03:01.013 I/AmbientService(  912): Ambient Updating
11-10 13:03:01.062 I/DisplayManagerService(  573): Display device changed state: "Built-in Screen", DOZE
11-10 13:03:01.074 V/ActivityManager(  573): Display changed displayId=0
11-10 13:03:01.182 I/DisplayManagerService(  573): Display device changed state: "Built-in Screen", DOZE_SUSPEND
11-10 13:03:01.188 V/ActivityManager(  573): Display changed displayId=0
11-10 13:04:01.012 I/AmbientService(  912): Ambient Updating
11-10 13:04:01.059 I/DisplayManagerService(  573): Display device changed state: "Built-in Screen", DOZE
11-10 13:04:01.064 V/ActivityManager(  573): Display changed displayId=0
11-10 13:04:01.180 I/DisplayManagerService(  573): Display device changed state: "Built-in Screen", DOZE_SUSPEND
11-10 13:04:01.187 V/ActivityManager(  573): Display changed displayId=0
11-10 13:05:01.013 I/AmbientService(  912): Ambient Updating
11-10 13:05:01.064 I/DisplayManagerService(  573): Display device changed state: "Built-in Screen", DOZE
11-10 13:05:01.079 V/ActivityManager(  573): Display changed displayId=0
11-10 13:05:01.183 I/DisplayManagerService(  573): Display device changed state: "Built-in Screen", DOZE_SUSPEND
11-10 13:05:01.189 V/ActivityManager(  573): Display changed displayId=0
11-10 13:06:01.032 I/AmbientService(  912): Ambient Updating
11-10 13:06:01.104 I/DisplayManagerService(  573): Display device changed state: "Built-in Screen", DOZE
11-10 13:06:01.116 V/ActivityManager(  573): Display changed displayId=0
11-10 13:06:01.224 I/DisplayManagerService(  573): Display device changed state: "Built-in Screen", DOZE_SUSPEND
11-10 13:06:01.230 V/ActivityManager(  573): Display changed displayId=0
11-10 13:06:08.585 I/DisplayManagerService(  573): Display device changed state: "Built-in Screen", DOZE
11-10 13:06:08.591 V/ActivityManager(  573): Display changed displayId=0
11-10 13:06:08.719 I/DisplayManagerService(  573): Display device changed state: "Built-in Screen", DOZE_SUSPEND
11-10 13:06:08.726 V/ActivityManager(  573): Display changed displayId=0
11-10 13:06:47.684 I/DisplayManagerService(  573): Display device changed state: "Built-in Screen", DOZE
11-10 13:06:47.690 V/ActivityManager(  573): Display changed displayId=0
11-10 13:06:47.819 I/DisplayManagerService(  573): Display device changed state: "Built-in Screen", DOZE_SUSPEND
11-10 13:06:47.826 V/ActivityManager(  573): Display changed displayId=0
11-10 13:06:54.489 I/PowerManagerService(  573): Waking up from dozing (uid 10004)...
11-10 13:06:54.507 I/DisplayManagerService(  573): Display device changed state: "Built-in Screen", ON
11-10 13:06:54.510 V/ActivityManager(  573): Display changed displayId=0
11-10 13:06:54.527 I/DreamManagerService(  573): Gently waking up from dream.
11-10 13:06:54.527 V/DreamService[AmbientDream](  912): wakeUp(): fromSystem=true, mWaking=false, mFinished=false
11-10 13:06:54.527 V/DreamService[AmbientDream](  912): finish(): mFinished=false
11-10 13:06:54.528 I/DreamManagerService(  573): Leaving dreamland.
11-10 13:06:54.528 I/DreamController(  573): Stopping dream: name=ComponentInfo{com.google.android.wearable.ambient/com.google.android.wearable.ambient.AmbientDream}, isTest=false, canDoze=true, userId=0
11-10 13:06:54.530 V/DreamService[AmbientDream](  912): detach(): Calling onDreamingStopped()
11-10 13:06:54.530 I/AmbientService(  912): Ambient Stopping
11-10 13:06:54.555 V/DreamService[AmbientDream](  912): onDestroy()
11-10 13:06:54.641 E/InputMethodManagerService(  573): Ignoring setImeWindowStatus due to an invalid token. uid:1000 token:null
11-10 13:06:59.509 I/PowerManagerService(  573): Going to sleep due to screen timeout (uid 1000)...
11-10 13:06:59.511 I/DreamManagerService(  573): Entering dreamland.
11-10 13:06:59.511 I/PowerManagerService(  573): Dozing...
11-10 13:06:59.512 I/DreamController(  573): Starting dream: name=ComponentInfo{com.google.android.wearable.ambient/com.google.android.wearable.ambient.AmbientDream}, isTest=false, canDoze=true, userId=0
11-10 13:06:59.524 E/InputMethodManagerService(  573): Ignoring setImeWindowStatus due to an invalid token. uid:1000 token:null
11-10 13:06:59.524 E/InputMethodManagerService(  573): Ignoring setImeWindowStatus due to an invalid token. uid:1000 token:null
11-10 13:06:59.584 V/DreamService[AmbientDream](  912): onBind() intent = Intent { act=android.service.dreams.DreamService flg=0x800000 cmp=com.google.android.wearable.ambient/.AmbientDream }
11-10 13:06:59.830 I/AmbientService(  912): Ambient Created
11-10 13:06:59.830 V/DreamService[AmbientDream](  912): Calling onDreamingStarted()
11-10 13:06:59.830 I/AmbientService(  912): Ambient Starting
11-10 13:07:00.569 I/DisplayManagerService(  573): Display device changed state: "Built-in Screen", DOZE_SUSPEND
11-10 13:07:00.571 V/ActivityManager(  573): Display changed displayId=0
11-10 13:07:06.009 I/AmbientService(  912): Ambient Updating
11-10 13:07:06.031 I/DisplayManagerService(  573): Display device changed state: "Built-in Screen", DOZE
11-10 13:07:06.038 V/ActivityManager(  573): Display changed displayId=0
11-10 13:07:06.153 I/DisplayManagerService(  573): Display device changed state: "Built-in Screen", DOZE_SUSPEND
11-10 13:07:06.159 V/ActivityManager(  573): Display changed displayId=0
11-10 13:08:01.018 I/AmbientService(  912): Ambient Updating
11-10 13:08:01.049 I/DisplayManagerService(  573): Display device changed state: "Built-in Screen", DOZE
11-10 13:08:01.061 V/ActivityManager(  573): Display changed displayId=0
11-10 13:08:01.168 I/DisplayManagerService(  573): Display device changed state: "Built-in Screen", DOZE_SUSPEND
11-10 13:08:01.174 V/ActivityManager(  573): Display changed displayId=0
11-10 13:09:01.013 I/AmbientService(  912): Ambient Updating
11-10 13:09:01.063 I/DisplayManagerService(  573): Display device changed state: "Built-in Screen", DOZE
11-10 13:09:01.070 V/ActivityManager(  573): Display changed displayId=0
11-10 13:09:01.182 I/DisplayManagerService(  573): Display device changed state: "Built-in Screen", DOZE_SUSPEND
11-10 13:09:01.189 V/ActivityManager(  573): Display changed displayId=0
11-10 13:10:01.013 I/AmbientService(  912): Ambient Updating
11-10 13:10:01.061 I/DisplayManagerService(  573): Display device changed state: "Built-in Screen", DOZE
11-10 13:10:01.065 V/ActivityManager(  573): Display changed displayId=0
11-10 13:10:01.182 I/DisplayManagerService(  573): Display device changed state: "Built-in Screen", DOZE_SUSPEND
11-10 13:10:01.189 V/ActivityManager(  573): Display changed displayId=0
11-10 13:11:01.025 I/AmbientService(  912): Ambient Updating
11-10 13:11:01.067 I/DisplayManagerService(  573): Display device changed state: "Built-in Screen", DOZE
11-10 13:11:01.072 V/ActivityManager(  573): Display changed displayId=0
11-10 13:11:01.187 I/DisplayManagerService(  573): Display device changed state: "Built-in Screen", DOZE_SUSPEND
11-10 13:11:01.195 V/ActivityManager(  573): Display changed displayId=0
11-10 13:12:01.016 I/AmbientService(  912): Ambient Updating
11-10 13:12:01.028 I/DisplayManagerService(  573): Display device changed state: "Built-in Screen", DOZE
11-10 13:12:01.040 V/ActivityManager(  573): Display changed displayId=0
11-10 13:12:01.147 I/DisplayManagerService(  573): Display device changed state: "Built-in Screen", DOZE_SUSPEND
11-10 13:12:01.154 V/ActivityManager(  573): Display changed displayId=0
11-10 13:13:01.014 I/AmbientService(  912): Ambient Updating
11-10 13:13:01.056 I/DisplayManagerService(  573): Display device changed state: "Built-in Screen", DOZE
11-10 13:13:01.059 V/ActivityManager(  573): Display changed displayId=0
11-10 13:13:01.176 I/DisplayManagerService(  573): Display device changed state: "Built-in Screen", DOZE_SUSPEND
11-10 13:13:01.182 V/ActivityManager(  573): Display changed displayId=0
11-10 13:13:04.237 I/PowerManagerService(  573): Waking up from dozing (uid 1000)...
11-10 13:13:04.248 E/InputMethodManagerService(  573): Ignoring setImeWindowStatus due to an invalid token. uid:1000 token:null
11-10 13:13:04.277 I/DisplayManagerService(  573): Display device changed state: "Built-in Screen", ON
11-10 13:13:04.284 V/ActivityManager(  573): Display changed displayId=0
11-10 13:13:04.320 I/DreamManagerService(  573): Gently waking up from dream.
11-10 13:13:04.320 V/DreamService[AmbientDream](  912): wakeUp(): fromSystem=true, mWaking=false, mFinished=false
11-10 13:13:04.320 V/DreamService[AmbientDream](  912): finish(): mFinished=false
11-10 13:13:04.321 I/DreamManagerService(  573): Leaving dreamland.
11-10 13:13:04.321 I/DreamController(  573): Stopping dream: name=ComponentInfo{com.google.android.wearable.ambient/com.google.android.wearable.ambient.AmbientDream}, isTest=false, canDoze=true, userId=0
11-10 13:13:04.330 V/DreamService[AmbientDream](  912): detach(): Calling onDreamingStopped()
11-10 13:13:04.330 I/AmbientService(  912): Ambient Stopping
11-10 13:13:04.368 V/DreamService[AmbientDream](  912): onDestroy()
11-10 13:13:09.232 I/PowerManagerService(  573): Going to sleep due to screen timeout (uid 1000)...
11-10 13:13:09.233 I/DreamManagerService(  573): Entering dreamland.
11-10 13:13:09.233 I/PowerManagerService(  573): Dozing...
11-10 13:13:09.234 I/DreamController(  573): Starting dream: name=ComponentInfo{com.google.android.wearable.ambient/com.google.android.wearable.ambient.AmbientDream}, isTest=false, canDoze=true, userId=0
11-10 13:13:09.256 E/InputMethodManagerService(  573): Ignoring setImeWindowStatus due to an invalid token. uid:1000 token:null
11-10 13:13:09.256 E/InputMethodManagerService(  573): Ignoring setImeWindowStatus due to an invalid token. uid:1000 token:null
11-10 13:13:09.302 V/DreamService[AmbientDream](  912): onBind() intent = Intent { act=android.service.dreams.DreamService flg=0x800000 cmp=com.google.android.wearable.ambient/.AmbientDream }
11-10 13:13:09.329 I/AmbientService(  912): Ambient Created
11-10 13:13:09.329 V/DreamService[AmbientDream](  912): Calling onDreamingStarted()
11-10 13:13:09.329 I/AmbientService(  912): Ambient Starting
11-10 13:13:09.786 I/DisplayManagerService(  573): Display device changed state: "Built-in Screen", DOZE_SUSPEND
11-10 13:13:09.788 V/ActivityManager(  573): Display changed displayId=0
11-10 13:14:01.014 I/AmbientService(  912): Ambient Updating
11-10 13:14:01.045 I/DisplayManagerService(  573): Display device changed state: "Built-in Screen", DOZE
11-10 13:14:01.047 V/ActivityManager(  573): Display changed displayId=0
11-10 13:14:01.158 I/DisplayManagerService(  573): Display device changed state: "Built-in Screen", DOZE_SUSPEND
11-10 13:15:01.013 V/ActivityManager(  573): Display changed displayId=0
11-10 13:15:01.022 I/AmbientService(  912): Ambient Updating
11-10 13:15:01.068 I/DisplayManagerService(  573): Display device changed state: "Built-in Screen", DOZE
11-10 13:15:01.069 V/ActivityManager(  573): Display changed displayId=0
11-10 13:15:01.183 I/DisplayManagerService(  573): Display device changed state: "Built-in Screen", DOZE_SUSPEND
11-10 13:15:01.189 V/ActivityManager(  573): Display changed displayId=0
11-10 13:16:01.018 I/AmbientService(  912): Ambient Updating
11-10 13:16:01.068 I/DisplayManagerService(  573): Display device changed state: "Built-in Screen", DOZE
11-10 13:16:01.075 V/ActivityManager(  573): Display changed displayId=0
11-10 13:16:01.189 I/DisplayManagerService(  573): Display device changed state: "Built-in Screen", DOZE_SUSPEND
11-10 13:16:01.192 V/ActivityManager(  573): Display changed displayId=0
11-10 13:17:00.005 I/AmbientService(  912): Ambient Updating
11-10 13:17:00.067 I/DisplayManagerService(  573): Display device changed state: "Built-in Screen", DOZE
11-10 13:17:00.075 V/ActivityManager(  573): Display changed displayId=0
11-10 13:17:00.186 I/DisplayManagerService(  573): Display device changed state: "Built-in Screen", DOZE_SUSPEND
11-10 13:17:00.193 V/ActivityManager(  573): Display changed displayId=0
11-10 13:18:01.017 I/AmbientService(  912): Ambient Updating
11-10 13:18:01.067 I/DisplayManagerService(  573): Display device changed state: "Built-in Screen", DOZE
11-10 13:18:01.078 V/ActivityManager(  573): Display changed displayId=0
11-10 13:18:01.186 I/DisplayManagerService(  573): Display device changed state: "Built-in Screen", DOZE_SUSPEND
11-10 13:18:01.193 V/ActivityManager(  573): Display changed displayId=0
11-10 13:18:13.437 I/PowerManagerService(  573): Waking up from dozing (uid 10004)...
11-10 13:18:13.449 E/InputMethodManagerService(  573): Ignoring setImeWindowStatus due to an invalid token. uid:1000 token:null
11-10 13:18:13.468 I/DisplayManagerService(  573): Display device changed state: "Built-in Screen", ON
11-10 13:18:13.494 V/ActivityManager(  573): Display changed displayId=0
11-10 13:18:13.518 I/DreamManagerService(  573): Gently waking up from dream.
11-10 13:18:13.518 V/DreamService[AmbientDream](  912): wakeUp(): fromSystem=true, mWaking=false, mFinished=false
11-10 13:18:13.518 V/DreamService[AmbientDream](  912): finish(): mFinished=false
11-10 13:18:13.519 I/DreamManagerService(  573): Leaving dreamland.
11-10 13:18:13.520 I/DreamController(  573): Stopping dream: name=ComponentInfo{com.google.android.wearable.ambient/com.google.android.wearable.ambient.AmbientDream}, isTest=false, canDoze=true, userId=0
11-10 13:18:13.529 V/DreamService[AmbientDream](  912): detach(): Calling onDreamingStopped()
11-10 13:18:13.529 I/AmbientService(  912): Ambient Stopping
11-10 13:18:13.538 V/DreamService[AmbientDream](  912): onDestroy()
11-10 13:18:18.481 I/PowerManagerService(  573): Going to sleep due to screen timeout (uid 1000)...
11-10 13:18:18.482 I/DreamManagerService(  573): Entering dreamland.
11-10 13:18:18.482 I/PowerManagerService(  573): Dozing...
11-10 13:18:18.484 I/DreamController(  573): Starting dream: name=ComponentInfo{com.google.android.wearable.ambient/com.google.android.wearable.ambient.AmbientDream}, isTest=false, canDoze=true, userId=0
11-10 13:18:18.494 E/InputMethodManagerService(  573): Ignoring setImeWindowStatus due to an invalid token. uid:1000 token:null
11-10 13:18:18.495 E/InputMethodManagerService(  573): Ignoring setImeWindowStatus due to an invalid token. uid:1000 token:null
