11-10 11:33:01.157 I/DisplayManagerService(  573): Display device changed state: "Built-in Screen", DOZE_SUSPEND
11-10 11:33:01.159 V/ActivityManager(  573): Display changed displayId=0
11-10 11:34:00.467 I/AmbientService(  912): Ambient Updating
11-10 11:34:00.502 I/DisplayManagerService(  573): Display device changed state: "Built-in Screen", DOZE
11-10 11:34:00.511 V/ActivityManager(  573): Display changed displayId=0
11-10 11:34:00.622 I/DisplayManagerService(  573): Display device changed state: "Built-in Screen", DOZE_SUSPEND
11-10 11:34:00.629 V/ActivityManager(  573): Display changed displayId=0
11-10 11:35:01.470 I/AmbientService(  912): Ambient Updating
11-10 11:35:01.494 I/DisplayManagerService(  573): Display device changed state: "Built-in Screen", DOZE
11-10 11:35:01.508 V/ActivityManager(  573): Display changed displayId=0
11-10 11:35:01.614 I/DisplayManagerService(  573): Display device changed state: "Built-in Screen", DOZE_SUSPEND
11-10 11:35:01.620 V/ActivityManager(  573): Display changed displayId=0
11-10 11:36:01.471 I/AmbientService(  912): Ambient Updating
11-10 11:36:01.519 I/DisplayManagerService(  573): Display device changed state: "Built-in Screen", DOZE
11-10 11:36:01.524 V/ActivityManager(  573): Display changed displayId=0
11-10 11:36:01.639 I/DisplayManagerService(  573): Display device changed state: "Built-in Screen", DOZE_SUSPEND
11-10 11:36:01.645 V/ActivityManager(  573): Display changed displayId=0
11-10 11:37:01.468 I/AmbientService(  912): Ambient Updating
11-10 11:37:01.526 I/DisplayManagerService(  573): Display device changed state: "Built-in Screen", DOZE
11-10 11:37:01.534 V/ActivityManager(  573): Display changed displayId=0
11-10 11:37:01.645 I/DisplayManagerService(  573): Display device changed state: "Built-in Screen", DOZE_SUSPEND
11-10 11:37:01.652 V/ActivityManager(  573): Display changed displayId=0
11-10 11:38:01.470 I/AmbientService(  912): Ambient Updating
11-10 11:38:01.520 I/DisplayManagerService(  573): Display device changed state: "Built-in Screen", DOZE
11-10 11:38:01.526 V/ActivityManager(  573): Display changed displayId=0
11-10 11:38:01.640 I/DisplayManagerService(  573): Display device changed state: "Built-in Screen", DOZE_SUSPEND
11-10 11:38:01.647 V/ActivityManager(  573): Display changed displayId=0
11-10 11:38:02.046 I/ActivityManager(  573): Delay finish: com.google.android.apps.fitness/com.google.android.wearable.fitness.summary.notification.NotificationReceiver
11-10 11:38:03.242 W/ResourcesManager(  735): Asset path '/system/framework/com.google.android.wearable.jar' does not exist or contains no resources.
11-10 11:38:03.276 I/ActivityManager(  573): Resuming delayed broadcast
11-10 11:38:03.426 I/DisplayManagerService(  573): Display device changed state: "Built-in Screen", DOZE
11-10 11:38:03.431 V/ActivityManager(  573): Display changed displayId=0
11-10 11:38:03.490 W/ResourcesManager(  735): Asset path '/system/framework/com.google.android.wearable.jar' does not exist or contains no resources.
11-10 11:38:03.648 I/DisplayManagerService(  573): Display device changed state: "Built-in Screen", DOZE_SUSPEND
11-10 11:38:03.654 V/ActivityManager(  573): Display changed displayId=0
11-10 11:39:01.470 I/AmbientService(  912): Ambient Updating
11-10 11:39:01.524 I/DisplayManagerService(  573): Display device changed state: "Built-in Screen", DOZE
11-10 11:39:01.532 V/ActivityManager(  573): Display changed displayId=0
11-10 11:39:01.644 I/DisplayManagerService(  573): Display device changed state: "Built-in Screen", DOZE_SUSPEND
11-10 11:39:01.651 V/ActivityManager(  573): Display changed displayId=0
11-10 11:40:01.470 I/AmbientService(  912): Ambient Updating
11-10 11:40:01.518 I/DisplayManagerService(  573): Display device changed state: "Built-in Screen", DOZE
11-10 11:40:01.527 V/ActivityManager(  573): Display changed displayId=0
11-10 11:40:01.638 I/DisplayManagerService(  573): Display device changed state: "Built-in Screen", DOZE_SUSPEND
11-10 11:40:01.644 V/ActivityManager(  573): Display changed displayId=0
11-10 11:40:03.652 I/PowerManagerService(  573): Waking up from dozing (uid 10004)...
11-10 11:40:03.664 E/InputMethodManagerService(  573): Ignoring setImeWindowStatus due to an invalid token. uid:1000 token:null
11-10 11:40:03.687 I/DisplayManagerService(  573): Display device changed state: "Built-in Screen", ON
11-10 11:40:03.722 V/ActivityManager(  573): Display changed displayId=0
11-10 11:40:03.747 I/DreamManagerService(  573): Gently waking up from dream.
11-10 11:40:03.748 V/DreamService[AmbientDream](  912): wakeUp(): fromSystem=true, mWaking=false, mFinished=false
11-10 11:40:03.748 V/DreamService[AmbientDream](  912): finish(): mFinished=false
11-10 11:40:03.748 I/DreamManagerService(  573): Leaving dreamland.
11-10 11:40:03.748 I/DreamController(  573): Stopping dream: name=ComponentInfo{com.google.android.wearable.ambient/com.google.android.wearable.ambient.AmbientDream}, isTest=false, canDoze=true, userId=0
11-10 11:40:03.752 V/DreamService[AmbientDream](  912): detach(): Calling onDreamingStopped()
11-10 11:40:03.752 I/AmbientService(  912): Ambient Stopping
11-10 11:40:03.767 V/DreamService[AmbientDream](  912): onDestroy()
11-10 11:40:08.686 I/PowerManagerService(  573): Going to sleep due to screen timeout (uid 1000)...
11-10 11:40:08.687 I/DreamManagerService(  573): Entering dreamland.
11-10 11:40:08.687 I/PowerManagerService(  573): Dozing...
11-10 11:40:08.688 I/DreamController(  573): Starting dream: name=ComponentInfo{com.google.android.wearable.ambient/com.google.android.wearable.ambient.AmbientDream}, isTest=false, canDoze=true, userId=0
11-10 11:40:08.701 E/InputMethodManagerService(  573): Ignoring setImeWindowStatus due to an invalid token. uid:1000 token:null
11-10 11:40:08.701 E/InputMethodManagerService(  573): Ignoring setImeWindowStatus due to an invalid token. uid:1000 token:null
11-10 11:40:08.747 V/DreamService[AmbientDream](  912): onBind() intent = Intent { act=android.service.dreams.DreamService flg=0x800000 cmp=com.google.android.wearable.ambient/.AmbientDream }
11-10 11:40:08.751 I/AmbientService(  912): Ambient Created
11-10 11:40:08.775 V/DreamService[AmbientDream](  912): Calling onDreamingStarted()
11-10 11:40:08.776 I/AmbientService(  912): Ambient Starting
11-10 11:40:09.744 I/DisplayManagerService(  573): Display device changed state: "Built-in Screen", DOZE_SUSPEND
11-10 11:40:09.746 V/ActivityManager(  573): Display changed displayId=0
11-10 11:41:00.469 I/AmbientService(  912): Ambient Updating
11-10 11:41:00.501 I/DisplayManagerService(  573): Display device changed state: "Built-in Screen", DOZE
11-10 11:41:00.513 V/ActivityManager(  573): Display changed displayId=0
11-10 11:41:00.621 I/DisplayManagerService(  573): Display device changed state: "Built-in Screen", DOZE_SUSPEND
11-10 11:41:00.627 V/ActivityManager(  573): Display changed displayId=0
11-10 11:42:01.472 I/AmbientService(  912): Ambient Updating
11-10 11:42:01.500 I/DisplayManagerService(  573): Display device changed state: "Built-in Screen", DOZE
11-10 11:42:01.507 V/ActivityManager(  573): Display changed displayId=0
11-10 11:42:01.621 I/DisplayManagerService(  573): Display device changed state: "Built-in Screen", DOZE_SUSPEND
11-10 11:42:01.628 V/ActivityManager(  573): Display changed displayId=0
11-10 11:43:01.470 I/AmbientService(  912): Ambient Updating
11-10 11:43:01.520 I/DisplayManagerService(  573): Display device changed state: "Built-in Screen", DOZE
11-10 11:43:01.528 V/ActivityManager(  573): Display changed displayId=0
11-10 11:43:01.640 I/DisplayManagerService(  573): Display device changed state: "Built-in Screen", DOZE_SUSPEND
11-10 11:43:01.646 V/ActivityManager(  573): Display changed displayId=0
11-10 11:43:53.380 I/PowerManagerService(  573): Waking up from dozing (uid 1000)...
11-10 11:43:53.388 E/InputMethodManagerService(  573): Ignoring setImeWindowStatus due to an invalid token. uid:1000 token:null
11-10 11:43:53.408 I/DisplayManagerService(  573): Display device changed state: "Built-in Screen", ON
11-10 11:43:53.448 V/ActivityManager(  573): Display changed displayId=0
11-10 11:43:53.478 I/DreamManagerService(  573): Gently waking up from dream.
11-10 11:43:53.478 V/DreamService[AmbientDream](  912): wakeUp(): fromSystem=true, mWaking=false, mFinished=false
11-10 11:43:53.478 V/DreamService[AmbientDream](  912): finish(): mFinished=false
11-10 11:43:53.479 I/DreamManagerService(  573): Leaving dreamland.
11-10 11:43:53.479 I/DreamController(  573): Stopping dream: name=ComponentInfo{com.google.android.wearable.ambient/com.google.android.wearable.ambient.AmbientDream}, isTest=false, canDoze=true, userId=0
11-10 11:43:53.482 V/DreamService[AmbientDream](  912): detach(): Calling onDreamingStopped()
11-10 11:43:53.482 I/AmbientService(  912): Ambient Stopping
11-10 11:43:53.513 V/DreamService[AmbientDream](  912): onDestroy()
11-10 11:44:04.436 I/PowerManagerService(  573): Going to sleep due to screen timeout (uid 1000)...
11-10 11:44:04.437 I/DreamManagerService(  573): Entering dreamland.
11-10 11:44:04.437 I/PowerManagerService(  573): Dozing...
11-10 11:44:04.438 I/DreamController(  573): Starting dream: name=ComponentInfo{com.google.android.wearable.ambient/com.google.android.wearable.ambient.AmbientDream}, isTest=false, canDoze=true, userId=0
11-10 11:44:04.581 E/InputMethodManagerService(  573): Ignoring setImeWindowStatus due to an invalid token. uid:1000 token:null
11-10 11:44:04.582 E/InputMethodManagerService(  573): Ignoring setImeWindowStatus due to an invalid token. uid:1000 token:null
11-10 11:44:04.641 V/DreamService[AmbientDream](  912): onBind() intent = Intent { act=android.service.dreams.DreamService flg=0x800000 cmp=com.google.android.wearable.ambient/.AmbientDream }
11-10 11:44:04.666 I/AmbientService(  912): Ambient Created
11-10 11:44:04.670 V/DreamService[AmbientDream](  912): Calling onDreamingStarted()
11-10 11:44:04.670 I/AmbientService(  912): Ambient Starting
11-10 11:44:04.757 I/DisplayManagerService(  573): Display device changed state: "Built-in Screen", DOZE_SUSPEND
11-10 11:44:04.760 V/ActivityManager(  573): Display changed displayId=0
11-10 11:45:01.471 I/AmbientService(  912): Ambient Updating
11-10 11:45:01.497 I/DisplayManagerService(  573): Display device changed state: "Built-in Screen", DOZE
11-10 11:45:01.505 V/ActivityManager(  573): Display changed displayId=0
11-10 11:45:01.618 I/DisplayManagerService(  573): Display device changed state: "Built-in Screen", DOZE_SUSPEND
11-10 11:45:01.624 V/ActivityManager(  573): Display changed displayId=0
11-10 11:46:01.474 I/AmbientService(  912): Ambient Updating
11-10 11:46:01.523 I/DisplayManagerService(  573): Display device changed state: "Built-in Screen", DOZE
11-10 11:46:01.531 V/ActivityManager(  573): Display changed displayId=0
11-10 11:46:01.644 I/DisplayManagerService(  573): Display device changed state: "Built-in Screen", DOZE_SUSPEND
11-10 11:46:01.650 V/ActivityManager(  573): Display changed displayId=0
11-10 11:47:01.471 I/AmbientService(  912): Ambient Updating
11-10 11:47:01.529 I/DisplayManagerService(  573): Display device changed state: "Built-in Screen", DOZE
11-10 11:47:01.534 V/ActivityManager(  573): Display changed displayId=0
11-10 11:47:01.648 I/DisplayManagerService(  573): Display device changed state: "Built-in Screen", DOZE_SUSPEND
11-10 11:47:01.657 V/ActivityManager(  573): Display changed displayId=0
11-10 11:48:01.475 I/AmbientService(  912): Ambient Updating
11-10 11:48:01.521 I/DisplayManagerService(  573): Display device changed state: "Built-in Screen", DOZE
11-10 11:48:01.530 V/ActivityManager(  573): Display changed displayId=0
11-10 11:48:01.641 I/DisplayManagerService(  573): Display device changed state: "Built-in Screen", DOZE_SUSPEND
11-10 11:48:01.647 V/ActivityManager(  573): Display changed displayId=0
11-10 11:49:00.473 I/AmbientService(  912): Ambient Updating
11-10 11:49:00.512 I/DisplayManagerService(  573): Display device changed state: "Built-in Screen", DOZE
11-10 11:49:00.517 V/ActivityManager(  573): Display changed displayId=0
11-10 11:49:00.632 I/DisplayManagerService(  573): Display device changed state: "Built-in Screen", DOZE_SUSPEND
11-10 11:49:00.641 V/ActivityManager(  573): Display changed displayId=0
11-10 11:50:01.472 I/AmbientService(  912): Ambient Updating
11-10 11:50:01.519 I/DisplayManagerService(  573): Display device changed state: "Built-in Screen", DOZE
11-10 11:50:01.525 V/ActivityManager(  573): Display changed displayId=0
11-10 11:50:01.640 I/DisplayManagerService(  573): Display device changed state: "Built-in Screen", DOZE_SUSPEND
11-10 11:50:01.646 V/ActivityManager(  573): Display changed displayId=0
11-10 11:50:03.312 I/ActivityManager(  573): Delay finish: com.google.android.apps.fitness/com.google.android.wearable.fitness.summary.notification.NotificationReceiver
11-10 11:50:04.054 I/ActivityManager(  573): Resuming delayed broadcast
11-10 11:50:04.151 I/DisplayManagerService(  573): Display device changed state: "Built-in Screen", DOZE
11-10 11:50:04.157 V/ActivityManager(  573): Display changed displayId=0
11-10 11:50:04.333 I/DisplayManagerService(  573): Display device changed state: "Built-in Screen", DOZE_SUSPEND
11-10 11:50:04.341 V/ActivityManager(  573): Display changed displayId=0
11-10 11:51:00.472 I/AmbientService(  912): Ambient Updating
11-10 11:51:00.535 I/DisplayManagerService(  573): Display device changed state: "Built-in Screen", DOZE
11-10 11:51:00.544 V/ActivityManager(  573): Display changed displayId=0
11-10 11:51:00.655 I/DisplayManagerService(  573): Display device changed state: "Built-in Screen", DOZE_SUSPEND
11-10 11:51:00.662 V/ActivityManager(  573): Display changed displayId=0
11-10 11:52:01.475 I/AmbientService(  912): Ambient Updating
11-10 11:52:01.524 I/DisplayManagerService(  573): Display device changed state: "Built-in Screen", DOZE
11-10 11:52:01.532 V/ActivityManager(  573): Display changed displayId=0
11-10 11:52:01.644 I/DisplayManagerService(  573): Display device changed state: "Built-in Screen", DOZE_SUSPEND
11-10 11:52:01.650 V/ActivityManager(  573): Display changed displayId=0
11-10 11:53:01.476 I/AmbientService(  912): Ambient Updating
11-10 11:53:01.523 I/DisplayManagerService(  573): Display device changed state: "Built-in Screen", DOZE
11-10 11:53:01.538 V/ActivityManager(  573): Display changed displayId=0
11-10 11:53:01.644 I/DisplayManagerService(  573): Display device changed state: "Built-in Screen", DOZE_SUSPEND
11-10 11:53:01.651 V/ActivityManager(  573): Display changed displayId=0
11-10 11:54:00.474 I/AmbientService(  912): Ambient Updating
11-10 11:54:00.530 I/DisplayManagerService(  573): Display device changed state: "Built-in Screen", DOZE
11-10 11:54:00.535 V/ActivityManager(  573): Display changed displayId=0
11-10 11:54:00.650 I/DisplayManagerService(  573): Display device changed state: "Built-in Screen", DOZE_SUSPEND
11-10 11:54:00.657 V/ActivityManager(  573): Display changed displayId=0
11-10 11:54:09.105 I/DisplayManagerService(  573): Display device changed state: "Built-in Screen", DOZE
11-10 11:54:09.110 V/ActivityManager(  573): Display changed displayId=0
11-10 11:54:09.240 I/DisplayManagerService(  573): Display device changed state: "Built-in Screen", DOZE_SUSPEND
11-10 11:54:09.246 V/ActivityManager(  573): Display changed displayId=0
11-10 11:55:00.477 I/AmbientService(  912): Ambient Updating
11-10 11:55:00.546 I/DisplayManagerService(  573): Display device changed state: "Built-in Screen", DOZE
11-10 11:55:00.559 V/ActivityManager(  573): Display changed displayId=0
11-10 11:55:00.665 I/DisplayManagerService(  573): Display device changed state: "Built-in Screen", DOZE_SUSPEND
11-10 11:55:00.672 V/ActivityManager(  573): Display changed displayId=0
11-10 11:55:09.068 I/PowerManagerService(  573): Waking up from dozing (uid 1000)...
11-10 11:55:09.079 E/InputMethodManagerService(  573): Ignoring setImeWindowStatus due to an invalid token. uid:1000 token:null
11-10 11:55:09.100 I/DisplayManagerService(  573): Display device changed state: "Built-in Screen", ON
11-10 11:55:09.146 V/ActivityManager(  573): Display changed displayId=0
11-10 11:55:09.172 I/DreamManagerService(  573): Gently waking up from dream.
11-10 11:55:09.173 V/DreamService[AmbientDream](  912): wakeUp(): fromSystem=true, mWaking=false, mFinished=false
11-10 11:55:09.173 V/DreamService[AmbientDream](  912): finish(): mFinished=false
11-10 11:55:09.173 I/DreamManagerService(  573): Leaving dreamland.
11-10 11:55:09.174 I/DreamController(  573): Stopping dream: name=ComponentInfo{com.google.android.wearable.ambient/com.google.android.wearable.ambient.AmbientDream}, isTest=false, canDoze=true, userId=0
11-10 11:55:09.177 V/DreamService[AmbientDream](  912): detach(): Calling onDreamingStopped()
11-10 11:55:09.177 I/AmbientService(  912): Ambient Stopping
11-10 11:55:09.210 V/DreamService[AmbientDream](  912): onDestroy()
11-10 11:55:21.108 I/PowerManagerService(  573): Going to sleep due to screen timeout (uid 1000)...
11-10 11:55:21.108 I/DreamManagerService(  573): Entering dreamland.
11-10 11:55:21.108 I/PowerManagerService(  573): Dozing...
11-10 11:55:21.110 I/DreamController(  573): Starting dream: name=ComponentInfo{com.google.android.wearable.ambient/com.google.android.wearable.ambient.AmbientDream}, isTest=false, canDoze=true, userId=0
11-10 11:55:21.120 E/InputMethodManagerService(  573): Ignoring setImeWindowStatus due to an invalid token. uid:1000 token:null
11-10 11:55:21.121 E/InputMethodManagerService(  573): Ignoring setImeWindowStatus due to an invalid token. uid:1000 token:null
11-10 11:55:21.162 V/DreamService[AmbientDream](  912): onBind() intent = Intent { act=android.service.dreams.DreamService flg=0x800000 cmp=com.google.android.wearable.ambient/.AmbientDream }
11-10 11:55:21.186 I/AmbientService(  912): Ambient Created
11-10 11:55:21.186 V/DreamService[AmbientDream](  912): Calling onDreamingStarted()
11-10 11:55:21.186 I/AmbientService(  912): Ambient Starting
11-10 11:55:21.245 I/DisplayManagerService(  573): Display device changed state: "Built-in Screen", DOZE_SUSPEND
11-10 11:55:21.246 V/ActivityManager(  573): Display changed displayId=0
11-10 11:55:56.598 I/DisplayManagerService(  573): Display device changed state: "Built-in Screen", DOZE
11-10 11:55:56.604 V/ActivityManager(  573): Display changed displayId=0
11-10 11:55:56.734 I/DisplayManagerService(  573): Display device changed state: "Built-in Screen", DOZE_SUSPEND
11-10 11:55:56.741 V/ActivityManager(  573): Display changed displayId=0
11-10 11:56:00.005 I/AmbientService(  912): Ambient Updating
11-10 11:56:00.034 I/DisplayManagerService(  573): Display device changed state: "Built-in Screen", DOZE
11-10 11:56:00.044 V/ActivityManager(  573): Display changed displayId=0
11-10 11:56:00.154 I/DisplayManagerService(  573): Display device changed state: "Built-in Screen", DOZE_SUSPEND
11-10 11:56:00.160 V/ActivityManager(  573): Display changed displayId=0
11-10 11:57:01.476 I/AmbientService(  912): Ambient Updating
11-10 11:57:01.545 I/DisplayManagerService(  573): Display device changed state: "Built-in Screen", DOZE
11-10 11:57:01.556 V/ActivityManager(  573): Display changed displayId=0
11-10 11:57:01.666 I/DisplayManagerService(  573): Display device changed state: "Built-in Screen", DOZE_SUSPEND
11-10 11:57:01.672 V/ActivityManager(  573): Display changed displayId=0
11-10 11:58:01.477 I/AmbientService(  912): Ambient Updating
11-10 11:58:01.529 I/DisplayManagerService(  573): Display device changed state: "Built-in Screen", DOZE
11-10 11:58:01.539 V/ActivityManager(  573): Display changed displayId=0
11-10 11:58:01.649 I/DisplayManagerService(  573): Display device changed state: "Built-in Screen", DOZE_SUSPEND
11-10 11:58:01.655 V/ActivityManager(  573): Display changed displayId=0
11-10 11:59:01.474 I/AmbientService(  912): Ambient Updating
11-10 11:59:01.484 I/DisplayManagerService(  573): Display device changed state: "Built-in Screen", DOZE
11-10 11:59:01.498 V/ActivityManager(  573): Display changed displayId=0
11-10 11:59:01.605 I/DisplayManagerService(  573): Display device changed state: "Built-in Screen", DOZE_SUSPEND
11-10 11:59:01.612 V/ActivityManager(  573): Display changed displayId=0
11-10 12:00:01.511 I/AmbientService(  912): Ambient Updating
11-10 12:00:01.542 I/DisplayManagerService(  573): Display device changed state: "Built-in Screen", DOZE
11-10 12:00:01.548 V/ActivityManager(  573): Display changed displayId=0
11-10 12:00:01.686 I/DisplayManagerService(  573): Display device changed state: "Built-in Screen", DOZE_SUSPEND
11-10 12:00:01.702 V/ActivityManager(  573): Display changed displayId=0
11-10 12:01:01.477 I/AmbientService(  912): Ambient Updating
11-10 12:01:01.534 I/DisplayManagerService(  573): Display device changed state: "Built-in Screen", DOZE
11-10 12:01:01.547 V/ActivityManager(  573): Display changed displayId=0
11-10 12:01:01.655 I/DisplayManagerService(  573): Display device changed state: "Built-in Screen", DOZE_SUSPEND
11-10 12:01:01.661 V/ActivityManager(  573): Display changed displayId=0
11-10 12:01:09.486 I/ActivityManager(  573): Delay finish: com.google.android.gms/.checkin.EventLogService$Receiver
11-10 12:01:09.767 I/ActivityManager(  573): Resuming delayed broadcast
11-10 12:01:09.872 I/ActivityManager(  573): Delay finish: com.google.android.apps.fitness/com.google.android.wearable.fitness.summary.notification.NotificationReceiver
11-10 12:01:10.739 W/ResourcesManager(  735): Asset path '/system/framework/com.google.android.wearable.jar' does not exist or contains no resources.
11-10 12:01:10.870 I/DisplayManagerService(  573): Display device changed state: "Built-in Screen", DOZE
11-10 12:01:10.876 V/ActivityManager(  573): Display changed displayId=0
11-10 12:01:11.043 I/DisplayManagerService(  573): Display device changed state: "Built-in Screen", DOZE_SUSPEND
11-10 12:01:11.050 V/ActivityManager(  573): Display changed displayId=0
11-10 12:01:11.060 W/ResourcesManager(  735): Asset path '/system/framework/com.google.android.wearable.jar' does not exist or contains no resources.
11-10 12:01:11.560 I/DisplayManagerService(  573): Display device changed state: "Built-in Screen", DOZE
11-10 12:01:11.565 V/ActivityManager(  573): Display changed displayId=0
11-10 12:01:11.718 I/DisplayManagerService(  573): Display device changed state: "Built-in Screen", DOZE_SUSPEND
11-10 12:01:11.725 V/ActivityManager(  573): Display changed displayId=0
11-10 12:01:14.185 I/ActivityManager(  573): Resuming delayed broadcast
11-10 12:02:01.477 I/AmbientService(  912): Ambient Updating
11-10 12:02:01.541 I/DisplayManagerService(  573): Display device changed state: "Built-in Screen", DOZE
11-10 12:02:01.546 V/ActivityManager(  573): Display changed displayId=0
11-10 12:02:01.663 I/DisplayManagerService(  573): Display device changed state: "Built-in Screen", DOZE_SUSPEND
11-10 12:02:01.669 V/ActivityManager(  573): Display changed displayId=0
11-10 12:03:01.485 I/AmbientService(  912): Ambient Updating
11-10 12:03:01.527 I/DisplayManagerService(  573): Display device changed state: "Built-in Screen", DOZE
11-10 12:03:01.540 V/ActivityManager(  573): Display changed displayId=0
11-10 12:03:01.649 I/DisplayManagerService(  573): Display device changed state: "Built-in Screen", DOZE_SUSPEND
11-10 12:03:01.655 V/ActivityManager(  573): Display changed displayId=0
11-10 12:04:01.479 I/AmbientService(  912): Ambient Updating
11-10 12:04:01.531 I/DisplayManagerService(  573): Display device changed state: "Built-in Screen", DOZE
11-10 12:04:01.540 V/ActivityManager(  573): Display changed displayId=0
11-10 12:04:01.652 I/DisplayManagerService(  573): Display device changed state: "Built-in Screen", DOZE_SUSPEND
11-10 12:04:01.658 V/ActivityManager(  573): Display changed displayId=0
11-10 12:05:01.479 I/AmbientService(  912): Ambient Updating
11-10 12:05:01.532 I/DisplayManagerService(  573): Display device changed state: "Built-in Screen", DOZE
11-10 12:05:01.537 V/ActivityManager(  573): Display changed displayId=0
11-10 12:05:01.652 I/DisplayManagerService(  573): Display device changed state: "Built-in Screen", DOZE_SUSPEND
11-10 12:05:01.659 V/ActivityManager(  573): Display changed displayId=0
11-10 12:06:00.492 I/AmbientService(  912): Ambient Updating
11-10 12:06:00.523 I/DisplayManagerService(  573): Display device changed state: "Built-in Screen", DOZE
11-10 12:06:00.531 V/ActivityManager(  573): Display changed displayId=0
11-10 12:06:00.641 I/DisplayManagerService(  573): Display device changed state: "Built-in Screen", DOZE_SUSPEND
11-10 12:06:00.648 V/ActivityManager(  573): Display changed displayId=0
11-10 12:07:01.479 I/AmbientService(  912): Ambient Updating
11-10 12:07:01.526 I/DisplayManagerService(  573): Display device changed state: "Built-in Screen", DOZE
11-10 12:07:01.532 V/ActivityManager(  573): Display changed displayId=0
11-10 12:07:01.646 I/DisplayManagerService(  573): Display device changed state: "Built-in Screen", DOZE_SUSPEND
11-10 12:07:01.652 V/ActivityManager(  573): Display changed displayId=0
11-10 12:08:01.482 I/AmbientService(  912): Ambient Updating
11-10 12:08:01.525 I/DisplayManagerService(  573): Display device changed state: "Built-in Screen", DOZE
11-10 12:08:01.540 V/ActivityManager(  573): Display changed displayId=0
11-10 12:08:01.646 I/DisplayManagerService(  573): Display device changed state: "Built-in Screen", DOZE_SUSPEND
11-10 12:08:01.653 V/ActivityManager(  573): Display changed displayId=0
11-10 12:09:01.481 I/AmbientService(  912): Ambient Updating
11-10 12:09:01.527 I/DisplayManagerService(  573): Display device changed state: "Built-in Screen", DOZE
11-10 12:09:01.533 V/ActivityManager(  573): Display changed displayId=0
11-10 12:09:01.647 I/DisplayManagerService(  573): Display device changed state: "Built-in Screen", DOZE_SUSPEND
11-10 12:09:01.654 V/ActivityManager(  573): Display changed displayId=0
11-10 12:09:07.291 I/PowerManagerService(  573): Waking up from dozing (uid 1000)...
11-10 12:09:07.302 E/InputMethodManagerService(  573): Ignoring setImeWindowStatus due to an invalid token. uid:1000 token:null
11-10 12:09:07.329 I/DisplayManagerService(  573): Display device changed state: "Built-in Screen", ON
11-10 12:09:07.338 V/ActivityManager(  573): Display changed displayId=0
11-10 12:09:07.373 I/DreamManagerService(  573): Gently waking up from dream.
11-10 12:09:07.374 V/DreamService[AmbientDream](  912): wakeUp(): fromSystem=true, mWaking=false, mFinished=false
11-10 12:09:07.374 V/DreamService[AmbientDream](  912): finish(): mFinished=false
11-10 12:09:07.375 I/DreamManagerService(  573): Leaving dreamland.
11-10 12:09:07.375 I/DreamController(  573): Stopping dream: name=ComponentInfo{com.google.android.wearable.ambient/com.google.android.wearable.ambient.AmbientDream}, isTest=false, canDoze=true, userId=0
11-10 12:09:07.384 V/DreamService[AmbientDream](  912): detach(): Calling onDreamingStopped()
11-10 12:09:07.384 I/AmbientService(  912): Ambient Stopping
11-10 12:09:07.400 V/DreamService[AmbientDream](  912): onDestroy()
11-10 12:09:12.287 I/PowerManagerService(  573): Going to sleep due to screen timeout (uid 1000)...
11-10 12:09:12.289 I/DreamManagerService(  573): Entering dreamland.
11-10 12:09:12.289 I/PowerManagerService(  573): Dozing...
11-10 12:09:12.289 I/DreamController(  573): Starting dream: name=ComponentInfo{com.google.android.wearable.ambient/com.google.android.wearable.ambient.AmbientDream}, isTest=false, canDoze=true, userId=0
11-10 12:09:12.297 E/InputMethodManagerService(  573): Ignoring setImeWindowStatus due to an invalid token. uid:1000 token:null
11-10 12:09:12.300 E/InputMethodManagerService(  573): Ignoring setImeWindowStatus due to an invalid token. uid:1000 token:null
11-10 12:09:12.343 V/DreamService[AmbientDream](  912): onBind() intent = Intent { act=android.service.dreams.DreamService flg=0x800000 cmp=com.google.android.wearable.ambient/.AmbientDream }
11-10 12:09:12.364 I/AmbientService(  912): Ambient Created
11-10 12:09:12.364 V/DreamService[AmbientDream](  912): Calling onDreamingStarted()
11-10 12:09:12.364 I/AmbientService(  912): Ambient Starting
11-10 12:09:12.842 I/DisplayManagerService(  573): Display device changed state: "Built-in Screen", DOZE_SUSPEND
11-10 12:09:12.844 V/ActivityManager(  573): Display changed displayId=0
11-10 12:10:01.480 I/AmbientService(  912): Ambient Updating
11-10 12:10:01.508 I/DisplayManagerService(  573): Display device changed state: "Built-in Screen", DOZE
11-10 12:10:01.519 V/ActivityManager(  573): Display changed displayId=0
11-10 12:10:01.628 I/DisplayManagerService(  573): Display device changed state: "Built-in Screen", DOZE_SUSPEND
11-10 12:10:01.635 V/ActivityManager(  573): Display changed displayId=0
11-10 12:11:01.483 I/AmbientService(  912): Ambient Updating
11-10 12:11:01.510 I/DisplayManagerService(  573): Display device changed state: "Built-in Screen", DOZE
11-10 12:11:01.518 V/ActivityManager(  573): Display changed displayId=0
11-10 12:11:01.631 I/DisplayManagerService(  573): Display device changed state: "Built-in Screen", DOZE_SUSPEND
11-10 12:11:01.638 V/ActivityManager(  573): Display changed displayId=0
11-10 12:12:01.482 I/AmbientService(  912): Ambient Updating
11-10 12:12:01.531 I/DisplayManagerService(  573): Display device changed state: "Built-in Screen", DOZE
11-10 12:12:01.533 V/ActivityManager(  573): Display changed displayId=0
11-10 12:12:01.652 I/DisplayManagerService(  573): Display device changed state: "Built-in Screen", DOZE_SUSPEND
11-10 12:12:01.658 V/ActivityManager(  573): Display changed displayId=0
11-10 12:13:00.013 I/AmbientService(  912): Ambient Updating
11-10 12:13:00.043 I/DisplayManagerService(  573): Display device changed state: "Built-in Screen", DOZE
11-10 12:13:00.058 V/ActivityManager(  573): Display changed displayId=0
11-10 12:13:00.162 I/DisplayManagerService(  573): Display device changed state: "Built-in Screen", DOZE_SUSPEND
11-10 12:13:00.169 V/ActivityManager(  573): Display changed displayId=0
11-10 12:14:01.482 I/AmbientService(  912): Ambient Updating
11-10 12:14:01.550 I/DisplayManagerService(  573): Display device changed state: "Built-in Screen", DOZE
11-10 12:14:01.555 V/ActivityManager(  573): Display changed displayId=0
11-10 12:14:01.670 I/DisplayManagerService(  573): Display device changed state: "Built-in Screen", DOZE_SUSPEND
11-10 12:14:01.677 V/ActivityManager(  573): Display changed displayId=0
11-10 12:15:01.481 I/AmbientService(  912): Ambient Updating
11-10 12:15:01.525 I/DisplayManagerService(  573): Display device changed state: "Built-in Screen", DOZE
11-10 12:15:01.530 V/ActivityManager(  573): Display changed displayId=0
11-10 12:15:01.546 I/ActivityManager(  573): Delay finish: com.google.android.apps.fitness/com.google.android.wearable.fitness.summary.notification.NotificationReceiver
11-10 12:15:01.644 I/DisplayManagerService(  573): Display device changed state: "Built-in Screen", DOZE_SUSPEND
11-10 12:15:01.652 V/ActivityManager(  573): Display changed displayId=0
11-10 12:15:02.296 I/ActivityManager(  573): Resuming delayed broadcast
11-10 12:15:02.394 I/DisplayManagerService(  573): Display device changed state: "Built-in Screen", DOZE
11-10 12:15:02.399 V/ActivityManager(  573): Display changed displayId=0
11-10 12:15:02.572 I/DisplayManagerService(  573): Display device changed state: "Built-in Screen", DOZE_SUSPEND
11-10 12:15:02.580 V/ActivityManager(  573): Display changed displayId=0
11-10 12:15:45.447 I/PowerManagerService(  573): Waking up from dozing (uid 10004)...
11-10 12:15:45.458 E/InputMethodManagerService(  573): Ignoring setImeWindowStatus due to an invalid token. uid:1000 token:null
11-10 12:15:45.475 I/DisplayManagerService(  573): Display device changed state: "Built-in Screen", ON
11-10 12:15:45.507 V/ActivityManager(  573): Display changed displayId=0
11-10 12:15:45.539 I/DreamManagerService(  573): Gently waking up from dream.
11-10 12:15:45.540 V/DreamService[AmbientDream](  912): wakeUp(): fromSystem=true, mWaking=false, mFinished=false
11-10 12:15:45.540 V/DreamService[AmbientDream](  912): finish(): mFinished=false
11-10 12:15:45.540 I/DreamManagerService(  573): Leaving dreamland.
11-10 12:15:45.541 I/DreamController(  573): Stopping dream: name=ComponentInfo{com.google.android.wearable.ambient/com.google.android.wearable.ambient.AmbientDream}, isTest=false, canDoze=true, userId=0
11-10 12:15:45.544 V/DreamService[AmbientDream](  912): detach(): Calling onDreamingStopped()
11-10 12:15:45.544 I/AmbientService(  912): Ambient Stopping
11-10 12:15:45.577 V/DreamService[AmbientDream](  912): onDestroy()
11-10 12:15:50.488 I/PowerManagerService(  573): Going to sleep due to screen timeout (uid 1000)...
11-10 12:15:50.490 I/DreamManagerService(  573): Entering dreamland.
11-10 12:15:50.490 I/PowerManagerService(  573): Dozing...
11-10 12:15:50.491 I/DreamController(  573): Starting dream: name=ComponentInfo{com.google.android.wearable.ambient/com.google.android.wearable.ambient.AmbientDream}, isTest=false, canDoze=true, userId=0
11-10 12:15:50.523 V/DreamService[AmbientDream](  912): onBind() intent = Intent { act=android.service.dreams.DreamService flg=0x800000 cmp=com.google.android.wearable.ambient/.AmbientDream }
11-10 12:15:50.526 I/AmbientService(  912): Ambient Created
11-10 12:15:50.526 V/DreamService[AmbientDream](  912): Calling onDreamingStarted()
11-10 12:15:50.526 I/AmbientService(  912): Ambient Starting
11-10 12:15:50.542 E/InputMethodManagerService(  573): Ignoring setImeWindowStatus due to an invalid token. uid:1000 token:null
11-10 12:15:50.565 E/InputMethodManagerService(  573): Ignoring setImeWindowStatus due to an invalid token. uid:1000 token:null
11-10 12:15:51.552 I/DisplayManagerService(  573): Display device changed state: "Built-in Screen", DOZE_SUSPEND
11-10 12:15:51.554 V/ActivityManager(  573): Display changed displayId=0
11-10 12:16:00.480 I/AmbientService(  912): Ambient Updating
11-10 12:16:00.506 I/DisplayManagerService(  573): Display device changed state: "Built-in Screen", DOZE
11-10 12:16:00.513 V/ActivityManager(  573): Display changed displayId=0
11-10 12:16:00.627 I/DisplayManagerService(  573): Display device changed state: "Built-in Screen", DOZE_SUSPEND
11-10 12:16:00.634 V/ActivityManager(  573): Display changed displayId=0
11-10 12:16:49.364 I/PowerManagerService(  573): Waking up from dozing (uid 10004)...
11-10 12:16:49.376 E/InputMethodManagerService(  573): Ignoring setImeWindowStatus due to an invalid token. uid:1000 token:null
11-10 12:16:49.395 I/DisplayManagerService(  573): Display device changed state: "Built-in Screen", ON
11-10 12:16:49.414 V/ActivityManager(  573): Display changed displayId=0
11-10 12:16:49.466 I/DreamManagerService(  573): Gently waking up from dream.
11-10 12:16:49.467 V/DreamService[AmbientDream](  912): wakeUp(): fromSystem=true, mWaking=false, mFinished=false
11-10 12:16:49.467 V/DreamService[AmbientDream](  912): finish(): mFinished=false
11-10 12:16:49.467 I/DreamManagerService(  573): Leaving dreamland.
11-10 12:16:49.468 I/DreamController(  573): Stopping dream: name=ComponentInfo{com.google.android.wearable.ambient/com.google.android.wearable.ambient.AmbientDream}, isTest=false, canDoze=true, userId=0
11-10 12:16:49.471 V/DreamService[AmbientDream](  912): detach(): Calling onDreamingStopped()
11-10 12:16:49.471 I/AmbientService(  912): Ambient Stopping
11-10 12:16:49.495 V/DreamService[AmbientDream](  912): onDestroy()
11-10 12:16:54.398 I/PowerManagerService(  573): Going to sleep due to screen timeout (uid 1000)...
11-10 12:16:54.400 I/DreamManagerService(  573): Entering dreamland.
11-10 12:16:54.400 I/PowerManagerService(  573): Dozing...
11-10 12:16:54.402 I/DreamController(  573): Starting dream: name=ComponentInfo{com.google.android.wearable.ambient/com.google.android.wearable.ambient.AmbientDream}, isTest=false, canDoze=true, userId=0
11-10 12:16:54.415 E/InputMethodManagerService(  573): Ignoring setImeWindowStatus due to an invalid token. uid:1000 token:null
11-10 12:16:54.415 E/InputMethodManagerService(  573): Ignoring setImeWindowStatus due to an invalid token. uid:1000 token:null
11-10 12:16:54.468 V/DreamService[AmbientDream](  912): onBind() intent = Intent { act=android.service.dreams.DreamService flg=0x800000 cmp=com.google.android.wearable.ambient/.AmbientDream }
11-10 12:16:54.475 I/AmbientService(  912): Ambient Created
11-10 12:16:54.475 V/DreamService[AmbientDream](  912): Calling onDreamingStarted()
11-10 12:16:54.475 I/AmbientService(  912): Ambient Starting
11-10 12:16:54.917 I/PowerManagerService(  573): Waking up from dozing (uid 10004)...
11-10 12:16:54.923 E/InputMethodManagerService(  573): Ignoring setImeWindowStatus due to an invalid token. uid:1000 token:null
11-10 12:16:54.930 I/DreamManagerService(  573): Gently waking up from dream.
11-10 12:16:54.932 V/DreamService[AmbientDream](  912): wakeUp(): fromSystem=true, mWaking=false, mFinished=false
11-10 12:16:54.932 V/DreamService[AmbientDream](  912): finish(): mFinished=false
11-10 12:16:54.934 I/DreamManagerService(  573): Leaving dreamland.
11-10 12:16:54.935 I/DreamController(  573): Stopping dream: name=ComponentInfo{com.google.android.wearable.ambient/com.google.android.wearable.ambient.AmbientDream}, isTest=false, canDoze=true, userId=0
11-10 12:16:54.942 V/DreamService[AmbientDream](  912): detach(): Calling onDreamingStopped()
11-10 12:16:54.942 I/AmbientService(  912): Ambient Stopping
11-10 12:16:54.961 V/DreamService[AmbientDream](  912): onDestroy()
11-10 12:16:59.939 I/PowerManagerService(  573): Going to sleep due to screen timeout (uid 1000)...
11-10 12:16:59.940 I/DreamManagerService(  573): Entering dreamland.
11-10 12:16:59.940 I/PowerManagerService(  573): Dozing...
11-10 12:16:59.942 I/DreamController(  573): Starting dream: name=ComponentInfo{com.google.android.wearable.ambient/com.google.android.wearable.ambient.AmbientDream}, isTest=false, canDoze=true, userId=0
11-10 12:16:59.953 E/InputMethodManagerService(  573): Ignoring setImeWindowStatus due to an invalid token. uid:1000 token:null
11-10 12:16:59.953 E/InputMethodManagerService(  573): Ignoring setImeWindowStatus due to an invalid token. uid:1000 token:null
11-10 12:17:00.001 V/DreamService[AmbientDream](  912): onBind() intent = Intent { act=android.service.dreams.DreamService flg=0x800000 cmp=com.google.android.wearable.ambient/.AmbientDream }
11-10 12:17:00.033 I/AmbientService(  912): Ambient Created
11-10 12:17:00.033 V/DreamService[AmbientDream](  912): Calling onDreamingStarted()
11-10 12:17:00.033 I/AmbientService(  912): Ambient Starting
11-10 12:17:00.999 I/DisplayManagerService(  573): Display device changed state: "Built-in Screen", DOZE_SUSPEND
11-10 12:17:01.001 V/ActivityManager(  573): Display changed displayId=0
11-10 12:17:27.249 I/PowerManagerService(  573): Waking up from dozing (uid 10004)...
11-10 12:17:27.266 E/InputMethodManagerService(  573): Ignoring setImeWindowStatus due to an invalid token. uid:1000 token:null
11-10 12:17:27.267 I/DisplayManagerService(  573): Display device changed state: "Built-in Screen", ON
11-10 12:17:27.293 V/ActivityManager(  573): Display changed displayId=0
11-10 12:17:27.351 I/DreamManagerService(  573): Gently waking up from dream.
11-10 12:17:27.352 V/DreamService[AmbientDream](  912): wakeUp(): fromSystem=true, mWaking=false, mFinished=false
11-10 12:17:27.352 V/DreamService[AmbientDream](  912): finish(): mFinished=false
11-10 12:17:27.352 I/DreamManagerService(  573): Leaving dreamland.
11-10 12:17:27.353 I/DreamController(  573): Stopping dream: name=ComponentInfo{com.google.android.wearable.ambient/com.google.android.wearable.ambient.AmbientDream}, isTest=false, canDoze=true, userId=0
11-10 12:17:27.357 V/DreamService[AmbientDream](  912): detach(): Calling onDreamingStopped()
11-10 12:17:27.357 I/AmbientService(  912): Ambient Stopping
11-10 12:17:27.381 V/DreamService[AmbientDream](  912): onDestroy()
11-10 12:17:32.267 I/PowerManagerService(  573): Going to sleep due to screen timeout (uid 1000)...
11-10 12:17:32.268 I/DreamManagerService(  573): Entering dreamland.
11-10 12:17:32.268 I/PowerManagerService(  573): Dozing...
11-10 12:17:32.269 I/DreamController(  573): Starting dream: name=ComponentInfo{com.google.android.wearable.ambient/com.google.android.wearable.ambient.AmbientDream}, isTest=false, canDoze=true, userId=0
11-10 12:17:32.282 E/InputMethodManagerService(  573): Ignoring setImeWindowStatus due to an invalid token. uid:1000 token:null
11-10 12:17:32.282 E/InputMethodManagerService(  573): Ignoring setImeWindowStatus due to an invalid token. uid:1000 token:null
11-10 12:17:32.330 V/DreamService[AmbientDream](  912): onBind() intent = Intent { act=android.service.dreams.DreamService flg=0x800000 cmp=com.google.android.wearable.ambient/.AmbientDream }
11-10 12:17:32.338 I/AmbientService(  912): Ambient Created
11-10 12:17:32.338 V/DreamService[AmbientDream](  912): Calling onDreamingStarted()
11-10 12:17:32.338 I/AmbientService(  912): Ambient Starting
11-10 12:17:33.014 I/PowerManagerService(  573): Waking up from dozing (uid 1000)...
11-10 12:17:33.018 I/DreamManagerService(  573): Gently waking up from dream.
11-10 12:17:33.019 V/DreamService[AmbientDream](  912): wakeUp(): fromSystem=true, mWaking=false, mFinished=false
11-10 12:17:33.019 V/DreamService[AmbientDream](  912): finish(): mFinished=false
11-10 12:17:33.019 I/DreamManagerService(  573): Leaving dreamland.
11-10 12:17:33.021 I/DreamController(  573): Stopping dream: name=ComponentInfo{com.google.android.wearable.ambient/com.google.android.wearable.ambient.AmbientDream}, isTest=false, canDoze=true, userId=0
11-10 12:17:33.032 V/DreamService[AmbientDream](  912): detach(): Calling onDreamingStopped()
11-10 12:17:33.032 I/AmbientService(  912): Ambient Stopping
11-10 12:17:33.038 E/InputMethodManagerService(  573): Ignoring setImeWindowStatus due to an invalid token. uid:1000 token:null
11-10 12:17:33.069 V/DreamService[AmbientDream](  912): onDestroy()
11-10 12:17:47.069 I/PowerManagerService(  573): Going to sleep due to screen timeout (uid 1000)...
11-10 12:17:47.070 I/DreamManagerService(  573): Entering dreamland.
11-10 12:17:47.070 I/PowerManagerService(  573): Dozing...
11-10 12:17:47.071 I/DreamController(  573): Starting dream: name=ComponentInfo{com.google.android.wearable.ambient/com.google.android.wearable.ambient.AmbientDream}, isTest=false, canDoze=true, userId=0
11-10 12:17:47.082 E/InputMethodManagerService(  573): Ignoring setImeWindowStatus due to an invalid token. uid:1000 token:null
11-10 12:17:47.082 E/InputMethodManagerService(  573): Ignoring setImeWindowStatus due to an invalid token. uid:1000 token:null
11-10 12:17:47.124 V/DreamService[AmbientDream](  912): onBind() intent = Intent { act=android.service.dreams.DreamService flg=0x800000 cmp=com.google.android.wearable.ambient/.AmbientDream }
11-10 12:17:47.147 I/AmbientService(  912): Ambient Created
11-10 12:17:47.147 V/DreamService[AmbientDream](  912): Calling onDreamingStarted()
11-10 12:17:47.147 I/AmbientService(  912): Ambient Starting
11-10 12:17:47.206 I/DisplayManagerService(  573): Display device changed state: "Built-in Screen", DOZE_SUSPEND
11-10 12:17:47.207 V/ActivityManager(  573): Display changed displayId=0
11-10 12:18:00.482 I/AmbientService(  912): Ambient Updating
11-10 12:18:00.520 I/DisplayManagerService(  573): Display device changed state: "Built-in Screen", DOZE
11-10 12:18:00.534 V/ActivityManager(  573): Display changed displayId=0
11-10 12:18:00.641 I/DisplayManagerService(  573): Display device changed state: "Built-in Screen", DOZE_SUSPEND
11-10 12:18:00.647 V/ActivityManager(  573): Display changed displayId=0
11-10 12:18:38.116 I/PowerManagerService(  573): Waking up from dozing (uid 10004)...
11-10 12:18:38.128 E/InputMethodManagerService(  573): Ignoring setImeWindowStatus due to an invalid token. uid:1000 token:null
11-10 12:18:38.145 I/DisplayManagerService(  573): Display device changed state: "Built-in Screen", ON
11-10 12:18:38.160 V/ActivityManager(  573): Display changed displayId=0
11-10 12:18:38.209 I/DreamManagerService(  573): Gently waking up from dream.
11-10 12:18:38.210 V/DreamService[AmbientDream](  912): wakeUp(): fromSystem=true, mWaking=false, mFinished=false
11-10 12:18:38.210 V/DreamService[AmbientDream](  912): finish(): mFinished=false
11-10 12:18:38.210 I/DreamManagerService(  573): Leaving dreamland.
11-10 12:18:38.211 I/DreamController(  573): Stopping dream: name=ComponentInfo{com.google.android.wearable.ambient/com.google.android.wearable.ambient.AmbientDream}, isTest=false, canDoze=true, userId=0
11-10 12:18:38.214 V/DreamService[AmbientDream](  912): detach(): Calling onDreamingStopped()
11-10 12:18:38.214 I/AmbientService(  912): Ambient Stopping
11-10 12:18:38.248 V/DreamService[AmbientDream](  912): onDestroy()
11-10 12:18:43.145 I/PowerManagerService(  573): Going to sleep due to screen timeout (uid 1000)...
11-10 12:18:43.147 I/DreamManagerService(  573): Entering dreamland.
11-10 12:18:43.147 I/PowerManagerService(  573): Dozing...
11-10 12:18:43.148 I/DreamController(  573): Starting dream: name=ComponentInfo{com.google.android.wearable.ambient/com.google.android.wearable.ambient.AmbientDream}, isTest=false, canDoze=true, userId=0
11-10 12:18:43.157 E/InputMethodManagerService(  573): Ignoring setImeWindowStatus due to an invalid token. uid:1000 token:null
11-10 12:18:43.157 E/InputMethodManagerService(  573): Ignoring setImeWindowStatus due to an invalid token. uid:1000 token:null
11-10 12:18:43.206 V/DreamService[AmbientDream](  912): onBind() intent = Intent { act=android.service.dreams.DreamService flg=0x800000 cmp=com.google.android.wearable.ambient/.AmbientDream }
11-10 12:18:43.259 I/AmbientService(  912): Ambient Created
11-10 12:18:43.259 V/DreamService[AmbientDream](  912): Calling onDreamingStarted()
11-10 12:18:43.259 I/AmbientService(  912): Ambient Starting
11-10 12:18:44.200 I/DisplayManagerService(  573): Display device changed state: "Built-in Screen", DOZE_SUSPEND
11-10 12:18:44.202 V/ActivityManager(  573): Display changed displayId=0
11-10 12:19:01.486 I/AmbientService(  912): Ambient Updating
11-10 12:19:01.516 I/DisplayManagerService(  573): Display device changed state: "Built-in Screen", DOZE
11-10 12:19:01.530 V/ActivityManager(  573): Display changed displayId=0
11-10 12:19:01.636 I/DisplayManagerService(  573): Display device changed state: "Built-in Screen", DOZE_SUSPEND
11-10 12:19:01.643 V/ActivityManager(  573): Display changed displayId=0
11-10 12:19:11.225 I/PowerManagerService(  573): Waking up from dozing (uid 10004)...
11-10 12:19:11.234 E/InputMethodManagerService(  573): Ignoring setImeWindowStatus due to an invalid token. uid:1000 token:null
11-10 12:19:11.255 I/DisplayManagerService(  573): Display device changed state: "Built-in Screen", ON
11-10 12:19:11.277 V/ActivityManager(  573): Display changed displayId=0
11-10 12:19:11.320 I/DreamManagerService(  573): Gently waking up from dream.
11-10 12:19:11.321 V/DreamService[AmbientDream](  912): wakeUp(): fromSystem=true, mWaking=false, mFinished=false
11-10 12:19:11.321 V/DreamService[AmbientDream](  912): finish(): mFinished=false
11-10 12:19:11.321 I/DreamManagerService(  573): Leaving dreamland.
11-10 12:19:11.321 I/DreamController(  573): Stopping dream: name=ComponentInfo{com.google.android.wearable.ambient/com.google.android.wearable.ambient.AmbientDream}, isTest=false, canDoze=true, userId=0
11-10 12:19:11.325 V/DreamService[AmbientDream](  912): detach(): Calling onDreamingStopped()
11-10 12:19:11.325 I/AmbientService(  912): Ambient Stopping
11-10 12:19:11.342 V/DreamService[AmbientDream](  912): onDestroy()
11-10 12:19:24.454 I/PowerManagerService(  573): Going to sleep due to screen timeout (uid 1000)...
11-10 12:19:24.454 I/DreamManagerService(  573): Entering dreamland.
11-10 12:19:24.455 I/PowerManagerService(  573): Dozing...
11-10 12:19:24.456 I/DreamController(  573): Starting dream: name=ComponentInfo{com.google.android.wearable.ambient/com.google.android.wearable.ambient.AmbientDream}, isTest=false, canDoze=true, userId=0
11-10 12:19:24.466 E/InputMethodManagerService(  573): Ignoring setImeWindowStatus due to an invalid token. uid:1000 token:null
11-10 12:19:24.466 E/InputMethodManagerService(  573): Ignoring setImeWindowStatus due to an invalid token. uid:1000 token:null
11-10 12:19:24.514 V/DreamService[AmbientDream](  912): onBind() intent = Intent { act=android.service.dreams.DreamService flg=0x800000 cmp=com.google.android.wearable.ambient/.AmbientDream }
11-10 12:19:24.537 I/AmbientService(  912): Ambient Created
11-10 12:19:24.537 V/DreamService[AmbientDream](  912): Calling onDreamingStarted()
11-10 12:19:24.537 I/AmbientService(  912): Ambient Starting
11-10 12:19:24.594 I/DisplayManagerService(  573): Display device changed state: "Built-in Screen", DOZE_SUSPEND
11-10 12:19:24.595 V/ActivityManager(  573): Display changed displayId=0
11-10 12:20:01.483 I/AmbientService(  912): Ambient Updating
11-10 12:20:01.525 I/DisplayManagerService(  573): Display device changed state: "Built-in Screen", DOZE
11-10 12:20:01.535 V/ActivityManager(  573): Display changed displayId=0
11-10 12:20:01.646 I/DisplayManagerService(  573): Display device changed state: "Built-in Screen", DOZE_SUSPEND
11-10 12:20:01.653 V/ActivityManager(  573): Display changed displayId=0
11-10 12:21:01.486 I/AmbientService(  912): Ambient Updating
11-10 12:21:01.533 I/DisplayManagerService(  573): Display device changed state: "Built-in Screen", DOZE
11-10 12:21:01.540 V/ActivityManager(  573): Display changed displayId=0
11-10 12:21:01.654 I/DisplayManagerService(  573): Display device changed state: "Built-in Screen", DOZE_SUSPEND
