11-25 18:59:43.939 I/netstats_mobile_sample(  575): [0,0,0,0,0,0,0,0,0,0,0,0,1448474384401]
11-25 18:59:43.939 I/netstats_wifi_sample(  575): [282386,666,198048,772,280821,629,186607,757,276940,610,186607,757,1448474384401]
11-25 18:59:45.679 I/notification_enqueue(  575): [10025,1278,com.google.android.apps.fitness,1,NULL,0,Notification(pri=-1 contentView=null vibrate=null sound=null defaults=0x0 flags=0x0 color=0x00000000 vis=PRIVATE),1]
11-25 19:11:14.271 I/power_screen_state(  575): [1,0,0,0]
11-25 19:11:14.271 I/screen_toggled(  575): 1
11-25 19:11:14.278 I/power_screen_broadcast_send(  575): 1
11-25 19:11:14.359 I/power_screen_broadcast_done(  575): [1,82,1]
11-25 19:11:19.264 I/power_sleep_requested(  575): 0
11-25 19:11:19.265 I/power_screen_state(  575): [0,3,0,0]
11-25 19:11:19.265 I/screen_toggled(  575): 0
11-25 19:11:19.265 I/power_screen_broadcast_send(  575): 1
11-25 19:11:19.358 I/power_screen_broadcast_done(  575): [0,92,1]
11-25 19:12:00.980 I/battery_level(  575): [60,3861,313]
11-25 19:16:18.623 I/power_screen_state(  575): [1,0,0,0]
11-25 19:16:18.623 I/screen_toggled(  575): 1
11-25 19:16:18.772 I/power_screen_broadcast_send(  575): 1
11-25 19:16:19.041 I/power_screen_broadcast_done(  575): [1,269,1]
11-25 19:16:24.119 I/power_sleep_requested(  575): 0
11-25 19:16:24.119 I/power_screen_state(  575): [0,3,0,0]
11-25 19:16:24.119 I/screen_toggled(  575): 0
11-25 19:16:24.122 I/power_screen_broadcast_send(  575): 1
11-25 19:16:24.286 I/power_screen_broadcast_done(  575): [0,164,1]
11-25 19:17:40.781 I/power_screen_state(  575): [1,0,0,0]
11-25 19:17:40.781 I/screen_toggled(  575): 1
11-25 19:17:40.790 I/power_screen_broadcast_send(  575): 1
11-25 19:17:40.865 I/power_screen_broadcast_done(  575): [1,74,1]
11-25 19:17:45.777 I/power_sleep_requested(  575): 0
11-25 19:17:45.778 I/power_screen_state(  575): [0,3,0,0]
11-25 19:17:45.778 I/screen_toggled(  575): 0
11-25 19:17:45.778 I/power_screen_broadcast_send(  575): 1
11-25 19:17:45.944 I/power_screen_broadcast_done(  575): [0,167,1]
11-25 19:19:55.669 I/power_screen_state(  575): [1,0,0,0]
11-25 19:19:55.669 I/screen_toggled(  575): 1
11-25 19:19:55.674 I/power_screen_broadcast_send(  575): 1
11-25 19:19:55.761 I/power_screen_broadcast_done(  575): [1,88,1]
11-25 19:20:00.662 I/power_sleep_requested(  575): 0
11-25 19:20:00.663 I/power_screen_state(  575): [0,3,0,0]
11-25 19:20:00.663 I/screen_toggled(  575): 0
11-25 19:20:00.663 I/power_screen_broadcast_send(  575): 1
11-25 19:20:00.912 I/power_screen_broadcast_done(  575): [0,248,1]
11-25 19:22:47.873 I/power_screen_state(  575): [1,0,0,0]
11-25 19:22:47.873 I/screen_toggled(  575): 1
11-25 19:22:47.874 I/power_screen_broadcast_send(  575): 1
11-25 19:22:47.954 I/power_screen_broadcast_done(  575): [1,80,1]
11-25 19:23:02.240 I/power_sleep_requested(  575): 0
11-25 19:23:02.243 I/power_screen_state(  575): [0,3,0,0]
11-25 19:23:02.243 I/screen_toggled(  575): 0
11-25 19:23:02.244 I/power_screen_broadcast_send(  575): 1
11-25 19:23:02.423 I/power_screen_broadcast_done(  575): [0,179,1]
11-25 19:23:05.668 I/power_screen_state(  575): [1,0,0,0]
11-25 19:23:05.668 I/screen_toggled(  575): 1
11-25 19:23:05.668 I/power_screen_broadcast_send(  575): 1
11-25 19:23:05.751 I/power_screen_broadcast_done(  575): [1,83,1]
11-25 19:23:10.708 I/power_sleep_requested(  575): 0
11-25 19:23:10.709 I/power_screen_state(  575): [0,3,0,0]
11-25 19:23:10.709 I/screen_toggled(  575): 0
11-25 19:23:10.710 I/power_screen_broadcast_send(  575): 1
11-25 19:23:10.735 I/force_gc(  814): Binder
11-25 19:23:10.944 I/power_screen_broadcast_done(  575): [0,234,1]
11-25 19:23:19.222 I/aggregation(  968): 1448475799222
11-25 19:23:20.932 I/notification_enqueue(  575): [10025,1278,com.google.android.apps.fitness,1,NULL,0,Notification(pri=-1 contentView=null vibrate=null sound=null defaults=0x0 flags=0x0 color=0x00000000 vis=PRIVATE),1]
11-25 19:35:21.951 I/netstats_mobile_sample(  575): [0,0,0,0,0,0,0,0,0,0,0,0,1448476522413]
11-25 19:35:21.951 I/netstats_wifi_sample(  575): [282386,666,198048,772,280821,629,186607,757,276940,610,186607,757,1448476522413]
11-25 19:35:22.926 I/notification_enqueue(  575): [10025,1278,com.google.android.apps.fitness,1,NULL,0,Notification(pri=-1 contentView=null vibrate=null sound=null defaults=0x0 flags=0x0 color=0x00000000 vis=PRIVATE),1]
11-25 19:36:49.221 I/power_screen_state(  575): [1,0,0,0]
11-25 19:36:49.221 I/screen_toggled(  575): 1
11-25 19:36:49.221 I/power_screen_broadcast_send(  575): 1
11-25 19:36:49.476 I/power_screen_broadcast_done(  575): [1,255,1]
11-25 19:36:59.917 I/power_sleep_requested(  575): 0
11-25 19:36:59.918 I/power_screen_state(  575): [0,3,0,0]
11-25 19:36:59.918 I/screen_toggled(  575): 0
11-25 19:36:59.921 I/power_screen_broadcast_send(  575): 1
11-25 19:37:00.136 I/power_screen_broadcast_done(  575): [0,215,1]
11-25 19:39:00.968 I/battery_level(  575): [59,3856,300]
11-25 19:53:21.240 I/aggregation(  968): 1448477601240
11-25 19:53:22.191 I/notification_enqueue(  575): [10025,1278,com.google.android.apps.fitness,1,NULL,0,Notification(pri=-1 contentView=null vibrate=null sound=null defaults=0x0 flags=0x0 color=0x00000000 vis=PRIVATE),1]
11-25 20:07:07.109 I/power_screen_state(  575): [1,0,0,0]
11-25 20:07:07.109 I/screen_toggled(  575): 1
11-25 20:07:07.110 I/power_screen_broadcast_send(  575): 1
11-25 20:07:07.209 I/netstats_mobile_sample(  575): [0,0,0,0,0,0,0,0,0,0,0,0,1448478427671]
11-25 20:07:07.209 I/netstats_wifi_sample(  575): [282386,666,198048,772,280821,629,186607,757,276940,610,186607,757,1448478427671]
11-25 20:07:07.397 I/force_gc(  575): Binder
11-25 20:07:07.652 I/power_sleep_requested(  575): 0
11-25 20:07:07.652 I/power_screen_state(  575): [0,2,0,0]
11-25 20:07:07.652 I/screen_toggled(  575): 0
11-25 20:07:08.184 I/power_screen_broadcast_done(  575): [1,1075,1]
11-25 20:07:08.185 I/power_screen_broadcast_send(  575): 1
11-25 20:07:08.601 I/power_screen_broadcast_done(  575): [0,417,1]
11-25 20:07:09.657 I/notification_enqueue(  575): [10025,1278,com.google.android.apps.fitness,1,NULL,0,Notification(pri=-1 contentView=null vibrate=null sound=null defaults=0x0 flags=0x0 color=0x00000000 vis=PRIVATE),1]
11-25 20:12:00.982 I/battery_level(  575): [58,3850,303]
11-25 20:23:23.146 I/aggregation(  968): 1448479403146
11-25 20:23:24.034 I/notification_enqueue(  575): [10025,1278,com.google.android.apps.fitness,1,NULL,0,Notification(pri=-1 contentView=null vibrate=null sound=null defaults=0x0 flags=0x0 color=0x00000000 vis=PRIVATE),1]
11-25 20:25:27.012 I/power_screen_state(  575): [1,0,0,0]
11-25 20:25:27.012 I/screen_toggled(  575): 1
11-25 20:25:27.013 I/power_screen_broadcast_send(  575): 1
11-25 20:25:27.472 I/power_screen_broadcast_done(  575): [1,460,1]
11-25 20:25:32.000 I/power_sleep_requested(  575): 0
11-25 20:25:32.001 I/power_screen_state(  575): [0,3,0,0]
11-25 20:25:32.001 I/screen_toggled(  575): 0
11-25 20:25:32.001 I/power_screen_broadcast_send(  575): 1
11-25 20:25:32.178 I/power_screen_broadcast_done(  575): [0,177,1]
11-25 20:27:24.146 I/power_screen_state(  575): [1,0,0,0]
11-25 20:27:24.146 I/screen_toggled(  575): 1
11-25 20:27:24.153 I/power_screen_broadcast_send(  575): 1
11-25 20:27:24.245 I/power_screen_broadcast_done(  575): [1,92,1]
11-25 20:27:29.140 I/power_sleep_requested(  575): 0
11-25 20:27:29.141 I/power_screen_state(  575): [0,3,0,0]
11-25 20:27:29.141 I/screen_toggled(  575): 0
11-25 20:27:29.141 I/power_screen_broadcast_send(  575): 1
11-25 20:27:29.175 I/force_gc(  575): Binder
11-25 20:27:29.613 I/power_screen_broadcast_done(  575): [0,471,1]
11-25 20:27:53.062 I/power_screen_state(  575): [1,0,0,0]
11-25 20:27:53.062 I/screen_toggled(  575): 1
11-25 20:27:53.062 I/power_screen_broadcast_send(  575): 1
11-25 20:27:53.159 I/power_screen_broadcast_done(  575): [1,97,1]
11-25 20:27:58.056 I/power_sleep_requested(  575): 0
11-25 20:27:58.057 I/power_screen_state(  575): [0,3,0,0]
11-25 20:27:58.057 I/screen_toggled(  575): 0
11-25 20:27:58.057 I/power_screen_broadcast_send(  575): 1
11-25 20:27:58.221 I/power_screen_broadcast_done(  575): [0,164,1]
11-25 20:35:24.969 I/netstats_mobile_sample(  575): [0,0,0,0,0,0,0,0,0,0,0,0,1448480125432]
11-25 20:35:24.969 I/netstats_wifi_sample(  575): [282386,666,198048,772,280821,629,186607,757,276940,610,186607,757,1448480125432]
11-25 20:35:25.853 I/notification_enqueue(  575): [10025,1278,com.google.android.apps.fitness,1,NULL,0,Notification(pri=-1 contentView=null vibrate=null sound=null defaults=0x0 flags=0x0 color=0x00000000 vis=PRIVATE),1]
11-25 20:36:38.964 I/power_screen_state(  575): [1,0,0,0]
11-25 20:36:38.964 I/screen_toggled(  575): 1
11-25 20:36:38.965 I/power_screen_broadcast_send(  575): 1
11-25 20:36:39.333 I/power_screen_broadcast_done(  575): [1,368,1]
11-25 20:36:43.988 I/power_sleep_requested(  575): 0
11-25 20:36:43.990 I/power_screen_state(  575): [0,3,0,0]
11-25 20:36:43.990 I/screen_toggled(  575): 0
11-25 20:36:43.990 I/power_screen_broadcast_send(  575): 1
11-25 20:36:44.243 I/power_screen_broadcast_done(  575): [0,253,1]
11-25 20:38:14.683 I/power_screen_state(  575): [1,0,0,0]
11-25 20:38:14.683 I/screen_toggled(  575): 1
11-25 20:38:14.687 I/power_screen_broadcast_send(  575): 1
11-25 20:38:14.789 I/power_screen_broadcast_done(  575): [1,101,1]
11-25 20:38:25.192 I/power_sleep_requested(  575): 0
11-25 20:38:25.193 I/power_screen_state(  575): [0,3,0,0]
11-25 20:38:25.193 I/screen_toggled(  575): 0
11-25 20:38:25.195 I/power_screen_broadcast_send(  575): 1
11-25 20:38:25.441 I/power_screen_broadcast_done(  575): [0,246,1]
11-25 20:40:01.007 I/battery_level(  575): [57,3844,294]
11-25 20:40:49.491 I/power_screen_state(  575): [1,0,0,0]
11-25 20:40:49.491 I/screen_toggled(  575): 1
11-25 20:40:49.491 I/power_screen_broadcast_send(  575): 1
11-25 20:40:49.579 I/power_screen_broadcast_done(  575): [1,88,1]
11-25 20:40:54.526 I/power_sleep_requested(  575): 0
11-25 20:40:54.530 I/power_screen_state(  575): [0,3,0,0]
11-25 20:40:54.530 I/screen_toggled(  575): 0
11-25 20:40:54.530 I/power_screen_broadcast_send(  575): 1
11-25 20:40:54.583 I/force_gc(  575): Binder
11-25 20:40:54.879 I/power_screen_broadcast_done(  575): [0,350,1]
11-25 20:41:22.359 I/power_screen_state(  575): [1,0,0,0]
11-25 20:41:22.359 I/screen_toggled(  575): 1
11-25 20:41:22.366 I/power_screen_broadcast_send(  575): 1
11-25 20:41:22.449 I/power_screen_broadcast_done(  575): [1,82,1]
11-25 20:41:27.352 I/power_sleep_requested(  575): 0
11-25 20:41:27.352 I/power_screen_state(  575): [0,3,0,0]
11-25 20:41:27.352 I/screen_toggled(  575): 0
11-25 20:41:27.354 I/power_screen_broadcast_send(  575): 1
11-25 20:41:27.625 I/power_screen_broadcast_done(  575): [0,270,1]
11-25 20:47:27.966 I/notification_enqueue(  575): [10025,1278,com.google.android.apps.fitness,1,NULL,0,Notification(pri=-1 contentView=null vibrate=null sound=null defaults=0x0 flags=0x0 color=0x00000000 vis=PRIVATE),1]
11-25 20:57:44.642 I/power_screen_state(  575): [1,0,0,0]
11-25 20:57:44.642 I/screen_toggled(  575): 1
11-25 20:57:44.642 I/power_screen_broadcast_send(  575): 1
11-25 20:57:44.735 I/power_screen_broadcast_done(  575): [1,92,1]
11-25 20:57:49.636 I/power_sleep_requested(  575): 0
11-25 20:57:49.637 I/power_screen_state(  575): [0,3,0,0]
11-25 20:57:49.637 I/screen_toggled(  575): 0
11-25 20:57:49.637 I/power_screen_broadcast_send(  575): 1
11-25 20:57:49.806 I/power_screen_broadcast_done(  575): [0,168,1]
11-25 20:58:35.115 I/power_screen_state(  575): [1,0,0,0]
11-25 20:58:35.115 I/screen_toggled(  575): 1
11-25 20:58:35.116 I/power_screen_broadcast_send(  575): 1
11-25 20:58:35.218 I/power_screen_broadcast_done(  575): [1,103,1]
11-25 20:58:40.111 I/power_sleep_requested(  575): 0
11-25 20:58:40.112 I/power_screen_state(  575): [0,3,0,0]
11-25 20:58:40.112 I/screen_toggled(  575): 0
11-25 20:58:40.116 I/power_screen_broadcast_send(  575): 1
11-25 20:58:40.291 I/power_screen_broadcast_done(  575): [0,175,1]
11-25 20:59:43.997 I/aggregation(  968): 1448481583997
11-25 20:59:44.363 I/netstats_mobile_sample(  575): [0,0,0,0,0,0,0,0,0,0,0,0,1448481584826]
11-25 20:59:44.364 I/netstats_wifi_sample(  575): [282386,666,198048,772,280821,629,186607,757,276940,610,186607,757,1448481584826]
11-25 20:59:45.177 I/notification_enqueue(  575): [10025,1278,com.google.android.apps.fitness,1,NULL,0,Notification(pri=-1 contentView=null vibrate=null sound=null defaults=0x0 flags=0x0 color=0x00000000 vis=PRIVATE),1]
11-25 21:03:00.991 I/force_gc(  575): Binder
11-25 21:03:12.615 I/power_screen_state(  575): [1,0,0,0]
11-25 21:03:12.615 I/screen_toggled(  575): 1
11-25 21:03:12.615 I/power_screen_broadcast_send(  575): 1
11-25 21:03:12.702 I/power_screen_broadcast_done(  575): [1,87,1]
11-25 21:03:17.647 I/power_sleep_requested(  575): 0
11-25 21:03:17.649 I/power_screen_state(  575): [0,3,0,0]
11-25 21:03:17.649 I/screen_toggled(  575): 0
11-25 21:03:17.649 I/power_screen_broadcast_send(  575): 1
11-25 21:03:17.841 I/power_screen_broadcast_done(  575): [0,191,1]
11-25 21:06:21.670 I/notification_enqueue(  575): [10004,739,com.google.android.wearable.app,31,bridged_notification,0,Notification(pri=0 contentView=null vibrate=null sound=null defaults=0x4 flags=0x101 color=0x00000000 vis=PRIVATE),0]
11-25 21:09:01.009 I/battery_level(  575): [56,3835,304]
11-25 21:24:01.903 I/notification_enqueue(  575): [10025,1278,com.google.android.apps.fitness,1,NULL,0,Notification(pri=-1 contentView=null vibrate=null sound=null defaults=0x0 flags=0x0 color=0x00000000 vis=PRIVATE),1]
11-25 21:30:02.190 I/power_screen_state(  575): [1,0,0,0]
11-25 21:30:02.190 I/screen_toggled(  575): 1
11-25 21:30:02.191 I/power_screen_broadcast_send(  575): 1
11-25 21:30:02.274 I/power_screen_broadcast_done(  575): [1,84,1]
11-25 21:30:07.224 I/power_sleep_requested(  575): 0
11-25 21:30:07.226 I/power_screen_state(  575): [0,3,0,0]
11-25 21:30:07.226 I/screen_toggled(  575): 0
11-25 21:30:07.226 I/power_screen_broadcast_send(  575): 1
11-25 21:30:07.358 I/force_gc(  575): Binder
11-25 21:30:07.571 I/power_screen_broadcast_done(  575): [0,346,1]
11-25 21:36:01.950 I/netstats_mobile_sample(  575): [0,0,0,0,0,0,0,0,0,0,0,0,1448483762412]
11-25 21:36:01.950 I/netstats_wifi_sample(  575): [282386,666,198048,772,280821,629,186607,757,276940,610,186607,757,1448483762412]
11-25 21:36:02.169 I/aggregation(  968): 1448483762169
11-25 21:36:03.849 I/notification_enqueue(  575): [10025,1278,com.google.android.apps.fitness,1,NULL,0,Notification(pri=-1 contentView=null vibrate=null sound=null defaults=0x0 flags=0x0 color=0x00000000 vis=PRIVATE),1]
11-25 21:36:07.897 I/notification_enqueue(  575): [10038,2026,com.emmaguy.todayilearned,320,NULL,0,Notification(pri=0 contentView=null vibrate=null sound=null defaults=0x0 flags=0x0 color=0x00000000 actions=6 vis=PRIVATE),0]
11-25 21:40:01.014 I/battery_level(  575): [55,3832,275]
11-25 21:48:06.662 I/notification_enqueue(  575): [10025,1278,com.google.android.apps.fitness,1,NULL,0,Notification(pri=-1 contentView=null vibrate=null sound=null defaults=0x0 flags=0x0 color=0x00000000 vis=PRIVATE),1]
11-25 22:08:12.533 I/aggregation(  968): 1448485692533
11-25 22:08:13.592 I/netstats_mobile_sample(  575): [0,0,0,0,0,0,0,0,0,0,0,0,1448485694055]
11-25 22:08:13.593 I/netstats_wifi_sample(  575): [282386,666,198048,772,280821,629,186607,757,276940,610,186607,757,1448485694055]
11-25 22:08:14.304 I/notification_enqueue(  575): [10025,1278,com.google.android.apps.fitness,1,NULL,0,Notification(pri=-1 contentView=null vibrate=null sound=null defaults=0x0 flags=0x0 color=0x00000000 vis=PRIVATE),1]
11-25 22:09:02.646 I/am_pause_activity(  575): [0,6435157,com.google.android.wearable.app/com.google.android.clockwork.home.HomeActivity]
11-25 22:09:02.670 I/am_on_paused_called(  739): [0,com.google.android.clockwork.home.HomeActivity]
11-25 22:09:02.671 I/am_focused_activity(  575): [0,com.google.android.wearable.app/com.google.android.clockwork.home.HomeActivity]
11-25 22:20:16.018 I/battery_level(  575): [54,3829,245]
11-25 22:20:17.024 I/notification_enqueue(  575): [10025,1278,com.google.android.apps.fitness,1,NULL,0,Notification(pri=-1 contentView=null vibrate=null sound=null defaults=0x0 flags=0x0 color=0x00000000 vis=PRIVATE),1]
11-25 22:32:17.856 I/notification_enqueue(  575): [10025,1278,com.google.android.apps.fitness,1,NULL,0,Notification(pri=-1 contentView=null vibrate=null sound=null defaults=0x0 flags=0x0 color=0x00000000 vis=PRIVATE),1]
11-25 22:44:44.006 I/netstats_mobile_sample(  575): [0,0,0,0,0,0,0,0,0,0,0,0,1448487884468]
11-25 22:44:44.006 I/netstats_wifi_sample(  575): [282386,666,198048,772,280821,629,186607,757,276940,610,186607,757,1448487884468]
11-25 22:44:44.038 I/aggregation(  968): 1448487884038
11-25 22:44:45.197 I/notification_enqueue(  575): [10025,1278,com.google.android.apps.fitness,1,NULL,0,Notification(pri=-1 contentView=null vibrate=null sound=null defaults=0x0 flags=0x0 color=0x00000000 vis=PRIVATE),1]
11-25 22:59:44.019 I/netstats_mobile_sample(  575): [0,0,0,0,0,0,0,0,0,0,0,0,1448488784482]
11-25 22:59:44.019 I/netstats_wifi_sample(  575): [282386,666,198048,772,280821,629,186607,757,276940,610,186607,757,1448488784482]
11-25 22:59:44.938 I/notification_enqueue(  575): [10025,1278,com.google.android.apps.fitness,1,NULL,0,Notification(pri=-1 contentView=null vibrate=null sound=null defaults=0x0 flags=0x0 color=0x00000000 vis=PRIVATE),1]
11-25 23:03:16.402 I/notification_cancel(  575): [10004,739,com.google.android.wearable.app,31,bridged_notification,0,0,64,8,NULL]
11-25 23:03:16.403 I/notification_canceled(  575): [0|com.google.android.wearable.app|31|bridged_notification|10004,8]
11-25 23:14:46.781 I/aggregation(  968): 1448489686781
11-25 23:14:50.220 I/notification_enqueue(  575): [10025,1278,com.google.android.apps.fitness,1,NULL,0,Notification(pri=-1 contentView=null vibrate=null sound=null defaults=0x0 flags=0x0 color=0x00000000 vis=PRIVATE),1]
11-25 23:18:54.075 I/battery_level(  575): [53,3828,247]
11-25 23:29:44.025 I/netstats_mobile_sample(  575): [0,0,0,0,0,0,0,0,0,0,0,0,1448490584487]
11-25 23:29:44.025 I/netstats_wifi_sample(  575): [282386,666,198048,772,280821,629,186607,757,276940,610,186607,757,1448490584487]
11-25 23:29:45.464 I/notification_enqueue(  575): [10025,1278,com.google.android.apps.fitness,1,NULL,0,Notification(pri=-1 contentView=null vibrate=null sound=null defaults=0x0 flags=0x0 color=0x00000000 vis=PRIVATE),1]
11-25 23:38:49.343 I/am_resume_activity(  575): [0,6435157,196,com.google.android.wearable.app/com.google.android.clockwork.home.HomeActivity]
11-25 23:38:49.350 I/power_screen_state(  575): [1,0,0,0]
11-25 23:38:49.350 I/screen_toggled(  575): 1
11-25 23:38:49.410 I/power_screen_broadcast_send(  575): 1
11-25 23:38:49.499 I/am_on_resume_called(  739): [0,com.google.android.clockwork.home.HomeActivity]
11-25 23:38:49.668 I/sf_frame_dur(  176): [ColorFade,23,3,0,0,2,0,0]
11-25 23:38:49.707 I/power_screen_broadcast_done(  575): [1,297,1]
11-25 23:39:04.087 I/am_home_stack_moved(  575): [0,1,0,0,intentActivityFound]
11-25 23:39:04.087 I/wm_task_moved(  575): [196,1,0]
11-25 23:39:04.091 I/am_new_intent(  575): [0,605174120,196,com.google.android.wearable.app/com.google.android.clockwork.home.HomeActivity,android.intent.action.MAIN,NULL,NULL,270532608]
11-25 23:39:04.118 I/power_sleep_requested(  575): 0
11-25 23:39:04.119 I/power_screen_state(  575): [0,2,0,0]
11-25 23:39:04.119 I/screen_toggled(  575): 0
11-25 23:39:04.120 I/power_screen_broadcast_send(  575): 1
11-25 23:39:04.490 I/power_screen_broadcast_done(  575): [0,370,1]
11-25 23:39:05.254 I/power_screen_state(  575): [1,0,0,0]
11-25 23:39:05.254 I/screen_toggled(  575): 1
11-25 23:39:05.254 I/power_screen_broadcast_send(  575): 1
11-25 23:39:05.346 I/power_screen_broadcast_done(  575): [1,92,1]
11-25 23:39:23.524 I/power_sleep_requested(  575): 0
11-25 23:39:23.525 I/power_screen_state(  575): [0,3,0,0]
11-25 23:39:23.525 I/screen_toggled(  575): 0
11-25 23:39:23.528 I/power_screen_broadcast_send(  575): 1
11-25 23:39:23.540 I/force_gc(  814): Binder
11-25 23:39:23.812 I/power_screen_broadcast_done(  575): [0,284,1]
11-25 23:39:27.405 I/power_screen_state(  575): [1,0,0,0]
11-25 23:39:27.405 I/screen_toggled(  575): 1
11-25 23:39:27.406 I/power_screen_broadcast_send(  575): 1
11-25 23:39:27.488 I/power_screen_broadcast_done(  575): [1,83,1]
11-25 23:39:34.797 I/power_sleep_requested(  575): 0
11-25 23:39:34.800 I/power_screen_state(  575): [0,3,0,0]
11-25 23:39:34.800 I/screen_toggled(  575): 0
11-25 23:39:34.800 I/power_screen_broadcast_send(  575): 1
11-25 23:39:35.090 I/power_screen_broadcast_done(  575): [0,290,1]
11-25 23:40:31.289 I/power_screen_state(  575): [1,0,0,0]
11-25 23:40:31.289 I/screen_toggled(  575): 1
11-25 23:40:31.289 I/power_screen_broadcast_send(  575): 1
11-25 23:40:31.374 I/power_screen_broadcast_done(  575): [1,84,1]
11-25 23:40:36.326 I/power_sleep_requested(  575): 0
11-25 23:40:36.329 I/power_screen_state(  575): [0,3,0,0]
11-25 23:40:36.329 I/screen_toggled(  575): 0
11-25 23:40:36.329 I/power_screen_broadcast_send(  575): 1
11-25 23:40:36.501 I/power_screen_broadcast_done(  575): [0,172,1]
11-25 23:42:05.664 I/power_screen_state(  575): [1,0,0,0]
11-25 23:42:05.664 I/screen_toggled(  575): 1
11-25 23:42:05.664 I/power_screen_broadcast_send(  575): 1
11-25 23:42:05.750 I/power_screen_broadcast_done(  575): [1,85,1]
11-25 23:42:10.698 I/power_sleep_requested(  575): 0
11-25 23:42:10.700 I/power_screen_state(  575): [0,3,0,0]
11-25 23:42:10.700 I/screen_toggled(  575): 0
11-25 23:42:10.701 I/power_screen_broadcast_send(  575): 1
11-25 23:42:10.882 I/power_screen_broadcast_done(  575): [0,182,1]
11-25 23:54:01.433 I/aggregation(  968): 1448492041433
11-25 23:54:03.204 I/notification_enqueue(  575): [10025,1278,com.google.android.apps.fitness,1,NULL,0,Notification(pri=-1 contentView=null vibrate=null sound=null defaults=0x0 flags=0x0 color=0x00000000 vis=PRIVATE),1]
11-25 23:55:01.051 I/battery_level(  575): [52,3812,243]
11-26 00:00:01.041 I/netstats_mobile_sample(  575): [0,0,0,0,0,0,0,0,0,0,0,0,1448492401503]
11-26 00:00:01.042 I/netstats_wifi_sample(  575): [282386,666,198048,772,280821,629,186607,757,276940,610,186607,757,1448492401503]
11-26 00:00:01.290 I/notification_cancel(  575): [10025,1278,com.google.android.apps.fitness,3,NULL,0,0,64,8,NULL]
11-26 00:00:01.865 I/notification_cancel(  575): [10025,1278,com.google.android.apps.fitness,1,NULL,0,0,64,8,NULL]
11-26 00:00:01.866 I/notification_canceled(  575): [0|com.google.android.apps.fitness|1|null|10025,8]
11-26 00:14:44.442 I/notification_cancel(  575): [10025,1278,com.google.android.apps.fitness,1,NULL,0,0,64,8,NULL]
11-26 00:18:35.209 I/notification_enqueue(  575): [10004,739,com.google.android.wearable.app,32,bridged_notification,0,Notification(pri=0 contentView=null vibrate=null sound=null defaults=0x4 flags=0x101 color=0x00000000 vis=PRIVATE),0]
11-26 00:24:01.802 I/aggregation(  968): 1448493841802
11-26 00:25:01.629 I/am_pause_activity(  575): [0,6435157,com.google.android.wearable.app/com.google.android.clockwork.home.HomeActivity]
11-26 00:25:01.634 I/am_on_paused_called(  739): [0,com.google.android.clockwork.home.HomeActivity]
11-26 00:25:01.634 I/am_focused_activity(  575): [0,com.google.android.wearable.app/com.google.android.clockwork.home.HomeActivity]
11-26 00:36:27.059 I/battery_level(  575): [51,3814,218]
11-26 00:40:06.048 I/netstats_mobile_sample(  575): [0,0,0,0,0,0,0,0,0,0,0,0,1448494806510]
11-26 00:40:06.048 I/netstats_wifi_sample(  575): [282386,666,198048,772,280821,629,186607,757,276940,610,186607,757,1448494806510]
11-26 00:40:07.535 I/notification_cancel(  575): [10025,1278,com.google.android.apps.fitness,1,NULL,0,0,64,8,NULL]
11-26 00:54:03.374 I/aggregation(  968): 1448495643374
11-26 00:54:04.853 I/notification_cancel(  575): [10025,1278,com.google.android.apps.fitness,1,NULL,0,0,64,8,NULL]
11-26 01:06:04.056 I/netstats_mobile_sample(  575): [0,0,0,0,0,0,0,0,0,0,0,0,1448496364519]
11-26 01:06:04.057 I/netstats_wifi_sample(  575): [282386,666,198048,772,280821,629,186607,757,276940,610,186607,757,1448496364519]
11-26 01:06:04.786 I/notification_cancel(  575): [10025,1278,com.google.android.apps.fitness,1,NULL,0,0,64,8,NULL]
11-26 01:18:05.833 I/notification_cancel(  575): [10025,1278,com.google.android.apps.fitness,1,NULL,0,0,64,8,NULL]
11-26 01:30:06.065 I/netstats_mobile_sample(  575): [0,0,0,0,0,0,0,0,0,0,0,0,1448497806527]
11-26 01:30:06.065 I/netstats_wifi_sample(  575): [282386,666,198048,772,280821,629,186607,757,276940,610,186607,757,1448497806527]
11-26 01:30:06.113 I/aggregation(  968): 1448497806113
11-26 01:30:10.756 I/notification_cancel(  575): [10025,1278,com.google.android.apps.fitness,1,NULL,0,0,64,8,NULL]
11-26 01:43:07.675 I/battery_level(  575): [50,3804,211]
11-26 01:44:44.544 I/notification_cancel(  575): [10025,1278,com.google.android.apps.fitness,1,NULL,0,0,64,8,NULL]
11-26 02:00:08.095 I/netstats_mobile_sample(  575): [0,0,0,0,0,0,0,0,0,0,0,0,1448499608557]
11-26 02:00:08.095 I/netstats_wifi_sample(  575): [282386,666,198048,772,280821,629,186607,757,276940,610,186607,757,1448499608557]
11-26 02:00:08.523 I/aggregation(  968): 1448499608523
11-26 02:00:09.895 I/notification_cancel(  575): [10025,1278,com.google.android.apps.fitness,1,NULL,0,0,64,8,NULL]
11-26 02:14:44.773 I/notification_cancel(  575): [10025,1278,com.google.android.apps.fitness,1,NULL,0,0,64,8,NULL]
11-26 02:30:11.090 I/netstats_mobile_sample(  575): [0,0,0,0,0,0,0,0,0,0,0,0,1448501411553]
11-26 02:30:11.091 I/netstats_wifi_sample(  575): [282386,666,198048,772,280821,629,186607,757,276940,610,186607,757,1448501411553]
11-26 02:30:11.837 I/aggregation(  968): 1448501411837
11-26 02:30:15.486 I/notification_cancel(  575): [10025,1278,com.google.android.apps.fitness,1,NULL,0,0,64,8,NULL]
11-26 02:44:45.441 I/notification_cancel(  575): [10025,1278,com.google.android.apps.fitness,1,NULL,0,0,64,8,NULL]
11-26 03:00:14.032 I/netstats_mobile_sample(  575): [0,0,0,0,0,0,0,0,0,0,0,0,1448503214495]
11-26 03:00:14.033 I/netstats_wifi_sample(  575): [282386,666,198048,772,280821,629,186607,757,276940,610,186607,757,1448503214495]
11-26 03:00:14.445 I/aggregation(  968): 1448503214445
11-26 03:00:15.839 I/notification_cancel(  575): [10025,1278,com.google.android.apps.fitness,1,NULL,0,0,64,8,NULL]
11-26 03:02:09.705 I/battery_level(  575): [49,3802,208]
11-26 03:14:44.694 I/notification_cancel(  575): [10025,1278,com.google.android.apps.fitness,1,NULL,0,0,64,8,NULL]
11-26 03:30:16.040 I/netstats_mobile_sample(  575): [0,0,0,0,0,0,0,0,0,0,0,0,1448505016502]
11-26 03:30:16.040 I/netstats_wifi_sample(  575): [282386,666,198048,772,280821,629,186607,757,276940,610,186607,757,1448505016502]
11-26 03:30:16.765 I/aggregation(  968): 1448505016765
11-26 03:30:17.769 I/notification_cancel(  575): [10025,1278,com.google.android.apps.fitness,1,NULL,0,0,64,8,NULL]
11-26 03:35:17.843 I/notification_enqueue(  575): [10038,2026,com.emmaguy.todayilearned,330,NULL,0,Notification(pri=0 contentView=null vibrate=null sound=null defaults=0x0 flags=0x0 color=0x00000000 actions=6 vis=PRIVATE),0]
11-26 03:35:17.888 I/notification_enqueue(  575): [10038,2026,com.emmaguy.todayilearned,340,NULL,0,Notification(pri=0 contentView=null vibrate=null sound=null defaults=0x0 flags=0x0 color=0x00000000 groupKey=group_key_subreddit_posts actions=5 vis=PRIVATE),0]
11-26 03:44:45.534 I/notification_cancel(  575): [10025,1278,com.google.android.apps.fitness,1,NULL,0,0,64,8,NULL]
11-26 04:00:19.050 I/netstats_mobile_sample(  575): [0,0,0,0,0,0,0,0,0,0,0,0,1448506819512]
11-26 04:00:19.050 I/netstats_wifi_sample(  575): [282386,666,198048,772,280821,629,186607,757,276940,610,186607,757,1448506819512]
11-26 04:00:19.549 I/aggregation(  968): 1448506819549
11-26 04:00:20.938 I/notification_cancel(  575): [10025,1278,com.google.android.apps.fitness,1,NULL,0,0,64,8,NULL]
11-26 04:14:44.068 I/battery_level(  575): [48,3802,208]
11-26 04:14:44.821 I/notification_cancel(  575): [10025,1278,com.google.android.apps.fitness,1,NULL,0,0,64,8,NULL]
11-26 04:30:22.071 I/netstats_mobile_sample(  575): [0,0,0,0,0,0,0,0,0,0,0,0,1448508622533]
11-26 04:30:22.071 I/netstats_wifi_sample(  575): [282386,666,198048,772,280821,629,186607,757,276940,610,186607,757,1448508622533]
11-26 04:30:22.761 I/aggregation(  968): 1448508622761
11-26 04:30:26.354 I/notification_cancel(  575): [10025,1278,com.google.android.apps.fitness,1,NULL,0,0,64,8,NULL]
11-26 04:44:45.461 I/notification_cancel(  575): [10025,1278,com.google.android.apps.fitness,1,NULL,0,0,64,8,NULL]
11-26 04:47:28.463 I/notification_cancel(  575): [10004,739,com.google.android.wearable.app,962406116,now,0,0,64,8,NULL]
11-26 04:47:28.463 I/notification_canceled(  575): [0|com.google.android.wearable.app|962406116|now|10004,8]
11-26 05:00:25.081 I/netstats_mobile_sample(  575): [0,0,0,0,0,0,0,0,0,0,0,0,1448510425543]
11-26 05:00:25.081 I/netstats_wifi_sample(  575): [282386,666,198048,772,280821,629,186607,757,276940,610,186607,757,1448510425543]
11-26 05:00:25.645 I/aggregation(  968): 1448510425645
11-26 05:00:26.622 I/notification_enqueue(  575): [10004,739,com.google.android.wearable.app,962406116,now,0,Notification(pri=-2 contentView=null vibrate=null sound=null defaults=0x0 flags=0x100 color=0x00000000 sortKey=0000000002 vis=PRIVATE),0]
11-26 05:00:27.188 I/notification_cancel(  575): [10025,1278,com.google.android.apps.fitness,1,NULL,0,0,64,8,NULL]
11-26 05:14:44.839 I/notification_cancel(  575): [10025,1278,com.google.android.apps.fitness,1,NULL,0,0,64,8,NULL]
11-26 05:16:28.083 I/battery_level(  575): [47,3806,207]
11-26 05:30:28.083 I/netstats_mobile_sample(  575): [0,0,0,0,0,0,0,0,0,0,0,0,1448512228545]
11-26 05:30:28.083 I/netstats_wifi_sample(  575): [282386,666,198048,772,280821,629,186607,757,276940,610,186607,757,1448512228545]
11-26 05:30:28.682 I/aggregation(  968): 1448512228682
11-26 05:30:29.763 I/notification_cancel(  575): [10025,1278,com.google.android.apps.fitness,1,NULL,0,0,64,8,NULL]
11-26 05:44:45.451 I/notification_cancel(  575): [10025,1278,com.google.android.apps.fitness,1,NULL,0,0,64,8,NULL]
11-26 06:00:31.095 I/netstats_mobile_sample(  575): [0,0,0,0,0,0,0,0,0,0,0,0,1448514031557]
11-26 06:00:31.095 I/netstats_wifi_sample(  575): [282386,666,198048,772,280821,629,186607,757,276940,610,186607,757,1448514031557]
11-26 06:00:31.533 I/aggregation(  968): 1448514031533
11-26 06:00:32.909 I/notification_cancel(  575): [10025,1278,com.google.android.apps.fitness,1,NULL,0,0,64,8,NULL]
11-26 06:14:44.935 I/notification_cancel(  575): [10025,1278,com.google.android.apps.fitness,1,NULL,0,0,64,8,NULL]
11-26 06:14:46.150 I/free_storage_left(  575): [2695077888,10702848,254398464]
11-26 06:26:28.110 I/battery_level(  575): [46,3804,206]
11-26 06:30:34.103 I/netstats_mobile_sample(  575): [0,0,0,0,0,0,0,0,0,0,0,0,1448515834566]
11-26 06:30:34.104 I/netstats_wifi_sample(  575): [282386,666,198048,772,280821,629,186607,757,276940,610,186607,757,1448515834566]
11-26 06:30:34.511 I/aggregation(  968): 1448515834511
11-26 06:30:35.898 I/notification_cancel(  575): [10025,1278,com.google.android.apps.fitness,1,NULL,0,0,64,8,NULL]
11-26 06:36:14.343 I/notification_enqueue(  575): [10038,2026,com.emmaguy.todayilearned,350,NULL,0,Notification(pri=0 contentView=null vibrate=null sound=null defaults=0x0 flags=0x0 color=0x00000000 actions=6 vis=PRIVATE),0]
11-26 06:36:14.412 I/notification_enqueue(  575): [10038,2026,com.emmaguy.todayilearned,360,NULL,0,Notification(pri=0 contentView=null vibrate=null sound=null defaults=0x0 flags=0x0 color=0x00000000 groupKey=group_key_subreddit_posts actions=5 vis=PRIVATE),0]
11-26 06:36:14.449 I/notification_enqueue(  575): [10038,2026,com.emmaguy.todayilearned,370,NULL,0,Notification(pri=0 contentView=null vibrate=null sound=null defaults=0x0 flags=0x0 color=0x00000000 groupKey=group_key_subreddit_posts actions=5 vis=PRIVATE),0]
11-26 06:36:14.504 I/notification_enqueue(  575): [10038,2026,com.emmaguy.todayilearned,380,NULL,0,Notification(pri=0 contentView=null vibrate=null sound=null defaults=0x0 flags=0x0 color=0x00000000 groupKey=group_key_subreddit_posts actions=5 vis=PRIVATE),0]
11-26 06:36:14.586 I/notification_enqueue(  575): [10038,2026,com.emmaguy.todayilearned,390,NULL,0,Notification(pri=0 contentView=null vibrate=null sound=null defaults=0x0 flags=0x0 color=0x00000000 groupKey=group_key_subreddit_posts actions=5 vis=PRIVATE),0]
11-26 06:44:45.508 I/notification_cancel(  575): [10025,1278,com.google.android.apps.fitness,1,NULL,0,0,64,8,NULL]
11-26 06:50:24.499 I/notification_cancel(  575): [10004,739,com.google.android.wearable.app,962406116,now,0,0,64,8,NULL]
11-26 06:50:24.499 I/notification_canceled(  575): [0|com.google.android.wearable.app|962406116|now|10004,8]
11-26 06:50:24.876 I/notification_enqueue(  575): [10004,739,com.google.android.wearable.app,962406116,now,0,Notification(pri=-2 contentView=null vibrate=null sound=null defaults=0x0 flags=0x100 color=0x00000000 sortKey=0000000003 vis=PRIVATE),0]
11-26 06:50:25.040 I/notification_enqueue(  575): [10004,739,com.google.android.wearable.app,-1426017619,now,0,Notification(pri=-2 contentView=null vibrate=null sound=null defaults=0x0 flags=0x100 color=0x00000000 sortKey=0000000002 vis=PRIVATE),0]
11-26 07:00:17.324 I/force_gc( 1101): Binder
11-26 07:00:17.975 I/notification_cancel(  575): [10004,739,com.google.android.wearable.app,32,bridged_notification,0,0,64,8,NULL]
11-26 07:00:17.975 I/notification_canceled(  575): [0|com.google.android.wearable.app|32|bridged_notification|10004,8]
11-26 07:00:37.118 I/netstats_mobile_sample(  575): [0,0,0,0,0,0,0,0,0,0,0,0,1448517637580]
11-26 07:00:37.133 I/netstats_wifi_sample(  575): [282386,666,198048,772,280821,629,186607,757,276940,610,186607,757,1448517637580]
11-26 07:00:37.621 I/aggregation(  968): 1448517637621
11-26 07:00:38.966 I/notification_cancel(  575): [10025,1278,com.google.android.apps.fitness,1,NULL,0,0,64,8,NULL]
11-26 07:11:21.972 I/am_resume_activity(  575): [0,6435157,196,com.google.android.wearable.app/com.google.android.clockwork.home.HomeActivity]
11-26 07:11:21.999 I/power_screen_state(  575): [1,0,0,0]
11-26 07:11:21.999 I/screen_toggled(  575): 1
11-26 07:11:22.009 I/power_screen_broadcast_send(  575): 1
11-26 07:11:22.163 I/am_on_resume_called(  739): [0,com.google.android.clockwork.home.HomeActivity]
11-26 07:11:22.277 I/sf_frame_dur(  176): [ColorFade,25,1,0,0,2,0,0]
11-26 07:11:22.369 I/power_screen_broadcast_done(  575): [1,360,1]
11-26 07:11:26.984 I/power_sleep_requested(  575): 0
11-26 07:11:26.988 I/power_screen_state(  575): [0,3,0,0]
11-26 07:11:26.988 I/screen_toggled(  575): 0
11-26 07:11:26.988 I/power_screen_broadcast_send(  575): 1
11-26 07:11:27.199 I/power_screen_broadcast_done(  575): [0,210,1]
11-26 07:11:46.800 I/power_screen_state(  575): [1,0,0,0]
11-26 07:11:46.800 I/screen_toggled(  575): 1
11-26 07:11:46.800 I/power_screen_broadcast_send(  575): 1
11-26 07:11:46.891 I/power_screen_broadcast_done(  575): [1,91,1]
11-26 07:11:56.052 I/power_sleep_requested(  575): 0
11-26 07:11:56.054 I/power_screen_state(  575): [0,3,0,0]
11-26 07:11:56.054 I/screen_toggled(  575): 0
11-26 07:11:56.054 I/power_screen_broadcast_send(  575): 1
11-26 07:11:56.228 I/power_screen_broadcast_done(  575): [0,174,1]
11-26 07:12:02.852 I/power_screen_state(  575): [1,0,0,0]
11-26 07:12:02.852 I/screen_toggled(  575): 1
11-26 07:12:02.852 I/power_screen_broadcast_send(  575): 1
11-26 07:12:02.938 I/power_screen_broadcast_done(  575): [1,85,1]
11-26 07:12:07.884 I/power_sleep_requested(  575): 0
11-26 07:12:07.885 I/power_screen_state(  575): [0,3,0,0]
11-26 07:12:07.885 I/screen_toggled(  575): 0
11-26 07:12:07.885 I/power_screen_broadcast_send(  575): 1
11-26 07:12:07.976 I/power_screen_broadcast_done(  575): [0,90,1]
11-26 07:14:01.143 I/battery_level(  575): [45,3781,260]
11-26 07:14:53.003 I/power_screen_state(  575): [1,0,0,0]
11-26 07:14:53.003 I/screen_toggled(  575): 1
11-26 07:14:53.004 I/power_screen_broadcast_send(  575): 1
11-26 07:14:53.086 I/power_screen_broadcast_done(  575): [1,82,1]
11-26 07:14:58.036 I/power_sleep_requested(  575): 0
11-26 07:14:58.042 I/power_screen_state(  575): [0,3,0,0]
11-26 07:14:58.042 I/screen_toggled(  575): 0
11-26 07:14:58.042 I/power_screen_broadcast_send(  575): 1
11-26 07:14:58.212 I/power_screen_broadcast_done(  575): [0,169,1]
11-26 07:18:03.388 I/power_screen_state(  575): [1,0,0,0]
11-26 07:18:03.388 I/screen_toggled(  575): 1
11-26 07:18:03.388 I/power_screen_broadcast_send(  575): 1
11-26 07:18:03.650 I/power_screen_broadcast_done(  575): [1,261,1]
11-26 07:18:03.714 I/force_gc(  575): Binder
11-26 07:18:08.428 I/power_sleep_requested(  575): 0
11-26 07:18:08.431 I/power_screen_state(  575): [0,3,0,0]
11-26 07:18:08.431 I/screen_toggled(  575): 0
11-26 07:18:08.431 I/power_screen_broadcast_send(  575): 1
11-26 07:18:08.616 I/power_screen_broadcast_done(  575): [0,184,1]
11-26 07:21:36.458 I/notification_cancel(  575): [10024,9327,com.google.android.deskclock,10436,NULL,0,0,64,8,NULL]
11-26 07:22:03.909 I/power_screen_state(  575): [1,0,0,0]
11-26 07:22:03.909 I/screen_toggled(  575): 1
11-26 07:22:03.910 I/power_screen_broadcast_send(  575): 1
11-26 07:22:03.998 I/power_screen_broadcast_done(  575): [1,88,1]
11-26 07:22:08.945 I/power_sleep_requested(  575): 0
11-26 07:22:08.947 I/power_screen_state(  575): [0,3,0,0]
11-26 07:22:08.947 I/screen_toggled(  575): 0
11-26 07:22:08.947 I/power_screen_broadcast_send(  575): 1
11-26 07:22:09.128 I/power_screen_broadcast_done(  575): [0,181,1]
11-26 07:22:55.696 I/power_screen_state(  575): [1,0,0,0]
11-26 07:22:55.696 I/screen_toggled(  575): 1
11-26 07:22:55.696 I/power_screen_broadcast_send(  575): 1
11-26 07:22:55.782 I/power_screen_broadcast_done(  575): [1,86,1]
11-26 07:23:00.728 I/power_sleep_requested(  575): 0
11-26 07:23:00.731 I/power_screen_state(  575): [0,3,0,0]
11-26 07:23:00.731 I/screen_toggled(  575): 0
11-26 07:23:00.731 I/power_screen_broadcast_send(  575): 1
11-26 07:23:00.911 I/power_screen_broadcast_done(  575): [0,180,1]
11-26 07:25:01.729 I/notification_cancel(  575): [10025,1278,com.google.android.apps.fitness,1,NULL,0,0,64,8,NULL]
11-26 07:27:21.585 I/power_screen_state(  575): [1,0,0,0]
11-26 07:27:21.585 I/screen_toggled(  575): 1
11-26 07:27:21.586 I/power_screen_broadcast_send(  575): 1
11-26 07:27:21.677 I/power_screen_broadcast_done(  575): [1,91,1]
11-26 07:27:26.616 I/power_sleep_requested(  575): 0
11-26 07:27:26.617 I/power_screen_state(  575): [0,3,0,0]
11-26 07:27:26.617 I/screen_toggled(  575): 0
11-26 07:27:26.618 I/power_screen_broadcast_send(  575): 1
11-26 07:27:26.801 I/power_screen_broadcast_done(  575): [0,183,1]
11-26 07:30:01.379 I/notification_enqueue(  575): [10004,739,com.google.android.wearable.app,-1686245135,cal_notif,0,Notification(pri=0 contentView=null vibrate=null sound=null defaults=0x0 flags=0x100 color=0x00000000 groupKey=/cal/top/0 sortKey=01448521200000-01448524800000-789 vis=PRIVATE),0]
11-26 07:30:01.422 I/notification_enqueue(  575): [10004,739,com.google.android.wearable.app,875576614,cal_notif,0,Notification(pri=0 contentView=null vibrate=default sound=null defaults=0x2 flags=0x300 color=0x00000000 groupKey=/cal/top/0 vis=PRIVATE),0]
11-26 07:30:02.081 I/force_gc(  575): Binder
11-26 07:30:02.446 I/power_screen_state(  575): [1,0,0,0]
11-26 07:30:02.446 I/screen_toggled(  575): 1
11-26 07:30:02.446 I/power_screen_broadcast_send(  575): 1
11-26 07:30:02.875 I/power_screen_broadcast_done(  575): [1,428,1]
11-26 07:30:04.213 I/notification_enqueue(  575): [10004,739,com.google.android.wearable.app,33,bridged_notification,0,Notification(pri=0 contentView=null vibrate=null sound=default defaults=0x5 flags=0x101 color=0x00000000 actions=1 vis=PRIVATE),0]
11-26 07:30:11.931 I/notification_cancel(  575): [10004,739,com.google.android.wearable.app,875576614,cal_notif,0,0,66,10,{com.google.android.wearable.app/com.google.android.clockwork.stream.NotificationCollectorService}]
11-26 07:30:11.933 I/notification_canceled(  575): [0|com.google.android.wearable.app|875576614|cal_notif|10004,10]
11-26 07:30:11.933 I/notification_cancel(  575): [10004,739,com.google.android.wearable.app,-1686245135,cal_notif,0,0,0,12,{com.google.android.wearable.app/com.google.android.clockwork.stream.NotificationCollectorService}]
11-26 07:30:11.933 I/notification_canceled(  575): [0|com.google.android.wearable.app|-1686245135|cal_notif|10004,12]
11-26 07:30:18.858 I/power_sleep_requested(  575): 0
11-26 07:30:18.859 I/power_screen_state(  575): [0,3,0,0]
11-26 07:30:18.859 I/screen_toggled(  575): 0
11-26 07:30:18.859 I/power_screen_broadcast_send(  575): 1
11-26 07:30:19.157 I/power_screen_broadcast_done(  575): [0,297,1]
11-26 07:30:40.449 I/aggregation(  968): 1448519440449
11-26 07:30:44.535 I/netstats_mobile_sample(  575): [0,0,0,0,0,0,0,0,0,0,0,0,1448519446279]
11-26 07:30:44.535 I/netstats_wifi_sample(  575): [282386,666,198048,772,280821,629,186607,757,276940,610,186607,757,1448519446279]
11-26 07:30:44.922 I/notification_cancel(  575): [10025,1278,com.google.android.apps.fitness,1,NULL,0,0,64,8,NULL]
11-26 07:31:59.327 I/power_screen_state(  575): [1,0,0,0]
11-26 07:31:59.327 I/screen_toggled(  575): 1
11-26 07:31:59.328 I/power_screen_broadcast_send(  575): 1
11-26 07:31:59.733 I/power_screen_broadcast_done(  575): [1,406,1]
11-26 07:32:04.322 I/power_sleep_requested(  575): 0
11-26 07:32:04.323 I/power_screen_state(  575): [0,3,0,0]
11-26 07:32:04.323 I/screen_toggled(  575): 0
11-26 07:32:04.323 I/power_screen_broadcast_send(  575): 1
11-26 07:32:04.543 I/power_screen_broadcast_done(  575): [0,220,1]
11-26 07:32:17.090 I/power_screen_state(  575): [1,0,0,0]
11-26 07:32:17.090 I/screen_toggled(  575): 1
11-26 07:32:17.090 I/power_screen_broadcast_send(  575): 1
11-26 07:32:17.398 I/power_screen_broadcast_done(  575): [1,309,1]
11-26 07:32:22.126 I/power_sleep_requested(  575): 0
11-26 07:32:22.129 I/power_screen_state(  575): [0,3,0,0]
11-26 07:32:22.129 I/screen_toggled(  575): 0
11-26 07:32:22.129 I/power_screen_broadcast_send(  575): 1
11-26 07:32:22.322 I/power_screen_broadcast_done(  575): [0,192,1]
11-26 07:32:28.688 I/power_screen_state(  575): [1,0,0,0]
11-26 07:32:28.688 I/screen_toggled(  575): 1
11-26 07:32:28.688 I/power_screen_broadcast_send(  575): 1
11-26 07:32:28.772 I/power_screen_broadcast_done(  575): [1,84,1]
11-26 07:32:28.859 I/force_gc(  575): Binder
11-26 07:32:33.724 I/power_sleep_requested(  575): 0
11-26 07:32:33.726 I/power_screen_state(  575): [0,3,0,0]
11-26 07:32:33.726 I/screen_toggled(  575): 0
11-26 07:32:33.727 I/power_screen_broadcast_send(  575): 1
11-26 07:32:33.907 I/power_screen_broadcast_done(  575): [0,180,1]
11-26 07:36:01.053 I/battery_level(  575): [44,3779,303]
11-26 07:37:12.483 I/notification_cancel(  575): [10024,9327,com.google.android.deskclock,10436,NULL,0,0,64,8,NULL]
11-26 07:37:12.513 I/power_screen_state(  575): [1,0,0,0]
11-26 07:37:12.513 I/screen_toggled(  575): 1
11-26 07:37:12.514 I/power_screen_broadcast_send(  575): 1
11-26 07:37:12.594 I/power_screen_broadcast_done(  575): [1,81,1]
11-26 07:37:12.611 I/force_gc(  814): Binder
11-26 07:37:14.575 I/notification_enqueue(  575): [10004,739,com.google.android.wearable.app,33,bridged_notification,0,Notification(pri=0 contentView=null vibrate=null sound=null defaults=0x4 flags=0x101 color=0x00000000 actions=1 vis=PRIVATE),1]
11-26 07:37:15.179 I/power_sleep_requested(  575): 0
11-26 07:37:15.181 I/power_screen_state(  575): [0,3,0,0]
11-26 07:37:15.181 I/screen_toggled(  575): 0
11-26 07:37:15.181 I/power_screen_broadcast_send(  575): 1
11-26 07:37:15.404 I/power_screen_broadcast_done(  575): [0,224,1]
11-26 07:37:26.009 I/power_screen_state(  575): [1,0,0,0]
11-26 07:37:26.009 I/screen_toggled(  575): 1
11-26 07:37:26.010 I/power_screen_broadcast_send(  575): 1
11-26 07:37:26.103 I/power_screen_broadcast_done(  575): [1,93,1]
11-26 07:37:31.040 I/power_sleep_requested(  575): 0
11-26 07:37:31.042 I/power_screen_state(  575): [0,3,0,0]
11-26 07:37:31.042 I/screen_toggled(  575): 0
11-26 07:37:31.042 I/power_screen_broadcast_send(  575): 1
11-26 07:37:31.205 I/power_screen_broadcast_done(  575): [0,163,1]
11-26 07:37:32.604 I/notification_enqueue(  575): [10004,739,com.google.android.wearable.app,34,bridged_notification,0,Notification(pri=0 contentView=null vibrate=null sound=null defaults=0x4 flags=0x101 color=0x00000000 vis=PRIVATE),0]
11-26 07:41:03.393 I/notification_cancel(  575): [10024,9327,com.google.android.deskclock,10436,NULL,0,0,64,8,NULL]
11-26 07:41:05.544 I/notification_enqueue(  575): [10004,739,com.google.android.wearable.app,33,bridged_notification,0,Notification(pri=0 contentView=null vibrate=null sound=null defaults=0x4 flags=0x101 color=0x00000000 actions=1 vis=PRIVATE),1]
11-26 07:45:00.875 I/force_gc(  575): Binder
11-26 07:45:01.063 I/notification_enqueue(  575): [10004,739,com.google.android.wearable.app,33,bridged_notification,0,Notification(pri=0 contentView=null vibrate=null sound=null defaults=0x4 flags=0x101 color=0x00000000 actions=1 vis=PRIVATE),1]
11-26 07:45:01.144 I/notification_cancel(  575): [10024,9327,com.google.android.deskclock,10436,NULL,0,0,64,8,NULL]
11-26 07:48:56.842 I/notification_cancel(  575): [10025,1278,com.google.android.apps.fitness,1,NULL,0,0,64,8,NULL]
11-26 07:50:21.949 I/power_screen_state(  575): [1,0,0,0]
11-26 07:50:21.949 I/screen_toggled(  575): 1
11-26 07:50:21.950 I/power_screen_broadcast_send(  575): 1
11-26 07:50:22.042 I/power_screen_broadcast_done(  575): [1,92,1]
11-26 07:50:30.347 I/notification_cancel(  575): [10004,739,com.google.android.wearable.app,33,bridged_notification,0,0,66,10,{com.google.android.wearable.app/com.google.android.clockwork.stream.NotificationCollectorService}]
11-26 07:50:30.348 I/notification_canceled(  575): [0|com.google.android.wearable.app|33|bridged_notification|10004,10]
11-26 07:50:36.014 I/notification_cancel(  575): [10004,739,com.emmaguy.todayilearned,370,NULL,0,0,66,10,{com.google.android.wearable.app/com.google.android.clockwork.stream.NotificationCollectorService}]
11-26 07:50:36.015 I/notification_canceled(  575): [0|com.emmaguy.todayilearned|370|null|10038,10]
11-26 07:50:39.460 I/notification_cancel(  575): [10004,739,com.emmaguy.todayilearned,390,NULL,0,0,66,10,{com.google.android.wearable.app/com.google.android.clockwork.stream.NotificationCollectorService}]
11-26 07:50:39.460 I/notification_canceled(  575): [0|com.emmaguy.todayilearned|390|null|10038,10]
11-26 07:50:42.654 I/notification_cancel(  575): [10004,739,com.emmaguy.todayilearned,380,NULL,0,0,66,10,{com.google.android.wearable.app/com.google.android.clockwork.stream.NotificationCollectorService}]
11-26 07:50:42.655 I/notification_canceled(  575): [0|com.emmaguy.todayilearned|380|null|10038,10]
11-26 07:50:45.655 I/notification_cancel(  575): [10004,739,com.emmaguy.todayilearned,360,NULL,0,0,66,10,{com.google.android.wearable.app/com.google.android.clockwork.stream.NotificationCollectorService}]
11-26 07:50:45.656 I/notification_canceled(  575): [0|com.emmaguy.todayilearned|360|null|10038,10]
11-26 07:50:48.520 I/notification_cancel(  575): [10004,739,com.emmaguy.todayilearned,340,NULL,0,0,66,10,{com.google.android.wearable.app/com.google.android.clockwork.stream.NotificationCollectorService}]
11-26 07:50:48.521 I/notification_canceled(  575): [0|com.emmaguy.todayilearned|340|null|10038,10]
11-26 07:50:51.575 I/notification_cancel(  575): [10004,739,com.emmaguy.todayilearned,290,NULL,0,0,66,10,{com.google.android.wearable.app/com.google.android.clockwork.stream.NotificationCollectorService}]
11-26 07:50:51.576 I/notification_canceled(  575): [0|com.emmaguy.todayilearned|290|null|10038,10]
11-26 07:50:53.792 I/notification_cancel(  575): [10004,739,com.emmaguy.todayilearned,270,NULL,0,0,66,10,{com.google.android.wearable.app/com.google.android.clockwork.stream.NotificationCollectorService}]
11-26 07:50:53.793 I/notification_canceled(  575): [0|com.emmaguy.todayilearned|270|null|10038,10]
11-26 07:50:58.806 I/notification_cancel(  575): [10004,739,com.emmaguy.todayilearned,260,NULL,0,0,66,10,{com.google.android.wearable.app/com.google.android.clockwork.stream.NotificationCollectorService}]
11-26 07:50:58.807 I/notification_canceled(  575): [0|com.emmaguy.todayilearned|260|null|10038,10]
11-26 07:51:07.383 I/notification_cancel(  575): [10004,739,com.emmaguy.todayilearned,250,NULL,0,0,66,10,{com.google.android.wearable.app/com.google.android.clockwork.stream.NotificationCollectorService}]
11-26 07:51:07.384 I/notification_canceled(  575): [0|com.emmaguy.todayilearned|250|null|10038,10]
11-26 07:51:12.398 I/notification_cancel(  575): [10004,739,com.google.android.wearable.app,34,bridged_notification,0,0,66,10,{com.google.android.wearable.app/com.google.android.clockwork.stream.NotificationCollectorService}]
11-26 07:51:12.398 I/notification_canceled(  575): [0|com.google.android.wearable.app|34|bridged_notification|10004,10]
11-26 07:51:23.615 I/notification_cancel(  575): [10004,739,com.emmaguy.todayilearned,280,NULL,0,0,66,10,{com.google.android.wearable.app/com.google.android.clockwork.stream.NotificationCollectorService}]
11-26 07:51:23.616 I/notification_canceled(  575): [0|com.emmaguy.todayilearned|280|null|10038,10]
11-26 07:51:28.117 I/power_sleep_requested(  575): 0
11-26 07:51:28.118 I/power_screen_state(  575): [0,3,0,0]
11-26 07:51:28.118 I/screen_toggled(  575): 0
11-26 07:51:28.118 I/power_screen_broadcast_send(  575): 1
11-26 07:51:28.476 I/power_screen_broadcast_done(  575): [0,358,1]
11-26 07:51:28.515 I/power_screen_state(  575): [1,0,0,0]
11-26 07:51:28.515 I/screen_toggled(  575): 1
11-26 07:51:28.515 I/power_screen_broadcast_send(  575): 1
11-26 07:51:28.595 I/power_screen_broadcast_done(  575): [1,80,1]
11-26 07:51:29.425 I/battery_level(  575): [43,3744,308]
11-26 07:51:42.743 I/power_sleep_requested(  575): 0
11-26 07:51:42.744 I/power_screen_state(  575): [0,3,0,0]
11-26 07:51:42.745 I/screen_toggled(  575): 0
