11-24 23:10:02.987 I/screen_toggled(  575): 0
11-24 23:10:02.987 I/power_screen_broadcast_send(  575): 1
11-24 23:10:03.178 I/power_screen_broadcast_done(  575): [0,191,1]
11-24 23:10:35.680 I/aggregation(  968): 1448403035680
11-24 23:10:35.990 I/netstats_mobile_sample(  575): [0,0,0,0,0,0,0,0,0,0,0,0,1448403036343]
11-24 23:10:35.990 I/netstats_wifi_sample(  575): [239706,545,117269,626,238397,515,107900,612,234516,496,107900,612,1448403036343]
11-24 23:31:01.539 I/battery_level(  575): [90,4167,243]
11-24 23:40:38.206 I/aggregation(  968): 1448404838206
11-24 23:40:38.959 I/force_gc(  575): Binder
11-24 23:40:41.469 I/netstats_mobile_sample(  575): [0,0,0,0,0,0,0,0,0,0,0,0,1448404841822]
11-24 23:40:41.469 I/netstats_wifi_sample(  575): [239706,545,117269,626,238397,515,107900,612,234516,496,107900,612,1448404841822]
11-24 23:42:01.929 I/am_pause_activity(  575): [0,6435157,com.google.android.wearable.app/com.google.android.clockwork.home.HomeActivity]
11-24 23:42:01.934 I/am_on_paused_called(  739): [0,com.google.android.clockwork.home.HomeActivity]
11-24 23:55:06.060 I/notification_cancel(  575): [10004,739,com.google.android.wearable.app,17,bridged_notification,0,0,64,8,NULL]
11-24 23:55:06.060 I/notification_canceled(  575): [0|com.google.android.wearable.app|17|bridged_notification|10004,8]
11-25 00:10:40.533 I/netstats_mobile_sample(  575): [0,0,0,0,0,0,0,0,0,0,0,0,1448406640885]
11-25 00:10:40.533 I/netstats_wifi_sample(  575): [239706,545,117269,626,238397,515,107900,612,234516,496,107900,612,1448406640885]
11-25 00:10:40.960 I/aggregation(  968): 1448406640960
11-25 00:10:42.282 I/notification_cancel(  575): [10025,1278,com.google.android.apps.fitness,1,NULL,0,0,64,8,NULL]
11-25 00:10:42.299 I/notification_cancel(  575): [10025,1278,com.google.android.apps.fitness,3,NULL,0,0,64,8,NULL]
11-25 00:22:43.073 I/notification_cancel(  575): [10025,1278,com.google.android.apps.fitness,1,NULL,0,0,64,8,NULL]
11-25 00:26:27.542 I/battery_level(  575): [89,4168,219]
11-25 00:36:20.789 I/notification_enqueue(  575): [10038,2026,com.emmaguy.todayilearned,160,NULL,0,Notification(pri=0 contentView=null vibrate=null sound=null defaults=0x0 flags=0x0 color=0x00000000 actions=6 vis=PRIVATE),0]
11-25 00:36:20.833 I/notification_enqueue(  575): [10038,2026,com.emmaguy.todayilearned,170,NULL,0,Notification(pri=0 contentView=null vibrate=null sound=null defaults=0x0 flags=0x0 color=0x00000000 groupKey=group_key_subreddit_posts actions=5 vis=PRIVATE),0]
11-25 00:36:20.957 I/notification_enqueue(  575): [10038,2026,com.emmaguy.todayilearned,180,NULL,0,Notification(pri=0 contentView=null vibrate=null sound=null defaults=0x0 flags=0x0 color=0x00000000 actions=6 vis=PRIVATE),0]
11-25 00:40:42.534 I/netstats_mobile_sample(  575): [0,0,0,0,0,0,0,0,0,0,0,0,1448408442886]
11-25 00:40:42.534 I/netstats_wifi_sample(  575): [239706,545,117269,626,238397,515,107900,612,234516,496,107900,612,1448408442886]
11-25 00:40:43.184 I/aggregation(  968): 1448408443184
11-25 00:40:44.184 I/force_gc(  575): Binder
11-25 00:40:46.210 I/notification_cancel(  575): [10025,1278,com.google.android.apps.fitness,1,NULL,0,0,64,8,NULL]
11-25 00:52:44.924 I/notification_cancel(  575): [10025,1278,com.google.android.apps.fitness,1,NULL,0,0,64,8,NULL]
11-25 01:10:45.544 I/netstats_mobile_sample(  575): [0,0,0,0,0,0,0,0,0,0,0,0,1448410245897]
11-25 01:10:45.544 I/netstats_wifi_sample(  575): [239706,545,117269,626,238397,515,107900,612,234516,496,107900,612,1448410245897]
11-25 01:10:45.962 I/aggregation(  968): 1448410245962
11-25 01:10:47.319 I/notification_cancel(  575): [10025,1278,com.google.android.apps.fitness,1,NULL,0,0,64,8,NULL]
11-25 01:22:48.294 I/notification_cancel(  575): [10025,1278,com.google.android.apps.fitness,1,NULL,0,0,64,8,NULL]
11-25 01:36:27.568 I/battery_level(  575): [88,4153,216]
11-25 01:40:48.570 I/netstats_mobile_sample(  575): [0,0,0,0,0,0,0,0,0,0,0,0,1448412048922]
11-25 01:40:48.570 I/netstats_wifi_sample(  575): [239706,545,117269,626,238397,515,107900,612,234516,496,107900,612,1448412048922]
11-25 01:40:49.208 I/aggregation(  968): 1448412049208
11-25 01:40:52.805 I/notification_cancel(  575): [10025,1278,com.google.android.apps.fitness,1,NULL,0,0,64,8,NULL]
11-25 01:52:50.971 I/notification_cancel(  575): [10025,1278,com.google.android.apps.fitness,1,NULL,0,0,64,8,NULL]
11-25 02:10:51.562 I/netstats_mobile_sample(  575): [0,0,0,0,0,0,0,0,0,0,0,0,1448413851914]
11-25 02:10:51.562 I/netstats_wifi_sample(  575): [239706,545,117269,626,238397,515,107900,612,234516,496,107900,612,1448413851914]
11-25 02:10:52.156 I/aggregation(  968): 1448413852156
11-25 02:10:53.321 I/notification_cancel(  575): [10025,1278,com.google.android.apps.fitness,1,NULL,0,0,64,8,NULL]
11-25 02:22:53.454 I/notification_cancel(  575): [10025,1278,com.google.android.apps.fitness,1,NULL,0,0,64,8,NULL]
11-25 02:40:54.585 I/netstats_mobile_sample(  575): [0,0,0,0,0,0,0,0,0,0,0,0,1448415654938]
11-25 02:40:54.585 I/netstats_wifi_sample(  575): [239706,545,117269,626,238397,515,107900,612,234516,496,107900,612,1448415654938]
11-25 02:40:55.190 I/aggregation(  968): 1448415655190
11-25 02:40:58.616 I/notification_cancel(  575): [10025,1278,com.google.android.apps.fitness,1,NULL,0,0,64,8,NULL]
11-25 02:43:40.056 I/battery_level(  575): [87,4133,215]
11-25 02:52:57.008 I/notification_cancel(  575): [10025,1278,com.google.android.apps.fitness,1,NULL,0,0,64,8,NULL]
11-25 03:10:57.587 I/netstats_mobile_sample(  575): [0,0,0,0,0,0,0,0,0,0,0,0,1448417457939]
11-25 03:10:57.587 I/netstats_wifi_sample(  575): [239706,545,117269,626,238397,515,107900,612,234516,496,107900,612,1448417457939]
11-25 03:10:58.004 I/aggregation(  968): 1448417458004
11-25 03:10:59.375 I/notification_cancel(  575): [10025,1278,com.google.android.apps.fitness,1,NULL,0,0,64,8,NULL]
11-25 03:23:00.334 I/notification_cancel(  575): [10025,1278,com.google.android.apps.fitness,1,NULL,0,0,64,8,NULL]
11-25 03:35:01.370 I/notification_cancel(  575): [10025,1278,com.google.android.apps.fitness,1,NULL,0,0,64,8,NULL]
11-25 03:35:38.249 I/notification_enqueue(  575): [10038,2026,com.emmaguy.todayilearned,190,NULL,0,Notification(pri=0 contentView=null vibrate=null sound=null defaults=0x0 flags=0x0 color=0x00000000 groupKey=group_key_subreddit_posts actions=5 vis=PRIVATE),0]
11-25 03:47:01.599 I/netstats_mobile_sample(  575): [0,0,0,0,0,0,0,0,0,0,0,0,1448419621952]
11-25 03:47:01.599 I/netstats_wifi_sample(  575): [239706,545,117269,626,238397,515,107900,612,234516,496,107900,612,1448419621952]
11-25 03:47:01.769 I/aggregation(  968): 1448419621769
11-25 03:47:06.129 I/notification_cancel(  575): [10025,1278,com.google.android.apps.fitness,1,NULL,0,0,64,8,NULL]
11-25 03:50:08.060 I/battery_level(  575): [86,4114,215]
11-25 03:59:43.604 I/netstats_mobile_sample(  575): [0,0,0,0,0,0,0,0,0,0,0,0,1448420383956]
11-25 03:59:43.604 I/netstats_wifi_sample(  575): [239706,545,117269,626,238397,515,107900,612,234516,496,107900,612,1448420383956]
11-25 03:59:44.364 I/notification_cancel(  575): [10025,1278,com.google.android.apps.fitness,1,NULL,0,0,64,8,NULL]
11-25 04:14:44.329 I/notification_cancel(  575): [10025,1278,com.google.android.apps.fitness,1,NULL,0,0,64,8,NULL]
11-25 04:29:43.619 I/netstats_mobile_sample(  575): [0,0,0,0,0,0,0,0,0,0,0,0,1448422183971]
11-25 04:29:43.619 I/netstats_wifi_sample(  575): [239706,545,117269,626,238397,515,107900,612,234516,496,107900,612,1448422183971]
11-25 04:29:43.763 I/aggregation(  968): 1448422183763
11-25 04:29:44.631 I/notification_cancel(  575): [10025,1278,com.google.android.apps.fitness,1,NULL,0,0,64,8,NULL]
11-25 04:46:21.111 I/notification_cancel(  575): [10004,739,com.google.android.wearable.app,962406116,now,0,0,64,8,NULL]
11-25 04:46:21.112 I/notification_canceled(  575): [0|com.google.android.wearable.app|962406116|now|10004,8]
11-25 04:47:06.427 I/notification_cancel(  575): [10025,1278,com.google.android.apps.fitness,1,NULL,0,0,64,8,NULL]
11-25 04:47:06.460 I/notification_enqueue(  575): [10004,739,com.google.android.wearable.app,962406116,now,0,Notification(pri=-2 contentView=null vibrate=null sound=null defaults=0x0 flags=0x100 color=0x00000000 sortKey=0000000002 vis=PRIVATE),0]
11-25 04:59:41.638 I/battery_level(  575): [85,4116,213]
11-25 04:59:46.134 I/aggregation(  968): 1448423986134
11-25 04:59:47.217 I/netstats_mobile_sample(  575): [0,0,0,0,0,0,0,0,0,0,0,0,1448423987569]
11-25 04:59:47.217 I/netstats_wifi_sample(  575): [239706,545,117269,626,238397,515,107900,612,234516,496,107900,612,1448423987569]
11-25 04:59:47.618 I/notification_cancel(  575): [10025,1278,com.google.android.apps.fitness,1,NULL,0,0,64,8,NULL]
11-25 05:14:44.407 I/notification_cancel(  575): [10025,1278,com.google.android.apps.fitness,1,NULL,0,0,64,8,NULL]
11-25 05:29:44.331 I/notification_cancel(  575): [10025,1278,com.google.android.apps.fitness,1,NULL,0,0,64,8,NULL]
11-25 05:47:09.642 I/netstats_mobile_sample(  575): [0,0,0,0,0,0,0,0,0,0,0,0,1448426829995]
11-25 05:47:09.643 I/netstats_wifi_sample(  575): [239706,545,117269,626,238397,515,107900,612,234516,496,107900,612,1448426829995]
11-25 05:47:10.119 I/aggregation(  968): 1448426830119
11-25 05:47:10.597 I/notification_cancel(  575): [10025,1278,com.google.android.apps.fitness,1,NULL,0,0,64,8,NULL]
11-25 05:47:15.338 I/free_storage_left(  575): [2695520256,10702848,254398464]
11-25 05:59:43.646 I/netstats_mobile_sample(  575): [0,0,0,0,0,0,0,0,0,0,0,0,1448427583998]
11-25 05:59:43.646 I/netstats_wifi_sample(  575): [239706,545,117269,626,238397,515,107900,612,234516,496,107900,612,1448427583998]
11-25 05:59:45.085 I/notification_cancel(  575): [10025,1278,com.google.android.apps.fitness,1,NULL,0,0,64,8,NULL]
11-25 06:06:27.664 I/battery_level(  575): [84,4115,213]
11-25 06:14:44.449 I/notification_cancel(  575): [10025,1278,com.google.android.apps.fitness,1,NULL,0,0,64,8,NULL]
11-25 06:29:43.792 I/netstats_mobile_sample(  575): [0,0,0,0,0,0,0,0,0,0,0,0,1448429384145]
11-25 06:29:43.793 I/netstats_wifi_sample(  575): [239706,545,117269,626,238397,515,107900,612,234516,496,107900,612,1448429384145]
11-25 06:29:43.872 I/aggregation(  968): 1448429383872
11-25 06:29:44.750 I/notification_cancel(  575): [10025,1278,com.google.android.apps.fitness,1,NULL,0,0,64,8,NULL]
11-25 06:36:12.918 I/notification_enqueue(  575): [10038,2026,com.emmaguy.todayilearned,200,NULL,0,Notification(pri=0 contentView=null vibrate=null sound=null defaults=0x0 flags=0x0 color=0x00000000 actions=6 vis=PRIVATE),0]
11-25 06:36:12.962 I/notification_enqueue(  575): [10038,2026,com.emmaguy.todayilearned,210,NULL,0,Notification(pri=0 contentView=null vibrate=null sound=null defaults=0x0 flags=0x0 color=0x00000000 groupKey=group_key_subreddit_posts actions=5 vis=PRIVATE),0]
11-25 06:36:13.091 I/notification_enqueue(  575): [10038,2026,com.emmaguy.todayilearned,220,NULL,0,Notification(pri=0 contentView=null vibrate=null sound=null defaults=0x0 flags=0x0 color=0x00000000 actions=6 vis=PRIVATE),0]
11-25 06:36:13.149 I/notification_enqueue(  575): [10038,2026,com.emmaguy.todayilearned,230,NULL,0,Notification(pri=0 contentView=null vibrate=null sound=null defaults=0x0 flags=0x0 color=0x00000000 actions=6 vis=PRIVATE),0]
11-25 06:47:16.290 I/notification_cancel(  575): [10025,1278,com.google.android.apps.fitness,1,NULL,0,0,64,8,NULL]
11-25 06:59:45.091 I/aggregation(  968): 1448431185091
11-25 06:59:45.505 I/netstats_mobile_sample(  575): [0,0,0,0,0,0,0,0,0,0,0,0,1448431185857]
11-25 06:59:45.505 I/netstats_wifi_sample(  575): [239706,545,117269,626,238397,515,107900,612,234516,496,107900,612,1448431185857]
11-25 06:59:45.840 I/notification_cancel(  575): [10025,1278,com.google.android.apps.fitness,1,NULL,0,0,64,8,NULL]
11-25 07:14:44.359 I/notification_cancel(  575): [10025,1278,com.google.android.apps.fitness,1,NULL,0,0,64,8,NULL]
11-25 07:29:11.075 I/battery_level(  575): [83,4088,206]
11-25 07:29:44.066 I/notification_cancel(  575): [10025,1278,com.google.android.apps.fitness,1,NULL,0,0,64,8,NULL]
11-25 07:30:35.681 I/am_resume_activity(  575): [0,6435157,196,com.google.android.wearable.app/com.google.android.clockwork.home.HomeActivity]
11-25 07:30:35.688 I/power_screen_state(  575): [1,0,0,0]
11-25 07:30:35.689 I/screen_toggled(  575): 1
11-25 07:30:35.693 I/power_screen_broadcast_send(  575): 1
11-25 07:30:35.910 I/am_on_resume_called(  739): [0,com.google.android.clockwork.home.HomeActivity]
11-25 07:30:36.017 I/sf_frame_dur(  176): [ColorFade,26,0,0,0,0,0,0]
11-25 07:30:36.092 I/power_screen_broadcast_done(  575): [1,398,1]
11-25 07:30:40.689 I/power_sleep_requested(  575): 0
11-25 07:30:40.691 I/power_screen_state(  575): [0,3,0,0]
11-25 07:30:40.691 I/screen_toggled(  575): 0
11-25 07:30:40.691 I/power_screen_broadcast_send(  575): 1
11-25 07:30:40.970 I/power_screen_broadcast_done(  575): [0,278,1]
11-25 07:31:03.233 I/power_screen_state(  575): [1,0,0,0]
11-25 07:31:03.233 I/screen_toggled(  575): 1
11-25 07:31:03.233 I/power_screen_broadcast_send(  575): 1
11-25 07:31:03.473 I/power_screen_broadcast_done(  575): [1,240,1]
11-25 07:31:08.268 I/power_sleep_requested(  575): 0
11-25 07:31:08.270 I/power_screen_state(  575): [0,3,0,0]
11-25 07:31:08.270 I/screen_toggled(  575): 0
11-25 07:31:08.270 I/power_screen_broadcast_send(  575): 1
11-25 07:31:08.433 I/power_screen_broadcast_done(  575): [0,163,1]
11-25 07:32:01.172 I/power_screen_state(  575): [1,0,0,0]
11-25 07:32:01.172 I/screen_toggled(  575): 1
11-25 07:32:01.172 I/power_screen_broadcast_send(  575): 1
11-25 07:32:01.390 I/power_screen_broadcast_done(  575): [1,218,1]
11-25 07:32:06.202 I/power_sleep_requested(  575): 0
11-25 07:32:06.204 I/power_screen_state(  575): [0,3,0,0]
11-25 07:32:06.204 I/screen_toggled(  575): 0
11-25 07:32:06.204 I/power_screen_broadcast_send(  575): 1
11-25 07:32:06.385 I/power_screen_broadcast_done(  575): [0,181,1]
11-25 07:32:13.149 I/power_screen_state(  575): [1,0,0,0]
11-25 07:32:13.149 I/screen_toggled(  575): 1
11-25 07:32:13.150 I/power_screen_broadcast_send(  575): 1
11-25 07:32:13.372 I/power_screen_broadcast_done(  575): [1,223,1]
11-25 07:32:24.328 I/power_sleep_requested(  575): 0
11-25 07:32:24.328 I/power_screen_state(  575): [0,3,0,0]
11-25 07:32:24.328 I/screen_toggled(  575): 0
11-25 07:32:24.332 I/power_screen_broadcast_send(  575): 1
11-25 07:32:24.640 I/power_screen_broadcast_done(  575): [0,308,1]
11-25 07:38:03.014 I/power_screen_state(  575): [1,0,0,0]
11-25 07:38:03.014 I/screen_toggled(  575): 1
11-25 07:38:03.015 I/power_screen_broadcast_send(  575): 1
11-25 07:38:03.227 I/power_screen_broadcast_done(  575): [1,213,1]
11-25 07:38:08.048 I/power_sleep_requested(  575): 0
11-25 07:38:08.050 I/power_screen_state(  575): [0,3,0,0]
11-25 07:38:08.050 I/screen_toggled(  575): 0
11-25 07:38:08.050 I/power_screen_broadcast_send(  575): 1
11-25 07:38:08.225 I/power_screen_broadcast_done(  575): [0,175,1]
11-25 07:41:43.708 I/aggregation(  968): 1448433703708
11-25 07:41:43.983 I/netstats_mobile_sample(  575): [0,0,0,0,0,0,0,0,0,0,0,0,1448433704336]
11-25 07:41:43.984 I/netstats_wifi_sample(  575): [239706,545,117269,626,238397,515,107900,612,234516,496,107900,612,1448433704336]
11-25 07:47:20.569 I/notification_cancel(  575): [10025,1278,com.google.android.apps.fitness,1,NULL,0,0,64,8,NULL]
11-25 07:54:50.036 I/power_screen_state(  575): [1,0,0,0]
11-25 07:54:50.037 I/screen_toggled(  575): 1
11-25 07:54:50.037 I/power_screen_broadcast_send(  575): 1
11-25 07:54:50.380 I/power_screen_broadcast_done(  575): [1,343,1]
11-25 07:55:01.408 I/power_sleep_requested(  575): 0
11-25 07:55:01.409 I/power_screen_state(  575): [0,3,0,0]
11-25 07:55:01.409 I/screen_toggled(  575): 0
11-25 07:55:01.409 I/power_screen_broadcast_send(  575): 1
11-25 07:55:01.639 I/power_screen_broadcast_done(  575): [0,229,1]
11-25 07:56:00.718 I/battery_level(  575): [82,4078,306]
11-25 07:59:38.678 I/power_screen_state(  575): [1,0,0,0]
11-25 07:59:38.678 I/screen_toggled(  575): 1
11-25 07:59:38.678 I/power_screen_broadcast_send(  575): 1
11-25 07:59:38.969 I/power_screen_broadcast_done(  575): [1,291,1]
11-25 07:59:43.707 I/power_sleep_requested(  575): 0
11-25 07:59:43.710 I/power_screen_state(  575): [0,3,0,0]
11-25 07:59:43.710 I/screen_toggled(  575): 0
11-25 07:59:43.710 I/power_screen_broadcast_send(  575): 1
11-25 07:59:43.941 I/power_screen_broadcast_done(  575): [0,231,1]
11-25 08:00:01.013 I/notification_enqueue(  575): [10004,739,com.google.android.wearable.app,-1842932430,cal_notif,0,Notification(pri=0 contentView=null vibrate=null sound=null defaults=0x0 flags=0x100 color=0x00000000 groupKey=/cal/top/0 sortKey=01448436600000-01448440200000-714 vis=PRIVATE),0]
11-25 08:00:01.050 I/notification_enqueue(  575): [10004,739,com.google.android.wearable.app,875576614,cal_notif,0,Notification(pri=0 contentView=null vibrate=default sound=null defaults=0x2 flags=0x300 color=0x00000000 groupKey=/cal/top/0 vis=PRIVATE),0]
11-25 08:00:01.636 I/notification_enqueue(  575): [10004,739,com.google.android.wearable.app,18,bridged_notification,0,Notification(pri=0 contentView=null vibrate=null sound=default defaults=0x5 flags=0x101 color=0x00000000 actions=1 vis=PRIVATE),0]
11-25 08:02:17.663 I/notification_enqueue(  575): [10004,739,com.google.android.wearable.app,18,bridged_notification,0,Notification(pri=0 contentView=null vibrate=null sound=null defaults=0x4 flags=0x101 color=0x00000000 actions=1 vis=PRIVATE),1]
11-25 08:03:45.737 I/power_screen_state(  575): [1,0,0,0]
11-25 08:03:45.737 I/screen_toggled(  575): 1
11-25 08:03:45.737 I/power_screen_broadcast_send(  575): 1
11-25 08:03:46.069 I/power_screen_broadcast_done(  575): [1,332,1]
11-25 08:03:50.772 I/power_sleep_requested(  575): 0
11-25 08:03:50.773 I/power_screen_state(  575): [0,3,0,0]
11-25 08:03:50.773 I/screen_toggled(  575): 0
11-25 08:03:50.773 I/power_screen_broadcast_send(  575): 1
11-25 08:03:50.956 I/power_screen_broadcast_done(  575): [0,182,1]
11-25 08:06:01.733 I/netstats_mobile_sample(  575): [0,0,0,0,0,0,0,0,0,0,0,0,1448435162086]
11-25 08:06:01.733 I/netstats_wifi_sample(  575): [239706,545,117269,626,238397,515,107900,612,234516,496,107900,612,1448435162086]
11-25 08:06:02.600 I/notification_cancel(  575): [10025,1278,com.google.android.apps.fitness,1,NULL,0,0,64,8,NULL]
11-25 08:11:09.054 I/power_screen_state(  575): [1,0,0,0]
11-25 08:11:09.054 I/screen_toggled(  575): 1
11-25 08:11:09.055 I/power_screen_broadcast_send(  575): 1
11-25 08:11:09.269 I/power_screen_broadcast_done(  575): [1,215,1]
11-25 08:11:14.088 I/power_sleep_requested(  575): 0
11-25 08:11:14.090 I/power_screen_state(  575): [0,3,0,0]
11-25 08:11:14.090 I/screen_toggled(  575): 0
11-25 08:11:14.090 I/power_screen_broadcast_send(  575): 1
11-25 08:11:14.141 I/force_gc(  575): Binder
11-25 08:11:14.450 I/power_screen_broadcast_done(  575): [0,360,1]
11-25 08:12:04.527 I/notification_enqueue(  575): [10004,739,com.google.android.wearable.app,19,bridged_notification,0,Notification(pri=0 contentView=null vibrate=null sound=null defaults=0x4 flags=0x301 color=0x00000000 groupKey=com.android.email:0:group_key_emails_268435457 vis=PRIVATE),0]
11-25 08:12:04.726 I/notification_enqueue(  575): [10004,739,com.google.android.wearable.app,20,bridged_notification,0,Notification(pri=0 contentView=null vibrate=null sound=null defaults=0x0 flags=0x100 color=0x00000000 groupKey=com.android.email:0:group_key_emails_268435457 vis=PRIVATE),0]
11-25 08:12:04.805 I/notification_enqueue(  575): [10004,739,com.google.android.wearable.app,21,bridged_notification,0,Notification(pri=0 contentView=null vibrate=null sound=null defaults=0x0 flags=0x100 color=0x00000000 groupKey=com.android.email:0:group_key_emails_268435457 vis=PRIVATE),0]
11-25 08:14:15.771 I/power_screen_state(  575): [1,0,0,0]
11-25 08:14:15.771 I/screen_toggled(  575): 1
11-25 08:14:15.771 I/power_screen_broadcast_send(  575): 1
11-25 08:14:15.978 I/power_screen_broadcast_done(  575): [1,207,1]
11-25 08:14:20.805 I/power_sleep_requested(  575): 0
11-25 08:14:20.807 I/power_screen_state(  575): [0,3,0,0]
11-25 08:14:20.807 I/screen_toggled(  575): 0
11-25 08:14:20.807 I/power_screen_broadcast_send(  575): 1
11-25 08:14:21.031 I/power_screen_broadcast_done(  575): [0,223,1]
11-25 08:15:44.722 I/notification_cancel(  575): [10004,739,com.google.android.wearable.app,18,bridged_notification,0,0,64,8,NULL]
11-25 08:15:44.722 I/notification_canceled(  575): [0|com.google.android.wearable.app|18|bridged_notification|10004,8]
11-25 08:18:02.636 I/aggregation(  968): 1448435882636
11-25 08:18:03.549 I/notification_cancel(  575): [10025,1278,com.google.android.apps.fitness,1,NULL,0,0,64,8,NULL]
11-25 08:18:52.576 I/force_gc( 1101): Binder
11-25 08:19:13.175 I/notification_cancel(  575): [10004,739,com.google.android.wearable.app,19,bridged_notification,0,0,64,8,NULL]
11-25 08:19:13.176 I/notification_canceled(  575): [0|com.google.android.wearable.app|19|bridged_notification|10004,8]
11-25 08:19:13.176 I/notification_cancel(  575): [10004,739,com.google.android.wearable.app,20,bridged_notification,0,0,0,12,NULL]
11-25 08:19:13.176 I/notification_canceled(  575): [0|com.google.android.wearable.app|20|bridged_notification|10004,12]
11-25 08:19:13.176 I/notification_cancel(  575): [10004,739,com.google.android.wearable.app,21,bridged_notification,0,0,0,12,NULL]
11-25 08:19:13.176 I/notification_canceled(  575): [0|com.google.android.wearable.app|21|bridged_notification|10004,12]
11-25 08:23:01.737 I/battery_level(  575): [81,4071,294]
11-25 08:28:00.649 I/notification_enqueue(  575): [10004,739,com.google.android.wearable.app,22,bridged_notification,0,Notification(pri=0 contentView=null vibrate=null sound=null defaults=0x4 flags=0x101 color=0x00000000 vis=PRIVATE),0]
11-25 08:30:03.572 I/netstats_mobile_sample(  575): [0,0,0,0,0,0,0,0,0,0,0,0,1448436603924]
11-25 08:30:03.572 I/netstats_wifi_sample(  575): [239706,545,117269,626,238397,515,107900,612,234516,496,107900,612,1448436603924]
11-25 08:30:04.633 I/notification_enqueue(  575): [10025,1278,com.google.android.apps.fitness,1,NULL,0,Notification(pri=-1 contentView=null vibrate=null sound=null defaults=0x0 flags=0x0 color=0x00000000 vis=PRIVATE),0]
11-25 08:39:23.193 I/notification_enqueue(  575): [10004,739,com.google.android.wearable.app,-1051490489,cal_notif,0,Notification(pri=0 contentView=null vibrate=null sound=null defaults=0x0 flags=0x100 color=0x00000000 groupKey=/cal/top/0 sortKey=01448442000000-01448445600000-790 actions=1 vis=PRIVATE),0]
11-25 08:40:00.942 I/notification_cancel(  575): [10004,739,com.google.android.wearable.app,-1842932430,cal_notif,0,0,64,8,NULL]
11-25 08:40:00.943 I/notification_canceled(  575): [0|com.google.android.wearable.app|-1842932430|cal_notif|10004,8]
11-25 08:40:00.973 I/notification_enqueue(  575): [10004,739,com.google.android.wearable.app,875576614,cal_notif,0,Notification(pri=0 contentView=null vibrate=null sound=null defaults=0x0 flags=0x300 color=0x00000000 groupKey=/cal/top/0 vis=PRIVATE),1]
11-25 08:43:15.055 I/notification_cancel(  575): [10004,739,com.google.android.wearable.app,22,bridged_notification,0,0,64,8,NULL]
11-25 08:43:15.056 I/notification_canceled(  575): [0|com.google.android.wearable.app|22|bridged_notification|10004,8]
11-25 08:45:01.408 I/notification_enqueue(  575): [10004,739,com.google.android.wearable.app,23,bridged_notification,0,Notification(pri=0 contentView=null vibrate=null sound=null defaults=0x4 flags=0x301 color=0x00000000 groupKey=com.android.email:0:group_key_emails_268435458 vis=PRIVATE),0]
11-25 08:45:01.645 I/notification_enqueue(  575): [10004,739,com.google.android.wearable.app,24,bridged_notification,0,Notification(pri=0 contentView=null vibrate=null sound=null defaults=0x0 flags=0x100 color=0x00000000 groupKey=com.android.email:0:group_key_emails_268435458 vis=PRIVATE),0]
11-25 08:45:01.789 I/notification_enqueue(  575): [10004,739,com.google.android.wearable.app,25,bridged_notification,0,Notification(pri=0 contentView=null vibrate=null sound=null defaults=0x0 flags=0x100 color=0x00000000 groupKey=com.android.email:0:group_key_emails_268435458 vis=PRIVATE),0]
11-25 08:45:01.796 I/notification_cancel(  575): [10004,739,com.google.android.wearable.app,23,bridged_notification,0,0,64,8,NULL]
11-25 08:45:01.797 I/notification_canceled(  575): [0|com.google.android.wearable.app|23|bridged_notification|10004,8]
11-25 08:45:01.797 I/notification_cancel(  575): [10004,739,com.google.android.wearable.app,24,bridged_notification,0,0,0,12,NULL]
11-25 08:45:01.797 I/notification_canceled(  575): [0|com.google.android.wearable.app|24|bridged_notification|10004,12]
11-25 08:45:01.797 I/notification_cancel(  575): [10004,739,com.google.android.wearable.app,25,bridged_notification,0,0,0,12,NULL]
11-25 08:45:01.798 I/notification_canceled(  575): [0|com.google.android.wearable.app|25|bridged_notification|10004,12]
11-25 08:45:01.805 I/notification_cancel(  575): [10004,739,com.google.android.wearable.app,24,bridged_notification,0,0,64,8,NULL]
11-25 08:45:01.807 I/notification_cancel(  575): [10004,739,com.google.android.wearable.app,25,bridged_notification,0,0,64,8,NULL]
11-25 08:47:24.877 I/notification_cancel(  575): [10025,1278,com.google.android.apps.fitness,1,NULL,0,0,64,8,NULL]
11-25 08:47:24.878 I/notification_canceled(  575): [0|com.google.android.apps.fitness|1|null|10025,8]
11-25 08:51:34.440 I/notification_enqueue(  575): [10004,739,com.google.android.wearable.app,-1051490489,cal_notif,0,Notification(pri=0 contentView=null vibrate=null sound=null defaults=0x0 flags=0x100 color=0x00000000 groupKey=/cal/top/0 sortKey=01448442000000-01448445600000-790 actions=1 vis=PRIVATE),1]
11-25 08:51:34.956 I/power_screen_state(  575): [1,0,0,0]
11-25 08:51:34.956 I/screen_toggled(  575): 1
11-25 08:51:34.957 I/power_screen_broadcast_send(  575): 1
11-25 08:51:35.278 I/power_screen_broadcast_done(  575): [1,322,1]
11-25 08:51:39.325 I/aggregation(  968): 1448437899325
11-25 08:51:39.982 I/power_sleep_requested(  575): 0
11-25 08:51:39.983 I/power_screen_state(  575): [0,3,0,0]
11-25 08:51:39.983 I/screen_toggled(  575): 0
11-25 08:51:39.984 I/power_screen_broadcast_send(  575): 1
11-25 08:51:40.215 I/power_screen_broadcast_done(  575): [0,232,1]
11-25 08:55:01.747 I/battery_level(  575): [80,4061,321]
11-25 09:00:20.632 I/power_screen_state(  575): [1,0,0,0]
11-25 09:00:20.632 I/screen_toggled(  575): 1
11-25 09:00:20.632 I/power_screen_broadcast_send(  575): 1
11-25 09:00:20.978 I/power_screen_broadcast_done(  575): [1,346,1]
11-25 09:00:25.510 I/power_sleep_requested(  575): 0
11-25 09:00:25.513 I/power_screen_state(  575): [0,3,0,0]
11-25 09:00:25.513 I/screen_toggled(  575): 0
11-25 09:00:25.513 I/power_screen_broadcast_send(  575): 1
11-25 09:00:25.752 I/power_screen_broadcast_done(  575): [0,239,1]
11-25 09:00:39.591 I/power_screen_state(  575): [1,0,0,0]
11-25 09:00:39.591 I/screen_toggled(  575): 1
11-25 09:00:39.592 I/power_screen_broadcast_send(  575): 1
11-25 09:00:39.685 I/power_screen_broadcast_done(  575): [1,94,1]
11-25 09:00:47.924 I/power_sleep_requested(  575): 0
11-25 09:00:47.927 I/power_screen_state(  575): [0,3,0,0]
11-25 09:00:47.927 I/screen_toggled(  575): 0
11-25 09:00:47.927 I/power_screen_broadcast_send(  575): 1
11-25 09:00:48.148 I/power_screen_broadcast_done(  575): [0,221,1]
11-25 09:05:21.904 I/notification_enqueue(  575): [10004,739,com.google.android.wearable.app,-1051490489,cal_notif,0,Notification(pri=0 contentView=null vibrate=null sound=null defaults=0x0 flags=0x100 color=0x00000000 groupKey=/cal/top/0 sortKey=01448442000000-01448445600000-790 actions=1 vis=PRIVATE),1]
11-25 09:05:26.761 I/netstats_mobile_sample(  575): [0,0,0,0,0,0,0,0,0,0,0,0,1448438727114]
11-25 09:05:26.762 I/netstats_wifi_sample(  575): [239706,545,117269,626,238397,515,107900,612,234516,496,107900,612,1448438727114]
11-25 09:05:28.346 I/notification_cancel(  575): [10025,1278,com.google.android.apps.fitness,1,NULL,0,0,64,8,NULL]
11-25 09:07:23.088 I/power_screen_state(  575): [1,0,0,0]
11-25 09:07:23.088 I/screen_toggled(  575): 1
11-25 09:07:23.088 I/power_screen_broadcast_send(  575): 1
11-25 09:07:23.212 I/force_gc(  814): Binder
11-25 09:07:23.385 I/power_screen_broadcast_done(  575): [1,296,1]
11-25 09:07:28.125 I/power_sleep_requested(  575): 0
11-25 09:07:28.128 I/power_screen_state(  575): [0,3,0,0]
11-25 09:07:28.128 I/screen_toggled(  575): 0
11-25 09:07:28.128 I/power_screen_broadcast_send(  575): 1
11-25 09:07:28.394 I/power_screen_broadcast_done(  575): [0,266,1]
11-25 09:09:01.509 I/power_screen_state(  575): [1,0,0,0]
11-25 09:09:01.509 I/screen_toggled(  575): 1
11-25 09:09:01.510 I/power_screen_broadcast_send(  575): 1
11-25 09:09:01.590 I/power_screen_broadcast_done(  575): [1,80,1]
11-25 09:09:06.542 I/power_sleep_requested(  575): 0
11-25 09:09:06.544 I/power_screen_state(  575): [0,3,0,0]
11-25 09:09:06.544 I/screen_toggled(  575): 0
11-25 09:09:06.544 I/power_screen_broadcast_send(  575): 1
11-25 09:09:06.782 I/power_screen_broadcast_done(  575): [0,238,1]
11-25 09:09:07.586 I/power_screen_state(  575): [1,0,0,0]
11-25 09:09:07.586 I/screen_toggled(  575): 1
11-25 09:09:07.587 I/power_screen_broadcast_send(  575): 1
11-25 09:09:07.820 I/power_screen_broadcast_done(  575): [1,233,1]
11-25 09:09:14.737 I/notification_cancel(  575): [10004,739,com.google.android.wearable.app,875576614,cal_notif,0,0,66,10,{com.google.android.wearable.app/com.google.android.clockwork.stream.NotificationCollectorService}]
11-25 09:09:14.739 I/notification_canceled(  575): [0|com.google.android.wearable.app|875576614|cal_notif|10004,10]
11-25 09:09:14.739 I/notification_cancel(  575): [10004,739,com.google.android.wearable.app,-1051490489,cal_notif,0,0,0,12,{com.google.android.wearable.app/com.google.android.clockwork.stream.NotificationCollectorService}]
11-25 09:09:14.739 I/notification_canceled(  575): [0|com.google.android.wearable.app|-1051490489|cal_notif|10004,12]
11-25 09:09:17.711 I/notification_cancel(  575): [10004,739,com.emmaguy.todayilearned,230,NULL,0,0,66,10,{com.google.android.wearable.app/com.google.android.clockwork.stream.NotificationCollectorService}]
11-25 09:09:17.712 I/notification_canceled(  575): [0|com.emmaguy.todayilearned|230|null|10038,10]
11-25 09:09:22.738 I/notification_cancel(  575): [10004,739,com.google.android.wearable.app,962406116,now,0,0,66,10,{com.google.android.wearable.app/com.google.android.clockwork.stream.NotificationCollectorService}]
11-25 09:09:22.739 I/notification_canceled(  575): [0|com.google.android.wearable.app|962406116|now|10004,10]
11-25 09:09:23.136 I/notification_cancel(  575): [10004,739,com.google.android.wearable.app,962406116,now,0,0,64,8,NULL]
11-25 09:09:27.619 I/notification_cancel(  575): [10004,739,com.emmaguy.todayilearned,220,NULL,0,0,66,10,{com.google.android.wearable.app/com.google.android.clockwork.stream.NotificationCollectorService}]
11-25 09:09:27.620 I/notification_canceled(  575): [0|com.emmaguy.todayilearned|220|null|10038,10]
11-25 09:09:32.662 I/notification_cancel(  575): [10004,739,com.emmaguy.todayilearned,210,NULL,0,0,66,10,{com.google.android.wearable.app/com.google.android.clockwork.stream.NotificationCollectorService}]
11-25 09:09:32.662 I/notification_canceled(  575): [0|com.emmaguy.todayilearned|210|null|10038,10]
11-25 09:09:32.668 I/notification_cancel(  575): [10004,739,com.emmaguy.todayilearned,190,NULL,0,0,66,10,{com.google.android.wearable.app/com.google.android.clockwork.stream.NotificationCollectorService}]
11-25 09:09:32.669 I/notification_canceled(  575): [0|com.emmaguy.todayilearned|190|null|10038,10]
11-25 09:09:32.673 I/notification_cancel(  575): [10004,739,com.emmaguy.todayilearned,170,NULL,0,0,66,10,{com.google.android.wearable.app/com.google.android.clockwork.stream.NotificationCollectorService}]
11-25 09:09:32.674 I/notification_canceled(  575): [0|com.emmaguy.todayilearned|170|null|10038,10]
11-25 09:09:49.034 I/notification_cancel(  575): [10004,739,com.emmaguy.todayilearned,200,NULL,0,0,66,10,{com.google.android.wearable.app/com.google.android.clockwork.stream.NotificationCollectorService}]
11-25 09:09:49.035 I/notification_canceled(  575): [0|com.emmaguy.todayilearned|200|null|10038,10]
11-25 09:09:56.612 I/notification_cancel(  575): [10004,739,com.emmaguy.todayilearned,180,NULL,0,0,66,10,{com.google.android.wearable.app/com.google.android.clockwork.stream.NotificationCollectorService}]
11-25 09:09:56.612 I/notification_canceled(  575): [0|com.emmaguy.todayilearned|180|null|10038,10]
11-25 09:09:58.031 I/notification_cancel(  575): [10004,739,com.emmaguy.todayilearned,160,NULL,0,0,66,10,{com.google.android.wearable.app/com.google.android.clockwork.stream.NotificationCollectorService}]
11-25 09:09:58.032 I/notification_canceled(  575): [0|com.emmaguy.todayilearned|160|null|10038,10]
11-25 09:10:00.347 I/notification_cancel(  575): [10004,739,com.emmaguy.todayilearned,150,NULL,0,0,66,10,{com.google.android.wearable.app/com.google.android.clockwork.stream.NotificationCollectorService}]
11-25 09:10:00.348 I/notification_canceled(  575): [0|com.emmaguy.todayilearned|150|null|10038,10]
11-25 09:10:03.321 I/am_home_stack_moved(  575): [0,0,1,1,startingNewTask]
11-25 09:10:03.321 I/am_create_task(  575): [0,208]
11-25 09:10:03.321 I/am_create_activity(  575): [0,985790137,208,com.google.android.apps.fitness/com.google.android.wearable.fitness.summary.SummaryActivity,android.intent.action.MAIN,NULL,NULL,270532608]
11-25 09:10:03.321 I/wm_task_created(  575): [208,1]
11-25 09:10:03.322 I/wm_task_moved(  575): [208,1,0]
11-25 09:10:03.322 I/am_pause_activity(  575): [0,6435157,com.google.android.wearable.app/com.google.android.clockwork.home.HomeActivity]
11-25 09:10:03.324 I/am_home_stack_moved(  575): [0,0,1,1,startedActivity setFocusedActivity]
11-25 09:10:03.325 I/am_focused_activity(  575): [0,com.google.android.apps.fitness/com.google.android.wearable.fitness.summary.SummaryActivity]
11-25 09:10:03.338 I/am_on_paused_called(  739): [0,com.google.android.clockwork.home.HomeActivity]
11-25 09:10:03.357 I/am_restart_activity(  575): [0,985790137,208,com.google.android.apps.fitness/com.google.android.wearable.fitness.summary.SummaryActivity]
11-25 09:10:03.866 I/am_on_resume_called( 1278): [0,com.google.android.wearable.fitness.summary.SummaryActivity]
11-25 09:10:04.178 I/am_activity_launch_time(  575): [0,985790137,com.google.android.apps.fitness/com.google.android.wearable.fitness.summary.SummaryActivity,840,840]
11-25 09:10:05.354 I/notification_cancel(  575): [10004,739,com.emmaguy.todayilearned,140,NULL,0,0,66,10,{com.google.android.wearable.app/com.google.android.clockwork.stream.NotificationCollectorService}]
11-25 09:10:05.355 I/notification_canceled(  575): [0|com.emmaguy.todayilearned|140|null|10038,10]
11-25 09:10:06.544 I/am_finish_activity(  575): [0,985790137,208,com.google.android.apps.fitness/com.google.android.wearable.fitness.summary.SummaryActivity,app-request]
11-25 09:10:06.545 I/am_home_stack_moved(  575): [0,1,0,0,finishActivity adjustFocus]
11-25 09:10:06.545 I/wm_task_moved(  575): [196,1,0]
11-25 09:10:06.551 I/am_home_stack_moved(  575): [0,1,0,0,finishActivity adjustTopFocus setFocusedActivity]
11-25 09:10:06.555 I/am_focused_activity(  575): [0,com.google.android.wearable.app/com.google.android.clockwork.home.HomeActivity]
11-25 09:10:06.555 I/am_pause_activity(  575): [0,985790137,com.google.android.apps.fitness/com.google.android.wearable.fitness.summary.SummaryActivity]
11-25 09:10:06.571 I/am_on_paused_called( 1278): [0,com.google.android.wearable.fitness.summary.SummaryActivity]
11-25 09:10:06.574 I/am_resume_activity(  575): [0,6435157,196,com.google.android.wearable.app/com.google.android.clockwork.home.HomeActivity]
11-25 09:10:06.638 I/am_on_resume_called(  739): [0,com.google.android.clockwork.home.HomeActivity]
11-25 09:10:06.685 I/am_destroy_activity(  575): [0,985790137,208,com.google.android.apps.fitness/com.google.android.wearable.fitness.summary.SummaryActivity,finish-imm]
11-25 09:10:07.052 I/wm_task_removed(  575): [208,removeAppToken: last token]
11-25 09:10:07.052 I/wm_task_removed(  575): [208,removeTask]
11-25 09:10:16.403 I/power_sleep_requested(  575): 0
11-25 09:10:16.404 I/power_screen_state(  575): [0,3,0,0]
11-25 09:10:16.404 I/screen_toggled(  575): 0
11-25 09:10:16.404 I/power_screen_broadcast_send(  575): 1
11-25 09:10:16.633 I/power_screen_broadcast_done(  575): [0,229,1]
11-25 09:10:37.806 I/battery_level(  575): [79,4036,317]
11-25 09:11:00.717 I/force_gc(  575): Binder
11-25 09:20:20.749 I/power_screen_state(  575): [1,0,0,0]
11-25 09:20:20.749 I/screen_toggled(  575): 1
11-25 09:20:20.758 I/power_screen_broadcast_send(  575): 1
11-25 09:20:20.977 I/power_screen_broadcast_done(  575): [1,219,1]
11-25 09:20:32.694 I/power_sleep_requested(  575): 0
11-25 09:20:32.694 I/power_screen_state(  575): [0,3,0,0]
11-25 09:20:32.694 I/screen_toggled(  575): 0
11-25 09:20:32.695 I/power_screen_broadcast_send(  575): 1
11-25 09:20:32.857 I/power_screen_broadcast_done(  575): [0,162,1]
11-25 09:21:02.646 I/notification_enqueue(  575): [10025,1278,com.google.android.apps.fitness,1,NULL,0,Notification(pri=-1 contentView=null vibrate=null sound=null defaults=0x0 flags=0x0 color=0x00000000 vis=PRIVATE),0]
11-25 09:33:01.919 I/aggregation(  968): 1448440381919
11-25 09:33:02.130 I/netstats_mobile_sample(  575): [0,0,0,0,0,0,0,0,0,0,0,0,1448440382483]
11-25 09:33:02.131 I/netstats_wifi_sample(  575): [239706,545,117269,626,238397,515,107900,612,234516,496,107900,612,1448440382483]
11-25 09:33:02.918 I/notification_enqueue(  575): [10025,1278,com.google.android.apps.fitness,1,NULL,0,Notification(pri=-1 contentView=null vibrate=null sound=null defaults=0x0 flags=0x0 color=0x00000000 vis=PRIVATE),1]
11-25 09:35:51.510 I/notification_enqueue(  575): [10038,2026,com.emmaguy.todayilearned,240,NULL,0,Notification(pri=0 contentView=null vibrate=null sound=null defaults=0x0 flags=0x0 color=0x00000000 actions=6 vis=PRIVATE),0]
11-25 09:41:00.728 I/force_gc(  575): Binder
11-25 09:41:00.756 I/battery_level(  575): [78,4040,322]
11-25 09:49:28.206 I/power_screen_state(  575): [1,0,0,0]
11-25 09:49:28.206 I/screen_toggled(  575): 1
11-25 09:49:28.207 I/power_screen_broadcast_send(  575): 1
11-25 09:49:28.749 I/power_screen_broadcast_done(  575): [1,543,1]
11-25 09:49:31.351 I/notification_enqueue(  575): [10025,1278,com.google.android.apps.fitness,1,NULL,0,Notification(pri=-1 contentView=null vibrate=null sound=null defaults=0x0 flags=0x0 color=0x00000000 vis=PRIVATE),1]
11-25 09:49:33.241 I/power_sleep_requested(  575): 0
11-25 09:49:33.243 I/power_screen_state(  575): [0,3,0,0]
11-25 09:49:33.243 I/screen_toggled(  575): 0
11-25 09:49:33.243 I/power_screen_broadcast_send(  575): 1
11-25 09:49:33.425 I/power_screen_broadcast_done(  575): [0,183,1]
11-25 09:50:00.700 I/notification_cancel(  575): [10004,739,com.google.android.wearable.app,-1842932430,cal_notif,0,0,64,8,NULL]
11-25 09:50:00.709 I/notification_enqueue(  575): [10004,739,com.google.android.wearable.app,-1051490489,cal_notif,0,Notification(pri=0 contentView=null vibrate=null sound=null defaults=0x0 flags=0x100 color=0x00000000 groupKey=/cal/top/0 sortKey=01448442000000-01448445600000-790 actions=1 vis=PRIVATE),0]
11-25 09:50:00.749 I/notification_enqueue(  575): [10004,739,com.google.android.wearable.app,875576614,cal_notif,0,Notification(pri=0 contentView=null vibrate=default sound=null defaults=0x2 flags=0x300 color=0x00000000 groupKey=/cal/top/0 vis=PRIVATE),0]
11-25 09:50:01.454 I/power_screen_state(  575): [1,0,0,0]
11-25 09:50:01.454 I/screen_toggled(  575): 1
11-25 09:50:01.454 I/power_screen_broadcast_send(  575): 1
11-25 09:50:01.651 I/notification_enqueue(  575): [10004,739,com.google.android.wearable.app,26,bridged_notification,0,Notification(pri=0 contentView=null vibrate=null sound=null defaults=0x4 flags=0x101 color=0x00000000 actions=2 vis=PRIVATE),0]
11-25 09:50:02.139 I/power_screen_broadcast_done(  575): [1,685,1]
11-25 09:50:07.967 I/power_sleep_requested(  575): 0
11-25 09:50:07.975 I/power_screen_state(  575): [0,3,0,0]
11-25 09:50:07.975 I/screen_toggled(  575): 0
11-25 09:50:07.975 I/power_screen_broadcast_send(  575): 1
11-25 09:50:08.269 I/power_screen_broadcast_done(  575): [0,294,1]
11-25 09:50:28.594 I/notification_cancel(  575): [10004,739,com.google.android.wearable.app,26,bridged_notification,0,0,64,8,NULL]
11-25 09:50:28.595 I/notification_canceled(  575): [0|com.google.android.wearable.app|26|bridged_notification|10004,8]
11-25 09:50:35.570 I/notification_cancel(  575): [10004,739,com.google.android.wearable.app,-1842932430,cal_notif,0,0,64,8,NULL]
11-25 09:50:35.587 I/notification_enqueue(  575): [10004,739,com.google.android.wearable.app,875576614,cal_notif,0,Notification(pri=0 contentView=null vibrate=null sound=null defaults=0x0 flags=0x300 color=0x00000000 groupKey=/cal/top/0 vis=PRIVATE),1]
11-25 09:50:35.663 I/notification_enqueue(  575): [10004,739,com.google.android.wearable.app,-1051490489,cal_notif,0,Notification(pri=0 contentView=null vibrate=null sound=null defaults=0x0 flags=0x100 color=0x00000000 groupKey=/cal/top/0 sortKey=01448442000000-01448445600000-790 actions=1 vis=PRIVATE),1]
11-25 09:55:21.620 I/power_screen_state(  575): [1,0,0,0]
11-25 09:55:21.620 I/screen_toggled(  575): 1
11-25 09:55:21.620 I/power_screen_broadcast_send(  575): 1
11-25 09:55:21.904 I/power_screen_broadcast_done(  575): [1,285,1]
11-25 09:55:29.392 I/power_sleep_requested(  575): 0
11-25 09:55:29.395 I/power_screen_state(  575): [0,3,0,0]
11-25 09:55:29.395 I/screen_toggled(  575): 0
11-25 09:55:29.395 I/power_screen_broadcast_send(  575): 1
11-25 09:55:29.468 I/force_gc(  575): Binder
11-25 09:55:29.848 I/power_screen_broadcast_done(  575): [0,454,1]
11-25 09:57:23.163 I/power_screen_state(  575): [1,0,0,0]
11-25 09:57:23.163 I/screen_toggled(  575): 1
11-25 09:57:23.172 I/power_screen_broadcast_send(  575): 1
11-25 09:57:23.265 I/power_screen_broadcast_done(  575): [1,94,1]
11-25 09:57:28.157 I/power_sleep_requested(  575): 0
11-25 09:57:28.158 I/power_screen_state(  575): [0,3,0,0]
11-25 09:57:28.158 I/screen_toggled(  575): 0
11-25 09:57:28.158 I/power_screen_broadcast_send(  575): 1
11-25 09:57:28.401 I/power_screen_broadcast_done(  575): [0,243,1]
11-25 09:57:41.081 I/power_screen_state(  575): [1,0,0,0]
11-25 09:57:41.081 I/screen_toggled(  575): 1
11-25 09:57:41.081 I/power_screen_broadcast_send(  575): 1
11-25 09:57:41.181 I/power_screen_broadcast_done(  575): [1,100,1]
11-25 09:57:46.075 I/power_sleep_requested(  575): 0
11-25 09:57:46.076 I/power_screen_state(  575): [0,3,0,0]
11-25 09:57:46.076 I/screen_toggled(  575): 0
11-25 09:57:46.076 I/power_screen_broadcast_send(  575): 1
11-25 09:57:46.293 I/power_screen_broadcast_done(  575): [0,217,1]
11-25 10:00:58.303 I/power_screen_state(  575): [1,0,0,0]
11-25 10:00:58.303 I/screen_toggled(  575): 1
11-25 10:00:58.303 I/power_screen_broadcast_send(  575): 1
11-25 10:00:58.394 I/power_screen_broadcast_done(  575): [1,91,1]
11-25 10:01:08.019 I/notification_cancel(  575): [10004,739,com.google.android.wearable.app,875576614,cal_notif,0,0,66,10,{com.google.android.wearable.app/com.google.android.clockwork.stream.NotificationCollectorService}]
11-25 10:01:08.021 I/notification_canceled(  575): [0|com.google.android.wearable.app|875576614|cal_notif|10004,10]
11-25 10:01:08.021 I/notification_cancel(  575): [10004,739,com.google.android.wearable.app,-1051490489,cal_notif,0,0,0,12,{com.google.android.wearable.app/com.google.android.clockwork.stream.NotificationCollectorService}]
11-25 10:01:08.021 I/notification_canceled(  575): [0|com.google.android.wearable.app|-1051490489|cal_notif|10004,12]
11-25 10:01:29.258 I/am_kill (  575): [0,6280,android.process.media,15,empty for 1815s]
11-25 10:01:29.474 I/am_kill (  575): [0,6262,com.lge.wearable.chargingmode,15,empty for 1816s]
11-25 10:01:29.616 I/am_proc_died(  575): [0,6262,com.lge.wearable.chargingmode]
11-25 10:01:29.618 I/am_proc_died(  575): [0,6280,android.process.media]
11-25 10:01:32.668 I/netstats_mobile_sample(  575): [0,0,0,0,0,0,0,0,0,0,0,0,1448442093021]
11-25 10:01:32.668 I/netstats_wifi_sample(  575): [239706,545,117269,626,238397,515,107900,612,234516,496,107900,612,1448442093021]
11-25 10:01:34.233 I/notification_cancel(  575): [10004,739,com.emmaguy.todayilearned,240,NULL,0,0,66,10,{com.google.android.wearable.app/com.google.android.clockwork.stream.NotificationCollectorService}]
11-25 10:01:34.233 I/notification_canceled(  575): [0|com.emmaguy.todayilearned|240|null|10038,10]
11-25 10:01:35.673 I/battery_level(  575): [77,3991,325]
11-25 10:01:35.811 I/notification_enqueue(  575): [10025,1278,com.google.android.apps.fitness,1,NULL,0,Notification(pri=-1 contentView=null vibrate=null sound=null defaults=0x0 flags=0x0 color=0x00000000 vis=PRIVATE),1]
11-25 10:01:46.660 I/power_sleep_requested(  575): 0
11-25 10:01:46.661 I/power_screen_state(  575): [0,3,0,0]
11-25 10:01:46.661 I/screen_toggled(  575): 0
11-25 10:01:46.661 I/power_screen_broadcast_send(  575): 1
11-25 10:01:46.892 I/power_screen_broadcast_done(  575): [0,231,1]
11-25 10:10:00.137 I/notification_cancel(  575): [10004,739,com.google.android.wearable.app,-1051490489,cal_notif,0,0,64,8,NULL]
11-25 10:10:00.147 I/notification_cancel(  575): [10004,739,com.google.android.wearable.app,875576614,cal_notif,0,0,64,8,NULL]
11-25 10:14:43.753 I/aggregation(  968): 1448442883753
11-25 10:14:45.692 I/notification_enqueue(  575): [10025,1278,com.google.android.apps.fitness,1,NULL,0,Notification(pri=-1 contentView=null vibrate=null sound=null defaults=0x0 flags=0x0 color=0x00000000 vis=PRIVATE),1]
11-25 10:18:48.581 I/power_screen_state(  575): [1,0,0,0]
11-25 10:18:48.581 I/screen_toggled(  575): 1
11-25 10:18:48.581 I/power_screen_broadcast_send(  575): 1
11-25 10:18:48.674 I/power_screen_broadcast_done(  575): [1,93,1]
11-25 10:18:53.614 I/power_sleep_requested(  575): 0
11-25 10:18:53.615 I/power_screen_state(  575): [0,3,0,0]
11-25 10:18:53.615 I/screen_toggled(  575): 0
11-25 10:18:53.615 I/power_screen_broadcast_send(  575): 1
11-25 10:18:53.787 I/power_screen_broadcast_done(  575): [0,172,1]
11-25 10:18:55.977 I/power_screen_state(  575): [1,0,0,0]
11-25 10:18:55.977 I/screen_toggled(  575): 1
11-25 10:18:55.978 I/power_screen_broadcast_send(  575): 1
11-25 10:18:56.071 I/power_screen_broadcast_done(  575): [1,93,1]
11-25 10:19:01.006 I/power_sleep_requested(  575): 0
11-25 10:19:01.015 I/power_screen_state(  575): [0,3,0,0]
11-25 10:19:01.015 I/screen_toggled(  575): 0
11-25 10:19:01.015 I/power_screen_broadcast_send(  575): 1
11-25 10:19:01.186 I/power_screen_broadcast_done(  575): [0,170,1]
11-25 10:21:07.187 I/power_screen_state(  575): [1,0,0,0]
11-25 10:21:07.187 I/screen_toggled(  575): 1
11-25 10:21:07.195 I/power_screen_broadcast_send(  575): 1
11-25 10:21:07.454 I/power_screen_broadcast_done(  575): [1,259,1]
11-25 10:21:23.067 I/power_sleep_requested(  575): 0
11-25 10:21:23.068 I/power_screen_state(  575): [0,3,0,0]
11-25 10:21:23.068 I/screen_toggled(  575): 0
11-25 10:21:23.068 I/power_screen_broadcast_send(  575): 1
11-25 10:21:23.321 I/power_screen_broadcast_done(  575): [0,252,1]
11-25 10:21:45.152 I/power_screen_state(  575): [1,0,0,0]
11-25 10:21:45.152 I/screen_toggled(  575): 1
11-25 10:21:45.153 I/power_screen_broadcast_send(  575): 1
11-25 10:21:45.254 I/power_screen_broadcast_done(  575): [1,101,1]
11-25 10:21:55.148 I/power_sleep_requested(  575): 0
11-25 10:21:55.149 I/power_screen_state(  575): [0,3,0,0]
11-25 10:21:55.149 I/screen_toggled(  575): 0
11-25 10:21:55.149 I/power_screen_broadcast_send(  575): 1
11-25 10:21:55.387 I/power_screen_broadcast_done(  575): [0,237,1]
11-25 10:24:15.732 I/notification_enqueue(  575): [10004,739,com.google.android.wearable.app,27,bridged_notification,0,Notification(pri=0 contentView=null vibrate=null sound=null defaults=0x4 flags=0x101 color=0x00000000 vis=PRIVATE),0]
11-25 10:29:01.775 I/battery_level(  575): [76,4023,316]
11-25 10:29:16.274 I/notification_cancel(  575): [10004,739,com.google.android.wearable.app,27,bridged_notification,0,0,64,8,NULL]
11-25 10:29:16.274 I/notification_canceled(  575): [0|com.google.android.wearable.app|27|bridged_notification|10004,8]
11-25 10:29:42.760 I/netstats_mobile_sample(  575): [0,0,0,0,0,0,0,0,0,0,0,0,1448443783113]
11-25 10:29:42.761 I/netstats_wifi_sample(  575): [239706,545,117269,626,238397,515,107900,612,234516,496,107900,612,1448443783113]
11-25 10:29:43.632 I/notification_enqueue(  575): [10025,1278,com.google.android.apps.fitness,1,NULL,0,Notification(pri=-1 contentView=null vibrate=null sound=null defaults=0x0 flags=0x0 color=0x00000000 vis=PRIVATE),1]
11-25 10:34:01.675 I/power_screen_state(  575): [1,0,0,0]
11-25 10:34:01.675 I/screen_toggled(  575): 1
11-25 10:34:01.684 I/power_screen_broadcast_send(  575): 1
11-25 10:34:01.968 I/power_screen_broadcast_done(  575): [1,284,1]
11-25 10:34:06.677 I/power_sleep_requested(  575): 0
11-25 10:34:06.679 I/power_screen_state(  575): [0,3,0,0]
11-25 10:34:06.679 I/screen_toggled(  575): 0
11-25 10:34:06.679 I/power_screen_broadcast_send(  575): 1
11-25 10:34:06.844 I/power_screen_broadcast_done(  575): [0,165,1]
11-25 10:44:46.211 I/aggregation(  968): 1448444686211
11-25 10:44:48.042 I/notification_enqueue(  575): [10025,1278,com.google.android.apps.fitness,1,NULL,0,Notification(pri=-1 contentView=null vibrate=null sound=null defaults=0x0 flags=0x0 color=0x00000000 vis=PRIVATE),1]
11-25 10:48:22.248 I/power_screen_state(  575): [1,0,0,0]
11-25 10:48:22.248 I/screen_toggled(  575): 1
11-25 10:48:22.249 I/power_screen_broadcast_send(  575): 1
11-25 10:48:22.544 I/power_screen_broadcast_done(  575): [1,296,1]
11-25 10:48:27.291 I/power_sleep_requested(  575): 0
11-25 10:48:27.292 I/power_screen_state(  575): [0,3,0,0]
11-25 10:48:27.292 I/screen_toggled(  575): 0
11-25 10:48:27.293 I/power_screen_broadcast_send(  575): 1
11-25 10:48:27.320 I/force_gc(  814): Binder
11-25 10:48:27.580 I/power_screen_broadcast_done(  575): [0,287,1]
