11-26 07:51:42.745 I/power_screen_broadcast_send(  575): 1
11-26 07:51:43.099 I/power_screen_broadcast_done(  575): [0,354,1]
11-26 07:51:46.768 I/power_screen_state(  575): [1,0,0,0]
11-26 07:51:46.768 I/screen_toggled(  575): 1
11-26 07:51:46.778 I/power_screen_broadcast_send(  575): 1
11-26 07:51:46.864 I/power_screen_broadcast_done(  575): [1,86,1]
11-26 07:51:52.914 I/notification_cancel(  575): [10004,739,com.emmaguy.todayilearned,350,NULL,0,0,66,10,{com.google.android.wearable.app/com.google.android.clockwork.stream.NotificationCollectorService}]
11-26 07:51:52.915 I/notification_canceled(  575): [0|com.emmaguy.todayilearned|350|null|10038,10]
11-26 07:51:54.702 I/notification_cancel(  575): [10004,739,com.google.android.wearable.app,-1426017619,now,0,0,66,10,{com.google.android.wearable.app/com.google.android.clockwork.stream.NotificationCollectorService}]
11-26 07:51:54.703 I/notification_canceled(  575): [0|com.google.android.wearable.app|-1426017619|now|10004,10]
11-26 07:51:59.728 I/notification_cancel(  575): [10004,739,com.google.android.wearable.app,962406116,now,0,0,66,10,{com.google.android.wearable.app/com.google.android.clockwork.stream.NotificationCollectorService}]
11-26 07:51:59.734 I/notification_canceled(  575): [0|com.google.android.wearable.app|962406116|now|10004,10]
11-26 07:52:06.725 I/power_sleep_requested(  575): 0
11-26 07:52:06.726 I/power_screen_state(  575): [0,3,0,0]
11-26 07:52:06.726 I/screen_toggled(  575): 0
11-26 07:52:06.726 I/power_screen_broadcast_send(  575): 1
11-26 07:52:06.839 I/power_screen_broadcast_done(  575): [0,113,1]
11-26 07:53:16.451 I/power_screen_state(  575): [1,0,0,0]
11-26 07:53:16.451 I/screen_toggled(  575): 1
11-26 07:53:16.451 I/power_screen_broadcast_send(  575): 1
11-26 07:53:16.529 I/force_gc(  575): Binder
11-26 07:53:17.015 I/power_screen_broadcast_done(  575): [1,563,1]
11-26 07:53:26.099 I/notification_cancel(  575): [10004,739,com.emmaguy.todayilearned,330,NULL,0,0,66,10,{com.google.android.wearable.app/com.google.android.clockwork.stream.NotificationCollectorService}]
11-26 07:53:26.100 I/notification_canceled(  575): [0|com.emmaguy.todayilearned|330|null|10038,10]
11-26 07:53:32.122 I/notification_cancel(  575): [10004,739,com.emmaguy.todayilearned,320,NULL,0,0,66,10,{com.google.android.wearable.app/com.google.android.clockwork.stream.NotificationCollectorService}]
11-26 07:53:32.123 I/notification_canceled(  575): [0|com.emmaguy.todayilearned|320|null|10038,10]
11-26 07:53:36.772 I/notification_cancel(  575): [10004,739,com.emmaguy.todayilearned,310,NULL,0,0,66,10,{com.google.android.wearable.app/com.google.android.clockwork.stream.NotificationCollectorService}]
11-26 07:53:36.774 I/notification_canceled(  575): [0|com.emmaguy.todayilearned|310|null|10038,10]
11-26 07:53:41.848 I/notification_cancel(  575): [10004,739,com.emmaguy.todayilearned,300,NULL,0,0,66,10,{com.google.android.wearable.app/com.google.android.clockwork.stream.NotificationCollectorService}]
11-26 07:53:41.849 I/notification_canceled(  575): [0|com.emmaguy.todayilearned|300|null|10038,10]
11-26 07:53:42.215 I/am_home_stack_moved(  575): [0,1,0,0,intentActivityFound]
11-26 07:53:42.215 I/wm_task_moved(  575): [196,1,0]
11-26 07:53:42.218 I/am_new_intent(  575): [0,5899266,196,com.google.android.wearable.app/com.google.android.clockwork.home.HomeActivity,android.intent.action.MAIN,NULL,NULL,270532608]
11-26 07:53:42.226 I/power_sleep_requested(  575): 0
11-26 07:53:42.228 I/power_screen_state(  575): [0,2,0,0]
11-26 07:53:42.228 I/screen_toggled(  575): 0
11-26 07:53:42.228 I/power_screen_broadcast_send(  575): 1
11-26 07:53:42.616 I/power_screen_broadcast_done(  575): [0,387,1]
11-26 08:00:58.375 I/aggregation(  968): 1448521258375
11-26 08:00:58.764 I/netstats_mobile_sample(  575): [0,0,0,0,0,0,0,0,0,0,0,0,1448521266956]
11-26 08:00:58.764 I/netstats_wifi_sample(  575): [282386,666,198048,772,280821,629,186607,757,276940,610,186607,757,1448521266956]
11-26 08:00:59.165 I/notification_cancel(  575): [10025,1278,com.google.android.apps.fitness,1,NULL,0,0,64,8,NULL]
11-26 08:10:01.242 I/notification_cancel(  575): [10004,739,com.google.android.wearable.app,-1686245135,cal_notif,0,0,64,8,NULL]
11-26 08:10:01.243 I/notification_cancel(  575): [10004,739,com.google.android.wearable.app,875576614,cal_notif,0,0,64,8,NULL]
11-26 08:14:01.054 I/battery_level(  575): [42,3772,321]
11-26 08:20:46.373 I/power_screen_state(  575): [1,0,0,0]
11-26 08:20:46.373 I/screen_toggled(  575): 1
11-26 08:20:46.374 I/power_screen_broadcast_send(  575): 1
11-26 08:20:46.460 I/power_screen_broadcast_done(  575): [1,85,1]
11-26 08:20:51.408 I/power_sleep_requested(  575): 0
11-26 08:20:51.410 I/power_screen_state(  575): [0,3,0,0]
11-26 08:20:51.410 I/screen_toggled(  575): 0
11-26 08:20:51.410 I/power_screen_broadcast_send(  575): 1
11-26 08:20:51.562 I/power_screen_broadcast_done(  575): [0,152,1]
11-26 08:23:57.297 I/notification_cancel(  575): [10024,9327,com.google.android.deskclock,10436,NULL,0,0,64,8,NULL]
11-26 08:23:57.349 I/force_gc(  575): Binder
11-26 08:23:57.575 I/notification_enqueue(  575): [10004,739,com.google.android.wearable.app,35,bridged_notification,0,Notification(pri=0 contentView=null vibrate=null sound=null defaults=0x4 flags=0x101 color=0x00000000 vis=PRIVATE),0]
11-26 08:25:01.733 I/notification_cancel(  575): [10025,1278,com.google.android.apps.fitness,1,NULL,0,0,64,8,NULL]
11-26 08:29:49.211 I/notification_cancel(  575): [10024,9327,com.google.android.deskclock,10436,NULL,0,0,64,8,NULL]
11-26 08:31:00.023 I/netstats_mobile_sample(  575): [0,0,0,0,0,0,0,0,0,0,0,0,1448523073334]
11-26 08:31:00.023 I/netstats_wifi_sample(  575): [282386,666,198048,772,280821,629,186607,757,276940,610,186607,757,1448523073334]
11-26 08:31:01.316 I/aggregation(  968): 1448523061316
11-26 08:31:06.408 I/notification_cancel(  575): [10025,1278,com.google.android.apps.fitness,1,NULL,0,0,64,8,NULL]
11-26 08:43:18.350 I/power_screen_state(  575): [1,0,0,0]
11-26 08:43:18.350 I/screen_toggled(  575): 1
11-26 08:43:18.350 I/power_screen_broadcast_send(  575): 1
11-26 08:43:18.430 I/power_screen_broadcast_done(  575): [1,79,1]
11-26 08:43:23.394 I/power_sleep_requested(  575): 0
11-26 08:43:23.396 I/power_screen_state(  575): [0,3,0,0]
11-26 08:43:23.396 I/screen_toggled(  575): 0
11-26 08:43:23.396 I/power_screen_broadcast_send(  575): 1
11-26 08:43:23.628 I/power_screen_broadcast_done(  575): [0,232,1]
11-26 08:44:01.072 I/battery_level(  575): [41,3769,299]
11-26 08:44:21.777 I/power_screen_state(  575): [1,0,0,0]
11-26 08:44:21.777 I/screen_toggled(  575): 1
11-26 08:44:21.778 I/power_screen_broadcast_send(  575): 1
11-26 08:44:21.864 I/power_screen_broadcast_done(  575): [1,87,1]
11-26 08:44:26.809 I/power_sleep_requested(  575): 0
11-26 08:44:26.811 I/power_screen_state(  575): [0,3,0,0]
11-26 08:44:26.811 I/screen_toggled(  575): 0
11-26 08:44:26.811 I/power_screen_broadcast_send(  575): 1
11-26 08:44:26.872 I/force_gc(  575): Binder
11-26 08:44:27.252 I/power_screen_broadcast_done(  575): [0,441,1]
11-26 08:46:33.827 I/power_screen_state(  575): [1,0,0,0]
11-26 08:46:33.827 I/screen_toggled(  575): 1
11-26 08:46:33.827 I/power_screen_broadcast_send(  575): 1
11-26 08:46:34.312 I/power_screen_broadcast_done(  575): [1,485,1]
11-26 08:46:38.861 I/power_sleep_requested(  575): 0
11-26 08:46:38.863 I/power_screen_state(  575): [0,3,0,0]
11-26 08:46:38.863 I/screen_toggled(  575): 0
11-26 08:46:38.864 I/power_screen_broadcast_send(  575): 1
11-26 08:46:39.081 I/power_screen_broadcast_done(  575): [0,217,1]
11-26 08:49:01.862 I/notification_cancel(  575): [10025,1278,com.google.android.apps.fitness,1,NULL,0,0,64,8,NULL]
11-26 08:55:24.451 I/power_screen_state(  575): [1,0,0,0]
11-26 08:55:24.451 I/screen_toggled(  575): 1
11-26 08:55:24.451 I/power_screen_broadcast_send(  575): 1
11-26 08:55:24.543 I/power_screen_broadcast_done(  575): [1,93,1]
11-26 08:55:35.545 I/power_sleep_requested(  575): 0
11-26 08:55:35.546 I/power_screen_state(  575): [0,3,0,0]
11-26 08:55:35.546 I/screen_toggled(  575): 0
11-26 08:55:35.546 I/power_screen_broadcast_send(  575): 1
11-26 08:55:35.797 I/power_screen_broadcast_done(  575): [0,250,1]
11-26 09:01:01.902 I/netstats_mobile_sample(  575): [0,0,0,0,0,0,0,0,0,0,0,0,1448524875213]
11-26 09:01:01.902 I/netstats_wifi_sample(  575): [282386,666,198048,772,280821,629,186607,757,276940,610,186607,757,1448524875213]
11-26 09:01:02.190 I/aggregation(  968): 1448524862190
11-26 09:01:02.871 I/notification_cancel(  575): [10025,1278,com.google.android.apps.fitness,1,NULL,0,0,64,8,NULL]
11-26 09:03:01.030 I/force_gc(  575): Binder
11-26 09:13:01.062 I/battery_level(  575): [40,3767,310]
11-26 09:14:32.568 I/notification_cancel(  575): [10025,1278,com.google.android.apps.fitness,1,NULL,0,0,64,8,NULL]
11-26 09:16:51.964 I/power_screen_state(  575): [1,0,0,0]
11-26 09:16:51.964 I/screen_toggled(  575): 1
11-26 09:16:51.965 I/power_screen_broadcast_send(  575): 1
11-26 09:16:52.267 I/power_screen_broadcast_done(  575): [1,303,1]
11-26 09:16:57.000 I/power_sleep_requested(  575): 0
11-26 09:16:57.003 I/power_screen_state(  575): [0,3,0,0]
11-26 09:16:57.003 I/screen_toggled(  575): 0
11-26 09:16:57.003 I/power_screen_broadcast_send(  575): 1
11-26 09:16:57.220 I/power_screen_broadcast_done(  575): [0,216,1]
11-26 09:31:07.337 I/aggregation(  968): 1448526667337
11-26 09:31:07.729 I/netstats_mobile_sample(  575): [0,0,0,0,0,0,0,0,0,0,0,0,1448526681040]
11-26 09:31:07.729 I/netstats_wifi_sample(  575): [282386,666,198048,772,280821,629,186607,757,276940,610,186607,757,1448526681040]
11-26 09:31:08.252 I/notification_cancel(  575): [10025,1278,com.google.android.apps.fitness,1,NULL,0,0,64,8,NULL]
11-26 09:33:58.012 I/notification_cancel(  575): [10004,739,com.google.android.wearable.app,35,bridged_notification,0,0,64,8,NULL]
11-26 09:33:58.012 I/notification_canceled(  575): [0|com.google.android.wearable.app|35|bridged_notification|10004,8]
11-26 09:38:41.377 I/force_gc(  575): Binder
11-26 09:42:52.088 I/power_screen_state(  575): [1,0,0,0]
11-26 09:42:52.088 I/screen_toggled(  575): 1
11-26 09:42:52.089 I/power_screen_broadcast_send(  575): 1
11-26 09:42:52.177 I/power_screen_broadcast_done(  575): [1,88,1]
11-26 09:42:57.122 I/power_sleep_requested(  575): 0
11-26 09:42:57.123 I/power_screen_state(  575): [0,3,0,0]
11-26 09:42:57.124 I/screen_toggled(  575): 0
11-26 09:42:57.124 I/power_screen_broadcast_send(  575): 1
11-26 09:42:57.299 I/power_screen_broadcast_done(  575): [0,175,1]
11-26 09:44:31.061 I/battery_level(  575): [39,3763,315]
11-26 09:44:31.954 I/notification_cancel(  575): [10025,1278,com.google.android.apps.fitness,1,NULL,0,0,64,8,NULL]
11-26 09:53:46.873 I/notification_enqueue(  575): [10004,739,com.google.android.wearable.app,36,bridged_notification,0,Notification(pri=0 contentView=null vibrate=null sound=null defaults=0x4 flags=0x101 color=0x00000000 vis=PRIVATE),0]
11-26 09:55:00.003 I/am_kill (  575): [0,9359,android.process.acore,15,empty for 1802s]
11-26 09:55:00.037 I/am_proc_died(  575): [0,9359,android.process.acore]
11-26 09:59:31.793 I/notification_cancel(  575): [10025,1278,com.google.android.apps.fitness,1,NULL,0,0,64,8,NULL]
11-26 10:14:31.198 I/aggregation(  968): 1448529271198
11-26 10:14:31.502 I/netstats_mobile_sample(  575): [0,0,0,0,0,0,0,0,0,0,0,0,1448529284813]
11-26 10:14:31.503 I/netstats_wifi_sample(  575): [282386,666,198048,772,280821,629,186607,757,276940,610,186607,757,1448529284813]
11-26 10:14:31.516 I/force_gc(  575): Binder
11-26 10:14:33.136 I/notification_cancel(  575): [10025,1278,com.google.android.apps.fitness,1,NULL,0,0,64,8,NULL]
11-26 10:19:01.086 I/battery_level(  575): [38,3759,320]
11-26 10:22:06.352 I/notification_cancel(  575): [10004,739,com.google.android.wearable.app,36,bridged_notification,0,0,64,8,NULL]
11-26 10:22:06.353 I/notification_canceled(  575): [0|com.google.android.wearable.app|36|bridged_notification|10004,8]
11-26 10:31:12.087 I/netstats_mobile_sample(  575): [0,0,0,0,0,0,0,0,0,0,0,0,1448530285398]
11-26 10:31:12.087 I/netstats_wifi_sample(  575): [282386,666,198048,772,280821,629,186607,757,276940,610,186607,757,1448530285398]
11-26 10:31:13.014 I/notification_cancel(  575): [10025,1278,com.google.android.apps.fitness,1,NULL,0,0,64,8,NULL]
11-26 10:33:25.275 I/power_screen_state(  575): [1,0,0,0]
11-26 10:33:25.275 I/screen_toggled(  575): 1
11-26 10:33:25.275 I/power_screen_broadcast_send(  575): 1
11-26 10:33:25.372 I/power_screen_broadcast_done(  575): [1,97,1]
11-26 10:33:30.308 I/power_sleep_requested(  575): 0
11-26 10:33:30.309 I/power_screen_state(  575): [0,3,0,0]
11-26 10:33:30.309 I/screen_toggled(  575): 0
11-26 10:33:30.310 I/power_screen_broadcast_send(  575): 1
11-26 10:33:30.434 I/power_screen_broadcast_done(  575): [0,125,1]
11-26 10:34:40.962 I/notification_cancel(  575): [10004,739,com.google.android.wearable.app,-1686245135,cal_notif,0,0,64,8,NULL]
11-26 10:34:40.962 I/notification_cancel(  575): [10004,739,com.google.android.wearable.app,875576614,cal_notif,0,0,64,8,NULL]
11-26 10:36:03.913 I/power_screen_state(  575): [1,0,0,0]
11-26 10:36:03.913 I/screen_toggled(  575): 1
11-26 10:36:03.913 I/power_screen_broadcast_send(  575): 1
11-26 10:36:04.000 I/power_screen_broadcast_done(  575): [1,87,1]
11-26 10:36:08.946 I/power_sleep_requested(  575): 0
11-26 10:36:08.947 I/power_screen_state(  575): [0,3,0,0]
11-26 10:36:08.947 I/screen_toggled(  575): 0
11-26 10:36:08.948 I/power_screen_broadcast_send(  575): 1
11-26 10:36:09.020 I/force_gc(  575): Binder
11-26 10:36:09.241 I/power_screen_broadcast_done(  575): [0,293,1]
11-26 10:40:11.363 I/power_screen_state(  575): [1,0,0,0]
11-26 10:40:11.363 I/screen_toggled(  575): 1
11-26 10:40:11.363 I/power_screen_broadcast_send(  575): 1
11-26 10:40:11.459 I/power_screen_broadcast_done(  575): [1,95,1]
11-26 10:40:11.465 I/force_gc(  814): Binder
11-26 10:40:16.397 I/power_sleep_requested(  575): 0
11-26 10:40:16.400 I/power_screen_state(  575): [0,3,0,0]
11-26 10:40:16.400 I/screen_toggled(  575): 0
11-26 10:40:16.400 I/power_screen_broadcast_send(  575): 1
11-26 10:40:16.565 I/power_screen_broadcast_done(  575): [0,165,1]
11-26 10:44:33.377 I/aggregation(  968): 1448531073377
11-26 10:44:33.959 I/notification_cancel(  575): [10025,1278,com.google.android.apps.fitness,1,NULL,0,0,64,8,NULL]
11-26 10:48:55.185 I/battery_level(  575): [37,3750,317]
11-26 10:48:56.133 I/notification_enqueue(  575): [10004,739,com.google.android.wearable.app,37,bridged_notification,0,Notification(pri=0 contentView=null vibrate=null sound=null defaults=0x4 flags=0x101 color=0x00000000 vis=PRIVATE),0]
11-26 10:54:41.060 I/notification_enqueue(  575): [10004,739,com.google.android.wearable.app,38,bridged_notification,0,Notification(pri=0 contentView=null vibrate=null sound=null defaults=0x4 flags=0x101 color=0x00000000 vis=PRIVATE),0]
11-26 10:55:02.934 I/notification_cancel(  575): [10004,739,com.google.android.wearable.app,38,bridged_notification,0,0,64,8,NULL]
11-26 10:55:02.935 I/notification_canceled(  575): [0|com.google.android.wearable.app|38|bridged_notification|10004,8]
11-26 10:55:15.860 I/notification_cancel(  575): [10004,739,com.google.android.wearable.app,37,bridged_notification,0,0,64,8,NULL]
11-26 10:55:15.860 I/notification_canceled(  575): [0|com.google.android.wearable.app|37|bridged_notification|10004,8]
11-26 10:59:31.066 I/am_kill (  575): [0,9253,android.process.media,15,empty for 1800s]
11-26 10:59:31.098 I/am_proc_died(  575): [0,9253,android.process.media]
11-26 10:59:31.120 I/netstats_mobile_sample(  575): [0,0,0,0,0,0,0,0,0,0,0,0,1448531984431]
11-26 10:59:31.120 I/netstats_wifi_sample(  575): [282386,666,198048,772,280821,629,186607,757,276940,610,186607,757,1448531984431]
11-26 10:59:31.888 I/notification_cancel(  575): [10025,1278,com.google.android.apps.fitness,1,NULL,0,0,64,8,NULL]
11-26 11:00:05.647 I/am_kill (  575): [0,9508,com.skype.raider,15,empty for 1800s]
11-26 11:00:05.867 I/am_proc_died(  575): [0,9508,com.skype.raider]
11-26 11:00:08.591 I/am_kill (  575): [0,7086,com.fitnesskeeper.runkeeper.pro,15,empty for 1801s]
11-26 11:00:08.607 I/am_kill (  575): [0,9491,com.endomondo.android,15,empty for 1802s]
11-26 11:00:08.663 I/am_kill (  575): [0,9571,com.lge.bioitplatform.sdservice.service,15,empty for 1802s]
11-26 11:00:08.693 I/am_proc_died(  575): [0,7086,com.fitnesskeeper.runkeeper.pro]
11-26 11:00:08.694 I/am_proc_died(  575): [0,9491,com.endomondo.android]
11-26 11:00:08.695 I/am_proc_died(  575): [0,9571,com.lge.bioitplatform.sdservice.service]
11-26 11:00:35.020 I/notification_enqueue(  575): [10011,776,com.google.android.gms,22543,NULL,0,Notification(pri=-2 contentView=com.google.android.gms/0x1090077 vibrate=null sound=null defaults=0x0 flags=0x142 color=0x00000000 vis=PRIVATE),1]
11-26 11:00:38.646 I/am_kill (  575): [0,9433,com.google.android.apps.wearable.bugreportsender,15,empty for 1807s]
11-26 11:00:38.676 I/am_proc_died(  575): [0,9433,com.google.android.apps.wearable.bugreportsender]
11-26 11:00:42.208 I/force_gc(  575): Binder
11-26 11:00:42.674 I/notification_enqueue(  575): [10011,776,com.google.android.gms,22543,NULL,0,Notification(pri=-2 contentView=com.google.android.gms/0x1090077 vibrate=null sound=null defaults=0x0 flags=0x142 color=0x00000000 vis=PRIVATE),1]
11-26 11:14:11.092 I/power_screen_state(  575): [1,0,0,0]
11-26 11:14:11.092 I/screen_toggled(  575): 1
11-26 11:14:11.092 I/power_screen_broadcast_send(  575): 1
11-26 11:14:11.386 I/power_screen_broadcast_done(  575): [1,293,1]
11-26 11:14:13.477 I/am_home_stack_moved(  575): [0,0,1,1,startingNewTask]
11-26 11:14:13.478 I/am_create_task(  575): [0,211]
11-26 11:14:13.478 I/am_create_activity(  575): [0,303602457,211,com.google.android.apps.fitness/com.google.android.wearable.fitness.summary.SummaryActivity,android.intent.action.MAIN,NULL,NULL,270532608]
11-26 11:14:13.478 I/wm_task_created(  575): [211,1]
11-26 11:14:13.478 I/wm_task_moved(  575): [211,1,0]
11-26 11:14:13.478 I/am_pause_activity(  575): [0,6435157,com.google.android.wearable.app/com.google.android.clockwork.home.HomeActivity]
11-26 11:14:13.484 I/am_home_stack_moved(  575): [0,0,1,1,startedActivity setFocusedActivity]
11-26 11:14:13.486 I/am_focused_activity(  575): [0,com.google.android.apps.fitness/com.google.android.wearable.fitness.summary.SummaryActivity]
11-26 11:14:13.498 I/am_on_paused_called(  739): [0,com.google.android.clockwork.home.HomeActivity]
11-26 11:14:13.524 I/am_restart_activity(  575): [0,303602457,211,com.google.android.apps.fitness/com.google.android.wearable.fitness.summary.SummaryActivity]
11-26 11:14:14.128 I/am_on_resume_called( 1278): [0,com.google.android.wearable.fitness.summary.SummaryActivity]
11-26 11:14:14.490 I/am_activity_launch_time(  575): [0,303602457,com.google.android.apps.fitness/com.google.android.wearable.fitness.summary.SummaryActivity,992,992]
11-26 11:14:25.585 I/am_finish_activity(  575): [0,303602457,211,com.google.android.apps.fitness/com.google.android.wearable.fitness.summary.SummaryActivity,app-request]
11-26 11:14:25.586 I/am_home_stack_moved(  575): [0,1,0,0,finishActivity adjustFocus]
11-26 11:14:25.586 I/wm_task_moved(  575): [196,1,0]
11-26 11:14:25.598 I/am_home_stack_moved(  575): [0,1,0,0,finishActivity adjustTopFocus setFocusedActivity]
11-26 11:14:25.599 I/am_focused_activity(  575): [0,com.google.android.wearable.app/com.google.android.clockwork.home.HomeActivity]
11-26 11:14:25.599 I/am_pause_activity(  575): [0,303602457,com.google.android.apps.fitness/com.google.android.wearable.fitness.summary.SummaryActivity]
11-26 11:14:25.607 I/am_on_paused_called( 1278): [0,com.google.android.wearable.fitness.summary.SummaryActivity]
11-26 11:14:25.617 I/am_resume_activity(  575): [0,6435157,196,com.google.android.wearable.app/com.google.android.clockwork.home.HomeActivity]
11-26 11:14:25.673 I/am_on_resume_called(  739): [0,com.google.android.clockwork.home.HomeActivity]
11-26 11:14:25.889 I/am_destroy_activity(  575): [0,303602457,211,com.google.android.apps.fitness/com.google.android.wearable.fitness.summary.SummaryActivity,finish-imm]
11-26 11:14:26.076 I/wm_task_removed(  575): [211,removeAppToken: last token]
11-26 11:14:26.076 I/wm_task_removed(  575): [211,removeTask]
11-26 11:14:34.540 I/aggregation(  968): 1448532874540
11-26 11:14:35.319 I/notification_cancel(  575): [10025,1278,com.google.android.apps.fitness,1,NULL,0,0,64,8,NULL]
11-26 11:14:35.431 I/power_sleep_requested(  575): 0
11-26 11:14:35.432 I/power_screen_state(  575): [0,3,0,0]
11-26 11:14:35.432 I/screen_toggled(  575): 0
11-26 11:14:35.432 I/power_screen_broadcast_send(  575): 1
11-26 11:14:35.827 I/power_screen_broadcast_done(  575): [0,395,1]
11-26 11:16:01.115 I/battery_level(  575): [36,3746,311]
11-26 11:20:40.596 I/power_screen_state(  575): [1,0,0,0]
11-26 11:20:40.596 I/screen_toggled(  575): 1
11-26 11:20:40.597 I/power_screen_broadcast_send(  575): 1
11-26 11:20:40.888 I/power_screen_broadcast_done(  575): [1,291,1]
11-26 11:20:45.592 I/power_sleep_requested(  575): 0
11-26 11:20:45.593 I/power_screen_state(  575): [0,3,0,0]
11-26 11:20:45.593 I/screen_toggled(  575): 0
11-26 11:20:45.593 I/power_screen_broadcast_send(  575): 1
11-26 11:20:45.734 I/power_screen_broadcast_done(  575): [0,141,1]
11-26 11:21:43.723 I/force_gc(  575): Binder
11-26 11:21:44.313 I/am_home_stack_moved(  575): [0,1,0,0,intentActivityFound]
11-26 11:21:44.313 I/wm_task_moved(  575): [196,1,0]
11-26 11:21:44.316 I/am_home_stack_moved(  575): [0,1,0,0,sourceStackToFront]
11-26 11:21:44.316 I/wm_task_moved(  575): [196,1,0]
11-26 11:21:44.318 I/am_create_activity(  575): [0,262060030,196,com.google.android.wearable.app/com.google.android.clockwork.home.incomingcall.PhoneActivity,NULL,NULL,NULL,805371904]
11-26 11:21:44.319 I/am_pause_activity(  575): [0,6435157,com.google.android.wearable.app/com.google.android.clockwork.home.HomeActivity]
11-26 11:21:44.323 I/am_home_stack_moved(  575): [0,1,0,0,startedActivity setFocusedActivity]
11-26 11:21:44.325 I/am_focused_activity(  575): [0,com.google.android.wearable.app/com.google.android.clockwork.home.incomingcall.PhoneActivity]
11-26 11:21:44.327 I/am_on_paused_called(  739): [0,com.google.android.clockwork.home.HomeActivity]
11-26 11:21:44.328 I/am_restart_activity(  575): [0,262060030,196,com.google.android.wearable.app/com.google.android.clockwork.home.incomingcall.PhoneActivity]
11-26 11:21:44.466 I/am_home_stack_moved(  575): [0,1,0,0,intentActivityFound]
11-26 11:21:44.466 I/wm_task_moved(  575): [196,1,0]
11-26 11:21:44.468 I/am_new_intent(  575): [0,262060030,196,com.google.android.wearable.app/com.google.android.clockwork.home.incomingcall.PhoneActivity,NULL,NULL,NULL,805371904]
11-26 11:21:44.551 I/power_screen_state(  575): [1,0,0,0]
11-26 11:21:44.551 I/screen_toggled(  575): 1
11-26 11:21:44.552 I/power_screen_broadcast_send(  575): 1
11-26 11:21:44.585 I/am_on_resume_called(  739): [0,com.google.android.clockwork.home.incomingcall.PhoneActivity]
11-26 11:21:45.025 I/am_home_stack_moved(  575): [0,1,0,0,intentActivityFound]
11-26 11:21:45.027 I/wm_task_moved(  575): [196,1,0]
11-26 11:21:45.029 I/am_new_intent(  575): [0,262060030,196,com.google.android.wearable.app/com.google.android.clockwork.home.incomingcall.PhoneActivity,NULL,NULL,NULL,805371904]
11-26 11:21:45.106 I/am_activity_launch_time(  575): [0,262060030,com.google.android.wearable.app/com.google.android.clockwork.home.incomingcall.PhoneActivity,778,778]
11-26 11:21:45.145 I/sf_frame_dur(  176): [com.google.android.wearable.app/com.google.android.clockwork.home.HomeActivity,5097,514,137,149,103,90,551]
11-26 11:21:45.454 I/power_screen_broadcast_done(  575): [1,902,1]
11-26 11:21:53.248 I/am_finish_activity(  575): [0,262060030,196,com.google.android.wearable.app/com.google.android.clockwork.home.incomingcall.PhoneActivity,app-request]
11-26 11:21:53.249 I/am_home_stack_moved(  575): [0,1,0,0,finishActivity adjustTopFocus setFocusedActivity]
11-26 11:21:53.249 I/am_focused_activity(  575): [0,com.google.android.wearable.app/com.google.android.clockwork.home.HomeActivity]
11-26 11:21:53.250 I/am_pause_activity(  575): [0,262060030,com.google.android.wearable.app/com.google.android.clockwork.home.incomingcall.PhoneActivity]
11-26 11:21:53.264 I/am_on_paused_called(  739): [0,com.google.android.clockwork.home.incomingcall.PhoneActivity]
11-26 11:21:53.265 I/am_resume_activity(  575): [0,6435157,196,com.google.android.wearable.app/com.google.android.clockwork.home.HomeActivity]
11-26 11:21:53.330 I/am_on_resume_called(  739): [0,com.google.android.clockwork.home.HomeActivity]
11-26 11:21:53.502 I/am_destroy_activity(  575): [0,262060030,196,com.google.android.wearable.app/com.google.android.clockwork.home.incomingcall.PhoneActivity,finish-imm]
11-26 11:21:58.879 I/power_sleep_requested(  575): 0
11-26 11:21:58.880 I/power_screen_state(  575): [0,3,0,0]
11-26 11:21:58.880 I/screen_toggled(  575): 0
11-26 11:21:58.880 I/power_screen_broadcast_send(  575): 1
11-26 11:21:59.033 I/power_screen_broadcast_done(  575): [0,152,1]
11-26 11:29:01.093 I/netstats_mobile_sample(  575): [0,0,0,0,0,0,0,0,0,0,0,0,1448533754404]
11-26 11:29:01.093 I/netstats_wifi_sample(  575): [282386,666,198048,772,280821,629,186607,757,276940,610,186607,757,1448533754404]
11-26 11:31:18.199 I/notification_enqueue(  575): [10025,1278,com.google.android.apps.fitness,1,NULL,0,Notification(pri=-1 contentView=null vibrate=null sound=null defaults=0x0 flags=0x0 color=0x00000000 vis=PRIVATE),0]
11-26 11:43:29.693 I/power_screen_state(  575): [1,0,0,0]
11-26 11:43:29.693 I/screen_toggled(  575): 1
11-26 11:43:29.693 I/power_screen_broadcast_send(  575): 1
11-26 11:43:30.097 I/power_screen_broadcast_done(  575): [1,403,1]
11-26 11:43:34.726 I/power_sleep_requested(  575): 0
11-26 11:43:34.729 I/power_screen_state(  575): [0,3,0,0]
11-26 11:43:34.729 I/screen_toggled(  575): 0
11-26 11:43:34.729 I/power_screen_broadcast_send(  575): 1
11-26 11:43:34.792 I/force_gc(  575): Binder
11-26 11:43:35.009 I/power_screen_broadcast_done(  575): [0,279,1]
11-26 11:43:50.411 I/battery_level(  575): [35,3738,309]
11-26 11:48:47.769 I/power_screen_state(  575): [1,0,0,0]
11-26 11:48:47.769 I/screen_toggled(  575): 1
11-26 11:48:47.769 I/power_screen_broadcast_send(  575): 1
11-26 11:48:47.850 I/power_screen_broadcast_done(  575): [1,80,1]
11-26 11:48:52.801 I/power_sleep_requested(  575): 0
11-26 11:48:52.803 I/power_screen_state(  575): [0,3,0,0]
11-26 11:48:52.803 I/screen_toggled(  575): 0
11-26 11:48:52.803 I/power_screen_broadcast_send(  575): 1
11-26 11:48:53.016 I/power_screen_broadcast_done(  575): [0,212,1]
11-26 11:55:31.263 I/aggregation(  968): 1448535331263
11-26 11:55:33.230 I/notification_enqueue(  575): [10025,1278,com.google.android.apps.fitness,1,NULL,0,Notification(pri=-1 contentView=null vibrate=null sound=null defaults=0x0 flags=0x0 color=0x00000000 vis=PRIVATE),1]
11-26 12:07:34.103 I/netstats_mobile_sample(  575): [0,0,0,0,0,0,0,0,0,0,0,0,1448536067414]
11-26 12:07:34.103 I/netstats_wifi_sample(  575): [282386,666,198048,772,280821,629,186607,757,276940,610,186607,757,1448536067414]
11-26 12:07:36.003 I/notification_enqueue(  575): [10025,1278,com.google.android.apps.fitness,1,NULL,0,Notification(pri=-1 contentView=null vibrate=null sound=null defaults=0x0 flags=0x0 color=0x00000000 vis=PRIVATE),1]
11-26 12:15:01.124 I/battery_level(  575): [34,3740,306]
11-26 12:18:52.291 I/force_gc(  575): Binder
11-26 12:19:38.052 I/notification_enqueue(  575): [10025,1278,com.google.android.apps.fitness,1,NULL,0,Notification(pri=-1 contentView=null vibrate=null sound=null defaults=0x0 flags=0x0 color=0x00000000 vis=PRIVATE),1]
11-26 12:31:39.154 I/aggregation(  968): 1448537499154
11-26 12:31:39.506 I/netstats_mobile_sample(  575): [0,0,0,0,0,0,0,0,0,0,0,0,1448537512817]
11-26 12:31:39.506 I/netstats_wifi_sample(  575): [282386,666,198048,772,280821,629,186607,757,276940,610,186607,757,1448537512817]
11-26 12:31:40.439 I/notification_enqueue(  575): [10025,1278,com.google.android.apps.fitness,1,NULL,0,Notification(pri=-1 contentView=null vibrate=null sound=null defaults=0x0 flags=0x0 color=0x00000000 vis=PRIVATE),1]
11-26 12:35:57.669 I/power_screen_state(  575): [1,0,0,0]
11-26 12:35:57.669 I/screen_toggled(  575): 1
11-26 12:35:57.669 I/power_screen_broadcast_send(  575): 1
11-26 12:35:57.767 I/power_screen_broadcast_done(  575): [1,98,1]
11-26 12:36:12.920 I/power_sleep_requested(  575): 0
11-26 12:36:12.921 I/power_screen_state(  575): [0,3,0,0]
11-26 12:36:12.921 I/screen_toggled(  575): 0
11-26 12:36:12.921 I/power_screen_broadcast_send(  575): 1
11-26 12:36:13.209 I/power_screen_broadcast_done(  575): [0,288,1]
11-26 12:40:48.903 I/force_gc(  575): Binder
11-26 12:40:49.021 I/power_screen_state(  575): [1,0,0,0]
11-26 12:40:49.021 I/screen_toggled(  575): 1
11-26 12:40:49.022 I/power_screen_broadcast_send(  575): 1
11-26 12:40:49.152 I/power_screen_broadcast_done(  575): [1,130,1]
11-26 12:40:54.056 I/power_sleep_requested(  575): 0
11-26 12:40:54.057 I/power_screen_state(  575): [0,3,0,0]
11-26 12:40:54.057 I/screen_toggled(  575): 0
11-26 12:40:54.058 I/power_screen_broadcast_send(  575): 1
11-26 12:40:54.237 I/power_screen_broadcast_done(  575): [0,180,1]
11-26 12:42:01.133 I/battery_level(  575): [33,3737,306]
11-26 12:44:32.068 I/notification_enqueue(  575): [10025,1278,com.google.android.apps.fitness,1,NULL,0,Notification(pri=-1 contentView=null vibrate=null sound=null defaults=0x0 flags=0x0 color=0x00000000 vis=PRIVATE),1]
11-26 12:59:31.892 I/notification_enqueue(  575): [10025,1278,com.google.android.apps.fitness,1,NULL,0,Notification(pri=-1 contentView=null vibrate=null sound=null defaults=0x0 flags=0x0 color=0x00000000 vis=PRIVATE),1]
11-26 13:13:01.148 I/battery_level(  575): [32,3733,310]
11-26 13:14:31.186 I/aggregation(  968): 1448540071186
11-26 13:14:31.542 I/netstats_mobile_sample(  575): [0,0,0,0,0,0,0,0,0,0,0,0,1448540084853]
11-26 13:14:31.543 I/netstats_wifi_sample(  575): [282386,666,198048,772,280821,629,186607,757,276940,610,186607,757,1448540084853]
11-26 13:14:33.059 I/notification_enqueue(  575): [10025,1278,com.google.android.apps.fitness,1,NULL,0,Notification(pri=-1 contentView=null vibrate=null sound=null defaults=0x0 flags=0x0 color=0x00000000 vis=PRIVATE),1]
11-26 13:16:00.260 I/force_gc(  575): Binder
11-26 13:16:01.585 I/am_pause_activity(  575): [0,6435157,com.google.android.wearable.app/com.google.android.clockwork.home.HomeActivity]
11-26 13:16:01.589 I/am_on_paused_called(  739): [0,com.google.android.clockwork.home.HomeActivity]
11-26 13:16:01.590 I/am_focused_activity(  575): [0,com.google.android.wearable.app/com.google.android.clockwork.home.HomeActivity]
11-26 13:23:35.279 I/am_resume_activity(  575): [0,6435157,196,com.google.android.wearable.app/com.google.android.clockwork.home.HomeActivity]
11-26 13:23:35.322 I/power_screen_state(  575): [1,0,0,0]
11-26 13:23:35.322 I/screen_toggled(  575): 1
11-26 13:23:35.323 I/power_screen_broadcast_send(  575): 1
11-26 13:23:35.420 I/am_on_resume_called(  739): [0,com.google.android.clockwork.home.HomeActivity]
11-26 13:23:35.602 I/sf_frame_dur(  176): [ColorFade,23,0,0,0,2,0,0]
11-26 13:23:35.699 I/power_screen_broadcast_done(  575): [1,376,1]
11-26 13:23:40.301 I/power_sleep_requested(  575): 0
11-26 13:23:40.304 I/power_screen_state(  575): [0,3,0,0]
11-26 13:23:40.304 I/screen_toggled(  575): 0
11-26 13:23:40.304 I/power_screen_broadcast_send(  575): 1
11-26 13:23:40.507 I/power_screen_broadcast_done(  575): [0,203,1]
11-26 13:29:01.132 I/netstats_mobile_sample(  575): [0,0,0,0,0,0,0,0,0,0,0,0,1448540954443]
11-26 13:29:01.133 I/netstats_wifi_sample(  575): [282386,666,198048,772,280821,629,186607,757,276940,610,186607,757,1448540954443]
11-26 13:31:46.218 I/notification_enqueue(  575): [10025,1278,com.google.android.apps.fitness,1,NULL,0,Notification(pri=-1 contentView=null vibrate=null sound=null defaults=0x0 flags=0x0 color=0x00000000 vis=PRIVATE),1]
11-26 13:34:44.128 I/notification_enqueue(  575): [10004,739,com.google.android.wearable.app,39,bridged_notification,0,Notification(pri=0 contentView=null vibrate=default sound=null defaults=0x2 flags=0x100 color=0x00000000 vis=PRIVATE),0]
11-26 13:34:45.795 I/power_screen_state(  575): [1,0,0,0]
11-26 13:34:45.795 I/screen_toggled(  575): 1
11-26 13:34:45.795 I/power_screen_broadcast_send(  575): 1
11-26 13:34:46.181 I/notification_enqueue(  575): [10004,739,com.google.android.wearable.app,39,bridged_notification,0,Notification(pri=0 contentView=null vibrate=null sound=null defaults=0x0 flags=0x100 color=0x00000000 vis=PRIVATE),1]
11-26 13:34:46.323 I/power_screen_broadcast_done(  575): [1,529,1]
11-26 13:34:50.723 I/notification_cancel(  575): [10004,739,com.google.android.wearable.app,39,bridged_notification,0,0,64,8,NULL]
11-26 13:34:50.723 I/notification_canceled(  575): [0|com.google.android.wearable.app|39|bridged_notification|10004,8]
11-26 13:34:51.854 I/power_sleep_requested(  575): 0
11-26 13:34:51.855 I/power_screen_state(  575): [0,3,0,0]
11-26 13:34:51.855 I/screen_toggled(  575): 0
11-26 13:34:51.856 I/power_screen_broadcast_send(  575): 1
11-26 13:34:51.935 I/force_gc(  575): Binder
11-26 13:34:52.238 I/power_screen_broadcast_done(  575): [0,382,1]
11-26 13:35:25.630 I/power_screen_state(  575): [1,0,0,0]
11-26 13:35:25.630 I/screen_toggled(  575): 1
11-26 13:35:25.630 I/power_screen_broadcast_send(  575): 1
11-26 13:35:25.939 I/power_screen_broadcast_done(  575): [1,309,1]
11-26 13:35:30.658 I/power_sleep_requested(  575): 0
11-26 13:35:30.660 I/power_screen_state(  575): [0,3,0,0]
11-26 13:35:30.660 I/screen_toggled(  575): 0
11-26 13:35:30.660 I/power_screen_broadcast_send(  575): 1
11-26 13:35:30.841 I/power_screen_broadcast_done(  575): [0,181,1]
11-26 13:36:53.293 I/power_screen_state(  575): [1,0,0,0]
11-26 13:36:53.293 I/screen_toggled(  575): 1
11-26 13:36:53.294 I/power_screen_broadcast_send(  575): 1
11-26 13:36:53.383 I/power_screen_broadcast_done(  575): [1,89,1]
11-26 13:36:58.326 I/power_sleep_requested(  575): 0
11-26 13:36:58.327 I/power_screen_state(  575): [0,3,0,0]
11-26 13:36:58.328 I/screen_toggled(  575): 0
11-26 13:36:58.328 I/power_screen_broadcast_send(  575): 1
11-26 13:36:58.521 I/power_screen_broadcast_done(  575): [0,193,1]
11-26 13:38:01.173 I/battery_level(  575): [31,3729,311]
11-26 13:39:28.384 I/power_screen_state(  575): [1,0,0,0]
11-26 13:39:28.384 I/screen_toggled(  575): 1
11-26 13:39:28.384 I/power_screen_broadcast_send(  575): 1
11-26 13:39:28.650 I/power_screen_broadcast_done(  575): [1,266,1]
11-26 13:39:33.423 I/power_sleep_requested(  575): 0
11-26 13:39:33.425 I/power_screen_state(  575): [0,3,0,0]
11-26 13:39:33.425 I/screen_toggled(  575): 0
11-26 13:39:33.425 I/power_screen_broadcast_send(  575): 1
11-26 13:39:33.633 I/power_screen_broadcast_done(  575): [0,207,1]
11-26 13:39:59.069 I/power_screen_state(  575): [1,0,0,0]
11-26 13:39:59.069 I/screen_toggled(  575): 1
11-26 13:39:59.069 I/power_screen_broadcast_send(  575): 1
11-26 13:39:59.163 I/power_screen_broadcast_done(  575): [1,94,1]
11-26 13:40:04.104 I/power_sleep_requested(  575): 0
11-26 13:40:04.106 I/power_screen_state(  575): [0,3,0,0]
11-26 13:40:04.106 I/screen_toggled(  575): 0
11-26 13:40:04.106 I/power_screen_broadcast_send(  575): 1
11-26 13:40:04.303 I/power_screen_broadcast_done(  575): [0,196,1]
11-26 13:46:19.181 I/power_screen_state(  575): [1,0,0,0]
11-26 13:46:19.181 I/screen_toggled(  575): 1
11-26 13:46:19.182 I/power_screen_broadcast_send(  575): 1
11-26 13:46:19.267 I/power_screen_broadcast_done(  575): [1,85,1]
11-26 13:46:19.284 I/force_gc(  814): Binder
11-26 13:46:24.222 I/power_sleep_requested(  575): 0
11-26 13:46:24.224 I/power_screen_state(  575): [0,3,0,0]
11-26 13:46:24.224 I/screen_toggled(  575): 0
11-26 13:46:24.224 I/power_screen_broadcast_send(  575): 1
11-26 13:46:24.405 I/power_screen_broadcast_done(  575): [0,180,1]
11-26 13:46:33.277 I/power_screen_state(  575): [1,0,0,0]
11-26 13:46:33.277 I/screen_toggled(  575): 1
11-26 13:46:33.277 I/power_screen_broadcast_send(  575): 1
11-26 13:46:33.342 I/force_gc(  575): Binder
11-26 13:46:33.687 I/power_screen_broadcast_done(  575): [1,409,1]
11-26 13:46:38.312 I/power_sleep_requested(  575): 0
11-26 13:46:38.314 I/power_screen_state(  575): [0,3,0,0]
11-26 13:46:38.314 I/screen_toggled(  575): 0
11-26 13:46:38.314 I/power_screen_broadcast_send(  575): 1
11-26 13:46:38.509 I/power_screen_broadcast_done(  575): [0,195,1]
11-26 13:50:43.172 I/am_proc_start(  575): [0,11449,10001,com.android.providers.calendar,broadcast,com.android.providers.calendar/.CalendarReceiver]
11-26 13:50:43.333 I/am_proc_bound(  575): [0,11449,com.android.providers.calendar]
11-26 13:50:43.541 I/am_kill (  575): [0,9550,com.google.android.apps.maps,15,empty for 2169s]
11-26 13:50:49.124 I/am_proc_died(  575): [0,9550,com.google.android.apps.maps]
11-26 13:54:01.394 I/aggregation(  968): 1448542441394
11-26 13:54:02.299 I/notification_enqueue(  575): [10025,1278,com.google.android.apps.fitness,1,NULL,0,Notification(pri=-1 contentView=null vibrate=null sound=null defaults=0x0 flags=0x0 color=0x00000000 vis=PRIVATE),1]
11-26 13:56:07.697 I/power_screen_state(  575): [1,0,0,0]
11-26 13:56:07.697 I/screen_toggled(  575): 1
11-26 13:56:07.706 I/power_screen_broadcast_send(  575): 1
11-26 13:56:07.791 I/power_screen_broadcast_done(  575): [1,84,1]
11-26 13:56:24.204 I/power_sleep_requested(  575): 0
11-26 13:56:24.205 I/power_screen_state(  575): [0,3,0,0]
11-26 13:56:24.205 I/screen_toggled(  575): 0
11-26 13:56:24.205 I/power_screen_broadcast_send(  575): 1
11-26 13:56:24.391 I/power_screen_broadcast_done(  575): [0,185,1]
11-26 13:58:37.422 I/power_screen_state(  575): [1,0,0,0]
11-26 13:58:37.422 I/screen_toggled(  575): 1
11-26 13:58:37.423 I/power_screen_broadcast_send(  575): 1
11-26 13:58:37.504 I/power_screen_broadcast_done(  575): [1,81,1]
11-26 13:58:42.457 I/power_sleep_requested(  575): 0
11-26 13:58:42.459 I/power_screen_state(  575): [0,3,0,0]
11-26 13:58:42.459 I/screen_toggled(  575): 0
11-26 13:58:42.459 I/power_screen_broadcast_send(  575): 1
11-26 13:58:42.633 I/power_screen_broadcast_done(  575): [0,174,1]
11-26 13:59:01.181 I/battery_level(  575): [30,3725,316]
11-26 14:00:09.791 I/notification_enqueue(  575): [10004,739,com.google.android.wearable.app,40,bridged_notification,0,Notification(pri=0 contentView=null vibrate=null sound=null defaults=0x4 flags=0x301 color=0x00000000 groupKey=com.android.email:0:group_key_emails_268435457 vis=PRIVATE),0]
11-26 14:00:10.085 I/notification_enqueue(  575): [10004,739,com.google.android.wearable.app,41,bridged_notification,0,Notification(pri=0 contentView=null vibrate=null sound=null defaults=0x0 flags=0x100 color=0x00000000 groupKey=com.android.email:0:group_key_emails_268435457 vis=PRIVATE),0]
11-26 14:00:10.086 I/force_gc(  575): Binder
11-26 14:00:10.342 I/notification_enqueue(  575): [10004,739,com.google.android.wearable.app,42,bridged_notification,0,Notification(pri=0 contentView=null vibrate=null sound=null defaults=0x0 flags=0x100 color=0x00000000 groupKey=com.android.email:0:group_key_emails_268435457 vis=PRIVATE),0]
11-26 14:00:17.482 I/notification_cancel(  575): [10004,739,com.google.android.wearable.app,40,bridged_notification,0,0,64,8,NULL]
11-26 14:00:17.483 I/notification_canceled(  575): [0|com.google.android.wearable.app|40|bridged_notification|10004,8]
11-26 14:00:17.483 I/notification_cancel(  575): [10004,739,com.google.android.wearable.app,41,bridged_notification,0,0,0,12,NULL]
11-26 14:00:17.483 I/notification_canceled(  575): [0|com.google.android.wearable.app|41|bridged_notification|10004,12]
11-26 14:00:17.483 I/notification_cancel(  575): [10004,739,com.google.android.wearable.app,42,bridged_notification,0,0,0,12,NULL]
11-26 14:00:17.483 I/notification_canceled(  575): [0|com.google.android.wearable.app|42|bridged_notification|10004,12]
11-26 14:03:12.338 I/power_screen_state(  575): [1,0,0,0]
11-26 14:03:12.338 I/screen_toggled(  575): 1
11-26 14:03:12.339 I/power_screen_broadcast_send(  575): 1
11-26 14:03:12.417 I/power_screen_broadcast_done(  575): [1,78,1]
11-26 14:03:17.370 I/power_sleep_requested(  575): 0
11-26 14:03:17.372 I/power_screen_state(  575): [0,3,0,0]
11-26 14:03:17.372 I/screen_toggled(  575): 0
11-26 14:03:17.372 I/power_screen_broadcast_send(  575): 1
11-26 14:03:17.563 I/power_screen_broadcast_done(  575): [0,191,1]
11-26 14:03:26.119 I/power_screen_state(  575): [1,0,0,0]
11-26 14:03:26.119 I/screen_toggled(  575): 1
11-26 14:03:26.119 I/power_screen_broadcast_send(  575): 1
11-26 14:03:26.204 I/power_screen_broadcast_done(  575): [1,85,1]
11-26 14:03:31.155 I/power_sleep_requested(  575): 0
11-26 14:03:31.157 I/power_screen_state(  575): [0,3,0,0]
11-26 14:03:31.157 I/screen_toggled(  575): 0
11-26 14:03:31.157 I/power_screen_broadcast_send(  575): 1
11-26 14:03:31.340 I/power_screen_broadcast_done(  575): [0,183,1]
11-26 14:06:02.336 I/netstats_mobile_sample(  575): [0,0,0,0,0,0,0,0,0,0,0,0,1448543175647]
11-26 14:06:02.336 I/netstats_wifi_sample(  575): [282386,666,198048,772,280821,629,186607,757,276940,610,186607,757,1448543175647]
11-26 14:06:03.220 I/notification_enqueue(  575): [10025,1278,com.google.android.apps.fitness,1,NULL,0,Notification(pri=-1 contentView=null vibrate=null sound=null defaults=0x0 flags=0x0 color=0x00000000 vis=PRIVATE),1]
11-26 14:18:04.054 I/notification_enqueue(  575): [10025,1278,com.google.android.apps.fitness,1,NULL,0,Notification(pri=-1 contentView=null vibrate=null sound=null defaults=0x0 flags=0x0 color=0x00000000 vis=PRIVATE),1]
11-26 14:26:01.173 I/battery_level(  575): [29,3722,302]
11-26 14:31:01.164 I/force_gc(  575): Binder
11-26 14:33:32.284 I/aggregation(  968): 1448544812284
11-26 14:33:32.543 I/netstats_mobile_sample(  575): [0,0,0,0,0,0,0,0,0,0,0,0,1448544825854]
11-26 14:33:32.543 I/netstats_wifi_sample(  575): [282386,666,198048,772,280821,629,186607,757,276940,610,186607,757,1448544825854]
11-26 14:33:34.119 I/notification_enqueue(  575): [10025,1278,com.google.android.apps.fitness,1,NULL,0,Notification(pri=-1 contentView=null vibrate=null sound=null defaults=0x0 flags=0x0 color=0x00000000 vis=PRIVATE),1]
11-26 14:36:47.589 I/power_screen_state(  575): [1,0,0,0]
11-26 14:36:47.589 I/screen_toggled(  575): 1
11-26 14:36:47.589 I/power_screen_broadcast_send(  575): 1
11-26 14:36:47.683 I/power_screen_broadcast_done(  575): [1,94,1]
11-26 14:36:52.619 I/power_sleep_requested(  575): 0
11-26 14:36:52.623 I/power_screen_state(  575): [0,3,0,0]
11-26 14:36:52.623 I/screen_toggled(  575): 0
11-26 14:36:52.623 I/power_screen_broadcast_send(  575): 1
11-26 14:36:52.915 I/power_screen_broadcast_done(  575): [0,291,1]
11-26 14:37:23.187 I/power_screen_state(  575): [1,0,0,0]
11-26 14:37:23.187 I/screen_toggled(  575): 1
11-26 14:37:23.187 I/power_screen_broadcast_send(  575): 1
11-26 14:37:23.267 I/power_screen_broadcast_done(  575): [1,79,1]
11-26 14:37:28.217 I/power_sleep_requested(  575): 0
11-26 14:37:28.218 I/power_screen_state(  575): [0,3,0,0]
11-26 14:37:28.218 I/screen_toggled(  575): 0
11-26 14:37:28.219 I/power_screen_broadcast_send(  575): 1
11-26 14:37:28.404 I/power_screen_broadcast_done(  575): [0,186,1]
11-26 14:37:33.032 I/power_screen_state(  575): [1,0,0,0]
11-26 14:37:33.032 I/screen_toggled(  575): 1
11-26 14:37:33.033 I/power_screen_broadcast_send(  575): 1
11-26 14:37:33.122 I/power_screen_broadcast_done(  575): [1,89,1]
11-26 14:37:38.069 I/power_sleep_requested(  575): 0
11-26 14:37:38.070 I/power_screen_state(  575): [0,3,0,0]
11-26 14:37:38.070 I/screen_toggled(  575): 0
11-26 14:37:38.070 I/power_screen_broadcast_send(  575): 1
11-26 14:37:38.275 I/power_screen_broadcast_done(  575): [0,205,1]
11-26 14:38:24.108 I/power_screen_state(  575): [1,0,0,0]
11-26 14:38:24.108 I/screen_toggled(  575): 1
11-26 14:38:24.108 I/power_screen_broadcast_send(  575): 1
11-26 14:38:24.182 I/force_gc(  575): Binder
11-26 14:38:24.540 I/power_screen_broadcast_done(  575): [1,431,1]
11-26 14:38:29.143 I/power_sleep_requested(  575): 0
11-26 14:38:29.146 I/power_screen_state(  575): [0,3,0,0]
11-26 14:38:29.146 I/screen_toggled(  575): 0
11-26 14:38:29.146 I/power_screen_broadcast_send(  575): 1
11-26 14:38:29.376 I/power_screen_broadcast_done(  575): [0,230,1]
11-26 14:40:43.253 I/power_screen_state(  575): [1,0,0,0]
11-26 14:40:43.253 I/screen_toggled(  575): 1
11-26 14:40:43.253 I/power_screen_broadcast_send(  575): 1
11-26 14:40:43.528 I/power_screen_broadcast_done(  575): [1,275,1]
11-26 14:40:48.285 I/power_sleep_requested(  575): 0
11-26 14:40:48.286 I/power_screen_state(  575): [0,3,0,0]
11-26 14:40:48.286 I/screen_toggled(  575): 0
11-26 14:40:48.286 I/power_screen_broadcast_send(  575): 1
11-26 14:40:48.465 I/power_screen_broadcast_done(  575): [0,178,1]
11-26 14:41:00.668 I/power_screen_state(  575): [1,0,0,0]
11-26 14:41:00.668 I/screen_toggled(  575): 1
11-26 14:41:00.669 I/power_screen_broadcast_send(  575): 1
11-26 14:41:00.752 I/power_screen_broadcast_done(  575): [1,83,1]
11-26 14:41:05.703 I/power_sleep_requested(  575): 0
11-26 14:41:05.705 I/power_screen_state(  575): [0,3,0,0]
11-26 14:41:05.705 I/screen_toggled(  575): 0
11-26 14:41:05.705 I/power_screen_broadcast_send(  575): 1
11-26 14:41:05.929 I/power_screen_broadcast_done(  575): [0,223,1]
11-26 14:41:40.618 I/power_screen_state(  575): [1,0,0,0]
11-26 14:41:40.618 I/screen_toggled(  575): 1
11-26 14:41:40.619 I/power_screen_broadcast_send(  575): 1
11-26 14:41:40.706 I/power_screen_broadcast_done(  575): [1,88,1]
11-26 14:41:45.651 I/power_sleep_requested(  575): 0
11-26 14:41:45.653 I/power_screen_state(  575): [0,3,0,0]
11-26 14:41:45.653 I/screen_toggled(  575): 0
11-26 14:41:45.653 I/power_screen_broadcast_send(  575): 1
11-26 14:41:45.809 I/power_screen_broadcast_done(  575): [0,156,1]
11-26 14:44:04.246 I/power_screen_state(  575): [1,0,0,0]
11-26 14:44:04.246 I/screen_toggled(  575): 1
11-26 14:44:04.246 I/power_screen_broadcast_send(  575): 1
11-26 14:44:04.496 I/power_screen_broadcast_done(  575): [1,249,1]
11-26 14:44:10.607 I/power_sleep_requested(  575): 0
11-26 14:44:10.618 I/power_screen_state(  575): [0,3,0,0]
11-26 14:44:10.618 I/screen_toggled(  575): 0
11-26 14:44:10.619 I/power_screen_broadcast_send(  575): 1
11-26 14:44:10.792 I/power_screen_broadcast_done(  575): [0,173,1]
11-26 14:45:39.620 I/notification_enqueue(  575): [10025,1278,com.google.android.apps.fitness,1,NULL,0,Notification(pri=-1 contentView=null vibrate=null sound=null defaults=0x0 flags=0x0 color=0x00000000 vis=PRIVATE),1]
11-26 14:46:01.181 I/battery_level(  575): [28,3718,306]
11-26 14:50:28.459 I/force_gc(  575): Binder
11-26 14:50:28.797 I/notification_enqueue(  575): [10004,739,com.google.android.wearable.app,962406116,now,0,Notification(pri=-2 contentView=null vibrate=null sound=null defaults=0x0 flags=0x100 color=0x00000000 sortKey=0000000003 vis=PRIVATE),0]
11-26 14:50:29.231 I/notification_enqueue(  575): [10004,739,com.google.android.wearable.app,-1426017619,now,0,Notification(pri=-2 contentView=null vibrate=null sound=null defaults=0x0 flags=0x100 color=0x00000000 sortKey=0000000001 vis=PRIVATE),0]
11-26 14:54:31.537 I/power_screen_state(  575): [1,0,0,0]
11-26 14:54:31.537 I/screen_toggled(  575): 1
11-26 14:54:31.537 I/power_screen_broadcast_send(  575): 1
11-26 14:54:31.885 I/power_screen_broadcast_done(  575): [1,348,1]
11-26 14:54:36.568 I/power_sleep_requested(  575): 0
11-26 14:54:36.571 I/power_screen_state(  575): [0,3,0,0]
11-26 14:54:36.571 I/screen_toggled(  575): 0
11-26 14:54:36.571 I/power_screen_broadcast_send(  575): 1
11-26 14:54:36.762 I/power_screen_broadcast_done(  575): [0,191,1]
11-26 14:54:54.707 I/power_screen_state(  575): [1,0,0,0]
11-26 14:54:54.707 I/screen_toggled(  575): 1
11-26 14:54:54.707 I/power_screen_broadcast_send(  575): 1
11-26 14:54:55.097 I/power_screen_broadcast_done(  575): [1,390,1]
11-26 14:54:59.741 I/power_sleep_requested(  575): 0
11-26 14:54:59.743 I/power_screen_state(  575): [0,3,0,0]
11-26 14:54:59.743 I/screen_toggled(  575): 0
11-26 14:54:59.743 I/power_screen_broadcast_send(  575): 1
11-26 14:54:59.968 I/power_screen_broadcast_done(  575): [0,225,1]
11-26 14:59:31.175 I/netstats_mobile_sample(  575): [0,0,0,0,0,0,0,0,0,0,0,0,1448546384486]
11-26 14:59:31.176 I/netstats_wifi_sample(  575): [282386,666,198048,772,280821,629,186607,757,276940,610,186607,757,1448546384486]
11-26 14:59:32.036 I/notification_enqueue(  575): [10025,1278,com.google.android.apps.fitness,1,NULL,0,Notification(pri=-1 contentView=null vibrate=null sound=null defaults=0x0 flags=0x0 color=0x00000000 vis=PRIVATE),1]
11-26 15:02:26.040 I/notification_enqueue(  575): [10004,739,com.google.android.wearable.app,43,bridged_notification,0,Notification(pri=0 contentView=null vibrate=default sound=null defaults=0x6 flags=0x301 color=0x00000000 groupKey=com.android.mms:0:MESSAGE_GROUP_KEY actions=2 vis=PRIVATE),0]
11-26 15:02:26.167 I/notification_enqueue(  575): [10004,739,com.google.android.wearable.app,44,bridged_notification,0,Notification(pri=0 contentView=null vibrate=null sound=null defaults=0x0 flags=0x100 color=0x00000000 groupKey=com.android.mms:0:MESSAGE_GROUP_KEY vis=PRIVATE),0]
11-26 15:02:26.951 I/power_screen_state(  575): [1,0,0,0]
11-26 15:02:26.951 I/screen_toggled(  575): 1
11-26 15:02:26.952 I/power_screen_broadcast_send(  575): 1
11-26 15:02:27.341 I/power_screen_broadcast_done(  575): [1,390,1]
11-26 15:02:34.078 I/power_sleep_requested(  575): 0
11-26 15:02:34.079 I/power_screen_state(  575): [0,3,0,0]
11-26 15:02:34.079 I/screen_toggled(  575): 0
11-26 15:02:34.079 I/power_screen_broadcast_send(  575): 1
11-26 15:02:34.113 I/force_gc(  814): Binder
11-26 15:02:34.411 I/power_screen_broadcast_done(  575): [0,332,1]
11-26 15:04:52.272 I/notification_cancel(  575): [10004,739,com.google.android.wearable.app,43,bridged_notification,0,0,64,8,NULL]
