11-25 10:49:35.026 I/force_gc(  575): Binder
11-25 10:50:10.305 I/power_screen_state(  575): [1,0,0,0]
11-25 10:50:10.305 I/screen_toggled(  575): 1
11-25 10:50:10.305 I/power_screen_broadcast_send(  575): 1
11-25 10:50:10.396 I/power_screen_broadcast_done(  575): [1,91,1]
11-25 10:50:15.336 I/power_sleep_requested(  575): 0
11-25 10:50:15.338 I/power_screen_state(  575): [0,3,0,0]
11-25 10:50:15.338 I/screen_toggled(  575): 0
11-25 10:50:15.338 I/power_screen_broadcast_send(  575): 1
11-25 10:50:15.508 I/power_screen_broadcast_done(  575): [0,169,1]
11-25 10:52:35.347 I/power_screen_state(  575): [1,0,0,0]
11-25 10:52:35.347 I/screen_toggled(  575): 1
11-25 10:52:35.347 I/power_screen_broadcast_send(  575): 1
11-25 10:52:35.530 I/power_screen_broadcast_done(  575): [1,183,1]
11-25 10:52:40.381 I/power_sleep_requested(  575): 0
11-25 10:52:40.382 I/power_screen_state(  575): [0,3,0,0]
11-25 10:52:40.382 I/screen_toggled(  575): 0
11-25 10:52:40.382 I/power_screen_broadcast_send(  575): 1
11-25 10:52:40.570 I/power_screen_broadcast_done(  575): [0,188,1]
11-25 10:59:43.774 I/netstats_mobile_sample(  575): [0,0,0,0,0,0,0,0,0,0,0,0,1448445584127]
11-25 10:59:43.775 I/netstats_wifi_sample(  575): [239706,545,117269,626,238397,515,107900,612,234516,496,107900,612,1448445584127]
11-25 10:59:45.326 I/notification_enqueue(  575): [10025,1278,com.google.android.apps.fitness,1,NULL,0,Notification(pri=-1 contentView=null vibrate=null sound=null defaults=0x0 flags=0x0 color=0x00000000 vis=PRIVATE),1]
11-25 11:02:25.525 I/battery_level(  575): [75,4011,321]
11-25 11:10:00.311 I/power_screen_state(  575): [1,0,0,0]
11-25 11:10:00.311 I/screen_toggled(  575): 1
11-25 11:10:00.312 I/power_screen_broadcast_send(  575): 1
11-25 11:10:00.593 I/power_screen_broadcast_done(  575): [1,281,1]
11-25 11:10:18.076 I/power_sleep_requested(  575): 0
11-25 11:10:18.077 I/power_screen_state(  575): [0,3,0,0]
11-25 11:10:18.077 I/screen_toggled(  575): 0
11-25 11:10:18.077 I/power_screen_broadcast_send(  575): 1
11-25 11:10:18.264 I/power_screen_broadcast_done(  575): [0,186,1]
11-25 11:10:21.903 I/power_screen_state(  575): [1,0,0,0]
11-25 11:10:21.903 I/screen_toggled(  575): 1
11-25 11:10:21.904 I/power_screen_broadcast_send(  575): 1
11-25 11:10:21.991 I/power_screen_broadcast_done(  575): [1,87,1]
11-25 11:10:26.938 I/power_sleep_requested(  575): 0
11-25 11:10:26.940 I/power_screen_state(  575): [0,3,0,0]
11-25 11:10:26.940 I/screen_toggled(  575): 0
11-25 11:10:26.940 I/power_screen_broadcast_send(  575): 1
11-25 11:10:26.987 I/force_gc(  575): Binder
11-25 11:10:27.352 I/power_screen_broadcast_done(  575): [0,413,1]
11-25 11:10:29.308 I/power_screen_state(  575): [1,0,0,0]
11-25 11:10:29.308 I/screen_toggled(  575): 1
11-25 11:10:29.315 I/power_screen_broadcast_send(  575): 1
11-25 11:10:29.405 I/power_screen_broadcast_done(  575): [1,90,1]
11-25 11:10:42.514 I/power_sleep_requested(  575): 0
11-25 11:10:42.515 I/power_screen_state(  575): [0,3,0,0]
11-25 11:10:42.515 I/screen_toggled(  575): 0
11-25 11:10:42.517 I/power_screen_broadcast_send(  575): 1
11-25 11:10:42.773 I/power_screen_broadcast_done(  575): [0,256,1]
11-25 11:18:52.344 I/power_screen_state(  575): [1,0,0,0]
11-25 11:18:52.344 I/screen_toggled(  575): 1
11-25 11:18:52.345 I/power_screen_broadcast_send(  575): 1
11-25 11:18:52.830 I/power_screen_broadcast_done(  575): [1,485,1]
11-25 11:19:07.058 I/power_sleep_requested(  575): 0
11-25 11:19:07.059 I/power_screen_state(  575): [0,3,0,0]
11-25 11:19:07.059 I/screen_toggled(  575): 0
11-25 11:19:07.059 I/power_screen_broadcast_send(  575): 1
11-25 11:19:07.279 I/power_screen_broadcast_done(  575): [0,219,1]
11-25 11:19:25.684 I/power_screen_state(  575): [1,0,0,0]
11-25 11:19:25.684 I/screen_toggled(  575): 1
11-25 11:19:25.685 I/power_screen_broadcast_send(  575): 1
11-25 11:19:25.773 I/power_screen_broadcast_done(  575): [1,88,1]
11-25 11:19:30.721 I/power_sleep_requested(  575): 0
11-25 11:19:30.723 I/power_screen_state(  575): [0,3,0,0]
11-25 11:19:30.723 I/screen_toggled(  575): 0
11-25 11:19:30.723 I/power_screen_broadcast_send(  575): 1
11-25 11:19:30.954 I/power_screen_broadcast_done(  575): [0,231,1]
11-25 11:24:02.056 I/aggregation(  968): 1448447042056
11-25 11:24:03.991 I/notification_enqueue(  575): [10025,1278,com.google.android.apps.fitness,1,NULL,0,Notification(pri=-1 contentView=null vibrate=null sound=null defaults=0x0 flags=0x0 color=0x00000000 vis=PRIVATE),1]
11-25 11:24:48.263 I/battery_level(  575): [74,3998,310]
11-25 11:32:52.242 I/power_screen_state(  575): [1,0,0,0]
11-25 11:32:52.242 I/screen_toggled(  575): 1
11-25 11:32:52.242 I/power_screen_broadcast_send(  575): 1
11-25 11:32:52.322 I/power_screen_broadcast_done(  575): [1,80,1]
11-25 11:32:57.276 I/power_sleep_requested(  575): 0
11-25 11:32:57.277 I/power_screen_state(  575): [0,3,0,0]
11-25 11:32:57.277 I/screen_toggled(  575): 0
11-25 11:32:57.277 I/power_screen_broadcast_send(  575): 1
11-25 11:32:57.334 I/force_gc(  575): Binder
11-25 11:32:57.798 I/power_screen_broadcast_done(  575): [0,521,1]
11-25 11:36:05.777 I/netstats_mobile_sample(  575): [0,0,0,0,0,0,0,0,0,0,0,0,1448447766129]
11-25 11:36:05.777 I/netstats_wifi_sample(  575): [239706,545,117269,626,238397,515,107900,612,234516,496,107900,612,1448447766129]
11-25 11:36:06.694 I/notification_enqueue(  575): [10025,1278,com.google.android.apps.fitness,1,NULL,0,Notification(pri=-1 contentView=null vibrate=null sound=null defaults=0x0 flags=0x0 color=0x00000000 vis=PRIVATE),1]
11-25 11:48:08.530 I/notification_enqueue(  575): [10025,1278,com.google.android.apps.fitness,1,NULL,0,Notification(pri=-1 contentView=null vibrate=null sound=null defaults=0x0 flags=0x0 color=0x00000000 vis=PRIVATE),1]
11-25 11:58:01.804 I/battery_level(  575): [73,3990,303]
11-25 12:00:07.808 I/aggregation(  968): 1448449207808
11-25 12:00:08.114 I/netstats_mobile_sample(  575): [0,0,0,0,0,0,0,0,0,0,0,0,1448449208466]
11-25 12:00:08.114 I/netstats_wifi_sample(  575): [239706,545,117269,626,238397,515,107900,612,234516,496,107900,612,1448449208466]
11-25 12:00:09.875 I/notification_enqueue(  575): [10025,1278,com.google.android.apps.fitness,1,NULL,0,Notification(pri=-1 contentView=null vibrate=null sound=null defaults=0x0 flags=0x0 color=0x00000000 vis=PRIVATE),1]
11-25 12:00:18.041 I/notification_cancel(  575): [10004,739,com.google.android.wearable.app,-1051490489,cal_notif,0,0,64,8,NULL]
11-25 12:00:18.042 I/notification_cancel(  575): [10004,739,com.google.android.wearable.app,875576614,cal_notif,0,0,64,8,NULL]
11-25 12:02:58.780 I/force_gc(  575): Binder
11-25 12:14:45.577 I/notification_enqueue(  575): [10025,1278,com.google.android.apps.fitness,1,NULL,0,Notification(pri=-1 contentView=null vibrate=null sound=null defaults=0x0 flags=0x0 color=0x00000000 vis=PRIVATE),1]
11-25 12:19:40.139 I/power_screen_state(  575): [1,0,0,0]
11-25 12:19:40.139 I/screen_toggled(  575): 1
11-25 12:19:40.146 I/power_screen_broadcast_send(  575): 1
11-25 12:19:40.379 I/power_screen_broadcast_done(  575): [1,234,1]
11-25 12:19:48.041 I/am_home_stack_moved(  575): [0,1,0,0,intentActivityFound]
11-25 12:19:48.041 I/wm_task_moved(  575): [196,1,0]
11-25 12:19:48.043 I/am_new_intent(  575): [0,318974372,196,com.google.android.wearable.app/com.google.android.clockwork.home.HomeActivity,android.intent.action.MAIN,NULL,NULL,270532608]
11-25 12:19:48.082 I/power_sleep_requested(  575): 0
11-25 12:19:48.083 I/power_screen_state(  575): [0,2,0,0]
11-25 12:19:48.083 I/screen_toggled(  575): 0
11-25 12:19:48.083 I/power_screen_broadcast_send(  575): 1
11-25 12:19:48.359 I/notification_cancel(  575): [10004,739,com.google.android.apps.fitness,1,NULL,0,0,66,10,{com.google.android.wearable.app/com.google.android.clockwork.stream.NotificationCollectorService}]
11-25 12:19:48.360 I/notification_canceled(  575): [0|com.google.android.apps.fitness|1|null|10025,10]
11-25 12:19:48.433 I/power_screen_broadcast_done(  575): [0,350,1]
11-25 12:30:09.807 I/battery_level(  575): [72,3983,315]
11-25 12:30:10.119 I/aggregation(  968): 1448451010119
11-25 12:30:10.341 I/netstats_mobile_sample(  575): [0,0,0,0,0,0,0,0,0,0,0,0,1448451010694]
11-25 12:30:10.342 I/netstats_wifi_sample(  575): [239706,545,117269,626,238397,515,107900,612,234516,496,107900,612,1448451010694]
11-25 12:35:29.037 I/force_gc(  575): Binder
11-25 12:35:29.188 I/notification_enqueue(  575): [10038,2026,com.emmaguy.todayilearned,250,NULL,0,Notification(pri=0 contentView=null vibrate=null sound=null defaults=0x0 flags=0x0 color=0x00000000 actions=6 vis=PRIVATE),0]
11-25 12:36:05.301 I/power_screen_state(  575): [1,0,0,0]
11-25 12:36:05.301 I/screen_toggled(  575): 1
11-25 12:36:05.301 I/power_screen_broadcast_send(  575): 1
11-25 12:36:05.552 I/power_screen_broadcast_done(  575): [1,252,1]
11-25 12:36:10.335 I/power_sleep_requested(  575): 0
11-25 12:36:10.337 I/power_screen_state(  575): [0,3,0,0]
11-25 12:36:10.337 I/screen_toggled(  575): 0
11-25 12:36:10.337 I/power_screen_broadcast_send(  575): 1
11-25 12:36:10.522 I/power_screen_broadcast_done(  575): [0,185,1]
11-25 12:36:25.359 I/power_screen_state(  575): [1,0,0,0]
11-25 12:36:25.359 I/screen_toggled(  575): 1
11-25 12:36:25.360 I/power_screen_broadcast_send(  575): 1
11-25 12:36:25.577 I/power_screen_broadcast_done(  575): [1,217,1]
11-25 12:36:30.393 I/power_sleep_requested(  575): 0
11-25 12:36:30.394 I/power_screen_state(  575): [0,3,0,0]
11-25 12:36:30.394 I/screen_toggled(  575): 0
11-25 12:36:30.394 I/power_screen_broadcast_send(  575): 1
11-25 12:36:30.613 I/power_screen_broadcast_done(  575): [0,219,1]
11-25 12:49:32.929 I/power_screen_state(  575): [1,0,0,0]
11-25 12:49:32.929 I/screen_toggled(  575): 1
11-25 12:49:32.929 I/power_screen_broadcast_send(  575): 1
11-25 12:49:33.013 I/power_screen_broadcast_done(  575): [1,84,1]
11-25 12:49:37.966 I/power_sleep_requested(  575): 0
11-25 12:49:37.967 I/power_screen_state(  575): [0,3,0,0]
11-25 12:49:37.967 I/screen_toggled(  575): 0
11-25 12:49:37.967 I/power_screen_broadcast_send(  575): 1
11-25 12:49:38.187 I/power_screen_broadcast_done(  575): [0,219,1]
11-25 12:53:28.232 I/power_screen_state(  575): [1,0,0,0]
11-25 12:53:28.232 I/screen_toggled(  575): 1
11-25 12:53:28.233 I/power_screen_broadcast_send(  575): 1
11-25 12:53:28.437 I/power_screen_broadcast_done(  575): [1,204,1]
11-25 12:53:33.275 I/power_sleep_requested(  575): 0
11-25 12:53:33.277 I/power_screen_state(  575): [0,3,0,0]
11-25 12:53:33.277 I/screen_toggled(  575): 0
11-25 12:53:33.277 I/power_screen_broadcast_send(  575): 1
11-25 12:53:33.477 I/power_screen_broadcast_done(  575): [0,200,1]
11-25 12:53:38.399 I/power_screen_state(  575): [1,0,0,0]
11-25 12:53:38.399 I/screen_toggled(  575): 1
11-25 12:53:38.399 I/power_screen_broadcast_send(  575): 1
11-25 12:53:38.486 I/force_gc(  575): Binder
11-25 12:53:38.794 I/power_screen_broadcast_done(  575): [1,394,1]
11-25 12:53:43.444 I/power_sleep_requested(  575): 0
11-25 12:53:43.446 I/power_screen_state(  575): [0,3,0,0]
11-25 12:53:43.446 I/screen_toggled(  575): 0
11-25 12:53:43.446 I/power_screen_broadcast_send(  575): 1
11-25 12:53:43.613 I/power_screen_broadcast_done(  575): [0,167,1]
11-25 12:59:01.811 I/netstats_mobile_sample(  575): [0,0,0,0,0,0,0,0,0,0,0,0,1448452742164]
11-25 12:59:01.812 I/netstats_wifi_sample(  575): [239706,545,117269,626,238397,515,107900,612,234516,496,107900,612,1448452742164]
11-25 12:59:44.813 I/battery_level(  575): [71,3974,308]
11-25 13:00:12.067 I/aggregation(  968): 1448452812067
11-25 13:30:13.994 I/force_gc(  575): Binder
11-25 13:30:14.535 I/aggregation(  968): 1448454614535
11-25 13:30:15.463 I/netstats_mobile_sample(  575): [0,0,0,0,0,0,0,0,0,0,0,0,1448454615815]
11-25 13:30:15.464 I/netstats_wifi_sample(  575): [239706,545,117269,626,238397,515,107900,612,234516,496,107900,612,1448454615815]
11-25 13:34:00.840 I/battery_level(  575): [70,3964,322]
11-25 13:44:49.066 I/am_kill (  575): [0,7046,com.google.android.apps.maps,13,empty for 1802s]
11-25 13:44:49.096 I/am_kill (  575): [0,7006,com.skype.raider,15,empty for 1802s]
11-25 13:44:49.125 I/am_kill (  575): [0,6988,com.endomondo.android,15,empty for 1802s]
11-25 13:44:49.140 I/am_kill (  575): [0,6948,com.ustwo.watchfaces.bits,15,empty for 1802s]
11-25 13:44:49.169 I/am_kill (  575): [0,6931,com.lge.lifetracker,15,empty for 1802s]
11-25 13:44:49.200 I/am_proc_died(  575): [0,7006,com.skype.raider]
11-25 13:44:49.201 I/am_proc_died(  575): [0,6988,com.endomondo.android]
11-25 13:44:49.202 I/am_proc_died(  575): [0,6948,com.ustwo.watchfaces.bits]
11-25 13:44:49.203 I/am_proc_died(  575): [0,6931,com.lge.lifetracker]
11-25 13:44:49.204 I/am_proc_died(  575): [0,7046,com.google.android.apps.maps]
11-25 14:04:44.824 I/netstats_mobile_sample(  575): [0,0,0,0,0,0,0,0,0,0,0,0,1448456685176]
11-25 14:04:44.824 I/netstats_wifi_sample(  575): [239706,545,117269,626,238397,515,107900,612,234516,496,107900,612,1448456685176]
11-25 14:04:44.866 I/aggregation(  968): 1448456684866
11-25 14:08:48.568 I/battery_level(  575): [69,3949,324]
11-25 14:10:00.841 I/force_gc(  575): Binder
11-25 14:30:00.053 I/netstats_mobile_sample(  575): [0,0,0,0,0,0,0,0,0,0,0,0,1448458200405]
11-25 14:30:00.053 I/netstats_wifi_sample(  575): [239706,545,117269,626,238397,515,107900,612,234516,496,107900,612,1448458200405]
11-25 14:37:15.857 I/power_screen_state(  575): [1,0,0,0]
11-25 14:37:15.857 I/screen_toggled(  575): 1
11-25 14:37:15.857 I/power_screen_broadcast_send(  575): 1
11-25 14:37:16.128 I/power_screen_broadcast_done(  575): [1,271,1]
11-25 14:37:20.891 I/power_sleep_requested(  575): 0
11-25 14:37:20.893 I/power_screen_state(  575): [0,3,0,0]
11-25 14:37:20.893 I/screen_toggled(  575): 0
11-25 14:37:20.893 I/power_screen_broadcast_send(  575): 1
11-25 14:37:21.219 I/power_screen_broadcast_done(  575): [0,326,1]
11-25 14:44:00.863 I/battery_level(  575): [68,3944,310]
11-25 14:44:44.025 I/aggregation(  968): 1448459084025
11-25 14:54:00.860 I/force_gc(  575): Binder
11-25 15:04:49.886 I/netstats_mobile_sample(  575): [0,0,0,0,0,0,0,0,0,0,0,0,1448460290238]
11-25 15:04:49.886 I/netstats_wifi_sample(  575): [239706,545,117269,626,238397,515,107900,612,234516,496,107900,612,1448460290238]
11-25 15:16:51.164 I/aggregation(  968): 1448461011164
11-25 15:20:00.880 I/battery_level(  575): [67,3931,309]
11-25 15:20:26.342 I/notification_enqueue(  575): [10004,739,com.google.android.wearable.app,28,bridged_notification,0,Notification(pri=0 contentView=null vibrate=null sound=null defaults=0x0 flags=0x100 color=0x00000000 vis=PRIVATE),0]
11-25 15:20:27.792 I/notification_enqueue(  575): [10004,739,com.google.android.wearable.app,28,bridged_notification,0,Notification(pri=0 contentView=null vibrate=null sound=null defaults=0x0 flags=0x100 color=0x00000000 vis=PRIVATE),1]
11-25 15:27:03.706 I/notification_enqueue(  575): [10004,739,com.google.android.wearable.app,29,bridged_notification,0,Notification(pri=0 contentView=null vibrate=null sound=null defaults=0x4 flags=0x101 color=0x00000000 vis=PRIVATE),0]
11-25 15:33:00.867 I/force_gc(  575): Binder
11-25 15:34:40.171 I/power_screen_state(  575): [1,0,0,0]
11-25 15:34:40.171 I/screen_toggled(  575): 1
11-25 15:34:40.171 I/power_screen_broadcast_send(  575): 1
11-25 15:34:40.242 I/netstats_mobile_sample(  575): [0,0,0,0,0,0,0,0,0,0,0,0,1448462080594]
11-25 15:34:40.242 I/netstats_wifi_sample(  575): [239706,545,117269,626,238397,515,107900,612,234516,496,107900,612,1448462080594]
11-25 15:34:40.449 I/power_screen_broadcast_done(  575): [1,277,1]
11-25 15:34:42.003 I/am_home_stack_moved(  575): [0,0,1,1,startingNewTask]
11-25 15:34:42.003 I/am_create_task(  575): [0,209]
11-25 15:34:42.003 I/am_create_activity(  575): [0,579456616,209,com.google.android.apps.fitness/com.google.android.wearable.fitness.summary.SummaryActivity,android.intent.action.MAIN,NULL,NULL,270532608]
11-25 15:34:42.004 I/wm_task_created(  575): [209,1]
11-25 15:34:42.004 I/wm_task_moved(  575): [209,1,0]
11-25 15:34:42.004 I/am_pause_activity(  575): [0,6435157,com.google.android.wearable.app/com.google.android.clockwork.home.HomeActivity]
11-25 15:34:42.011 I/am_home_stack_moved(  575): [0,0,1,1,startedActivity setFocusedActivity]
11-25 15:34:42.013 I/am_focused_activity(  575): [0,com.google.android.apps.fitness/com.google.android.wearable.fitness.summary.SummaryActivity]
11-25 15:34:42.024 I/am_on_paused_called(  739): [0,com.google.android.clockwork.home.HomeActivity]
11-25 15:34:42.041 I/am_restart_activity(  575): [0,579456616,209,com.google.android.apps.fitness/com.google.android.wearable.fitness.summary.SummaryActivity]
11-25 15:34:42.917 I/am_on_resume_called( 1278): [0,com.google.android.wearable.fitness.summary.SummaryActivity]
11-25 15:34:43.332 I/am_activity_launch_time(  575): [0,579456616,com.google.android.apps.fitness/com.google.android.wearable.fitness.summary.SummaryActivity,1308,1308]
11-25 15:34:59.539 I/am_finish_activity(  575): [0,579456616,209,com.google.android.apps.fitness/com.google.android.wearable.fitness.summary.SummaryActivity,app-request]
11-25 15:34:59.540 I/am_home_stack_moved(  575): [0,1,0,0,finishActivity adjustFocus]
11-25 15:34:59.540 I/wm_task_moved(  575): [196,1,0]
11-25 15:34:59.546 I/am_home_stack_moved(  575): [0,1,0,0,finishActivity adjustTopFocus setFocusedActivity]
11-25 15:34:59.547 I/am_focused_activity(  575): [0,com.google.android.wearable.app/com.google.android.clockwork.home.HomeActivity]
11-25 15:34:59.547 I/am_pause_activity(  575): [0,579456616,com.google.android.apps.fitness/com.google.android.wearable.fitness.summary.SummaryActivity]
11-25 15:34:59.561 I/am_on_paused_called( 1278): [0,com.google.android.wearable.fitness.summary.SummaryActivity]
11-25 15:34:59.563 I/am_resume_activity(  575): [0,6435157,196,com.google.android.wearable.app/com.google.android.clockwork.home.HomeActivity]
11-25 15:34:59.572 I/force_gc(  814): Binder
11-25 15:34:59.614 I/am_on_resume_called(  739): [0,com.google.android.clockwork.home.HomeActivity]
11-25 15:34:59.650 I/am_destroy_activity(  575): [0,579456616,209,com.google.android.apps.fitness/com.google.android.wearable.fitness.summary.SummaryActivity,finish-imm]
11-25 15:35:00.021 I/wm_task_removed(  575): [209,removeAppToken: last token]
11-25 15:35:00.021 I/wm_task_removed(  575): [209,removeTask]
11-25 15:35:02.859 I/am_home_stack_moved(  575): [0,1,0,0,intentActivityFound]
11-25 15:35:02.859 I/wm_task_moved(  575): [196,1,0]
11-25 15:35:02.863 I/am_new_intent(  575): [0,873398644,196,com.google.android.wearable.app/com.google.android.clockwork.home.HomeActivity,android.intent.action.MAIN,NULL,NULL,270532608]
11-25 15:35:02.871 I/power_sleep_requested(  575): 0
11-25 15:35:02.881 I/power_screen_state(  575): [0,2,0,0]
11-25 15:35:02.881 I/screen_toggled(  575): 0
11-25 15:35:02.881 I/power_screen_broadcast_send(  575): 1
11-25 15:35:03.187 I/power_screen_broadcast_done(  575): [0,305,1]
11-25 15:35:29.087 I/notification_enqueue(  575): [10038,2026,com.emmaguy.todayilearned,260,NULL,0,Notification(pri=0 contentView=null vibrate=null sound=null defaults=0x0 flags=0x0 color=0x00000000 groupKey=group_key_subreddit_posts actions=5 vis=PRIVATE),0]
11-25 15:35:29.132 I/notification_enqueue(  575): [10038,2026,com.emmaguy.todayilearned,270,NULL,0,Notification(pri=0 contentView=null vibrate=null sound=null defaults=0x0 flags=0x0 color=0x00000000 groupKey=group_key_subreddit_posts actions=5 vis=PRIVATE),0]
11-25 15:36:39.772 I/power_screen_state(  575): [1,0,0,0]
11-25 15:36:39.772 I/screen_toggled(  575): 1
11-25 15:36:39.773 I/power_screen_broadcast_send(  575): 1
11-25 15:36:39.966 I/power_screen_broadcast_done(  575): [1,193,1]
11-25 15:36:44.809 I/power_sleep_requested(  575): 0
11-25 15:36:44.810 I/power_screen_state(  575): [0,3,0,0]
11-25 15:36:44.810 I/screen_toggled(  575): 0
11-25 15:36:44.811 I/power_screen_broadcast_send(  575): 1
11-25 15:36:45.070 I/power_screen_broadcast_done(  575): [0,259,1]
11-25 15:39:53.486 I/notification_cancel(  575): [10004,739,com.google.android.wearable.app,28,bridged_notification,0,0,64,8,NULL]
11-25 15:39:53.486 I/notification_canceled(  575): [0|com.google.android.wearable.app|28|bridged_notification|10004,8]
11-25 15:39:53.849 I/notification_cancel(  575): [10004,739,com.google.android.wearable.app,29,bridged_notification,0,0,64,8,NULL]
11-25 15:39:53.849 I/notification_canceled(  575): [0|com.google.android.wearable.app|29|bridged_notification|10004,8]
11-25 15:46:54.339 I/aggregation(  968): 1448462814339
11-25 15:47:01.326 I/battery_level(  575): [66,3919,307]
11-25 15:49:36.017 I/am_proc_start(  575): [0,9093,10001,com.android.providers.calendar,broadcast,com.android.providers.calendar/.CalendarReceiver]
11-25 15:49:36.057 I/am_proc_bound(  575): [0,9093,com.android.providers.calendar]
11-25 15:49:36.250 I/force_gc(  575): Binder
11-25 15:50:21.632 I/power_screen_state(  575): [1,0,0,0]
11-25 15:50:21.632 I/screen_toggled(  575): 1
11-25 15:50:21.632 I/power_screen_broadcast_send(  575): 1
11-25 15:50:21.850 I/power_screen_broadcast_done(  575): [1,218,1]
11-25 15:50:22.685 I/am_kill (  575): [0,6912,com.google.android.apps.wearable.bugreportsender,15,empty for 2024s]
11-25 15:50:22.714 I/am_proc_died(  575): [0,6912,com.google.android.apps.wearable.bugreportsender]
11-25 15:50:26.665 I/power_sleep_requested(  575): 0
11-25 15:50:26.667 I/power_screen_state(  575): [0,3,0,0]
11-25 15:50:26.667 I/screen_toggled(  575): 0
11-25 15:50:26.667 I/power_screen_broadcast_send(  575): 1
11-25 15:50:26.826 I/power_screen_broadcast_done(  575): [0,159,1]
11-25 16:00:00.905 I/power_screen_state(  575): [1,0,0,0]
11-25 16:00:00.905 I/screen_toggled(  575): 1
11-25 16:00:00.910 I/power_screen_broadcast_send(  575): 1
11-25 16:00:00.987 I/netstats_mobile_sample(  575): [0,0,0,0,0,0,0,0,0,0,0,0,1448463601340]
11-25 16:00:00.987 I/netstats_wifi_sample(  575): [239706,545,117269,626,238397,515,107900,612,234516,496,107900,612,1448463601340]
11-25 16:00:01.409 I/power_screen_broadcast_done(  575): [1,499,1]
11-25 16:00:05.925 I/power_sleep_requested(  575): 0
11-25 16:00:05.927 I/power_screen_state(  575): [0,3,0,0]
11-25 16:00:05.927 I/screen_toggled(  575): 0
11-25 16:00:05.927 I/power_screen_broadcast_send(  575): 1
11-25 16:00:06.138 I/power_screen_broadcast_done(  575): [0,211,1]
11-25 16:04:28.961 I/power_screen_state(  575): [1,0,0,0]
11-25 16:04:28.962 I/screen_toggled(  575): 1
11-25 16:04:28.962 I/power_screen_broadcast_send(  575): 1
11-25 16:04:29.464 I/power_screen_broadcast_done(  575): [1,503,1]
11-25 16:04:33.955 I/power_sleep_requested(  575): 0
11-25 16:04:33.956 I/power_screen_state(  575): [0,3,0,0]
11-25 16:04:33.956 I/screen_toggled(  575): 0
11-25 16:04:33.956 I/power_screen_broadcast_send(  575): 1
11-25 16:04:34.148 I/power_screen_broadcast_done(  575): [0,191,1]
11-25 16:05:43.876 I/power_screen_state(  575): [1,0,0,0]
11-25 16:05:43.876 I/screen_toggled(  575): 1
11-25 16:05:43.876 I/power_screen_broadcast_send(  575): 1
11-25 16:05:44.123 I/power_screen_broadcast_done(  575): [1,247,1]
11-25 16:05:49.143 I/power_sleep_requested(  575): 0
11-25 16:05:49.145 I/power_screen_state(  575): [0,3,0,0]
11-25 16:05:49.145 I/screen_toggled(  575): 0
11-25 16:05:49.145 I/power_screen_broadcast_send(  575): 1
11-25 16:05:49.198 I/force_gc(  575): Binder
11-25 16:05:49.568 I/power_screen_broadcast_done(  575): [0,423,1]
11-25 16:16:04.418 I/battery_level(  575): [65,3901,298]
11-25 16:24:42.819 I/power_screen_state(  575): [1,0,0,0]
11-25 16:24:42.819 I/screen_toggled(  575): 1
11-25 16:24:42.820 I/power_screen_broadcast_send(  575): 1
11-25 16:24:42.902 I/power_screen_broadcast_done(  575): [1,82,1]
11-25 16:24:45.035 I/am_home_stack_moved(  575): [0,0,1,1,startingNewTask]
11-25 16:24:45.035 I/am_create_task(  575): [0,210]
11-25 16:24:45.035 I/am_create_activity(  575): [0,937417230,210,com.google.android.apps.fitness/com.google.android.wearable.fitness.summary.SummaryActivity,android.intent.action.MAIN,NULL,NULL,270532608]
11-25 16:24:45.036 I/wm_task_created(  575): [210,1]
11-25 16:24:45.036 I/wm_task_moved(  575): [210,1,0]
11-25 16:24:45.036 I/am_pause_activity(  575): [0,6435157,com.google.android.wearable.app/com.google.android.clockwork.home.HomeActivity]
11-25 16:24:45.038 I/am_home_stack_moved(  575): [0,0,1,1,startedActivity setFocusedActivity]
11-25 16:24:45.040 I/am_focused_activity(  575): [0,com.google.android.apps.fitness/com.google.android.wearable.fitness.summary.SummaryActivity]
11-25 16:24:45.051 I/am_on_paused_called(  739): [0,com.google.android.clockwork.home.HomeActivity]
11-25 16:24:45.061 I/am_restart_activity(  575): [0,937417230,210,com.google.android.apps.fitness/com.google.android.wearable.fitness.summary.SummaryActivity]
11-25 16:24:45.374 I/am_on_resume_called( 1278): [0,com.google.android.wearable.fitness.summary.SummaryActivity]
11-25 16:24:45.597 I/am_activity_launch_time(  575): [0,937417230,com.google.android.apps.fitness/com.google.android.wearable.fitness.summary.SummaryActivity,545,545]
11-25 16:24:47.259 I/am_finish_activity(  575): [0,937417230,210,com.google.android.apps.fitness/com.google.android.wearable.fitness.summary.SummaryActivity,app-request]
11-25 16:24:47.259 I/am_home_stack_moved(  575): [0,1,0,0,finishActivity adjustFocus]
11-25 16:24:47.259 I/wm_task_moved(  575): [196,1,0]
11-25 16:24:47.268 I/am_home_stack_moved(  575): [0,1,0,0,finishActivity adjustTopFocus setFocusedActivity]
11-25 16:24:47.269 I/am_focused_activity(  575): [0,com.google.android.wearable.app/com.google.android.clockwork.home.HomeActivity]
11-25 16:24:47.269 I/am_pause_activity(  575): [0,937417230,com.google.android.apps.fitness/com.google.android.wearable.fitness.summary.SummaryActivity]
11-25 16:24:47.276 I/am_on_paused_called( 1278): [0,com.google.android.wearable.fitness.summary.SummaryActivity]
11-25 16:24:47.278 I/am_resume_activity(  575): [0,6435157,196,com.google.android.wearable.app/com.google.android.clockwork.home.HomeActivity]
11-25 16:24:47.622 I/am_on_resume_called(  739): [0,com.google.android.clockwork.home.HomeActivity]
11-25 16:24:47.635 I/am_destroy_activity(  575): [0,937417230,210,com.google.android.apps.fitness/com.google.android.wearable.fitness.summary.SummaryActivity,finish-imm]
11-25 16:24:47.711 I/wm_task_removed(  575): [210,removeAppToken: last token]
11-25 16:24:47.711 I/wm_task_removed(  575): [210,removeTask]
11-25 16:24:49.096 I/am_home_stack_moved(  575): [0,1,0,0,intentActivityFound]
11-25 16:24:49.096 I/wm_task_moved(  575): [196,1,0]
11-25 16:24:49.099 I/am_new_intent(  575): [0,1008336949,196,com.google.android.wearable.app/com.google.android.clockwork.home.HomeActivity,android.intent.action.MAIN,NULL,NULL,270532608]
11-25 16:24:49.106 I/power_sleep_requested(  575): 0
11-25 16:24:49.111 I/power_screen_state(  575): [0,2,0,0]
11-25 16:24:49.111 I/screen_toggled(  575): 0
11-25 16:24:49.112 I/power_screen_broadcast_send(  575): 1
11-25 16:24:49.405 I/power_screen_broadcast_done(  575): [0,293,1]
11-25 16:25:02.188 I/aggregation(  968): 1448465102188
11-25 16:25:36.922 I/power_screen_state(  575): [1,0,0,0]
11-25 16:25:36.922 I/screen_toggled(  575): 1
11-25 16:25:36.923 I/power_screen_broadcast_send(  575): 1
11-25 16:25:37.005 I/power_screen_broadcast_done(  575): [1,82,1]
11-25 16:25:37.047 I/force_gc(  575): Binder
11-25 16:25:41.966 I/power_sleep_requested(  575): 0
11-25 16:25:41.968 I/power_screen_state(  575): [0,3,0,0]
11-25 16:25:41.968 I/screen_toggled(  575): 0
11-25 16:25:41.968 I/power_screen_broadcast_send(  575): 1
11-25 16:25:42.202 I/power_screen_broadcast_done(  575): [0,234,1]
11-25 16:26:23.442 I/power_screen_state(  575): [1,0,0,0]
11-25 16:26:23.442 I/screen_toggled(  575): 1
11-25 16:26:23.442 I/power_screen_broadcast_send(  575): 1
11-25 16:26:23.721 I/power_screen_broadcast_done(  575): [1,278,1]
11-25 16:26:28.472 I/power_sleep_requested(  575): 0
11-25 16:26:28.474 I/power_screen_state(  575): [0,3,0,0]
11-25 16:26:28.474 I/screen_toggled(  575): 0
11-25 16:26:28.474 I/power_screen_broadcast_send(  575): 1
11-25 16:26:28.719 I/power_screen_broadcast_done(  575): [0,245,1]
11-25 16:26:35.646 I/power_screen_state(  575): [1,0,0,0]
11-25 16:26:35.646 I/screen_toggled(  575): 1
11-25 16:26:35.646 I/power_screen_broadcast_send(  575): 1
11-25 16:26:35.730 I/power_screen_broadcast_done(  575): [1,84,1]
11-25 16:26:40.680 I/power_sleep_requested(  575): 0
11-25 16:26:40.682 I/power_screen_state(  575): [0,3,0,0]
11-25 16:26:40.682 I/screen_toggled(  575): 0
11-25 16:26:40.682 I/power_screen_broadcast_send(  575): 1
11-25 16:26:40.879 I/power_screen_broadcast_done(  575): [0,197,1]
11-25 16:26:42.957 I/power_screen_state(  575): [1,0,0,0]
11-25 16:26:42.957 I/screen_toggled(  575): 1
11-25 16:26:42.957 I/power_screen_broadcast_send(  575): 1
11-25 16:26:43.041 I/power_screen_broadcast_done(  575): [1,84,1]
11-25 16:26:47.998 I/power_sleep_requested(  575): 0
11-25 16:26:48.000 I/power_screen_state(  575): [0,3,0,0]
11-25 16:26:48.000 I/screen_toggled(  575): 0
11-25 16:26:48.000 I/power_screen_broadcast_send(  575): 1
11-25 16:26:48.186 I/power_screen_broadcast_done(  575): [0,185,1]
11-25 16:37:01.909 I/netstats_mobile_sample(  575): [0,0,0,0,0,0,0,0,0,0,0,0,1448465822262]
11-25 16:37:01.913 I/netstats_wifi_sample(  575): [239706,545,117269,626,238397,515,107900,612,234516,496,107900,612,1448465822262]
11-25 16:44:00.909 I/battery_level(  575): [64,3893,240]
11-25 16:49:02.700 I/force_gc(  575): Binder
11-25 16:49:04.430 I/notification_enqueue(  575): [10004,739,com.google.android.wearable.app,962406116,now,0,Notification(pri=-2 contentView=null vibrate=null sound=null defaults=0x0 flags=0x100 color=0x00000000 sortKey=0000000001 vis=PRIVATE),0]
11-25 16:51:31.831 I/notification_enqueue(  575): [10004,739,com.google.android.wearable.app,30,bridged_notification,0,Notification(pri=0 contentView=null vibrate=null sound=null defaults=0x4 flags=0x101 color=0x00000000 vis=PRIVATE),0]
11-25 17:04:59.365 I/aggregation(  968): 1448467499365
11-25 17:05:00.577 I/am_proc_start(  575): [0,9253,10010,android.process.media,service,com.android.providers.downloads/.DownloadIdleService]
11-25 17:05:00.667 I/am_proc_bound(  575): [0,9253,android.process.media]
11-25 17:05:01.096 I/notification_cancel_all(  575): [10010,9253,com.android.providers.downloads,0,0,64,9,NULL]
11-25 17:05:01.287 I/netstats_mobile_sample(  575): [0,0,0,0,0,0,0,0,0,0,0,0,1448467501750]
11-25 17:05:01.288 I/netstats_wifi_sample(  575): [239706,545,117269,626,238397,515,107900,612,234516,496,107900,612,1448467501750]
11-25 17:05:02.594 I/notification_enqueue(  575): [10025,1278,com.google.android.apps.fitness,1,NULL,0,Notification(pri=-1 contentView=null vibrate=null sound=null defaults=0x0 flags=0x0 color=0x00000000 vis=PRIVATE),0]
11-25 17:05:08.459 I/am_kill (  575): [0,6968,com.google.android.deskclock,15,empty for 2245s]
11-25 17:05:08.513 I/am_proc_died(  575): [0,6968,com.google.android.deskclock]
11-25 17:06:01.252 I/am_pause_activity(  575): [0,6435157,com.google.android.wearable.app/com.google.android.clockwork.home.HomeActivity]
11-25 17:06:01.256 I/am_on_paused_called(  739): [0,com.google.android.clockwork.home.HomeActivity]
11-25 17:06:01.267 I/am_focused_activity(  575): [0,com.google.android.wearable.app/com.google.android.clockwork.home.HomeActivity]
11-25 17:17:05.471 I/force_gc(  575): Binder
11-25 17:17:05.634 I/notification_enqueue(  575): [10025,1278,com.google.android.apps.fitness,1,NULL,0,Notification(pri=-1 contentView=null vibrate=null sound=null defaults=0x0 flags=0x0 color=0x00000000 vis=PRIVATE),1]
11-25 17:26:27.907 I/battery_level(  575): [63,3897,221]
11-25 17:37:49.896 I/netstats_mobile_sample(  575): [0,0,0,0,0,0,0,0,0,0,0,0,1448469470358]
11-25 17:37:49.896 I/netstats_wifi_sample(  575): [239706,545,117269,626,238397,515,107900,612,234516,496,107900,612,1448469470358]
11-25 17:37:50.839 I/aggregation(  968): 1448469470839
11-25 17:37:51.772 I/notification_enqueue(  575): [10025,1278,com.google.android.apps.fitness,1,NULL,0,Notification(pri=-1 contentView=null vibrate=null sound=null defaults=0x0 flags=0x0 color=0x00000000 vis=PRIVATE),1]
11-25 17:49:51.539 I/aggregation(  968): 1448470191539
11-25 17:49:54.942 I/notification_enqueue(  575): [10025,1278,com.google.android.apps.fitness,1,NULL,0,Notification(pri=-1 contentView=null vibrate=null sound=null defaults=0x0 flags=0x0 color=0x00000000 vis=PRIVATE),1]
11-25 17:49:55.137 I/am_proc_start(  575): [0,9327,10024,com.google.android.deskclock,broadcast,com.google.android.deskclock/.GservicesChangedReceiver]
11-25 17:49:55.178 I/am_proc_bound(  575): [0,9327,com.google.android.deskclock]
11-25 17:49:55.469 I/notification_cancel(  575): [10011,968,com.google.android.gms,2130837917,NULL,0,0,64,8,NULL]
11-25 17:49:55.469 I/notification_cancel(  575): [10011,968,com.google.android.gms,2130837918,NULL,0,0,64,8,NULL]
11-25 17:49:55.471 I/system_update(  968): [1536,0,0,NULL]
11-25 17:49:55.476 I/am_kill (  575): [0,7029,com.example.android.wearable.photoswatchface,15,empty for 2296s]
11-25 17:49:55.492 I/am_proc_died(  575): [0,7029,com.example.android.wearable.photoswatchface]
11-25 17:50:41.305 I/force_gc(  839): Binder
11-25 17:50:42.799 I/force_gc(  575): Binder
11-25 17:50:42.808 I/force_gc(  814): Binder
11-25 17:50:43.385 I/am_proc_start(  575): [0,9359,10008,android.process.acore,broadcast,com.android.providers.contacts/.PackageIntentReceiver]
11-25 17:50:43.471 I/am_proc_bound(  575): [0,9359,android.process.acore]
11-25 17:50:44.153 I/free_storage_left(  575): [2695335936,10702848,254398464]
11-25 17:53:56.898 I/am_kill (  575): [0,7068,com.lge.bioitplatform.sdservice.service,15,empty for 2308s]
11-25 17:53:56.927 I/am_proc_died(  575): [0,7068,com.lge.bioitplatform.sdservice.service]
11-25 18:07:52.907 I/netstats_mobile_sample(  575): [0,0,0,0,0,0,0,0,0,0,0,0,1448471273369]
11-25 18:07:52.907 I/netstats_wifi_sample(  575): [239706,545,117269,626,238397,515,107900,612,234516,496,107900,612,1448471273369]
11-25 18:07:53.959 I/aggregation(  968): 1448471273959
11-25 18:07:58.095 I/notification_enqueue(  575): [10025,1278,com.google.android.apps.fitness,1,NULL,0,Notification(pri=-1 contentView=null vibrate=null sound=null defaults=0x0 flags=0x0 color=0x00000000 vis=PRIVATE),1]
11-25 18:11:56.942 I/force_gc( 1101): Binder
11-25 18:14:37.657 I/am_resume_activity(  575): [0,6435157,196,com.google.android.wearable.app/com.google.android.clockwork.home.HomeActivity]
11-25 18:14:37.700 I/power_screen_state(  575): [1,0,0,0]
11-25 18:14:37.700 I/screen_toggled(  575): 1
11-25 18:14:37.701 I/power_screen_broadcast_send(  575): 1
11-25 18:14:37.843 I/am_on_resume_called(  739): [0,com.google.android.clockwork.home.HomeActivity]
11-25 18:14:37.971 I/sf_frame_dur(  176): [ColorFade,26,0,0,0,2,0,0]
11-25 18:14:38.047 I/power_screen_broadcast_done(  575): [1,346,1]
11-25 18:14:42.682 I/power_sleep_requested(  575): 0
11-25 18:14:42.684 I/power_screen_state(  575): [0,3,0,0]
11-25 18:14:42.684 I/screen_toggled(  575): 0
11-25 18:14:42.684 I/power_screen_broadcast_send(  575): 1
11-25 18:14:43.162 I/power_screen_broadcast_done(  575): [0,478,1]
11-25 18:14:44.297 I/notification_enqueue(  575): [10025,1278,com.google.android.apps.fitness,1,NULL,0,Notification(pri=-1 contentView=null vibrate=null sound=null defaults=0x0 flags=0x0 color=0x00000000 vis=PRIVATE),1]
11-25 18:14:52.868 I/power_screen_state(  575): [1,0,0,0]
11-25 18:14:52.868 I/screen_toggled(  575): 1
11-25 18:14:52.868 I/power_screen_broadcast_send(  575): 1
11-25 18:14:52.950 I/power_screen_broadcast_done(  575): [1,82,1]
11-25 18:14:57.897 I/power_sleep_requested(  575): 0
11-25 18:14:57.899 I/power_screen_state(  575): [0,3,0,0]
11-25 18:14:57.899 I/screen_toggled(  575): 0
11-25 18:14:57.899 I/power_screen_broadcast_send(  575): 1
11-25 18:14:58.098 I/power_screen_broadcast_done(  575): [0,200,1]
11-25 18:15:03.749 I/power_screen_state(  575): [1,0,0,0]
11-25 18:15:03.749 I/screen_toggled(  575): 1
11-25 18:15:03.749 I/power_screen_broadcast_send(  575): 1
11-25 18:15:03.844 I/power_screen_broadcast_done(  575): [1,95,1]
11-25 18:15:03.913 I/force_gc(  575): Binder
11-25 18:15:09.245 I/power_sleep_requested(  575): 0
11-25 18:15:09.246 I/power_screen_state(  575): [0,3,0,0]
11-25 18:15:09.246 I/screen_toggled(  575): 0
11-25 18:15:09.247 I/power_screen_broadcast_send(  575): 1
11-25 18:15:09.410 I/power_screen_broadcast_done(  575): [0,163,1]
11-25 18:15:56.874 I/battery_level(  575): [62,3868,261]
11-25 18:15:57.078 I/notification_enqueue(  575): [10011,776,com.google.android.gms,22543,NULL,0,Notification(pri=-2 contentView=com.google.android.gms/0x1090077 vibrate=null sound=null defaults=0x0 flags=0x142 color=0x00000000 vis=PRIVATE),1]
11-25 18:17:01.140 I/am_proc_start(  575): [0,9433,2000,com.google.android.apps.wearable.bugreportsender,service,com.google.android.apps.wearable.bugreportsender/com.google.android.clockwork.bugreportsender.ClockworkListenerService]
11-25 18:18:01.156 I/am_proc_start(  575): [0,9451,10012,com.lge.lifetracker,service,com.lge.lifetracker/.handheldcomm.WearReceiver]
11-25 18:18:01.161 I/am_proc_bound(  575): [0,9433,com.google.android.apps.wearable.bugreportsender]
11-25 18:18:01.175 I/am_proc_bound(  575): [0,9451,com.lge.lifetracker]
11-25 18:18:01.294 I/am_proc_start(  575): [0,9469,10032,com.ustwo.watchfaces.bits,service,com.ustwo.watchfaces.bits/.BitsWearableService]
11-25 18:18:08.135 I/am_proc_start(  575): [0,9491,10028,com.endomondo.android,service,com.endomondo.android/.wear.notifications.NotificationUpdateService]
11-25 18:18:08.148 I/am_proc_bound(  575): [0,9469,com.ustwo.watchfaces.bits]
11-25 18:18:08.263 I/am_proc_start(  575): [0,9508,10037,com.skype.raider,service,com.skype.raider/com.skype.android.app.CommandHandlerService]
11-25 18:18:08.271 I/am_proc_bound(  575): [0,9491,com.endomondo.android]
11-25 18:18:08.420 I/notification_cancel(  575): [10012,9451,com.lge.lifetracker,10436,NULL,0,0,64,8,NULL]
11-25 18:18:08.590 I/am_proc_start(  575): [0,9529,10006,com.example.android.wearable.photoswatchface,service,com.example.android.wearable.photoswatchface/.PhotosListenerService]
11-25 18:18:08.591 I/am_proc_bound(  575): [0,9508,com.skype.raider]
11-25 18:18:08.973 I/am_proc_start(  575): [0,9550,10035,com.google.android.apps.maps,service,com.google.android.apps.maps/com.google.android.apps.gmmwearable.MapsListenerService]
11-25 18:18:08.979 I/am_proc_bound(  575): [0,9529,com.example.android.wearable.photoswatchface]
11-25 18:19:01.145 I/notification_cancel(  575): [10032,9469,com.ustwo.watchfaces.bits,10436,NULL,0,0,64,8,NULL]
11-25 18:19:01.222 I/am_proc_start(  575): [0,9571,10013,com.lge.bioitplatform.sdservice.service,service,com.lge.bioitplatform.sdservice.service/com.lge.bioitplatform.data_sync.WearReceiver]
11-25 18:19:01.229 I/am_proc_bound(  575): [0,9550,com.google.android.apps.maps]
11-25 18:19:01.354 I/notification_cancel(  575): [10037,9508,com.skype.raider,10436,NULL,0,0,64,8,NULL]
11-25 18:19:01.373 I/notification_cancel(  575): [10004,739,com.google.android.wearable.app,0,media_controls,0,0,64,8,NULL]
11-25 18:20:00.982 I/am_proc_bound(  575): [0,9571,com.lge.bioitplatform.sdservice.service]
11-25 18:20:07.133 I/notification_cancel(  575): [10012,9451,com.lge.lifetracker,105,NULL,0,0,64,8,NULL]
11-25 18:20:07.134 I/notification_cancel(  575): [10012,9451,com.lge.lifetracker,100,NULL,0,0,64,8,NULL]
11-25 18:22:01.029 I/notification_cancel(  575): [10035,9550,com.google.android.apps.maps,10436,NULL,0,0,64,8,NULL]
11-25 18:26:14.951 I/power_screen_state(  575): [1,0,0,0]
11-25 18:26:14.951 I/screen_toggled(  575): 1
11-25 18:26:14.951 I/power_screen_broadcast_send(  575): 1
11-25 18:26:15.060 I/power_screen_broadcast_done(  575): [1,109,1]
11-25 18:26:19.980 I/am_kill (  575): [0,9093,com.android.providers.calendar,15,empty #17]
11-25 18:26:19.989 I/power_sleep_requested(  575): 0
11-25 18:26:20.010 I/power_screen_state(  575): [0,3,0,0]
11-25 18:26:20.010 I/screen_toggled(  575): 0
11-25 18:26:20.010 I/power_screen_broadcast_send(  575): 1
11-25 18:26:20.030 I/am_proc_died(  575): [0,9093,com.android.providers.calendar]
11-25 18:26:20.195 I/power_screen_broadcast_done(  575): [0,185,1]
11-25 18:26:20.849 I/netstats_mobile_sample(  575): [0,0,0,0,0,0,0,0,0,0,0,0,1448472381312]
11-25 18:26:20.850 I/netstats_wifi_sample(  575): [239706,545,117269,626,238397,515,107900,612,234516,496,107900,612,1448472381312]
11-25 18:26:20.859 I/netstats_mobile_sample(  575): [0,0,0,0,0,0,0,0,0,0,0,0,1448472381321]
11-25 18:26:20.859 I/netstats_wifi_sample(  575): [239706,545,117269,626,238397,515,107900,612,234516,496,107900,612,1448472381321]
11-25 18:26:20.884 I/notification_cancel(  575): [1000,575,android,127,CaptivePortal.Notification,0,0,0,8,NULL]
11-25 18:26:21.005 I/notification_cancel_all(  575): [10010,9253,com.android.providers.downloads,0,0,64,9,NULL]
11-25 18:26:22.116 I/notification_cancel(  575): [10011,968,com.google.android.gms,2130837917,NULL,0,0,64,8,NULL]
11-25 18:26:22.117 I/notification_cancel(  575): [10011,968,com.google.android.gms,2130837918,NULL,0,0,64,8,NULL]
11-25 18:26:22.119 I/system_update(  968): [1536,0,0,NULL]
11-25 18:26:23.969 I/c2dm    (  839): [-2,NULL,1,1]
11-25 18:26:24.050 I/c2dm    (  839): [3,NULL,1,1]
11-25 18:26:24.078 I/gtalk_heartbeat_reset(  839): [66436,64.233.162.188:5228]
11-25 18:26:24.081 I/gtalk_connection(  839): 0
11-25 18:26:24.109 I/c2dm    (  839): [7,,1,1]
11-25 18:26:24.136 I/c2dm    (  839): [-8,com.google.android.gms:,2,2]
11-25 18:26:24.574 I/force_gc(  839): Binder
11-25 18:26:24.587 I/notification_cancel(  575): [10032,9469,com.ustwo.watchfaces.bits,10436,NULL,0,0,64,8,NULL]
11-25 18:26:25.441 I/c2dm    (  839): [-8,com.google.android.gms:,2,3]
11-25 18:26:25.508 I/c2dm    (  839): [-8,com.google.android.gms:,2,4]
11-25 18:26:25.540 I/c2dm    (  839): [-8,com.google.android.gms:,2,5]
11-25 18:26:52.003 I/netstats_mobile_sample(  575): [0,0,0,0,0,0,0,0,0,0,0,0,1448472412466]
11-25 18:26:52.004 I/netstats_wifi_sample(  575): [264150,612,188610,724,262813,581,177841,709,258932,562,177841,709,1448472412466]
11-25 18:30:33.169 I/power_screen_state(  575): [1,0,0,0]
11-25 18:30:33.169 I/screen_toggled(  575): 1
11-25 18:30:33.169 I/power_screen_broadcast_send(  575): 1
11-25 18:30:33.510 I/power_screen_broadcast_done(  575): [1,340,1]
11-25 18:30:38.160 I/power_sleep_requested(  575): 0
11-25 18:30:38.161 I/power_screen_state(  575): [0,3,0,0]
11-25 18:30:38.161 I/screen_toggled(  575): 0
11-25 18:30:38.161 I/power_screen_broadcast_send(  575): 1
11-25 18:30:38.366 I/power_screen_broadcast_done(  575): [0,205,1]
11-25 18:30:38.670 I/power_screen_state(  575): [1,0,0,0]
11-25 18:30:38.670 I/screen_toggled(  575): 1
11-25 18:30:38.670 I/power_screen_broadcast_send(  575): 1
11-25 18:30:38.807 I/force_gc(  575): Binder
11-25 18:30:39.181 I/power_screen_broadcast_done(  575): [1,511,1]
11-25 18:30:43.683 I/power_sleep_requested(  575): 0
11-25 18:30:43.685 I/power_screen_state(  575): [0,3,0,0]
11-25 18:30:43.685 I/screen_toggled(  575): 0
11-25 18:30:43.685 I/power_screen_broadcast_send(  575): 1
11-25 18:30:43.920 I/power_screen_broadcast_done(  575): [0,235,1]
11-25 18:30:46.545 I/power_screen_state(  575): [1,0,0,0]
11-25 18:30:46.545 I/screen_toggled(  575): 1
11-25 18:30:46.545 I/power_screen_broadcast_send(  575): 1
11-25 18:30:46.657 I/power_screen_broadcast_done(  575): [1,111,1]
11-25 18:30:51.583 I/power_sleep_requested(  575): 0
11-25 18:30:51.594 I/power_screen_state(  575): [0,3,0,0]
11-25 18:30:51.594 I/screen_toggled(  575): 0
11-25 18:30:51.594 I/power_screen_broadcast_send(  575): 1
11-25 18:30:51.786 I/power_screen_broadcast_done(  575): [0,192,1]
11-25 18:30:52.070 I/power_screen_state(  575): [1,0,0,0]
11-25 18:30:52.070 I/screen_toggled(  575): 1
11-25 18:30:52.071 I/power_screen_broadcast_send(  575): 1
11-25 18:30:52.336 I/power_screen_broadcast_done(  575): [1,265,1]
11-25 18:31:02.707 I/power_sleep_requested(  575): 0
11-25 18:31:02.708 I/power_screen_state(  575): [0,3,0,0]
11-25 18:31:02.708 I/screen_toggled(  575): 0
11-25 18:31:02.708 I/power_screen_broadcast_send(  575): 1
11-25 18:31:03.016 I/power_screen_broadcast_done(  575): [0,308,1]
11-25 18:31:17.968 I/c2dm    (  839): [8,com.google.android.gms:0:1448472677977874,2,5]
11-25 18:31:18.138 I/notification_cancel(  575): [1000,575,android,127,CaptivePortal.Notification,0,0,0,8,NULL]
11-25 18:31:18.142 I/gtalk_conn_close(  839): [276,294]
11-25 18:31:20.075 I/notification_cancel(  575): [10004,739,com.google.android.wearable.app,30,bridged_notification,0,0,64,8,NULL]
11-25 18:31:20.076 I/notification_canceled(  575): [0|com.google.android.wearable.app|30|bridged_notification|10004,8]
11-25 18:31:26.305 I/c2dm    (  839): [-2,NULL,1,1]
11-25 18:31:26.422 I/c2dm    (  839): [3,NULL,1,1]
11-25 18:31:26.448 I/gtalk_heartbeat_reset(  839): [66436,64.233.164.188:5228]
11-25 18:31:26.450 I/gtalk_connection(  839): 0
11-25 18:31:26.470 I/c2dm    (  839): [7,,1,1]
11-25 18:31:26.483 I/c2dm    (  839): [-8,com.google.android.gms:,2,2]
11-25 18:31:27.783 I/c2dm    (  839): [8,com.google.android.gms:0:1448472688073675,2,2]
11-25 18:31:27.948 I/c2dm    (  839): [8,com.google.android.gms:0:1448472688308164,3,2]
11-25 18:31:39.642 I/force_gc(  575): Binder
11-25 18:31:40.038 I/netstats_mobile_sample(  575): [0,0,0,0,0,0,0,0,0,0,0,0,1448472700500]
11-25 18:31:40.038 I/netstats_wifi_sample(  575): [282386,666,198048,772,280821,629,186607,757,276940,610,186607,757,1448472700500]
11-25 18:31:40.381 I/gtalk_conn_close(  839): [-236,13]
11-25 18:31:40.408 I/notification_cancel(  575): [10032,9469,com.ustwo.watchfaces.bits,10436,NULL,0,0,64,8,NULL]
11-25 18:31:40.602 I/netstats_mobile_sample(  575): [0,0,0,0,0,0,0,0,0,0,0,0,1448472701064]
11-25 18:31:40.602 I/netstats_wifi_sample(  575): [282386,666,198048,772,280821,629,186607,757,276940,610,186607,757,1448472701064]
11-25 18:31:40.635 I/netstats_mobile_sample(  575): [0,0,0,0,0,0,0,0,0,0,0,0,1448472701098]
11-25 18:31:40.636 I/netstats_wifi_sample(  575): [282386,666,198048,772,280821,629,186607,757,276940,610,186607,757,1448472701098]
11-25 18:31:40.682 I/notification_cancel(  575): [1000,575,android,128,CaptivePortal.Notification,0,0,0,8,NULL]
11-25 18:31:40.982 I/force_gc(  839): Binder
11-25 18:31:41.113 I/notification_cancel_all(  575): [10010,9253,com.android.providers.downloads,0,0,64,9,NULL]
11-25 18:31:41.756 I/netstats_mobile_sample(  575): [0,0,0,0,0,0,0,0,0,0,0,0,1448472702218]
11-25 18:31:41.756 I/netstats_wifi_sample(  575): [282386,666,198048,772,280821,629,186607,757,276940,610,186607,757,1448472702218]
11-25 18:31:42.004 I/notification_cancel(  575): [1000,575,android,128,CaptivePortal.Notification,0,0,0,8,NULL]
11-25 18:31:42.009 I/gtalk_connection(  839): 16976656
11-25 18:31:42.684 I/netstats_mobile_sample(  575): [0,0,0,0,0,0,0,0,0,0,0,0,1448472703146]
11-25 18:31:42.684 I/netstats_wifi_sample(  575): [282386,666,198048,772,280821,629,186607,757,276940,610,186607,757,1448472703146]
11-25 18:31:42.692 I/netstats_mobile_sample(  575): [0,0,0,0,0,0,0,0,0,0,0,0,1448472703154]
11-25 18:31:42.692 I/netstats_wifi_sample(  575): [282386,666,198048,772,280821,629,186607,757,276940,610,186607,757,1448472703154]
11-25 18:31:42.697 I/notification_cancel(  575): [1000,575,android,129,CaptivePortal.Notification,0,0,0,8,NULL]
11-25 18:31:42.704 I/netstats_mobile_sample(  575): [0,0,0,0,0,0,0,0,0,0,0,0,1448472703167]
11-25 18:31:42.705 I/netstats_wifi_sample(  575): [282386,666,198048,772,280821,629,186607,757,276940,610,186607,757,1448472703167]
11-25 18:31:43.095 I/notification_enqueue(  575): [10025,1278,com.google.android.apps.fitness,1,NULL,0,Notification(pri=-1 contentView=null vibrate=null sound=null defaults=0x0 flags=0x0 color=0x00000000 vis=PRIVATE),1]
11-25 18:31:43.215 I/notification_cancel(  575): [10011,968,com.google.android.gms,2130837917,NULL,0,0,64,8,NULL]
11-25 18:31:43.217 I/notification_cancel(  575): [10011,968,com.google.android.gms,2130837918,NULL,0,0,64,8,NULL]
11-25 18:31:43.264 I/system_update(  968): [1536,0,0,NULL]
11-25 18:31:50.472 I/force_gc(  839): Binder
11-25 18:36:21.667 I/notification_enqueue(  575): [10038,2026,com.emmaguy.todayilearned,280,NULL,0,Notification(pri=0 contentView=null vibrate=null sound=null defaults=0x0 flags=0x0 color=0x00000000 actions=6 vis=PRIVATE),0]
11-25 18:36:21.711 I/notification_enqueue(  575): [10038,2026,com.emmaguy.todayilearned,290,NULL,0,Notification(pri=0 contentView=null vibrate=null sound=null defaults=0x0 flags=0x0 color=0x00000000 groupKey=group_key_subreddit_posts actions=5 vis=PRIVATE),0]
11-25 18:36:21.830 I/notification_enqueue(  575): [10038,2026,com.emmaguy.todayilearned,300,NULL,0,Notification(pri=0 contentView=null vibrate=null sound=null defaults=0x0 flags=0x0 color=0x00000000 actions=6 vis=PRIVATE),0]
11-25 18:36:21.892 I/notification_enqueue(  575): [10038,2026,com.emmaguy.todayilearned,310,NULL,0,Notification(pri=0 contentView=null vibrate=null sound=null defaults=0x0 flags=0x0 color=0x00000000 actions=6 vis=PRIVATE),0]
11-25 18:37:00.949 I/battery_level(  575): [61,3869,311]
11-25 18:43:00.928 I/force_gc(  575): Binder
11-25 18:45:01.198 I/aggregation(  968): 1448473501198
11-25 18:45:02.909 I/notification_enqueue(  575): [10025,1278,com.google.android.apps.fitness,1,NULL,0,Notification(pri=-1 contentView=null vibrate=null sound=null defaults=0x0 flags=0x0 color=0x00000000 vis=PRIVATE),1]
11-25 18:59:18.472 I/power_screen_state(  575): [1,0,0,0]
11-25 18:59:18.472 I/screen_toggled(  575): 1
11-25 18:59:18.477 I/power_screen_broadcast_send(  575): 1
11-25 18:59:18.770 I/power_screen_broadcast_done(  575): [1,292,1]
11-25 18:59:28.974 I/power_sleep_requested(  575): 0
11-25 18:59:28.975 I/power_screen_state(  575): [0,3,0,0]
11-25 18:59:28.975 I/screen_toggled(  575): 0
11-25 18:59:28.975 I/power_screen_broadcast_send(  575): 1
11-25 18:59:29.201 I/power_screen_broadcast_done(  575): [0,226,1]
