11-27 18:40:01.034 I/InputReader(  575): Device reconfigured: id=3, name='synaptics_rmi4_i2c', size 320x320, orientation 0, mode 1, display id 0
11-27 18:40:01.036 D/AmbientService(  914): onAmbientUpdated: AmbientActivity[component=ComponentInfo{com.google.android.wearable.app/com.google.android.clockwork.home.HomeActivity}, callbacks=@46990b1, running=true, ambient=true]Binder_1 54
11-27 18:40:01.037 I/InputReader(  575): Reconfiguring input devices.  changes=0x00000004
11-27 18:40:01.063 D/SurfaceFlinger(  176): Set power mode=1, type=0 flinger=0xb8584550
11-27 18:40:01.063 I/qdhwcomposer(  176): handle_blank_event: dpy:0 panel power state: 2
11-27 18:40:01.193 D/SurfaceFlinger(  176): Set power mode=3, type=0 flinger=0xb8584550
11-27 18:40:01.193 I/qdhwcomposer(  176): handle_blank_event: dpy:0 panel power state: 2
11-27 18:41:01.009 I/qdhwcomposer(  176): handle_blank_event: dpy:0 panel power state: 2
11-27 18:41:01.017 D/AmbientService(  914): scheduling next alarm, nowWall: 1448646061017, nextWall: 1448646120000, nowElapsed: 351783214, nextElapsed: 351842197
11-27 18:41:01.020 D/AmbientService(  914): updateAmbient: AmbientActivity[component=ComponentInfo{com.google.android.wearable.app/com.google.android.clockwork.home.HomeActivity}, callbacks=@46990b1, running=true, ambient=true] main 1
11-27 18:41:01.038 D/AmbientService(  914): onAmbientUpdated: AmbientActivity[component=ComponentInfo{com.google.android.wearable.app/com.google.android.clockwork.home.HomeActivity}, callbacks=@46990b1, running=true, ambient=true]Binder_5 58
11-27 18:41:01.040 I/InputReader(  575): Reconfiguring input devices.  changes=0x00000004
11-27 18:41:01.040 I/InputReader(  575): Device reconfigured: id=3, name='synaptics_rmi4_i2c', size 320x320, orientation 0, mode 1, display id 0
11-27 18:41:01.041 I/InputReader(  575): Reconfiguring input devices.  changes=0x00000004
11-27 18:41:01.063 D/SurfaceFlinger(  176): Set power mode=1, type=0 flinger=0xb8584550
11-27 18:41:01.064 I/qdhwcomposer(  176): handle_blank_event: dpy:0 panel power state: 2
11-27 18:41:01.195 D/SurfaceFlinger(  176): Set power mode=3, type=0 flinger=0xb8584550
11-27 18:41:01.195 I/qdhwcomposer(  176): handle_blank_event: dpy:0 panel power state: 2
11-27 18:42:01.010 I/qdhwcomposer(  176): handle_blank_event: dpy:0 panel power state: 2
11-27 18:42:01.018 D/AmbientService(  914): scheduling next alarm, nowWall: 1448646121018, nextWall: 1448646180000, nowElapsed: 351843215, nextElapsed: 351902197
11-27 18:42:01.019 D/AmbientService(  914): updateAmbient: AmbientActivity[component=ComponentInfo{com.google.android.wearable.app/com.google.android.clockwork.home.HomeActivity}, callbacks=@46990b1, running=true, ambient=true] main 1
11-27 18:42:01.038 D/AmbientService(  914): onAmbientUpdated: AmbientActivity[component=ComponentInfo{com.google.android.wearable.app/com.google.android.clockwork.home.HomeActivity}, callbacks=@46990b1, running=true, ambient=true]Binder_3 56
11-27 18:42:01.039 I/InputReader(  575): Reconfiguring input devices.  changes=0x00000004
11-27 18:42:01.039 I/InputReader(  575): Device reconfigured: id=3, name='synaptics_rmi4_i2c', size 320x320, orientation 0, mode 1, display id 0
11-27 18:42:01.040 I/InputReader(  575): Reconfiguring input devices.  changes=0x00000004
11-27 18:42:01.064 D/SurfaceFlinger(  176): Set power mode=1, type=0 flinger=0xb8584550
11-27 18:42:01.064 I/qdhwcomposer(  176): handle_blank_event: dpy:0 panel power state: 2
11-27 18:42:01.195 D/SurfaceFlinger(  176): Set power mode=3, type=0 flinger=0xb8584550
11-27 18:42:01.195 I/qdhwcomposer(  176): handle_blank_event: dpy:0 panel power state: 2
11-27 18:43:01.010 I/qdhwcomposer(  176): handle_blank_event: dpy:0 panel power state: 2
11-27 18:43:01.017 D/AmbientService(  914): scheduling next alarm, nowWall: 1448646181017, nextWall: 1448646240000, nowElapsed: 351903214, nextElapsed: 351962197
11-27 18:43:01.020 D/AmbientService(  914): updateAmbient: AmbientActivity[component=ComponentInfo{com.google.android.wearable.app/com.google.android.clockwork.home.HomeActivity}, callbacks=@46990b1, running=true, ambient=true] main 1
11-27 18:43:01.040 D/AmbientService(  914): onAmbientUpdated: AmbientActivity[component=ComponentInfo{com.google.android.wearable.app/com.google.android.clockwork.home.HomeActivity}, callbacks=@46990b1, running=true, ambient=true]Binder_4 57
11-27 18:43:01.042 I/InputReader(  575): Reconfiguring input devices.  changes=0x00000004
11-27 18:43:01.042 I/InputReader(  575): Device reconfigured: id=3, name='synaptics_rmi4_i2c', size 320x320, orientation 0, mode 1, display id 0
11-27 18:43:01.043 I/InputReader(  575): Reconfiguring input devices.  changes=0x00000004
11-27 18:43:01.065 D/SurfaceFlinger(  176): Set power mode=1, type=0 flinger=0xb8584550
11-27 18:43:01.065 I/qdhwcomposer(  176): handle_blank_event: dpy:0 panel power state: 2
11-27 18:43:01.196 D/SurfaceFlinger(  176): Set power mode=3, type=0 flinger=0xb8584550
11-27 18:43:01.196 I/qdhwcomposer(  176): handle_blank_event: dpy:0 panel power state: 2
11-27 18:43:08.010 I/qdhwcomposer(  176): handle_blank_event: dpy:0 panel power state: 2
11-27 18:44:01.010 I/qdhwcomposer(  176): handle_blank_event: dpy:0 panel power state: 2
11-27 18:44:01.016 D/AmbientService(  914): scheduling next alarm, nowWall: 1448646241016, nextWall: 1448646300000, nowElapsed: 351963213, nextElapsed: 352022197
11-27 18:44:01.017 D/AmbientService(  914): updateAmbient: AmbientActivity[component=ComponentInfo{com.google.android.wearable.app/com.google.android.clockwork.home.HomeActivity}, callbacks=@46990b1, running=true, ambient=true] main 1
11-27 18:44:01.022 D/AmbientService(  914): onAmbientUpdated: AmbientActivity[component=ComponentInfo{com.google.android.wearable.app/com.google.android.clockwork.home.HomeActivity}, callbacks=@46990b1, running=true, ambient=true]Binder_2 55
11-27 18:44:01.044 D/SurfaceFlinger(  176): Set power mode=1, type=0 flinger=0xb8584550
11-27 18:44:01.044 I/qdhwcomposer(  176): handle_blank_event: dpy:0 panel power state: 2
11-27 18:44:01.169 D/SurfaceFlinger(  176): Set power mode=3, type=0 flinger=0xb8584550
11-27 18:44:01.169 I/qdhwcomposer(  176): handle_blank_event: dpy:0 panel power state: 2
11-27 18:45:01.011 I/qdhwcomposer(  176): handle_blank_event: dpy:0 panel power state: 2
11-27 18:45:01.022 D/AmbientService(  914): scheduling next alarm, nowWall: 1448646301022, nextWall: 1448646360000, nowElapsed: 352023219, nextElapsed: 352082197
11-27 18:45:01.023 D/AmbientService(  914): updateAmbient: AmbientActivity[component=ComponentInfo{com.google.android.wearable.app/com.google.android.clockwork.home.HomeActivity}, callbacks=@46990b1, running=true, ambient=true] main 1
11-27 18:45:01.048 I/InputReader(  575): Reconfiguring input devices.  changes=0x00000004
11-27 18:45:01.048 I/InputReader(  575): Device reconfigured: id=3, name='synaptics_rmi4_i2c', size 320x320, orientation 0, mode 1, display id 0
11-27 18:45:01.050 D/AmbientService(  914): onAmbientUpdated: AmbientActivity[component=ComponentInfo{com.google.android.wearable.app/com.google.android.clockwork.home.HomeActivity}, callbacks=@46990b1, running=true, ambient=true]Binder_1 54
11-27 18:45:01.054 I/InputReader(  575): Reconfiguring input devices.  changes=0x00000004
11-27 18:45:01.078 D/SurfaceFlinger(  176): Set power mode=1, type=0 flinger=0xb8584550
11-27 18:45:01.079 I/qdhwcomposer(  176): handle_blank_event: dpy:0 panel power state: 2
11-27 18:45:01.209 D/SurfaceFlinger(  176): Set power mode=3, type=0 flinger=0xb8584550
11-27 18:45:01.209 I/qdhwcomposer(  176): handle_blank_event: dpy:0 panel power state: 2
11-27 18:46:01.011 I/qdhwcomposer(  176): handle_blank_event: dpy:0 panel power state: 2
11-27 18:46:01.017 D/AmbientService(  914): scheduling next alarm, nowWall: 1448646361017, nextWall: 1448646420000, nowElapsed: 352083215, nextElapsed: 352142198
11-27 18:46:01.022 D/AmbientService(  914): updateAmbient: AmbientActivity[component=ComponentInfo{com.google.android.wearable.app/com.google.android.clockwork.home.HomeActivity}, callbacks=@46990b1, running=true, ambient=true] main 1
11-27 18:46:01.041 D/AmbientService(  914): onAmbientUpdated: AmbientActivity[component=ComponentInfo{com.google.android.wearable.app/com.google.android.clockwork.home.HomeActivity}, callbacks=@46990b1, running=true, ambient=true]Binder_5 58
11-27 18:46:01.041 I/InputReader(  575): Reconfiguring input devices.  changes=0x00000004
11-27 18:46:01.042 I/InputReader(  575): Device reconfigured: id=3, name='synaptics_rmi4_i2c', size 320x320, orientation 0, mode 1, display id 0
11-27 18:46:01.043 I/InputReader(  575): Reconfiguring input devices.  changes=0x00000004
11-27 18:46:01.066 D/SurfaceFlinger(  176): Set power mode=1, type=0 flinger=0xb8584550
11-27 18:46:01.066 I/qdhwcomposer(  176): handle_blank_event: dpy:0 panel power state: 2
11-27 18:46:01.196 D/SurfaceFlinger(  176): Set power mode=3, type=0 flinger=0xb8584550
11-27 18:46:01.196 I/qdhwcomposer(  176): handle_blank_event: dpy:0 panel power state: 2
11-27 18:47:01.011 I/qdhwcomposer(  176): handle_blank_event: dpy:0 panel power state: 2
11-27 18:47:01.022 D/AmbientService(  914): scheduling next alarm, nowWall: 1448646421022, nextWall: 1448646480000, nowElapsed: 352143219, nextElapsed: 352202197
11-27 18:47:01.023 D/AmbientService(  914): updateAmbient: AmbientActivity[component=ComponentInfo{com.google.android.wearable.app/com.google.android.clockwork.home.HomeActivity}, callbacks=@46990b1, running=true, ambient=true] main 1
11-27 18:47:01.055 I/InputReader(  575): Reconfiguring input devices.  changes=0x00000004
11-27 18:47:01.055 I/InputReader(  575): Device reconfigured: id=3, name='synaptics_rmi4_i2c', size 320x320, orientation 0, mode 1, display id 0
11-27 18:47:01.064 D/AmbientService(  914): onAmbientUpdated: AmbientActivity[component=ComponentInfo{com.google.android.wearable.app/com.google.android.clockwork.home.HomeActivity}, callbacks=@46990b1, running=true, ambient=true]Binder_3 56
11-27 18:47:01.103 D/SurfaceFlinger(  176): Set power mode=1, type=0 flinger=0xb8584550
11-27 18:47:01.103 I/qdhwcomposer(  176): handle_blank_event: dpy:0 panel power state: 2
11-27 18:47:01.171 I/FitnessWearable( 1278): Checking fitness notification
11-27 18:47:01.223 D/SurfaceFlinger(  176): Set power mode=3, type=0 flinger=0xb8584550
11-27 18:47:01.224 I/qdhwcomposer(  176): handle_blank_event: dpy:0 panel power state: 2
11-27 18:47:01.868 I/FitnessWearable( 1278): Fitness Platform Queries took: 538 ms
11-27 18:47:02.135 D/AmbientService(  914): binderDied: AmbientActivity[component=ComponentInfo{com.lge.wearable.chargingmode/com.lge.wearable.chargingmode.ChargingActivity}, callbacks=@3b06623c, running=false, ambient=false]
11-27 18:47:02.135 D/AmbientService(  914): detach: AmbientActivity[component=ComponentInfo{com.lge.wearable.chargingmode/com.lge.wearable.chargingmode.ChargingActivity}, callbacks=@3b06623c, running=false, ambient=false] Binder_2 55
11-27 18:47:02.241 D/SurfaceFlinger(  176): Set power mode=1, type=0 flinger=0xb8584550
11-27 18:47:02.242 I/qdhwcomposer(  176): handle_blank_event: dpy:0 panel power state: 2
11-27 18:47:02.370 D/SurfaceFlinger(  176): Set power mode=3, type=0 flinger=0xb8584550
11-27 18:47:02.371 I/qdhwcomposer(  176): handle_blank_event: dpy:0 panel power state: 2
11-27 18:47:02.590 D/AuthZenListenerService(  968): onMessageReceived: MessageEventParcelable[17255,/WearablesSync/Ack/tommy.thorsen@gmail.com, size=16], Path: /WearablesSync/Ack/tommy.thorsen@gmail.com
11-27 18:47:02.599 D/AuthZenWearListenerService(  968): onMessageReceived : MessageEventParcelable[17255,/WearablesSync/Ack/tommy.thorsen@gmail.com, size=16], Path: /WearablesSync/Ack/tommy.thorsen@gmail.com
11-27 18:47:04.450 W/bt-btif ( 1101): dm_pm_timer expires
11-27 18:47:04.450 W/bt-btif ( 1101): dm_pm_timer expires 0
11-27 18:47:04.450 W/bt-btif ( 1101): proc dm_pm_timer expires
11-27 18:47:57.599 I/qdhwcomposer(  176): handle_blank_event: dpy:0 panel power state: 2
11-27 18:47:58.942 I/FitnessWearable( 1278): Completed Phone Sync
11-27 18:47:58.943 I/FitnessWearable( 1278): Checking on account update
11-27 18:47:58.958 I/FitnessWearable( 1278): Trying to insert platform daily totals
11-27 18:47:59.240 I/FitnessWearable( 1278): Initialized Fitness Account
11-27 18:47:59.628 W/bt-btif ( 1101): dm_pm_timer expires
11-27 18:47:59.628 W/bt-btif ( 1101): dm_pm_timer expires 0
11-27 18:47:59.628 W/bt-btif ( 1101): proc dm_pm_timer expires
11-27 18:47:59.645 E/StreamVibrator(  739): Found notifications that tried to vibrate, but they never made it to the top of the stream. Not vibrating.
11-27 18:48:00.003 D/AmbientService(  914): scheduling next alarm, nowWall: 1448646480003, nextWall: 1448646540000, nowElapsed: 352202200, nextElapsed: 352262197
11-27 18:48:00.005 D/AmbientService(  914): updateAmbient: AmbientActivity[component=ComponentInfo{com.google.android.wearable.app/com.google.android.clockwork.home.HomeActivity}, callbacks=@46990b1, running=true, ambient=true] main 1
11-27 18:48:00.012 D/AmbientService(  914): onAmbientUpdated: AmbientActivity[component=ComponentInfo{com.google.android.wearable.app/com.google.android.clockwork.home.HomeActivity}, callbacks=@46990b1, running=true, ambient=true]Binder_1 54
11-27 18:48:00.048 D/SurfaceFlinger(  176): Set power mode=1, type=0 flinger=0xb8584550
11-27 18:48:00.048 I/qdhwcomposer(  176): handle_blank_event: dpy:0 panel power state: 2
11-27 18:48:00.173 D/SurfaceFlinger(  176): Set power mode=3, type=0 flinger=0xb8584550
11-27 18:48:00.174 I/qdhwcomposer(  176): handle_blank_event: dpy:0 panel power state: 2
11-27 18:49:01.012 I/qdhwcomposer(  176): handle_blank_event: dpy:0 panel power state: 2
11-27 18:49:01.017 D/AmbientService(  914): scheduling next alarm, nowWall: 1448646541017, nextWall: 1448646600000, nowElapsed: 352263214, nextElapsed: 352322197
11-27 18:49:01.018 D/AmbientService(  914): updateAmbient: AmbientActivity[component=ComponentInfo{com.google.android.wearable.app/com.google.android.clockwork.home.HomeActivity}, callbacks=@46990b1, running=true, ambient=true] main 1
11-27 18:49:01.041 D/AmbientService(  914): onAmbientUpdated: AmbientActivity[component=ComponentInfo{com.google.android.wearable.app/com.google.android.clockwork.home.HomeActivity}, callbacks=@46990b1, running=true, ambient=true]Binder_5 58
11-27 18:49:01.044 I/InputReader(  575): Reconfiguring input devices.  changes=0x00000004
11-27 18:49:01.044 I/InputReader(  575): Device reconfigured: id=3, name='synaptics_rmi4_i2c', size 320x320, orientation 0, mode 1, display id 0
11-27 18:49:01.045 I/InputReader(  575): Reconfiguring input devices.  changes=0x00000004
11-27 18:49:01.067 D/SurfaceFlinger(  176): Set power mode=1, type=0 flinger=0xb8584550
11-27 18:49:01.067 I/qdhwcomposer(  176): handle_blank_event: dpy:0 panel power state: 2
11-27 18:49:01.197 D/SurfaceFlinger(  176): Set power mode=3, type=0 flinger=0xb8584550
11-27 18:49:01.197 I/qdhwcomposer(  176): handle_blank_event: dpy:0 panel power state: 2
11-27 18:49:55.802 I/qdhwcomposer(  176): handle_blank_event: dpy:0 panel power state: 2
11-27 18:49:55.838 D/AuthZenListenerService(  968): onMessageReceived: MessageEventParcelable[17256,com/google/android/location/fused/wearable/LOCATIONS, size=362], Path: com/google/android/location/fused/wearable/LOCATIONS
11-27 18:49:55.849 D/AuthZenWearListenerService(  968): onMessageReceived : MessageEventParcelable[17256,com/google/android/location/fused/wearable/LOCATIONS, size=362], Path: com/google/android/location/fused/wearable/LOCATIONS
11-27 18:49:57.829 W/bt-btif ( 1101): dm_pm_timer expires
11-27 18:49:57.829 W/bt-btif ( 1101): dm_pm_timer expires 0
11-27 18:49:57.829 W/bt-btif ( 1101): proc dm_pm_timer expires
11-27 18:50:00.003 D/AmbientService(  914): scheduling next alarm, nowWall: 1448646600003, nextWall: 1448646660000, nowElapsed: 352322200, nextElapsed: 352382197
11-27 18:50:00.005 D/AmbientService(  914): updateAmbient: AmbientActivity[component=ComponentInfo{com.google.android.wearable.app/com.google.android.clockwork.home.HomeActivity}, callbacks=@46990b1, running=true, ambient=true] main 1
11-27 18:50:00.010 D/AmbientService(  914): onAmbientUpdated: AmbientActivity[component=ComponentInfo{com.google.android.wearable.app/com.google.android.clockwork.home.HomeActivity}, callbacks=@46990b1, running=true, ambient=true]Binder_3 56
11-27 18:50:00.036 D/SurfaceFlinger(  176): Set power mode=1, type=0 flinger=0xb8584550
11-27 18:50:00.036 I/qdhwcomposer(  176): handle_blank_event: dpy:0 panel power state: 2
11-27 18:50:00.162 D/SurfaceFlinger(  176): Set power mode=3, type=0 flinger=0xb8584550
11-27 18:50:00.162 I/qdhwcomposer(  176): handle_blank_event: dpy:0 panel power state: 2
11-27 18:50:55.154 I/qdhwcomposer(  176): handle_blank_event: dpy:0 panel power state: 2
11-27 18:50:59.005 D/SurfaceFlinger(  176): Set power mode=1, type=0 flinger=0xb8584550
11-27 18:50:59.006 I/qdhwcomposer(  176): handle_blank_event: dpy:0 panel power state: 2
11-27 18:50:59.250 D/SurfaceFlinger(  176): Set power mode=3, type=0 flinger=0xb8584550
11-27 18:50:59.251 I/qdhwcomposer(  176): handle_blank_event: dpy:0 panel power state: 2
11-27 18:50:59.313 I/art     (  739): NativeAlloc partial concurrent mark sweep GC freed 3754(159KB) AllocSpace objects, 0(0B) LOS objects, 10% free, 17MB/19MB, paused 1.703ms total 112.844ms
11-27 18:50:59.316 V/RenderScript(  739): 0xb83dc320 Launching thread(s), CPUs 4
11-27 18:51:00.006 D/AmbientService(  914): scheduling next alarm, nowWall: 1448646660005, nextWall: 1448646720000, nowElapsed: 352382203, nextElapsed: 352442198
11-27 18:51:00.007 D/AmbientService(  914): updateAmbient: AmbientActivity[component=ComponentInfo{com.google.android.wearable.app/com.google.android.clockwork.home.HomeActivity}, callbacks=@46990b1, running=true, ambient=true] main 1
11-27 18:51:00.028 I/InputReader(  575): Reconfiguring input devices.  changes=0x00000004
11-27 18:51:00.028 I/InputReader(  575): Device reconfigured: id=3, name='synaptics_rmi4_i2c', size 320x320, orientation 0, mode 1, display id 0
11-27 18:51:00.029 I/InputReader(  575): Reconfiguring input devices.  changes=0x00000004
11-27 18:51:00.029 D/AmbientService(  914): onAmbientUpdated: AmbientActivity[component=ComponentInfo{com.google.android.wearable.app/com.google.android.clockwork.home.HomeActivity}, callbacks=@46990b1, running=true, ambient=true]Binder_5 58
11-27 18:51:00.052 D/SurfaceFlinger(  176): Set power mode=1, type=0 flinger=0xb8584550
11-27 18:51:00.053 I/qdhwcomposer(  176): handle_blank_event: dpy:0 panel power state: 2
11-27 18:51:00.181 D/SurfaceFlinger(  176): Set power mode=3, type=0 flinger=0xb8584550
11-27 18:51:00.181 I/qdhwcomposer(  176): handle_blank_event: dpy:0 panel power state: 2
11-27 18:51:01.011 W/bt-btif ( 1101): dm_pm_timer expires
11-27 18:51:01.011 W/bt-btif ( 1101): dm_pm_timer expires 0
11-27 18:51:01.011 W/bt-btif ( 1101): proc dm_pm_timer expires
11-27 18:51:04.637 W/bt-btif ( 1101): dm_pm_timer expires
11-27 18:51:04.637 W/bt-btif ( 1101): dm_pm_timer expires 0
11-27 18:51:04.637 W/bt-btif ( 1101): proc dm_pm_timer expires
11-27 18:51:07.165 E/libsuspend(  575): Error writing to /sys/power/state: Device or resource busy
11-27 18:52:01.010 I/qdhwcomposer(  176): handle_blank_event: dpy:0 panel power state: 2
11-27 18:52:01.017 D/AmbientService(  914): scheduling next alarm, nowWall: 1448646721017, nextWall: 1448646780000, nowElapsed: 352443214, nextElapsed: 352502197
11-27 18:52:01.018 D/AmbientService(  914): updateAmbient: AmbientActivity[component=ComponentInfo{com.google.android.wearable.app/com.google.android.clockwork.home.HomeActivity}, callbacks=@46990b1, running=true, ambient=true] main 1
11-27 18:52:01.042 D/AmbientService(  914): onAmbientUpdated: AmbientActivity[component=ComponentInfo{com.google.android.wearable.app/com.google.android.clockwork.home.HomeActivity}, callbacks=@46990b1, running=true, ambient=true]Binder_3 56
11-27 18:52:01.043 I/InputReader(  575): Reconfiguring input devices.  changes=0x00000004
11-27 18:52:01.043 I/InputReader(  575): Device reconfigured: id=3, name='synaptics_rmi4_i2c', size 320x320, orientation 0, mode 1, display id 0
11-27 18:52:01.046 I/InputReader(  575): Reconfiguring input devices.  changes=0x00000004
11-27 18:52:01.069 D/SurfaceFlinger(  176): Set power mode=1, type=0 flinger=0xb8584550
11-27 18:52:01.069 I/qdhwcomposer(  176): handle_blank_event: dpy:0 panel power state: 2
11-27 18:52:01.195 D/SurfaceFlinger(  176): Set power mode=3, type=0 flinger=0xb8584550
11-27 18:52:01.195 I/qdhwcomposer(  176): handle_blank_event: dpy:0 panel power state: 2
11-27 18:53:01.014 I/qdhwcomposer(  176): handle_blank_event: dpy:0 panel power state: 2
11-27 18:53:01.020 D/AmbientService(  914): scheduling next alarm, nowWall: 1448646781020, nextWall: 1448646840000, nowElapsed: 352503217, nextElapsed: 352562197
11-27 18:53:01.023 D/AmbientService(  914): updateAmbient: AmbientActivity[component=ComponentInfo{com.google.android.wearable.app/com.google.android.clockwork.home.HomeActivity}, callbacks=@46990b1, running=true, ambient=true] main 1
11-27 18:53:01.043 D/AmbientService(  914): onAmbientUpdated: AmbientActivity[component=ComponentInfo{com.google.android.wearable.app/com.google.android.clockwork.home.HomeActivity}, callbacks=@46990b1, running=true, ambient=true]Binder_4 57
11-27 18:53:01.044 I/InputReader(  575): Reconfiguring input devices.  changes=0x00000004
11-27 18:53:01.044 I/InputReader(  575): Device reconfigured: id=3, name='synaptics_rmi4_i2c', size 320x320, orientation 0, mode 1, display id 0
11-27 18:53:01.046 I/InputReader(  575): Reconfiguring input devices.  changes=0x00000004
11-27 18:53:01.070 D/SurfaceFlinger(  176): Set power mode=1, type=0 flinger=0xb8584550
11-27 18:53:01.070 I/qdhwcomposer(  176): handle_blank_event: dpy:0 panel power state: 2
11-27 18:53:01.200 D/SurfaceFlinger(  176): Set power mode=3, type=0 flinger=0xb8584550
11-27 18:53:01.200 I/qdhwcomposer(  176): handle_blank_event: dpy:0 panel power state: 2
11-27 18:53:08.014 I/qdhwcomposer(  176): handle_blank_event: dpy:0 panel power state: 2
11-27 18:54:01.014 I/qdhwcomposer(  176): handle_blank_event: dpy:0 panel power state: 2
11-27 18:54:01.021 D/AmbientService(  914): scheduling next alarm, nowWall: 1448646841021, nextWall: 1448646900000, nowElapsed: 352563218, nextElapsed: 352622197
11-27 18:54:01.022 D/AmbientService(  914): updateAmbient: AmbientActivity[component=ComponentInfo{com.google.android.wearable.app/com.google.android.clockwork.home.HomeActivity}, callbacks=@46990b1, running=true, ambient=true] main 1
11-27 18:54:01.051 I/InputReader(  575): Reconfiguring input devices.  changes=0x00000004
11-27 18:54:01.051 I/InputReader(  575): Device reconfigured: id=3, name='synaptics_rmi4_i2c', size 320x320, orientation 0, mode 1, display id 0
11-27 18:54:01.052 I/InputReader(  575): Reconfiguring input devices.  changes=0x00000004
11-27 18:54:01.053 D/AmbientService(  914): onAmbientUpdated: AmbientActivity[component=ComponentInfo{com.google.android.wearable.app/com.google.android.clockwork.home.HomeActivity}, callbacks=@46990b1, running=true, ambient=true]Binder_2 55
11-27 18:54:01.077 D/SurfaceFlinger(  176): Set power mode=1, type=0 flinger=0xb8584550
11-27 18:54:01.077 I/qdhwcomposer(  176): handle_blank_event: dpy:0 panel power state: 2
11-27 18:54:01.207 D/SurfaceFlinger(  176): Set power mode=3, type=0 flinger=0xb8584550
11-27 18:54:01.207 I/qdhwcomposer(  176): handle_blank_event: dpy:0 panel power state: 2
11-27 18:55:01.013 I/qdhwcomposer(  176): handle_blank_event: dpy:0 panel power state: 2
11-27 18:55:01.020 D/AmbientService(  914): scheduling next alarm, nowWall: 1448646901020, nextWall: 1448646960000, nowElapsed: 352623217, nextElapsed: 352682197
11-27 18:55:01.023 D/AmbientService(  914): updateAmbient: AmbientActivity[component=ComponentInfo{com.google.android.wearable.app/com.google.android.clockwork.home.HomeActivity}, callbacks=@46990b1, running=true, ambient=true] main 1
11-27 18:55:01.045 D/AmbientService(  914): onAmbientUpdated: AmbientActivity[component=ComponentInfo{com.google.android.wearable.app/com.google.android.clockwork.home.HomeActivity}, callbacks=@46990b1, running=true, ambient=true]Binder_1 54
11-27 18:55:01.046 I/InputReader(  575): Reconfiguring input devices.  changes=0x00000004
11-27 18:55:01.046 I/InputReader(  575): Device reconfigured: id=3, name='synaptics_rmi4_i2c', size 320x320, orientation 0, mode 1, display id 0
11-27 18:55:01.047 I/InputReader(  575): Reconfiguring input devices.  changes=0x00000004
11-27 18:55:01.070 D/SurfaceFlinger(  176): Set power mode=1, type=0 flinger=0xb8584550
11-27 18:55:01.070 I/qdhwcomposer(  176): handle_blank_event: dpy:0 panel power state: 2
11-27 18:55:01.201 D/SurfaceFlinger(  176): Set power mode=3, type=0 flinger=0xb8584550
11-27 18:55:01.201 I/qdhwcomposer(  176): handle_blank_event: dpy:0 panel power state: 2
11-27 18:56:01.014 I/qdhwcomposer(  176): handle_blank_event: dpy:0 panel power state: 2
11-27 18:56:01.022 D/AmbientService(  914): scheduling next alarm, nowWall: 1448646961022, nextWall: 1448647020000, nowElapsed: 352683219, nextElapsed: 352742197
11-27 18:56:01.023 D/AmbientService(  914): updateAmbient: AmbientActivity[component=ComponentInfo{com.google.android.wearable.app/com.google.android.clockwork.home.HomeActivity}, callbacks=@46990b1, running=true, ambient=true] main 1
11-27 18:56:01.045 D/AmbientService(  914): onAmbientUpdated: AmbientActivity[component=ComponentInfo{com.google.android.wearable.app/com.google.android.clockwork.home.HomeActivity}, callbacks=@46990b1, running=true, ambient=true]Binder_5 58
11-27 18:56:01.045 I/InputReader(  575): Reconfiguring input devices.  changes=0x00000004
11-27 18:56:01.045 I/InputReader(  575): Device reconfigured: id=3, name='synaptics_rmi4_i2c', size 320x320, orientation 0, mode 1, display id 0
11-27 18:56:01.047 I/InputReader(  575): Reconfiguring input devices.  changes=0x00000004
11-27 18:56:01.070 D/SurfaceFlinger(  176): Set power mode=1, type=0 flinger=0xb8584550
11-27 18:56:01.071 I/qdhwcomposer(  176): handle_blank_event: dpy:0 panel power state: 2
11-27 18:56:01.201 D/SurfaceFlinger(  176): Set power mode=3, type=0 flinger=0xb8584550
11-27 18:56:01.201 I/qdhwcomposer(  176): handle_blank_event: dpy:0 panel power state: 2
11-27 18:57:01.015 I/qdhwcomposer(  176): handle_blank_event: dpy:0 panel power state: 2
11-27 18:57:01.022 D/AmbientService(  914): scheduling next alarm, nowWall: 1448647021022, nextWall: 1448647080000, nowElapsed: 352743220, nextElapsed: 352802198
11-27 18:57:01.024 D/AmbientService(  914): updateAmbient: AmbientActivity[component=ComponentInfo{com.google.android.wearable.app/com.google.android.clockwork.home.HomeActivity}, callbacks=@46990b1, running=true, ambient=true] main 1
11-27 18:57:01.043 D/AmbientService(  914): onAmbientUpdated: AmbientActivity[component=ComponentInfo{com.google.android.wearable.app/com.google.android.clockwork.home.HomeActivity}, callbacks=@46990b1, running=true, ambient=true]Binder_3 56
11-27 18:57:01.044 I/InputReader(  575): Reconfiguring input devices.  changes=0x00000004
11-27 18:57:01.044 I/InputReader(  575): Device reconfigured: id=3, name='synaptics_rmi4_i2c', size 320x320, orientation 0, mode 1, display id 0
11-27 18:57:01.045 I/InputReader(  575): Reconfiguring input devices.  changes=0x00000004
11-27 18:57:01.069 D/SurfaceFlinger(  176): Set power mode=1, type=0 flinger=0xb8584550
11-27 18:57:01.069 I/qdhwcomposer(  176): handle_blank_event: dpy:0 panel power state: 2
11-27 18:57:01.200 D/SurfaceFlinger(  176): Set power mode=3, type=0 flinger=0xb8584550
11-27 18:57:01.200 I/qdhwcomposer(  176): handle_blank_event: dpy:0 panel power state: 2
11-27 18:58:01.015 I/qdhwcomposer(  176): handle_blank_event: dpy:0 panel power state: 2
11-27 18:58:01.024 D/AmbientService(  914): scheduling next alarm, nowWall: 1448647081023, nextWall: 1448647140000, nowElapsed: 352803221, nextElapsed: 352862198
11-27 18:58:01.025 D/AmbientService(  914): updateAmbient: AmbientActivity[component=ComponentInfo{com.google.android.wearable.app/com.google.android.clockwork.home.HomeActivity}, callbacks=@46990b1, running=true, ambient=true] main 1
11-27 18:58:01.045 D/AmbientService(  914): onAmbientUpdated: AmbientActivity[component=ComponentInfo{com.google.android.wearable.app/com.google.android.clockwork.home.HomeActivity}, callbacks=@46990b1, running=true, ambient=true]Binder_4 57
11-27 18:58:01.046 I/InputReader(  575): Reconfiguring input devices.  changes=0x00000004
11-27 18:58:01.046 I/InputReader(  575): Device reconfigured: id=3, name='synaptics_rmi4_i2c', size 320x320, orientation 0, mode 1, display id 0
11-27 18:58:01.048 I/InputReader(  575): Reconfiguring input devices.  changes=0x00000004
11-27 18:58:01.072 D/SurfaceFlinger(  176): Set power mode=1, type=0 flinger=0xb8584550
11-27 18:58:01.072 I/qdhwcomposer(  176): handle_blank_event: dpy:0 panel power state: 2
11-27 18:58:01.203 D/SurfaceFlinger(  176): Set power mode=3, type=0 flinger=0xb8584550
11-27 18:58:01.203 I/qdhwcomposer(  176): handle_blank_event: dpy:0 panel power state: 2
11-27 18:59:01.016 I/qdhwcomposer(  176): handle_blank_event: dpy:0 panel power state: 2
11-27 18:59:01.023 D/AmbientService(  914): scheduling next alarm, nowWall: 1448647141023, nextWall: 1448647200000, nowElapsed: 352863220, nextElapsed: 352922197
11-27 18:59:01.025 D/AmbientService(  914): updateAmbient: AmbientActivity[component=ComponentInfo{com.google.android.wearable.app/com.google.android.clockwork.home.HomeActivity}, callbacks=@46990b1, running=true, ambient=true] main 1
11-27 18:59:01.154 I/art     (  575): Explicit concurrent mark sweep GC freed 29282(1451KB) AllocSpace objects, 2(32KB) LOS objects, 14% free, 11MB/13MB, paused 2.158ms total 120.349ms
11-27 18:59:01.159 I/InputReader(  575): Reconfiguring input devices.  changes=0x00000004
11-27 18:59:01.159 I/InputReader(  575): Device reconfigured: id=3, name='synaptics_rmi4_i2c', size 320x320, orientation 0, mode 1, display id 0
11-27 18:59:01.164 D/AmbientService(  914): onAmbientUpdated: AmbientActivity[component=ComponentInfo{com.google.android.wearable.app/com.google.android.clockwork.home.HomeActivity}, callbacks=@46990b1, running=true, ambient=true]Binder_2 55
11-27 18:59:01.178 D/SurfaceFlinger(  176): Set power mode=1, type=0 flinger=0xb8584550
11-27 18:59:01.178 I/qdhwcomposer(  176): handle_blank_event: dpy:0 panel power state: 2
11-27 18:59:01.303 D/SurfaceFlinger(  176): Set power mode=3, type=0 flinger=0xb8584550
11-27 18:59:01.304 I/qdhwcomposer(  176): handle_blank_event: dpy:0 panel power state: 2
11-27 18:59:32.016 I/qdhwcomposer(  176): handle_blank_event: dpy:0 panel power state: 2
11-27 19:00:01.016 I/qdhwcomposer(  176): handle_blank_event: dpy:0 panel power state: 2
11-27 19:00:01.030 D/AmbientService(  914): scheduling next alarm, nowWall: 1448647201030, nextWall: 1448647260000, nowElapsed: 352923227, nextElapsed: 352982197
11-27 19:00:01.039 D/AmbientService(  914): updateAmbient: AmbientActivity[component=ComponentInfo{com.google.android.wearable.app/com.google.android.clockwork.home.HomeActivity}, callbacks=@46990b1, running=true, ambient=true] main 1
11-27 19:00:01.041 I/InputReader(  575): Reconfiguring input devices.  changes=0x00000004
11-27 19:00:01.041 I/InputReader(  575): Device reconfigured: id=3, name='synaptics_rmi4_i2c', size 320x320, orientation 0, mode 1, display id 0
11-27 19:00:01.042 I/InputReader(  575): Reconfiguring input devices.  changes=0x00000004
11-27 19:00:01.048 D/AmbientService(  914): onAmbientUpdated: AmbientActivity[component=ComponentInfo{com.google.android.wearable.app/com.google.android.clockwork.home.HomeActivity}, callbacks=@46990b1, running=true, ambient=true]Binder_1 54
11-27 19:00:01.070 D/SurfaceFlinger(  176): Set power mode=1, type=0 flinger=0xb8584550
11-27 19:00:01.070 I/qdhwcomposer(  176): handle_blank_event: dpy:0 panel power state: 2
11-27 19:00:01.196 D/SurfaceFlinger(  176): Set power mode=3, type=0 flinger=0xb8584550
11-27 19:00:01.197 I/qdhwcomposer(  176): handle_blank_event: dpy:0 panel power state: 2
11-27 19:00:05.748 I/qdhwcomposer(  176): handle_blank_event: dpy:0 panel power state: 2
11-27 19:00:05.752 V/KeyguardServiceDelegate(  575): onScreenTurnedOn(showListener = com.android.internal.policy.impl.PhoneWindowManager$2@2662acec)
11-27 19:00:05.762 E/WifiStateMachine(  575): cancelDelayedScan -> 765
11-27 19:00:05.771 D/audio_hw_primary(  198): adev_set_parameters: enter: screen_state=on
11-27 19:00:05.773 V/KeyguardServiceDelegate(  575): **** SHOWN CALLED ****
11-27 19:00:05.778 D/PowerHAL(  575): IDLE_MODE(touch) -> 0
11-27 19:00:05.788 D/SurfaceFlinger(  176): Set power mode=2, type=0 flinger=0xb8584550
11-27 19:00:05.805 I/qdhwcomposer(  176): handle_blank_event: dpy:0 panel power state: 1
11-27 19:00:05.850 D/OnBodyDetection(  739): onCreate
11-27 19:00:05.864 D/LightsService(  575): Excessive delay setting light: 58ms
11-27 19:00:05.892 I/InputReader(  575): Reconfiguring input devices.  changes=0x00000004
11-27 19:00:05.893 I/InputReader(  575): Device reconfigured: id=3, name='synaptics_rmi4_i2c', size 320x320, orientation 0, mode 1, display id 0
11-27 19:00:05.894 I/InputReader(  575): Reconfiguring input devices.  changes=0x00000004
11-27 19:00:05.914 D/AmbientService(  914): exitAmbient: AmbientActivity[component=ComponentInfo{com.google.android.wearable.app/com.google.android.clockwork.home.HomeActivity}, callbacks=@46990b1, running=true, ambient=true] main 1
11-27 19:00:05.916 D/AmbientService(  914): AmbientDreamStub.detach called while disabled
11-27 19:00:05.929 I/InputReader(  575): Reconfiguring input devices.  changes=0x00000004
11-27 19:00:05.929 I/InputReader(  575): Device reconfigured: id=3, name='synaptics_rmi4_i2c', size 320x320, orientation 0, mode 1, display id 0
11-27 19:00:05.930 I/InputReader(  575): Reconfiguring input devices.  changes=0x00000004
11-27 19:00:05.952 I/InputReader(  575): Reconfiguring input devices.  changes=0x00000004
11-27 19:00:05.952 I/InputReader(  575): Device reconfigured: id=3, name='synaptics_rmi4_i2c', size 320x320, orientation 0, mode 1, display id 0
11-27 19:00:05.953 I/InputReader(  575): Reconfiguring input devices.  changes=0x00000004
11-27 19:00:05.998 I/AudioFlinger(  198): AudioFlinger's thread 0xb568d008 ready to run
11-27 19:00:06.012 D/audio_hw_primary(  198): select_devices: out_snd_device(0: none) in_snd_device(55: voice-rec-mic)
11-27 19:00:06.012 D/msm8974_platform(  198): platform_send_audio_calibration: sending audio calibration for snd_device(55) acdb_id(62)
11-27 19:00:06.012 D/        (  198): Failed to fetch the lookup information of the device 0000003E 
11-27 19:00:06.012 D/        (  198): Failed to fetch the lookup information of the device 0000003E 
11-27 19:00:06.012 D/audio_hw_primary(  198): enable_snd_device: snd_device(55: voice-rec-mic)
11-27 19:00:06.027 D/audio_hw_primary(  198): enable_audio_route: apply and update mixer path: audio-record
11-27 19:00:06.032 D/AmbientService(  914): onAmbientExited: AmbientActivity[component=ComponentInfo{com.google.android.wearable.app/com.google.android.clockwork.home.HomeActivity}, callbacks=@46990b1, running=true, ambient=false] Binder_4 57
11-27 19:00:06.384 I/FitnessWearable( 1278): Checking fitness notification
11-27 19:00:06.391 D/DeepAmbientRecognition(  739): onDestroy
11-27 19:00:06.403 D/OnBodyDetection(  739): onDestroy
11-27 19:00:06.947 I/art     (  776): Background partial concurrent mark sweep GC freed 39812(2MB) AllocSpace objects, 5(83KB) LOS objects, 15% free, 10MB/12MB, paused 2.943ms total 271.306ms
11-27 19:00:07.273 D/AuthZenListenerService(  968): onMessageReceived: MessageEventParcelable[17257,/WearablesSync/Ack/tommy.thorsen@gmail.com, size=16], Path: /WearablesSync/Ack/tommy.thorsen@gmail.com
11-27 19:00:07.285 D/AuthZenWearListenerService(  968): onMessageReceived : MessageEventParcelable[17257,/WearablesSync/Ack/tommy.thorsen@gmail.com, size=16], Path: /WearablesSync/Ack/tommy.thorsen@gmail.com
11-27 19:00:07.392 D/CloudSync(  776): Power connected.
11-27 19:00:07.408 I/WearableNetwork(  776): Going to set wifi state to false
11-27 19:00:07.437 I/WiFiMediator(  776): WiFi mediator is not running.
11-27 19:00:07.611 I/art     (  839): WaitForGcToComplete blocked for 34.971ms for cause DisableMovingGc
11-27 19:00:09.195 I/FitnessWearable( 1278): Fitness Platform Queries took: 2655 ms
11-27 19:00:09.414 W/bt-btif ( 1101): dm_pm_timer expires
11-27 19:00:09.414 W/bt-btif ( 1101): dm_pm_timer expires 0
11-27 19:00:09.414 W/bt-btif ( 1101): proc dm_pm_timer expires
11-27 19:00:09.779 D/AmbientService(  914): onPaused: AmbientActivity[component=ComponentInfo{com.google.android.wearable.app/com.google.android.clockwork.home.HomeActivity}, callbacks=@46990b1, running=true, ambient=false] Binder_3 56
11-27 19:00:09.862 D/audio_hw_primary(  198): disable_audio_route: reset and update mixer path: audio-record
11-27 19:00:09.865 D/audio_hw_primary(  198): disable_snd_device: snd_device(55: voice-rec-mic)
11-27 19:00:09.915 E/NetworkScheduler.SchedulerReceiver(  839): Invalid parameter app
11-27 19:00:09.916 E/NetworkScheduler.SchedulerReceiver(  839): Invalid package name : Perhaps you didn't include a PendingIntent in the extras?
11-27 19:00:09.922 I/GCoreUlr(  776): ULR code skipped on unsupported form factor.
11-27 19:00:10.235 I/art     (  205): Explicit concurrent mark sweep GC freed 706(30KB) AllocSpace objects, 0(0B) LOS objects, 24% free, 4MB/5MB, paused 405us total 116.717ms
11-27 19:00:10.331 I/art     (  205): Explicit concurrent mark sweep GC freed 5(160B) AllocSpace objects, 0(0B) LOS objects, 24% free, 4MB/5MB, paused 379us total 93.938ms
11-27 19:00:10.410 I/art     (  205): Explicit concurrent mark sweep GC freed 5(160B) AllocSpace objects, 0(0B) LOS objects, 24% free, 4MB/5MB, paused 412us total 77.101ms
11-27 19:00:10.517 D/OpenGLRenderer(14896): Use EGL_SWAP_BEHAVIOR_PRESERVED: true
11-27 19:00:10.537 D/Atlas   (14896): Validating map...
11-27 19:00:10.554 D/AmbientService(  914): setConfiguration: AmbientActivity[component=ComponentInfo{com.lge.wearable.chargingmode/com.lge.wearable.chargingmode.ChargingActivity}, callbacks=@1bb5e048, running=false, ambient=false]Binder_1 54
11-27 19:00:10.554 D/AmbientService(  914): onResumed: AmbientActivity[component=ComponentInfo{com.lge.wearable.chargingmode/com.lge.wearable.chargingmode.ChargingActivity}, callbacks=@1bb5e048, running=false, ambient=false] Binder_2 55
11-27 19:00:10.596 I/Adreno-EGL(14896): <qeglDrvAPI_eglInitialize:379>: QUALCOMM Build: 04/17/15, 7501d81, Id740c4a472
11-27 19:00:10.602 I/OpenGLRenderer(14896): Initialized EGL, version 1.4
11-27 19:00:10.659 D/OpenGLRenderer(14896): Enabling debug mode 0
11-27 19:00:10.891 I/ActivityManager(  575): Displayed com.lge.wearable.chargingmode/.ChargingActivity: +1s111ms
11-27 19:00:11.224 E/SQLiteLog(14913): (283) recovered 55 frames from WAL file /data/data/com.android.providers.media/databases/external.db-wal
11-27 19:00:11.471 I/PhenotypeFlagCommitter(  839): Experiment Configs successfully retrieved for com.google.android.gms.playlog.uploader
11-27 19:00:11.537 I/GoogleURLConnFactory(  839): Using platform SSLCertificateSocketFactory
11-27 19:00:12.491 D/ClockworkProxy(  739): doAccept: Create socket stream 95 for TCP connection from /192.168.167.239:51359 to /64.233.164.95:443
11-27 19:00:12.580 D/ClockworkProxy(  739): doAccept: rpc succeeded. Activate stream 95
11-27 19:00:12.601 I/art     (  776): Background sticky concurrent mark sweep GC freed 29857(1521KB) AllocSpace objects, 0(0B) LOS objects, 12% free, 11MB/12MB, paused 7.944ms total 70.641ms
11-27 19:00:15.344 W/art     (14913): Suspending all threads took: 5.761ms
11-27 19:00:16.276 W/bt-btif ( 1101): dm_pm_timer expires
11-27 19:00:16.276 W/bt-btif ( 1101): dm_pm_timer expires 0
11-27 19:00:16.276 W/bt-btif ( 1101): proc dm_pm_timer expires
