11-27 17:29:01.039 I/InputReader(  575): Device reconfigured: id=3, name='synaptics_rmi4_i2c', size 320x320, orientation 0, mode 1, display id 0
11-27 17:29:01.041 I/InputReader(  575): Reconfiguring input devices.  changes=0x00000004
11-27 17:29:01.064 D/SurfaceFlinger(  176): Set power mode=1, type=0 flinger=0xb8584550
11-27 17:29:01.064 I/qdhwcomposer(  176): handle_blank_event: dpy:0 panel power state: 2
11-27 17:29:01.196 D/SurfaceFlinger(  176): Set power mode=3, type=0 flinger=0xb8584550
11-27 17:29:01.196 I/qdhwcomposer(  176): handle_blank_event: dpy:0 panel power state: 2
11-27 17:30:01.009 I/qdhwcomposer(  176): handle_blank_event: dpy:0 panel power state: 2
11-27 17:30:01.016 D/AmbientService(  914): scheduling next alarm, nowWall: 1448641801016, nextWall: 1448641860000, nowElapsed: 347507726, nextElapsed: 347566710
11-27 17:30:01.018 D/AmbientService(  914): updateAmbient: AmbientActivity[component=ComponentInfo{com.google.android.wearable.app/com.google.android.clockwork.home.HomeActivity}, callbacks=@46990b1, running=true, ambient=true] main 1
11-27 17:30:01.039 D/AmbientService(  914): onAmbientUpdated: AmbientActivity[component=ComponentInfo{com.google.android.wearable.app/com.google.android.clockwork.home.HomeActivity}, callbacks=@46990b1, running=true, ambient=true]Binder_2 55
11-27 17:30:01.040 I/InputReader(  575): Reconfiguring input devices.  changes=0x00000004
11-27 17:30:01.040 I/InputReader(  575): Device reconfigured: id=3, name='synaptics_rmi4_i2c', size 320x320, orientation 0, mode 1, display id 0
11-27 17:30:01.041 I/InputReader(  575): Reconfiguring input devices.  changes=0x00000004
11-27 17:30:01.065 D/SurfaceFlinger(  176): Set power mode=1, type=0 flinger=0xb8584550
11-27 17:30:01.065 I/qdhwcomposer(  176): handle_blank_event: dpy:0 panel power state: 2
11-27 17:30:01.197 D/SurfaceFlinger(  176): Set power mode=3, type=0 flinger=0xb8584550
11-27 17:30:01.197 I/qdhwcomposer(  176): handle_blank_event: dpy:0 panel power state: 2
11-27 17:30:18.779 I/qdhwcomposer(  176): handle_blank_event: dpy:0 panel power state: 2
11-27 17:30:20.562 D/SurfaceFlinger(  176): Set power mode=1, type=0 flinger=0xb8584550
11-27 17:30:20.563 I/qdhwcomposer(  176): handle_blank_event: dpy:0 panel power state: 2
11-27 17:30:20.708 D/SurfaceFlinger(  176): Set power mode=3, type=0 flinger=0xb8584550
11-27 17:30:20.708 I/qdhwcomposer(  176): handle_blank_event: dpy:0 panel power state: 2
11-27 17:30:21.815 V/KeyguardServiceDelegate(  575): onScreenTurnedOn(showListener = com.android.internal.policy.impl.PhoneWindowManager$2@2662acec)
11-27 17:30:21.822 E/WifiStateMachine(  575): cancelDelayedScan -> 759
11-27 17:30:21.829 D/PowerHAL(  575): IDLE_MODE(touch) -> 0
11-27 17:30:21.831 V/KeyguardServiceDelegate(  575): **** SHOWN CALLED ****
11-27 17:30:21.835 D/audio_hw_primary(  198): adev_set_parameters: enter: screen_state=on
11-27 17:30:21.851 D/SurfaceFlinger(  176): Set power mode=2, type=0 flinger=0xb8584550
11-27 17:30:21.861 I/qdhwcomposer(  176): handle_blank_event: dpy:0 panel power state: 1
11-27 17:30:21.872 D/AmbientService(  914): exitAmbient: AmbientActivity[component=ComponentInfo{com.google.android.wearable.app/com.google.android.clockwork.home.HomeActivity}, callbacks=@46990b1, running=true, ambient=true] main 1
11-27 17:30:21.874 D/AmbientService(  914): AmbientDreamStub.detach called while disabled
11-27 17:30:21.899 W/bt-btif ( 1101): dm_pm_timer expires
11-27 17:30:21.899 W/bt-btif ( 1101): dm_pm_timer expires 0
11-27 17:30:21.899 W/bt-btif ( 1101): proc dm_pm_timer expires
11-27 17:30:21.920 I/AudioFlinger(  198): AudioFlinger's thread 0xb568d008 ready to run
11-27 17:30:21.933 D/audio_hw_primary(  198): select_devices: out_snd_device(0: none) in_snd_device(55: voice-rec-mic)
11-27 17:30:21.933 D/msm8974_platform(  198): platform_send_audio_calibration: sending audio calibration for snd_device(55) acdb_id(62)
11-27 17:30:21.933 D/        (  198): Failed to fetch the lookup information of the device 0000003E 
11-27 17:30:21.933 D/        (  198): Failed to fetch the lookup information of the device 0000003E 
11-27 17:30:21.933 D/audio_hw_primary(  198): enable_snd_device: snd_device(55: voice-rec-mic)
11-27 17:30:21.957 I/InputReader(  575): Reconfiguring input devices.  changes=0x00000004
11-27 17:30:21.957 I/InputReader(  575): Device reconfigured: id=3, name='synaptics_rmi4_i2c', size 320x320, orientation 0, mode 1, display id 0
11-27 17:30:21.959 I/InputReader(  575): Reconfiguring input devices.  changes=0x00000004
11-27 17:30:21.966 D/audio_hw_primary(  198): enable_audio_route: apply and update mixer path: audio-record
11-27 17:30:21.970 D/AmbientService(  914): onAmbientExited: AmbientActivity[component=ComponentInfo{com.google.android.wearable.app/com.google.android.clockwork.home.HomeActivity}, callbacks=@46990b1, running=true, ambient=false] Binder_4 57
11-27 17:30:21.981 I/InputReader(  575): Reconfiguring input devices.  changes=0x00000004
11-27 17:30:21.981 I/InputReader(  575): Device reconfigured: id=3, name='synaptics_rmi4_i2c', size 320x320, orientation 0, mode 1, display id 0
11-27 17:30:21.983 I/InputReader(  575): Reconfiguring input devices.  changes=0x00000004
11-27 17:30:22.002 I/InputReader(  575): Reconfiguring input devices.  changes=0x00000004
11-27 17:30:22.002 I/InputReader(  575): Device reconfigured: id=3, name='synaptics_rmi4_i2c', size 320x320, orientation 0, mode 1, display id 0
11-27 17:30:22.003 I/InputReader(  575): Reconfiguring input devices.  changes=0x00000004
11-27 17:30:22.336 D/DeepAmbientRecognition(  739): onDestroy
11-27 17:30:26.461 I/Clockwork.TimeService(  814): set the time to 1448641826443
11-27 17:30:26.493 I/MidnightService( 1084): [MidnightService] onReceive : android.intent.action.TIME_SET
11-27 17:30:26.496 D/MidnightService( 1084): [MidnightService] today : 2015-11-27 00:00:00
11-27 17:30:26.496 D/MidnightService( 1084): [MidnightService] resetTime : 2015-11-28 00:00:00
11-27 17:30:26.571 I/CheckinService(  968): Checkin interval check for package: unspecified last checkin: 1448641152858 min interval config: 0 actual interval: 673713
11-27 17:30:26.732 I/art     (  575): Explicit concurrent mark sweep GC freed 26763(1356KB) AllocSpace objects, 0(0B) LOS objects, 15% free, 11MB/13MB, paused 1.976ms total 137.339ms
11-27 17:30:26.815 I/EventLogService(  968): Aggregate from 1448641149495 (log), 1448639702329 (data)
11-27 17:30:28.248 I/TimeSyncer(  739): Companion requested the watch start a time sync.
11-27 17:30:28.249 I/TimeSyncer(  739): sending request - elapsedRealTime: 347534958
11-27 17:30:28.314 I/TimeSyncer(  739): UPDATED TIME to ms 1448641826418, offset ms: -1891, latency ms: 60
11-27 17:30:28.314 D/TimeSyncer(  739): Resetting alarm for 86400000 ms from now
11-27 17:30:28.335 D/AlarmManagerService(  575): Setting time of day to sec=1448641826
11-27 17:30:28.364 W/bt-btif ( 1101): dm_pm_timer expires
11-27 17:30:28.364 W/bt-btif ( 1101): dm_pm_timer expires 0
11-27 17:30:28.364 W/bt-btif ( 1101): proc dm_pm_timer expires
11-27 17:30:29.344 I/TimeSyncer(  739): Companion requested the watch start a time sync.
11-27 17:30:29.344 I/TimeSyncer(  739): sending request - elapsedRealTime: 347537946
11-27 17:30:29.402 I/TimeSyncer(  739): Not correcting small offset ms: 4
11-27 17:30:29.402 D/TimeSyncer(  739): Resetting alarm for 86400000 ms from now
11-27 17:30:31.345 W/bt-btif ( 1101): dm_pm_timer expires
11-27 17:30:31.345 W/bt-btif ( 1101): dm_pm_timer expires 0
11-27 17:30:31.345 W/bt-btif ( 1101): proc dm_pm_timer expires
11-27 17:30:37.536 E/WifiStateMachine(  575): cancelDelayedScan -> 760
11-27 17:30:37.541 D/audio_hw_primary(  198): adev_set_parameters: enter: screen_state=off
11-27 17:30:37.570 D/DeepAmbientRecognition(  739): onCreate
11-27 17:30:37.583 D/AmbientService(  914): AmbientDreamRegistrationServiceStub.attach: dream: AmbientComponentConfig[component=ComponentInfo{com.google.android.wearable.ambient/com.google.android.wearable.ambient.AmbientDream}]
11-27 17:30:37.583 D/AmbientService(  914): findRunningActivities: found: AmbientActivity[component=ComponentInfo{com.google.android.wearable.app/com.google.android.clockwork.home.HomeActivity}, callbacks=@46990b1, running=true, ambient=false]
11-27 17:30:37.583 D/AmbientService(  914): onReceive Intent { act=android.intent.action.SCREEN_OFF flg=0x50000010 } true
11-27 17:30:37.600 D/AmbientService(  914): scheduling next alarm, nowWall: 1448641837600, nextWall: 1448641860000, nowElapsed: 347546202, nextElapsed: 347568602
11-27 17:30:37.601 D/AmbientService(  914): enterAmbient: AmbientActivity[component=ComponentInfo{com.google.android.wearable.app/com.google.android.clockwork.home.HomeActivity}, callbacks=@46990b1, running=true, ambient=false] main 1
11-27 17:30:37.608 D/LightsService(  575): Excessive delay setting light: 54ms
11-27 17:30:37.653 D/AmbientService(  914): onAmbientEntered: AmbientActivity[component=ComponentInfo{com.google.android.wearable.app/com.google.android.clockwork.home.HomeActivity}, callbacks=@46990b1, running=true, ambient=true]Binder_2 55
11-27 17:30:37.677 D/SurfaceFlinger(  176): Set power mode=3, type=0 flinger=0xb8584550
11-27 17:30:37.678 I/qdhwcomposer(  176): handle_blank_event: dpy:0 panel power state: 2
11-27 17:30:37.702 D/PowerHAL(  575): IDLE_MODE(touch) -> 1
11-27 17:30:37.714 D/audio_hw_primary(  198): disable_audio_route: reset and update mixer path: audio-record
11-27 17:30:37.718 D/audio_hw_primary(  198): disable_snd_device: snd_device(55: voice-rec-mic)
11-27 17:30:37.793 D/SurfaceFlinger(  176): Set power mode=1, type=0 flinger=0xb8584550
11-27 17:30:37.798 I/qdhwcomposer(  176): handle_blank_event: dpy:0 panel power state: 2
11-27 17:30:37.941 D/SurfaceFlinger(  176): Set power mode=3, type=0 flinger=0xb8584550
11-27 17:30:37.941 I/qdhwcomposer(  176): handle_blank_event: dpy:0 panel power state: 2
11-27 17:30:38.424 E/libsuspend(  575): Error writing to /sys/power/state: Device or resource busy
11-27 17:30:40.006 I/qdhwcomposer(  176): handle_blank_event: dpy:0 panel power state: 2
11-27 17:30:40.008 E/libsuspend(  575): Error writing to /sys/power/state: Device or resource busy
11-27 17:30:49.007 I/qdhwcomposer(  176): handle_blank_event: dpy:0 panel power state: 2
11-27 17:30:50.133 D/AuthZenListenerService(  968): onMessageReceived: MessageEventParcelable[17203,/WearablesSync/Ack/tommy.thorsen@gmail.com, size=28], Path: /WearablesSync/Ack/tommy.thorsen@gmail.com
11-27 17:30:50.139 D/AuthZenWearListenerService(  968): onMessageReceived : MessageEventParcelable[17203,/WearablesSync/Ack/tommy.thorsen@gmail.com, size=28], Path: /WearablesSync/Ack/tommy.thorsen@gmail.com
11-27 17:30:50.654 I/FitnessWearable( 1278): Checking fitness notification
11-27 17:30:51.427 I/FitnessWearable( 1278): Fitness Platform Queries took: 502 ms
11-27 17:30:51.819 D/SurfaceFlinger(  176): Set power mode=1, type=0 flinger=0xb8584550
11-27 17:30:51.820 I/qdhwcomposer(  176): handle_blank_event: dpy:0 panel power state: 2
11-27 17:30:52.034 D/SurfaceFlinger(  176): Set power mode=3, type=0 flinger=0xb8584550
11-27 17:30:52.034 I/qdhwcomposer(  176): handle_blank_event: dpy:0 panel power state: 2
11-27 17:30:52.437 W/bt-btif ( 1101): dm_pm_timer expires
11-27 17:30:52.437 W/bt-btif ( 1101): dm_pm_timer expires 0
11-27 17:30:52.437 W/bt-btif ( 1101): proc dm_pm_timer expires
11-27 17:31:01.007 I/qdhwcomposer(  176): handle_blank_event: dpy:0 panel power state: 2
11-27 17:31:01.016 D/AmbientService(  914): scheduling next alarm, nowWall: 1448641861016, nextWall: 1448641920000, nowElapsed: 347569618, nextElapsed: 347628602
11-27 17:31:01.018 D/AmbientService(  914): updateAmbient: AmbientActivity[component=ComponentInfo{com.google.android.wearable.app/com.google.android.clockwork.home.HomeActivity}, callbacks=@46990b1, running=true, ambient=true] main 1
11-27 17:31:01.031 I/InputReader(  575): Reconfiguring input devices.  changes=0x00000004
11-27 17:31:01.031 I/InputReader(  575): Device reconfigured: id=3, name='synaptics_rmi4_i2c', size 320x320, orientation 0, mode 1, display id 0
11-27 17:31:01.032 I/InputReader(  575): Reconfiguring input devices.  changes=0x00000004
11-27 17:31:01.035 D/AmbientService(  914): onAmbientUpdated: AmbientActivity[component=ComponentInfo{com.google.android.wearable.app/com.google.android.clockwork.home.HomeActivity}, callbacks=@46990b1, running=true, ambient=true]Binder_1 54
11-27 17:31:01.057 D/SurfaceFlinger(  176): Set power mode=1, type=0 flinger=0xb8584550
11-27 17:31:01.058 I/qdhwcomposer(  176): handle_blank_event: dpy:0 panel power state: 2
11-27 17:31:01.190 D/SurfaceFlinger(  176): Set power mode=3, type=0 flinger=0xb8584550
11-27 17:31:01.190 I/qdhwcomposer(  176): handle_blank_event: dpy:0 panel power state: 2
11-27 17:31:25.765 I/qdhwcomposer(  176): handle_blank_event: dpy:0 panel power state: 2
11-27 17:31:27.316 I/FitnessWearable( 1278): Completed Phone Sync
11-27 17:31:27.316 I/FitnessWearable( 1278): Checking on account update
11-27 17:31:27.361 I/FitnessWearable( 1278): Trying to insert platform daily totals
11-27 17:31:27.619 I/FitnessWearable( 1278): Initialized Fitness Account
11-27 17:31:28.195 W/bt-btif ( 1101): dm_pm_timer expires
11-27 17:31:28.195 W/bt-btif ( 1101): dm_pm_timer expires 0
11-27 17:31:28.195 W/bt-btif ( 1101): proc dm_pm_timer expires
11-27 17:31:29.158 E/StreamVibrator(  739): Found notifications that tried to vibrate, but they never made it to the top of the stream. Not vibrating.
11-27 17:32:01.007 I/qdhwcomposer(  176): handle_blank_event: dpy:0 panel power state: 2
11-27 17:32:01.018 D/AmbientService(  914): scheduling next alarm, nowWall: 1448641921018, nextWall: 1448641980000, nowElapsed: 347629620, nextElapsed: 347688602
11-27 17:32:01.020 D/AmbientService(  914): updateAmbient: AmbientActivity[component=ComponentInfo{com.google.android.wearable.app/com.google.android.clockwork.home.HomeActivity}, callbacks=@46990b1, running=true, ambient=true] main 1
11-27 17:32:01.049 I/InputReader(  575): Reconfiguring input devices.  changes=0x00000004
11-27 17:32:01.050 I/InputReader(  575): Device reconfigured: id=3, name='synaptics_rmi4_i2c', size 320x320, orientation 0, mode 1, display id 0
11-27 17:32:01.051 I/InputReader(  575): Reconfiguring input devices.  changes=0x00000004
11-27 17:32:01.051 D/AmbientService(  914): onAmbientUpdated: AmbientActivity[component=ComponentInfo{com.google.android.wearable.app/com.google.android.clockwork.home.HomeActivity}, callbacks=@46990b1, running=true, ambient=true]Binder_1 54
11-27 17:32:01.075 D/SurfaceFlinger(  176): Set power mode=1, type=0 flinger=0xb8584550
11-27 17:32:01.075 I/qdhwcomposer(  176): handle_blank_event: dpy:0 panel power state: 2
11-27 17:32:01.207 D/SurfaceFlinger(  176): Set power mode=3, type=0 flinger=0xb8584550
11-27 17:32:01.207 I/qdhwcomposer(  176): handle_blank_event: dpy:0 panel power state: 2
11-27 17:33:01.007 I/qdhwcomposer(  176): handle_blank_event: dpy:0 panel power state: 2
11-27 17:33:01.016 D/AmbientService(  914): scheduling next alarm, nowWall: 1448641981016, nextWall: 1448642040000, nowElapsed: 347689618, nextElapsed: 347748602
11-27 17:33:01.019 D/AmbientService(  914): updateAmbient: AmbientActivity[component=ComponentInfo{com.google.android.wearable.app/com.google.android.clockwork.home.HomeActivity}, callbacks=@46990b1, running=true, ambient=true] main 1
11-27 17:33:01.034 D/AmbientService(  914): onAmbientUpdated: AmbientActivity[component=ComponentInfo{com.google.android.wearable.app/com.google.android.clockwork.home.HomeActivity}, callbacks=@46990b1, running=true, ambient=true]Binder_1 54
11-27 17:33:01.035 I/InputReader(  575): Reconfiguring input devices.  changes=0x00000004
11-27 17:33:01.035 I/InputReader(  575): Device reconfigured: id=3, name='synaptics_rmi4_i2c', size 320x320, orientation 0, mode 1, display id 0
11-27 17:33:01.038 I/InputReader(  575): Reconfiguring input devices.  changes=0x00000004
11-27 17:33:01.061 D/SurfaceFlinger(  176): Set power mode=1, type=0 flinger=0xb8584550
11-27 17:33:01.061 I/qdhwcomposer(  176): handle_blank_event: dpy:0 panel power state: 2
11-27 17:33:01.187 D/SurfaceFlinger(  176): Set power mode=3, type=0 flinger=0xb8584550
11-27 17:33:01.187 I/qdhwcomposer(  176): handle_blank_event: dpy:0 panel power state: 2
11-27 17:33:13.007 I/qdhwcomposer(  176): handle_blank_event: dpy:0 panel power state: 2
11-27 17:33:13.359 I/PhenotypeFlagCommitter(  839): Experiment Configs successfully retrieved for com.google.android.gms.playlog.uploader
11-27 17:33:13.366 I/GoogleURLConnFactory(  839): Using platform SSLCertificateSocketFactory
11-27 17:33:14.415 D/ClockworkProxy(  739): doAccept: Create socket stream 93 for TCP connection from /192.168.167.239:55853 to /64.233.162.95:443
11-27 17:33:14.425 D/ClockworkProxy(  739): doAccept: rpc succeeded. Activate stream 93
11-27 17:33:21.376 W/bt-btif ( 1101): dm_pm_timer expires
11-27 17:33:21.376 W/bt-btif ( 1101): dm_pm_timer expires 0
11-27 17:33:21.376 W/bt-btif ( 1101): proc dm_pm_timer expires
11-27 17:33:23.912 E/libsuspend(  575): Error writing to /sys/power/state: Device or resource busy
11-27 17:34:01.010 I/qdhwcomposer(  176): handle_blank_event: dpy:0 panel power state: 2
11-27 17:34:01.017 D/AmbientService(  914): scheduling next alarm, nowWall: 1448642041017, nextWall: 1448642100000, nowElapsed: 347749619, nextElapsed: 347808602
11-27 17:34:01.018 D/AmbientService(  914): updateAmbient: AmbientActivity[component=ComponentInfo{com.google.android.wearable.app/com.google.android.clockwork.home.HomeActivity}, callbacks=@46990b1, running=true, ambient=true] main 1
11-27 17:34:01.037 I/InputReader(  575): Reconfiguring input devices.  changes=0x00000004
11-27 17:34:01.037 I/InputReader(  575): Device reconfigured: id=3, name='synaptics_rmi4_i2c', size 320x320, orientation 0, mode 1, display id 0
11-27 17:34:01.040 I/InputReader(  575): Reconfiguring input devices.  changes=0x00000004
11-27 17:34:01.041 D/AmbientService(  914): onAmbientUpdated: AmbientActivity[component=ComponentInfo{com.google.android.wearable.app/com.google.android.clockwork.home.HomeActivity}, callbacks=@46990b1, running=true, ambient=true]Binder_1 54
11-27 17:34:01.064 D/SurfaceFlinger(  176): Set power mode=1, type=0 flinger=0xb8584550
11-27 17:34:01.064 I/qdhwcomposer(  176): handle_blank_event: dpy:0 panel power state: 2
11-27 17:34:01.195 D/SurfaceFlinger(  176): Set power mode=3, type=0 flinger=0xb8584550
11-27 17:34:01.195 I/qdhwcomposer(  176): handle_blank_event: dpy:0 panel power state: 2
11-27 17:35:01.014 I/qdhwcomposer(  176): handle_blank_event: dpy:0 panel power state: 2
11-27 17:35:01.020 D/AmbientService(  914): scheduling next alarm, nowWall: 1448642101020, nextWall: 1448642160000, nowElapsed: 347809622, nextElapsed: 347868602
11-27 17:35:01.022 D/AmbientService(  914): updateAmbient: AmbientActivity[component=ComponentInfo{com.google.android.wearable.app/com.google.android.clockwork.home.HomeActivity}, callbacks=@46990b1, running=true, ambient=true] main 1
11-27 17:35:01.026 D/AmbientService(  914): onAmbientUpdated: AmbientActivity[component=ComponentInfo{com.google.android.wearable.app/com.google.android.clockwork.home.HomeActivity}, callbacks=@46990b1, running=true, ambient=true]Binder_1 54
11-27 17:35:01.029 D/SurfaceFlinger(  176): Set power mode=1, type=0 flinger=0xb8584550
11-27 17:35:01.029 I/qdhwcomposer(  176): handle_blank_event: dpy:0 panel power state: 2
11-27 17:35:01.156 D/SurfaceFlinger(  176): Set power mode=3, type=0 flinger=0xb8584550
11-27 17:35:01.157 I/qdhwcomposer(  176): handle_blank_event: dpy:0 panel power state: 2
11-27 17:36:01.010 I/qdhwcomposer(  176): handle_blank_event: dpy:0 panel power state: 2
11-27 17:36:01.019 D/AmbientService(  914): scheduling next alarm, nowWall: 1448642161019, nextWall: 1448642220000, nowElapsed: 347869621, nextElapsed: 347928602
11-27 17:36:01.020 D/AmbientService(  914): updateAmbient: AmbientActivity[component=ComponentInfo{com.google.android.wearable.app/com.google.android.clockwork.home.HomeActivity}, callbacks=@46990b1, running=true, ambient=true] main 1
11-27 17:36:01.041 D/AmbientService(  914): onAmbientUpdated: AmbientActivity[component=ComponentInfo{com.google.android.wearable.app/com.google.android.clockwork.home.HomeActivity}, callbacks=@46990b1, running=true, ambient=true]Binder_1 54
11-27 17:36:01.042 I/InputReader(  575): Reconfiguring input devices.  changes=0x00000004
11-27 17:36:01.042 I/InputReader(  575): Device reconfigured: id=3, name='synaptics_rmi4_i2c', size 320x320, orientation 0, mode 1, display id 0
11-27 17:36:01.043 I/InputReader(  575): Reconfiguring input devices.  changes=0x00000004
11-27 17:36:01.066 D/SurfaceFlinger(  176): Set power mode=1, type=0 flinger=0xb8584550
11-27 17:36:01.066 I/qdhwcomposer(  176): handle_blank_event: dpy:0 panel power state: 2
11-27 17:36:01.198 D/SurfaceFlinger(  176): Set power mode=3, type=0 flinger=0xb8584550
11-27 17:36:01.198 I/qdhwcomposer(  176): handle_blank_event: dpy:0 panel power state: 2
11-27 17:37:01.011 I/qdhwcomposer(  176): handle_blank_event: dpy:0 panel power state: 2
11-27 17:37:01.018 D/AmbientService(  914): scheduling next alarm, nowWall: 1448642221017, nextWall: 1448642280000, nowElapsed: 347929620, nextElapsed: 347988603
11-27 17:37:01.019 D/AmbientService(  914): updateAmbient: AmbientActivity[component=ComponentInfo{com.google.android.wearable.app/com.google.android.clockwork.home.HomeActivity}, callbacks=@46990b1, running=true, ambient=true] main 1
11-27 17:37:01.040 D/AmbientService(  914): onAmbientUpdated: AmbientActivity[component=ComponentInfo{com.google.android.wearable.app/com.google.android.clockwork.home.HomeActivity}, callbacks=@46990b1, running=true, ambient=true]Binder_1 54
11-27 17:37:01.040 I/InputReader(  575): Reconfiguring input devices.  changes=0x00000004
11-27 17:37:01.040 I/InputReader(  575): Device reconfigured: id=3, name='synaptics_rmi4_i2c', size 320x320, orientation 0, mode 1, display id 0
11-27 17:37:01.042 I/InputReader(  575): Reconfiguring input devices.  changes=0x00000004
11-27 17:37:01.065 D/SurfaceFlinger(  176): Set power mode=1, type=0 flinger=0xb8584550
11-27 17:37:01.065 I/qdhwcomposer(  176): handle_blank_event: dpy:0 panel power state: 2
11-27 17:37:01.196 D/SurfaceFlinger(  176): Set power mode=3, type=0 flinger=0xb8584550
11-27 17:37:01.196 I/qdhwcomposer(  176): handle_blank_event: dpy:0 panel power state: 2
11-27 17:37:20.377 I/qdhwcomposer(  176): handle_blank_event: dpy:0 panel power state: 2
11-27 17:37:22.404 W/bt-btif ( 1101): dm_pm_timer expires
11-27 17:37:22.405 W/bt-btif ( 1101): dm_pm_timer expires 0
11-27 17:37:22.405 W/bt-btif ( 1101): proc dm_pm_timer expires
11-27 17:38:01.011 I/qdhwcomposer(  176): handle_blank_event: dpy:0 panel power state: 2
11-27 17:38:01.018 D/AmbientService(  914): scheduling next alarm, nowWall: 1448642281018, nextWall: 1448642340000, nowElapsed: 347989620, nextElapsed: 348048602
11-27 17:38:01.019 D/AmbientService(  914): updateAmbient: AmbientActivity[component=ComponentInfo{com.google.android.wearable.app/com.google.android.clockwork.home.HomeActivity}, callbacks=@46990b1, running=true, ambient=true] main 1
11-27 17:38:01.058 I/InputReader(  575): Reconfiguring input devices.  changes=0x00000004
11-27 17:38:01.058 I/InputReader(  575): Device reconfigured: id=3, name='synaptics_rmi4_i2c', size 320x320, orientation 0, mode 1, display id 0
11-27 17:38:01.060 D/AmbientService(  914): onAmbientUpdated: AmbientActivity[component=ComponentInfo{com.google.android.wearable.app/com.google.android.clockwork.home.HomeActivity}, callbacks=@46990b1, running=true, ambient=true]Binder_1 54
11-27 17:38:01.061 I/InputReader(  575): Reconfiguring input devices.  changes=0x00000004
11-27 17:38:01.198 D/SurfaceFlinger(  176): Set power mode=1, type=0 flinger=0xb8584550
11-27 17:38:01.198 I/qdhwcomposer(  176): handle_blank_event: dpy:0 panel power state: 2
11-27 17:38:01.318 D/SurfaceFlinger(  176): Set power mode=3, type=0 flinger=0xb8584550
11-27 17:38:01.319 I/qdhwcomposer(  176): handle_blank_event: dpy:0 panel power state: 2
11-27 17:39:01.012 I/qdhwcomposer(  176): handle_blank_event: dpy:0 panel power state: 2
11-27 17:39:01.017 D/AmbientService(  914): scheduling next alarm, nowWall: 1448642341017, nextWall: 1448642400000, nowElapsed: 348049619, nextElapsed: 348108602
11-27 17:39:01.019 D/AmbientService(  914): updateAmbient: AmbientActivity[component=ComponentInfo{com.google.android.wearable.app/com.google.android.clockwork.home.HomeActivity}, callbacks=@46990b1, running=true, ambient=true] main 1
11-27 17:39:01.062 I/InputReader(  575): Reconfiguring input devices.  changes=0x00000004
11-27 17:39:01.062 I/InputReader(  575): Device reconfigured: id=3, name='synaptics_rmi4_i2c', size 320x320, orientation 0, mode 1, display id 0
11-27 17:39:01.063 I/InputReader(  575): Reconfiguring input devices.  changes=0x00000004
11-27 17:39:01.064 D/AmbientService(  914): onAmbientUpdated: AmbientActivity[component=ComponentInfo{com.google.android.wearable.app/com.google.android.clockwork.home.HomeActivity}, callbacks=@46990b1, running=true, ambient=true]Binder_1 54
11-27 17:39:01.087 D/SurfaceFlinger(  176): Set power mode=1, type=0 flinger=0xb8584550
11-27 17:39:01.087 I/qdhwcomposer(  176): handle_blank_event: dpy:0 panel power state: 2
11-27 17:39:01.218 D/SurfaceFlinger(  176): Set power mode=3, type=0 flinger=0xb8584550
11-27 17:39:01.218 I/qdhwcomposer(  176): handle_blank_event: dpy:0 panel power state: 2
11-27 17:40:01.012 I/qdhwcomposer(  176): handle_blank_event: dpy:0 panel power state: 2
11-27 17:40:01.021 D/AmbientService(  914): scheduling next alarm, nowWall: 1448642401021, nextWall: 1448642460000, nowElapsed: 348109623, nextElapsed: 348168602
11-27 17:40:01.022 D/AmbientService(  914): updateAmbient: AmbientActivity[component=ComponentInfo{com.google.android.wearable.app/com.google.android.clockwork.home.HomeActivity}, callbacks=@46990b1, running=true, ambient=true] main 1
11-27 17:40:01.041 D/AmbientService(  914): onAmbientUpdated: AmbientActivity[component=ComponentInfo{com.google.android.wearable.app/com.google.android.clockwork.home.HomeActivity}, callbacks=@46990b1, running=true, ambient=true]Binder_1 54
11-27 17:40:01.042 I/InputReader(  575): Reconfiguring input devices.  changes=0x00000004
11-27 17:40:01.042 I/InputReader(  575): Device reconfigured: id=3, name='synaptics_rmi4_i2c', size 320x320, orientation 0, mode 1, display id 0
11-27 17:40:01.043 I/InputReader(  575): Reconfiguring input devices.  changes=0x00000004
11-27 17:40:01.066 D/SurfaceFlinger(  176): Set power mode=1, type=0 flinger=0xb8584550
11-27 17:40:01.066 I/qdhwcomposer(  176): handle_blank_event: dpy:0 panel power state: 2
11-27 17:40:01.197 D/SurfaceFlinger(  176): Set power mode=3, type=0 flinger=0xb8584550
11-27 17:40:01.197 I/qdhwcomposer(  176): handle_blank_event: dpy:0 panel power state: 2
11-27 17:41:01.013 I/qdhwcomposer(  176): handle_blank_event: dpy:0 panel power state: 2
11-27 17:41:01.020 D/AmbientService(  914): scheduling next alarm, nowWall: 1448642461020, nextWall: 1448642520000, nowElapsed: 348169622, nextElapsed: 348228602
11-27 17:41:01.022 D/AmbientService(  914): updateAmbient: AmbientActivity[component=ComponentInfo{com.google.android.wearable.app/com.google.android.clockwork.home.HomeActivity}, callbacks=@46990b1, running=true, ambient=true] main 1
11-27 17:41:01.042 D/AmbientService(  914): onAmbientUpdated: AmbientActivity[component=ComponentInfo{com.google.android.wearable.app/com.google.android.clockwork.home.HomeActivity}, callbacks=@46990b1, running=true, ambient=true]Binder_1 54
11-27 17:41:01.043 I/InputReader(  575): Reconfiguring input devices.  changes=0x00000004
11-27 17:41:01.043 I/InputReader(  575): Device reconfigured: id=3, name='synaptics_rmi4_i2c', size 320x320, orientation 0, mode 1, display id 0
11-27 17:41:01.044 I/InputReader(  575): Reconfiguring input devices.  changes=0x00000004
11-27 17:41:01.069 D/SurfaceFlinger(  176): Set power mode=1, type=0 flinger=0xb8584550
11-27 17:41:01.069 I/qdhwcomposer(  176): handle_blank_event: dpy:0 panel power state: 2
11-27 17:41:01.200 D/SurfaceFlinger(  176): Set power mode=3, type=0 flinger=0xb8584550
11-27 17:41:01.200 I/qdhwcomposer(  176): handle_blank_event: dpy:0 panel power state: 2
11-27 17:42:01.010 I/qdhwcomposer(  176): handle_blank_event: dpy:0 panel power state: 2
11-27 17:42:01.020 D/AmbientService(  914): scheduling next alarm, nowWall: 1448642521019, nextWall: 1448642580000, nowElapsed: 348229622, nextElapsed: 348288603
11-27 17:42:01.021 D/AmbientService(  914): updateAmbient: AmbientActivity[component=ComponentInfo{com.google.android.wearable.app/com.google.android.clockwork.home.HomeActivity}, callbacks=@46990b1, running=true, ambient=true] main 1
11-27 17:42:01.039 D/AmbientService(  914): onAmbientUpdated: AmbientActivity[component=ComponentInfo{com.google.android.wearable.app/com.google.android.clockwork.home.HomeActivity}, callbacks=@46990b1, running=true, ambient=true]Binder_1 54
11-27 17:42:01.040 I/InputReader(  575): Reconfiguring input devices.  changes=0x00000004
11-27 17:42:01.040 I/InputReader(  575): Device reconfigured: id=3, name='synaptics_rmi4_i2c', size 320x320, orientation 0, mode 1, display id 0
11-27 17:42:01.041 I/InputReader(  575): Reconfiguring input devices.  changes=0x00000004
11-27 17:42:01.064 D/SurfaceFlinger(  176): Set power mode=1, type=0 flinger=0xb8584550
11-27 17:42:01.064 I/qdhwcomposer(  176): handle_blank_event: dpy:0 panel power state: 2
11-27 17:42:01.195 D/SurfaceFlinger(  176): Set power mode=3, type=0 flinger=0xb8584550
11-27 17:42:01.195 I/qdhwcomposer(  176): handle_blank_event: dpy:0 panel power state: 2
11-27 17:43:01.013 I/qdhwcomposer(  176): handle_blank_event: dpy:0 panel power state: 2
11-27 17:43:01.020 D/AmbientService(  914): scheduling next alarm, nowWall: 1448642581019, nextWall: 1448642640000, nowElapsed: 348289622, nextElapsed: 348348603
11-27 17:43:01.022 D/AmbientService(  914): updateAmbient: AmbientActivity[component=ComponentInfo{com.google.android.wearable.app/com.google.android.clockwork.home.HomeActivity}, callbacks=@46990b1, running=true, ambient=true] main 1
11-27 17:43:01.041 D/AmbientService(  914): onAmbientUpdated: AmbientActivity[component=ComponentInfo{com.google.android.wearable.app/com.google.android.clockwork.home.HomeActivity}, callbacks=@46990b1, running=true, ambient=true]Binder_1 54
11-27 17:43:01.042 I/InputReader(  575): Reconfiguring input devices.  changes=0x00000004
11-27 17:43:01.042 I/InputReader(  575): Device reconfigured: id=3, name='synaptics_rmi4_i2c', size 320x320, orientation 0, mode 1, display id 0
11-27 17:43:01.044 I/InputReader(  575): Reconfiguring input devices.  changes=0x00000004
11-27 17:43:01.065 D/SurfaceFlinger(  176): Set power mode=1, type=0 flinger=0xb8584550
11-27 17:43:01.065 I/qdhwcomposer(  176): handle_blank_event: dpy:0 panel power state: 2
11-27 17:43:01.197 D/SurfaceFlinger(  176): Set power mode=3, type=0 flinger=0xb8584550
11-27 17:43:01.197 I/qdhwcomposer(  176): handle_blank_event: dpy:0 panel power state: 2
11-27 17:43:21.014 I/qdhwcomposer(  176): handle_blank_event: dpy:0 panel power state: 2
11-27 17:44:01.013 I/qdhwcomposer(  176): handle_blank_event: dpy:0 panel power state: 2
11-27 17:44:01.020 D/AmbientService(  914): scheduling next alarm, nowWall: 1448642641020, nextWall: 1448642700000, nowElapsed: 348349622, nextElapsed: 348408602
11-27 17:44:01.021 D/AmbientService(  914): updateAmbient: AmbientActivity[component=ComponentInfo{com.google.android.wearable.app/com.google.android.clockwork.home.HomeActivity}, callbacks=@46990b1, running=true, ambient=true] main 1
11-27 17:44:01.047 D/AmbientService(  914): onAmbientUpdated: AmbientActivity[component=ComponentInfo{com.google.android.wearable.app/com.google.android.clockwork.home.HomeActivity}, callbacks=@46990b1, running=true, ambient=true]Binder_1 54
11-27 17:44:01.048 I/InputReader(  575): Reconfiguring input devices.  changes=0x00000004
11-27 17:44:01.048 I/InputReader(  575): Device reconfigured: id=3, name='synaptics_rmi4_i2c', size 320x320, orientation 0, mode 1, display id 0
11-27 17:44:01.051 I/InputReader(  575): Reconfiguring input devices.  changes=0x00000004
11-27 17:44:01.074 D/SurfaceFlinger(  176): Set power mode=1, type=0 flinger=0xb8584550
11-27 17:44:01.074 I/qdhwcomposer(  176): handle_blank_event: dpy:0 panel power state: 2
11-27 17:44:01.205 D/SurfaceFlinger(  176): Set power mode=3, type=0 flinger=0xb8584550
11-27 17:44:01.205 I/qdhwcomposer(  176): handle_blank_event: dpy:0 panel power state: 2
11-27 17:44:17.013 I/qdhwcomposer(  176): handle_blank_event: dpy:0 panel power state: 2
11-27 17:44:17.105 I/FitnessWearable( 1278): Checking fitness notification
11-27 17:44:17.741 I/FitnessWearable( 1278): Fitness Platform Queries took: 512 ms
11-27 17:44:18.071 D/SurfaceFlinger(  176): Set power mode=1, type=0 flinger=0xb8584550
11-27 17:44:18.071 I/qdhwcomposer(  176): handle_blank_event: dpy:0 panel power state: 2
11-27 17:44:18.239 D/SurfaceFlinger(  176): Set power mode=3, type=0 flinger=0xb8584550
11-27 17:44:18.239 I/qdhwcomposer(  176): handle_blank_event: dpy:0 panel power state: 2
11-27 17:44:18.736 D/AuthZenListenerService(  968): onMessageReceived: MessageEventParcelable[17222,/WearablesSync/Ack/tommy.thorsen@gmail.com, size=28], Path: /WearablesSync/Ack/tommy.thorsen@gmail.com
11-27 17:44:18.750 D/AuthZenWearListenerService(  968): onMessageReceived : MessageEventParcelable[17222,/WearablesSync/Ack/tommy.thorsen@gmail.com, size=28], Path: /WearablesSync/Ack/tommy.thorsen@gmail.com
11-27 17:44:19.099 I/art     (  776): Background partial concurrent mark sweep GC freed 40343(1966KB) AllocSpace objects, 0(0B) LOS objects, 15% free, 11MB/13MB, paused 3.366ms total 176.473ms
11-27 17:44:20.533 W/bt-btif ( 1101): dm_pm_timer expires
11-27 17:44:20.533 W/bt-btif ( 1101): dm_pm_timer expires 0
11-27 17:44:20.533 W/bt-btif ( 1101): proc dm_pm_timer expires
11-27 17:45:01.014 I/qdhwcomposer(  176): handle_blank_event: dpy:0 panel power state: 2
11-27 17:45:01.019 D/AmbientService(  914): scheduling next alarm, nowWall: 1448642701019, nextWall: 1448642760000, nowElapsed: 348409622, nextElapsed: 348468603
11-27 17:45:01.021 D/AmbientService(  914): updateAmbient: AmbientActivity[component=ComponentInfo{com.google.android.wearable.app/com.google.android.clockwork.home.HomeActivity}, callbacks=@46990b1, running=true, ambient=true] main 1
11-27 17:45:01.045 I/InputReader(  575): Reconfiguring input devices.  changes=0x00000004
11-27 17:45:01.045 I/InputReader(  575): Device reconfigured: id=3, name='synaptics_rmi4_i2c', size 320x320, orientation 0, mode 1, display id 0
11-27 17:45:01.046 I/InputReader(  575): Reconfiguring input devices.  changes=0x00000004
11-27 17:45:01.047 D/AmbientService(  914): onAmbientUpdated: AmbientActivity[component=ComponentInfo{com.google.android.wearable.app/com.google.android.clockwork.home.HomeActivity}, callbacks=@46990b1, running=true, ambient=true]Binder_4 57
11-27 17:45:01.071 D/SurfaceFlinger(  176): Set power mode=1, type=0 flinger=0xb8584550
11-27 17:45:01.072 I/qdhwcomposer(  176): handle_blank_event: dpy:0 panel power state: 2
11-27 17:45:01.203 D/SurfaceFlinger(  176): Set power mode=3, type=0 flinger=0xb8584550
11-27 17:45:01.203 I/qdhwcomposer(  176): handle_blank_event: dpy:0 panel power state: 2
11-27 17:45:33.640 I/qdhwcomposer(  176): handle_blank_event: dpy:0 panel power state: 2
11-27 17:45:33.931 I/DataItems(  776): maybePerformGC: complete, took 169 ms, removed 22 of 98 files, 22 of 98 asset records
11-27 17:45:35.185 E/StreamVibrator(  739): Found notifications that tried to vibrate, but they never made it to the top of the stream. Not vibrating.
11-27 17:45:35.283 I/FitnessWearable( 1278): Completed Phone Sync
11-27 17:45:35.283 I/FitnessWearable( 1278): Checking on account update
11-27 17:45:35.298 I/FitnessWearable( 1278): Trying to insert platform daily totals
11-27 17:45:35.666 W/bt-btif ( 1101): dm_pm_timer expires
11-27 17:45:35.666 W/bt-btif ( 1101): dm_pm_timer expires 0
11-27 17:45:35.667 W/bt-btif ( 1101): proc dm_pm_timer expires
11-27 17:45:35.699 I/FitnessWearable( 1278): Initialized Fitness Account
11-27 17:45:35.709 I/art     (  776): Background sticky concurrent mark sweep GC freed 36760(1796KB) AllocSpace objects, 2(32KB) LOS objects, 13% free, 11MB/13MB, paused 2.819ms total 112.801ms
11-27 17:46:01.014 I/qdhwcomposer(  176): handle_blank_event: dpy:0 panel power state: 2
11-27 17:46:01.021 D/AmbientService(  914): scheduling next alarm, nowWall: 1448642761021, nextWall: 1448642820000, nowElapsed: 348469623, nextElapsed: 348528602
11-27 17:46:01.022 D/AmbientService(  914): updateAmbient: AmbientActivity[component=ComponentInfo{com.google.android.wearable.app/com.google.android.clockwork.home.HomeActivity}, callbacks=@46990b1, running=true, ambient=true] main 1
11-27 17:46:01.046 I/InputReader(  575): Reconfiguring input devices.  changes=0x00000004
11-27 17:46:01.046 I/InputReader(  575): Device reconfigured: id=3, name='synaptics_rmi4_i2c', size 320x320, orientation 0, mode 1, display id 0
11-27 17:46:01.047 I/InputReader(  575): Reconfiguring input devices.  changes=0x00000004
11-27 17:46:01.048 D/AmbientService(  914): onAmbientUpdated: AmbientActivity[component=ComponentInfo{com.google.android.wearable.app/com.google.android.clockwork.home.HomeActivity}, callbacks=@46990b1, running=true, ambient=true]Binder_4 57
11-27 17:46:01.071 D/SurfaceFlinger(  176): Set power mode=1, type=0 flinger=0xb8584550
11-27 17:46:01.071 I/qdhwcomposer(  176): handle_blank_event: dpy:0 panel power state: 2
11-27 17:46:01.202 D/SurfaceFlinger(  176): Set power mode=3, type=0 flinger=0xb8584550
11-27 17:46:01.203 I/qdhwcomposer(  176): handle_blank_event: dpy:0 panel power state: 2
11-27 17:47:01.014 I/qdhwcomposer(  176): handle_blank_event: dpy:0 panel power state: 2
11-27 17:47:01.021 D/AmbientService(  914): scheduling next alarm, nowWall: 1448642821021, nextWall: 1448642880000, nowElapsed: 348529623, nextElapsed: 348588602
11-27 17:47:01.024 D/AmbientService(  914): updateAmbient: AmbientActivity[component=ComponentInfo{com.google.android.wearable.app/com.google.android.clockwork.home.HomeActivity}, callbacks=@46990b1, running=true, ambient=true] main 1
11-27 17:47:01.044 D/AmbientService(  914): onAmbientUpdated: AmbientActivity[component=ComponentInfo{com.google.android.wearable.app/com.google.android.clockwork.home.HomeActivity}, callbacks=@46990b1, running=true, ambient=true]Binder_4 57
11-27 17:47:01.045 I/InputReader(  575): Reconfiguring input devices.  changes=0x00000004
11-27 17:47:01.045 I/InputReader(  575): Device reconfigured: id=3, name='synaptics_rmi4_i2c', size 320x320, orientation 0, mode 1, display id 0
11-27 17:47:01.046 I/InputReader(  575): Reconfiguring input devices.  changes=0x00000004
11-27 17:47:01.068 D/SurfaceFlinger(  176): Set power mode=1, type=0 flinger=0xb8584550
11-27 17:47:01.068 I/qdhwcomposer(  176): handle_blank_event: dpy:0 panel power state: 2
11-27 17:47:01.199 D/SurfaceFlinger(  176): Set power mode=3, type=0 flinger=0xb8584550
11-27 17:47:01.200 I/qdhwcomposer(  176): handle_blank_event: dpy:0 panel power state: 2
11-27 17:48:01.014 I/qdhwcomposer(  176): handle_blank_event: dpy:0 panel power state: 2
11-27 17:48:01.023 D/AmbientService(  914): scheduling next alarm, nowWall: 1448642881023, nextWall: 1448642940000, nowElapsed: 348589625, nextElapsed: 348648602
11-27 17:48:01.024 D/AmbientService(  914): updateAmbient: AmbientActivity[component=ComponentInfo{com.google.android.wearable.app/com.google.android.clockwork.home.HomeActivity}, callbacks=@46990b1, running=true, ambient=true] main 1
11-27 17:48:01.044 D/AmbientService(  914): onAmbientUpdated: AmbientActivity[component=ComponentInfo{com.google.android.wearable.app/com.google.android.clockwork.home.HomeActivity}, callbacks=@46990b1, running=true, ambient=true]Binder_4 57
11-27 17:48:01.045 I/InputReader(  575): Reconfiguring input devices.  changes=0x00000004
11-27 17:48:01.045 I/InputReader(  575): Device reconfigured: id=3, name='synaptics_rmi4_i2c', size 320x320, orientation 0, mode 1, display id 0
11-27 17:48:01.046 I/InputReader(  575): Reconfiguring input devices.  changes=0x00000004
11-27 17:48:01.070 D/SurfaceFlinger(  176): Set power mode=1, type=0 flinger=0xb8584550
11-27 17:48:01.070 I/qdhwcomposer(  176): handle_blank_event: dpy:0 panel power state: 2
11-27 17:48:01.201 D/SurfaceFlinger(  176): Set power mode=3, type=0 flinger=0xb8584550
11-27 17:48:01.201 I/qdhwcomposer(  176): handle_blank_event: dpy:0 panel power state: 2
11-27 17:49:01.015 I/qdhwcomposer(  176): handle_blank_event: dpy:0 panel power state: 2
11-27 17:49:01.022 D/AmbientService(  914): scheduling next alarm, nowWall: 1448642941022, nextWall: 1448643000000, nowElapsed: 348649624, nextElapsed: 348708602
11-27 17:49:01.025 D/AmbientService(  914): updateAmbient: AmbientActivity[component=ComponentInfo{com.google.android.wearable.app/com.google.android.clockwork.home.HomeActivity}, callbacks=@46990b1, running=true, ambient=true] main 1
11-27 17:49:01.045 D/AmbientService(  914): onAmbientUpdated: AmbientActivity[component=ComponentInfo{com.google.android.wearable.app/com.google.android.clockwork.home.HomeActivity}, callbacks=@46990b1, running=true, ambient=true]Binder_4 57
11-27 17:49:01.046 I/InputReader(  575): Reconfiguring input devices.  changes=0x00000004
11-27 17:49:01.046 I/InputReader(  575): Device reconfigured: id=3, name='synaptics_rmi4_i2c', size 320x320, orientation 0, mode 1, display id 0
11-27 17:49:01.048 I/InputReader(  575): Reconfiguring input devices.  changes=0x00000004
11-27 17:49:01.070 D/SurfaceFlinger(  176): Set power mode=1, type=0 flinger=0xb8584550
11-27 17:49:01.070 I/qdhwcomposer(  176): handle_blank_event: dpy:0 panel power state: 2
11-27 17:49:01.200 D/SurfaceFlinger(  176): Set power mode=3, type=0 flinger=0xb8584550
11-27 17:49:01.201 I/qdhwcomposer(  176): handle_blank_event: dpy:0 panel power state: 2
11-27 17:49:46.007 I/qdhwcomposer(  176): handle_blank_event: dpy:0 panel power state: 2
11-27 17:49:46.160 D/Clockwork.Settings(  739): got new locale: en_US->en_US
11-27 17:49:48.030 W/bt-btif ( 1101): dm_pm_timer expires
11-27 17:49:48.030 W/bt-btif ( 1101): dm_pm_timer expires 0
11-27 17:49:48.030 W/bt-btif ( 1101): proc dm_pm_timer expires
11-27 17:49:59.786 I/qdhwcomposer(  176): handle_blank_event: dpy:0 panel power state: 2
11-27 17:49:59.788 V/KeyguardServiceDelegate(  575): onScreenTurnedOn(showListener = com.android.internal.policy.impl.PhoneWindowManager$2@2662acec)
11-27 17:49:59.801 E/WifiStateMachine(  575): cancelDelayedScan -> 761
11-27 17:49:59.805 D/audio_hw_primary(  198): adev_set_parameters: enter: screen_state=on
11-27 17:49:59.808 V/KeyguardServiceDelegate(  575): **** SHOWN CALLED ****
11-27 17:49:59.814 D/PowerHAL(  575): IDLE_MODE(touch) -> 0
11-27 17:49:59.816 D/SurfaceFlinger(  176): Set power mode=2, type=0 flinger=0xb8584550
11-27 17:49:59.835 I/qdhwcomposer(  176): handle_blank_event: dpy:0 panel power state: 1
11-27 17:49:59.869 D/DeepAmbientRecognition(  739): onDestroy
11-27 17:49:59.888 D/AmbientService(  914): exitAmbient: AmbientActivity[component=ComponentInfo{com.google.android.wearable.app/com.google.android.clockwork.home.HomeActivity}, callbacks=@46990b1, running=true, ambient=true] main 1
11-27 17:49:59.898 D/AmbientService(  914): AmbientDreamStub.detach called while disabled
11-27 17:49:59.913 I/AudioFlinger(  198): AudioFlinger's thread 0xb568d008 ready to run
11-27 17:49:59.928 D/audio_hw_primary(  198): select_devices: out_snd_device(0: none) in_snd_device(55: voice-rec-mic)
11-27 17:49:59.928 D/msm8974_platform(  198): platform_send_audio_calibration: sending audio calibration for snd_device(55) acdb_id(62)
11-27 17:49:59.928 D/        (  198): Failed to fetch the lookup information of the device 0000003E 
11-27 17:49:59.928 D/        (  198): Failed to fetch the lookup information of the device 0000003E 
11-27 17:49:59.928 D/audio_hw_primary(  198): enable_snd_device: snd_device(55: voice-rec-mic)
11-27 17:49:59.941 I/InputReader(  575): Reconfiguring input devices.  changes=0x00000004
11-27 17:49:59.941 I/InputReader(  575): Device reconfigured: id=3, name='synaptics_rmi4_i2c', size 320x320, orientation 0, mode 1, display id 0
11-27 17:49:59.944 I/InputReader(  575): Reconfiguring input devices.  changes=0x00000004
11-27 17:49:59.954 D/audio_hw_primary(  198): enable_audio_route: apply and update mixer path: audio-record
11-27 17:49:59.971 I/InputReader(  575): Reconfiguring input devices.  changes=0x00000004
11-27 17:49:59.971 I/InputReader(  575): Device reconfigured: id=3, name='synaptics_rmi4_i2c', size 320x320, orientation 0, mode 1, display id 0
11-27 17:49:59.979 I/InputReader(  575): Reconfiguring input devices.  changes=0x00000004
11-27 17:49:59.988 D/AmbientService(  914): onAmbientExited: AmbientActivity[component=ComponentInfo{com.google.android.wearable.app/com.google.android.clockwork.home.HomeActivity}, callbacks=@46990b1, running=true, ambient=false] Binder_2 55
11-27 17:50:00.009 I/InputReader(  575): Reconfiguring input devices.  changes=0x00000004
11-27 17:50:00.009 I/InputReader(  575): Device reconfigured: id=3, name='synaptics_rmi4_i2c', size 320x320, orientation 0, mode 1, display id 0
11-27 17:50:00.010 I/InputReader(  575): Reconfiguring input devices.  changes=0x00000004
11-27 17:50:04.799 E/WifiStateMachine(  575): cancelDelayedScan -> 762
11-27 17:50:04.802 D/audio_hw_primary(  198): adev_set_parameters: enter: screen_state=off
11-27 17:50:04.849 D/DeepAmbientRecognition(  739): onCreate
11-27 17:50:04.862 D/AmbientService(  914): onReceive Intent { act=android.intent.action.SCREEN_OFF flg=0x50000010 } true
11-27 17:50:04.866 D/AmbientService(  914): AmbientDreamRegistrationServiceStub.attach: dream: AmbientComponentConfig[component=ComponentInfo{com.google.android.wearable.ambient/com.google.android.wearable.ambient.AmbientDream}]
11-27 17:50:04.867 D/AmbientService(  914): findRunningActivities: found: AmbientActivity[component=ComponentInfo{com.google.android.wearable.app/com.google.android.clockwork.home.HomeActivity}, callbacks=@46990b1, running=true, ambient=false]
11-27 17:50:05.166 I/art     (  575): Explicit concurrent mark sweep GC freed 30371(1531KB) AllocSpace objects, 2(32KB) LOS objects, 14% free, 11MB/13MB, paused 2.548ms total 307.147ms
11-27 17:50:05.174 D/AmbientService(  914): scheduling next alarm, nowWall: 1448643005174, nextWall: 1448643060000, nowElapsed: 348713776, nextElapsed: 348768602
11-27 17:50:05.178 D/AmbientService(  914): enterAmbient: AmbientActivity[component=ComponentInfo{com.google.android.wearable.app/com.google.android.clockwork.home.HomeActivity}, callbacks=@46990b1, running=true, ambient=false] main 1
11-27 17:50:05.217 D/AmbientService(  914): onAmbientEntered: AmbientActivity[component=ComponentInfo{com.google.android.wearable.app/com.google.android.clockwork.home.HomeActivity}, callbacks=@46990b1, running=true, ambient=true]Binder_3 56
11-27 17:50:05.287 D/PowerHAL(  575): IDLE_MODE(touch) -> 1
11-27 17:50:05.294 D/audio_hw_primary(  198): disable_audio_route: reset and update mixer path: audio-record
11-27 17:50:05.299 D/audio_hw_primary(  198): disable_snd_device: snd_device(55: voice-rec-mic)
11-27 17:50:05.360 D/SurfaceFlinger(  176): Set power mode=3, type=0 flinger=0xb8584550
11-27 17:50:05.360 I/qdhwcomposer(  176): handle_blank_event: dpy:0 panel power state: 2
11-27 17:50:06.177 I/qdhwcomposer(  176): handle_blank_event: dpy:0 panel power state: 2
11-27 17:50:06.177 E/libsuspend(  575): Error writing to /sys/power/state: Device or resource busy
11-27 17:50:10.445 I/qdhwcomposer(  176): handle_blank_event: dpy:0 panel power state: 2
11-27 17:50:11.019 D/Clockwork.Settings(  739): got new locale: en_US->en_US
11-27 17:50:12.870 W/bt-btif ( 1101): dm_pm_timer expires
11-27 17:50:12.870 W/bt-btif ( 1101): dm_pm_timer expires 0
11-27 17:50:12.870 W/bt-btif ( 1101): proc dm_pm_timer expires
11-27 17:50:22.274 I/MidnightService( 1084): [MidnightService] onReceive : android.intent.action.TIME_SET
11-27 17:50:22.288 I/Clockwork.TimeService(  814): set the time to 1448643022259
11-27 17:50:22.312 D/SurfaceFlinger(  176): Set power mode=1, type=0 flinger=0xb8584550
11-27 17:50:22.312 I/qdhwcomposer(  176): handle_blank_event: dpy:0 panel power state: 2
11-27 17:50:22.315 D/MidnightService( 1084): [MidnightService] today : 2015-11-27 00:00:00
11-27 17:50:22.315 D/MidnightService( 1084): [MidnightService] resetTime : 2015-11-28 00:00:00
11-27 17:50:22.403 I/CheckinService(  968): Checkin interval check for package: unspecified last checkin: 1448641152858 min interval config: 0 actual interval: 1869545
11-27 17:50:22.425 D/SurfaceFlinger(  176): Set power mode=3, type=0 flinger=0xb8584550
11-27 17:50:22.426 I/qdhwcomposer(  176): handle_blank_event: dpy:0 panel power state: 2
11-27 17:50:24.219 W/bt-btif ( 1101): dm_pm_timer expires
11-27 17:50:24.219 W/bt-btif ( 1101): dm_pm_timer expires 0
11-27 17:50:24.220 W/bt-btif ( 1101): proc dm_pm_timer expires
11-27 17:50:24.410 I/qdhwcomposer(  176): handle_blank_event: dpy:0 panel power state: 2
11-27 17:50:24.422 I/TimeSyncer(  739): Companion requested the watch start a time sync.
11-27 17:50:24.423 I/TimeSyncer(  739): sending request - elapsedRealTime: 348733025
11-27 17:50:24.458 I/TimeSyncer(  739): UPDATED TIME to ms 1448643022238, offset ms: -2217, latency ms: 32
11-27 17:50:24.458 D/TimeSyncer(  739): Resetting alarm for 86400000 ms from now
11-27 17:50:24.476 D/AlarmManagerService(  575): Setting time of day to sec=1448643022
11-27 17:50:29.007 I/qdhwcomposer(  176): handle_blank_event: dpy:0 panel power state: 2
11-27 17:50:29.013 E/libsuspend(  575): Error writing to /sys/power/state: Device or resource busy
