11-27 16:57:36.335 D/        (  198): Failed to fetch the lookup information of the device 0000003E 
11-27 16:57:36.335 D/        (  198): Failed to fetch the lookup information of the device 0000003E 
11-27 16:57:36.335 D/audio_hw_primary(  198): enable_snd_device: snd_device(55: voice-rec-mic)
11-27 16:57:36.354 I/InputReader(  575): Reconfiguring input devices.  changes=0x00000004
11-27 16:57:36.354 I/InputReader(  575): Device reconfigured: id=3, name='synaptics_rmi4_i2c', size 320x320, orientation 0, mode 1, display id 0
11-27 16:57:36.357 I/InputReader(  575): Reconfiguring input devices.  changes=0x00000004
11-27 16:57:36.361 D/audio_hw_primary(  198): enable_audio_route: apply and update mixer path: audio-record
11-27 16:57:36.385 I/InputReader(  575): Reconfiguring input devices.  changes=0x00000004
11-27 16:57:36.385 I/InputReader(  575): Device reconfigured: id=3, name='synaptics_rmi4_i2c', size 320x320, orientation 0, mode 1, display id 0
11-27 16:57:36.387 I/InputReader(  575): Reconfiguring input devices.  changes=0x00000004
11-27 16:57:36.413 I/InputReader(  575): Reconfiguring input devices.  changes=0x00000004
11-27 16:57:36.413 I/InputReader(  575): Device reconfigured: id=3, name='synaptics_rmi4_i2c', size 320x320, orientation 0, mode 1, display id 0
11-27 16:57:36.414 I/InputReader(  575): Reconfiguring input devices.  changes=0x00000004
11-27 16:57:36.430 D/AmbientService(  914): onAmbientExited: AmbientActivity[component=ComponentInfo{com.google.android.wearable.app/com.google.android.clockwork.home.HomeActivity}, callbacks=@46990b1, running=true, ambient=false] Binder_2 55
11-27 16:57:41.263 E/WifiStateMachine(  575): cancelDelayedScan -> 742
11-27 16:57:41.271 D/audio_hw_primary(  198): adev_set_parameters: enter: screen_state=off
11-27 16:57:41.297 D/DeepAmbientRecognition(  739): onCreate
11-27 16:57:41.312 D/AmbientService(  914): onReceive Intent { act=android.intent.action.SCREEN_OFF flg=0x50000010 } true
11-27 16:57:41.315 D/AmbientService(  914): AmbientDreamRegistrationServiceStub.attach: dream: AmbientComponentConfig[component=ComponentInfo{com.google.android.wearable.ambient/com.google.android.wearable.ambient.AmbientDream}]
11-27 16:57:41.316 D/AmbientService(  914): findRunningActivities: found: AmbientActivity[component=ComponentInfo{com.google.android.wearable.app/com.google.android.clockwork.home.HomeActivity}, callbacks=@46990b1, running=true, ambient=false]
11-27 16:57:41.317 D/AmbientService(  914): scheduling next alarm, nowWall: 1448639861317, nextWall: 1448639880000, nowElapsed: 345566892, nextElapsed: 345585575
11-27 16:57:41.334 D/AmbientService(  914): enterAmbient: AmbientActivity[component=ComponentInfo{com.google.android.wearable.app/com.google.android.clockwork.home.HomeActivity}, callbacks=@46990b1, running=true, ambient=false] main 1
11-27 16:57:41.362 D/AmbientService(  914): onAmbientEntered: AmbientActivity[component=ComponentInfo{com.google.android.wearable.app/com.google.android.clockwork.home.HomeActivity}, callbacks=@46990b1, running=true, ambient=true]Binder_4 57
11-27 16:57:41.364 D/PowerHAL(  575): IDLE_MODE(touch) -> 1
11-27 16:57:41.441 D/audio_hw_primary(  198): disable_audio_route: reset and update mixer path: audio-record
11-27 16:57:41.444 D/audio_hw_primary(  198): disable_snd_device: snd_device(55: voice-rec-mic)
11-27 16:57:41.469 I/art     (  739): Background sticky concurrent mark sweep GC freed 32551(842KB) AllocSpace objects, 0(0B) LOS objects, 4% free, 19MB/20MB, paused 1.701ms total 162.346ms
11-27 16:57:41.802 V/KeyguardServiceDelegate(  575): onScreenTurnedOn(showListener = com.android.internal.policy.impl.PhoneWindowManager$2@2662acec)
11-27 16:57:41.809 E/WifiStateMachine(  575): cancelDelayedScan -> 743
11-27 16:57:41.812 D/PowerHAL(  575): IDLE_MODE(touch) -> 0
11-27 16:57:41.815 V/KeyguardServiceDelegate(  575): **** SHOWN CALLED ****
11-27 16:57:41.818 D/audio_hw_primary(  198): adev_set_parameters: enter: screen_state=on
11-27 16:57:41.857 D/DeepAmbientRecognition(  739): onDestroy
11-27 16:57:41.883 D/AmbientService(  914): exitAmbient: AmbientActivity[component=ComponentInfo{com.google.android.wearable.app/com.google.android.clockwork.home.HomeActivity}, callbacks=@46990b1, running=true, ambient=true] main 1
11-27 16:57:41.893 D/AmbientService(  914): AmbientDreamStub.detach called while disabled
11-27 16:57:41.908 D/AmbientService(  914): onAmbientExited: AmbientActivity[component=ComponentInfo{com.google.android.wearable.app/com.google.android.clockwork.home.HomeActivity}, callbacks=@46990b1, running=true, ambient=false] Binder_4 57
11-27 16:57:41.927 I/AudioFlinger(  198): AudioFlinger's thread 0xb568d008 ready to run
11-27 16:57:41.956 D/audio_hw_primary(  198): select_devices: out_snd_device(0: none) in_snd_device(55: voice-rec-mic)
11-27 16:57:41.956 D/msm8974_platform(  198): platform_send_audio_calibration: sending audio calibration for snd_device(55) acdb_id(62)
11-27 16:57:41.956 D/        (  198): Failed to fetch the lookup information of the device 0000003E 
11-27 16:57:41.956 D/        (  198): Failed to fetch the lookup information of the device 0000003E 
11-27 16:57:41.956 D/audio_hw_primary(  198): enable_snd_device: snd_device(55: voice-rec-mic)
11-27 16:57:41.978 D/audio_hw_primary(  198): enable_audio_route: apply and update mixer path: audio-record
11-27 16:57:42.846 I/art     (  839): WaitForGcToComplete blocked for 10.154ms for cause DisableMovingGc
11-27 16:57:46.837 E/WifiStateMachine(  575): cancelDelayedScan -> 744
11-27 16:57:46.840 D/audio_hw_primary(  198): adev_set_parameters: enter: screen_state=off
11-27 16:57:46.878 D/DeepAmbientRecognition(  739): onCreate
11-27 16:57:47.081 I/art     (  575): Explicit concurrent mark sweep GC freed 32407(1662KB) AllocSpace objects, 1(16KB) LOS objects, 15% free, 11MB/13MB, paused 11.219ms total 183.563ms
11-27 16:57:47.088 D/AmbientService(  914): onReceive Intent { act=android.intent.action.SCREEN_OFF flg=0x50000010 } true
11-27 16:57:47.090 D/AmbientService(  914): AmbientDreamRegistrationServiceStub.attach: dream: AmbientComponentConfig[component=ComponentInfo{com.google.android.wearable.ambient/com.google.android.wearable.ambient.AmbientDream}]
11-27 16:57:47.098 D/AmbientService(  914): findRunningActivities: found: AmbientActivity[component=ComponentInfo{com.google.android.wearable.app/com.google.android.clockwork.home.HomeActivity}, callbacks=@46990b1, running=true, ambient=false]
11-27 16:57:47.098 D/AmbientService(  914): scheduling next alarm, nowWall: 1448639867098, nextWall: 1448639880000, nowElapsed: 345572673, nextElapsed: 345585575
11-27 16:57:47.102 D/AmbientService(  914): enterAmbient: AmbientActivity[component=ComponentInfo{com.google.android.wearable.app/com.google.android.clockwork.home.HomeActivity}, callbacks=@46990b1, running=true, ambient=false] main 1
11-27 16:57:47.146 D/AmbientService(  914): onAmbientEntered: AmbientActivity[component=ComponentInfo{com.google.android.wearable.app/com.google.android.clockwork.home.HomeActivity}, callbacks=@46990b1, running=true, ambient=true]Binder_3 56
11-27 16:57:47.148 D/PowerHAL(  575): IDLE_MODE(touch) -> 1
11-27 16:57:47.230 D/audio_hw_primary(  198): disable_audio_route: reset and update mixer path: audio-record
11-27 16:57:47.234 D/audio_hw_primary(  198): disable_snd_device: snd_device(55: voice-rec-mic)
11-27 16:57:47.886 D/SurfaceFlinger(  176): Set power mode=3, type=0 flinger=0xb8584550
11-27 16:57:47.887 I/qdhwcomposer(  176): handle_blank_event: dpy:0 panel power state: 2
11-27 16:57:48.630 E/libsuspend(  575): Error writing to /sys/power/state: Device or resource busy
11-27 16:57:48.823 I/qdhwcomposer(  176): handle_blank_event: dpy:0 panel power state: 2
11-27 16:57:48.825 E/libsuspend(  575): Error writing to /sys/power/state: Device or resource busy
11-27 16:57:49.861 I/qdhwcomposer(  176): handle_blank_event: dpy:0 panel power state: 2
11-27 16:57:49.864 V/KeyguardServiceDelegate(  575): onScreenTurnedOn(showListener = com.android.internal.policy.impl.PhoneWindowManager$2@2662acec)
11-27 16:57:49.878 E/WifiStateMachine(  575): cancelDelayedScan -> 745
11-27 16:57:49.884 V/KeyguardServiceDelegate(  575): **** SHOWN CALLED ****
11-27 16:57:49.886 D/audio_hw_primary(  198): adev_set_parameters: enter: screen_state=on
11-27 16:57:49.892 D/PowerHAL(  575): IDLE_MODE(touch) -> 0
11-27 16:57:49.894 D/SurfaceFlinger(  176): Set power mode=2, type=0 flinger=0xb8584550
11-27 16:57:49.917 I/qdhwcomposer(  176): handle_blank_event: dpy:0 panel power state: 1
11-27 16:57:49.947 D/DeepAmbientRecognition(  739): onDestroy
11-27 16:57:49.972 D/AmbientService(  914): exitAmbient: AmbientActivity[component=ComponentInfo{com.google.android.wearable.app/com.google.android.clockwork.home.HomeActivity}, callbacks=@46990b1, running=true, ambient=true] main 1
11-27 16:57:49.982 D/AmbientService(  914): AmbientDreamStub.detach called while disabled
11-27 16:57:50.005 I/AudioFlinger(  198): AudioFlinger's thread 0xb568d008 ready to run
11-27 16:57:50.022 D/audio_hw_primary(  198): select_devices: out_snd_device(0: none) in_snd_device(55: voice-rec-mic)
11-27 16:57:50.022 D/msm8974_platform(  198): platform_send_audio_calibration: sending audio calibration for snd_device(55) acdb_id(62)
11-27 16:57:50.022 D/        (  198): Failed to fetch the lookup information of the device 0000003E 
11-27 16:57:50.023 D/        (  198): Failed to fetch the lookup information of the device 0000003E 
11-27 16:57:50.023 D/audio_hw_primary(  198): enable_snd_device: snd_device(55: voice-rec-mic)
11-27 16:57:50.027 D/AmbientService(  914): onAmbientExited: AmbientActivity[component=ComponentInfo{com.google.android.wearable.app/com.google.android.clockwork.home.HomeActivity}, callbacks=@46990b1, running=true, ambient=false] Binder_1 54
11-27 16:57:50.048 D/audio_hw_primary(  198): enable_audio_route: apply and update mixer path: audio-record
11-27 16:57:56.936 E/WifiStateMachine(  575): cancelDelayedScan -> 746
11-27 16:57:56.938 D/audio_hw_primary(  198): adev_set_parameters: enter: screen_state=off
11-27 16:57:56.974 D/DeepAmbientRecognition(  739): onCreate
11-27 16:57:56.987 D/AmbientService(  914): AmbientDreamRegistrationServiceStub.attach: dream: AmbientComponentConfig[component=ComponentInfo{com.google.android.wearable.ambient/com.google.android.wearable.ambient.AmbientDream}]
11-27 16:57:56.989 D/AmbientService(  914): findRunningActivities: found: AmbientActivity[component=ComponentInfo{com.google.android.wearable.app/com.google.android.clockwork.home.HomeActivity}, callbacks=@46990b1, running=true, ambient=false]
11-27 16:57:56.990 D/AmbientService(  914): onReceive Intent { act=android.intent.action.SCREEN_OFF flg=0x50000010 } true
11-27 16:57:57.039 D/AmbientService(  914): scheduling next alarm, nowWall: 1448639877039, nextWall: 1448639880000, nowElapsed: 345582614, nextElapsed: 345585575
11-27 16:57:57.040 D/AmbientService(  914): enterAmbient: AmbientActivity[component=ComponentInfo{com.google.android.wearable.app/com.google.android.clockwork.home.HomeActivity}, callbacks=@46990b1, running=true, ambient=false] main 1
11-27 16:57:57.052 D/LightsService(  575): Excessive delay setting light: 63ms
11-27 16:57:57.054 D/AmbientService(  914): onAmbientEntered: AmbientActivity[component=ComponentInfo{com.google.android.wearable.app/com.google.android.clockwork.home.HomeActivity}, callbacks=@46990b1, running=true, ambient=true]Binder_3 56
11-27 16:57:57.074 D/PowerHAL(  575): IDLE_MODE(touch) -> 1
11-27 16:57:57.163 D/audio_hw_primary(  198): disable_audio_route: reset and update mixer path: audio-record
11-27 16:57:57.166 D/audio_hw_primary(  198): disable_snd_device: snd_device(55: voice-rec-mic)
11-27 16:57:57.983 D/SurfaceFlinger(  176): Set power mode=3, type=0 flinger=0xb8584550
11-27 16:57:57.983 I/qdhwcomposer(  176): handle_blank_event: dpy:0 panel power state: 2
11-27 16:57:58.721 I/qdhwcomposer(  176): handle_blank_event: dpy:0 panel power state: 2
11-27 16:57:58.722 E/libsuspend(  575): Error writing to /sys/power/state: Device or resource busy
11-27 16:58:03.188 I/qdhwcomposer(  176): handle_blank_event: dpy:0 panel power state: 2
11-27 16:58:03.191 D/AmbientService(  914): scheduling next alarm, nowWall: 1448639883191, nextWall: 1448639940000, nowElapsed: 345588766, nextElapsed: 345645575
11-27 16:58:03.194 D/AmbientService(  914): updateAmbient: AmbientActivity[component=ComponentInfo{com.google.android.wearable.app/com.google.android.clockwork.home.HomeActivity}, callbacks=@46990b1, running=true, ambient=true] main 1
11-27 16:58:03.199 D/AmbientService(  914): onAmbientUpdated: AmbientActivity[component=ComponentInfo{com.google.android.wearable.app/com.google.android.clockwork.home.HomeActivity}, callbacks=@46990b1, running=true, ambient=true]Binder_2 55
11-27 16:58:03.210 D/SurfaceFlinger(  176): Set power mode=1, type=0 flinger=0xb8584550
11-27 16:58:03.211 I/qdhwcomposer(  176): handle_blank_event: dpy:0 panel power state: 2
11-27 16:58:03.334 D/SurfaceFlinger(  176): Set power mode=3, type=0 flinger=0xb8584550
11-27 16:58:03.335 I/qdhwcomposer(  176): handle_blank_event: dpy:0 panel power state: 2
11-27 16:58:36.107 I/qdhwcomposer(  176): handle_blank_event: dpy:0 panel power state: 2
11-27 16:58:36.113 V/KeyguardServiceDelegate(  575): onScreenTurnedOn(showListener = com.android.internal.policy.impl.PhoneWindowManager$2@2662acec)
11-27 16:58:36.126 E/WifiStateMachine(  575): cancelDelayedScan -> 747
11-27 16:58:36.130 D/audio_hw_primary(  198): adev_set_parameters: enter: screen_state=on
11-27 16:58:36.133 V/KeyguardServiceDelegate(  575): **** SHOWN CALLED ****
11-27 16:58:36.141 D/PowerHAL(  575): IDLE_MODE(touch) -> 0
11-27 16:58:36.144 D/SurfaceFlinger(  176): Set power mode=2, type=0 flinger=0xb8584550
11-27 16:58:36.162 I/qdhwcomposer(  176): handle_blank_event: dpy:0 panel power state: 1
11-27 16:58:36.199 D/DeepAmbientRecognition(  739): onDestroy
11-27 16:58:36.210 D/AmbientService(  914): exitAmbient: AmbientActivity[component=ComponentInfo{com.google.android.wearable.app/com.google.android.clockwork.home.HomeActivity}, callbacks=@46990b1, running=true, ambient=true] main 1
11-27 16:58:36.214 D/AmbientService(  914): AmbientDreamStub.detach called while disabled
11-27 16:58:36.258 D/AmbientService(  914): onAmbientExited: AmbientActivity[component=ComponentInfo{com.google.android.wearable.app/com.google.android.clockwork.home.HomeActivity}, callbacks=@46990b1, running=true, ambient=false] Binder_1 54
11-27 16:58:36.259 I/AudioFlinger(  198): AudioFlinger's thread 0xb568d008 ready to run
11-27 16:58:36.274 D/audio_hw_primary(  198): select_devices: out_snd_device(0: none) in_snd_device(55: voice-rec-mic)
11-27 16:58:36.274 D/msm8974_platform(  198): platform_send_audio_calibration: sending audio calibration for snd_device(55) acdb_id(62)
11-27 16:58:36.274 D/        (  198): Failed to fetch the lookup information of the device 0000003E 
11-27 16:58:36.274 D/        (  198): Failed to fetch the lookup information of the device 0000003E 
11-27 16:58:36.274 D/audio_hw_primary(  198): enable_snd_device: snd_device(55: voice-rec-mic)
11-27 16:58:36.308 D/audio_hw_primary(  198): enable_audio_route: apply and update mixer path: audio-record
11-27 16:58:41.167 E/WifiStateMachine(  575): cancelDelayedScan -> 748
11-27 16:58:41.176 D/audio_hw_primary(  198): adev_set_parameters: enter: screen_state=off
11-27 16:58:41.216 D/DeepAmbientRecognition(  739): onCreate
11-27 16:58:41.228 D/AmbientService(  914): onReceive Intent { act=android.intent.action.SCREEN_OFF flg=0x50000010 } true
11-27 16:58:41.230 D/AmbientService(  914): AmbientDreamRegistrationServiceStub.attach: dream: AmbientComponentConfig[component=ComponentInfo{com.google.android.wearable.ambient/com.google.android.wearable.ambient.AmbientDream}]
11-27 16:58:41.230 D/AmbientService(  914): findRunningActivities: found: AmbientActivity[component=ComponentInfo{com.google.android.wearable.app/com.google.android.clockwork.home.HomeActivity}, callbacks=@46990b1, running=true, ambient=false]
11-27 16:58:41.231 D/AmbientService(  914): scheduling next alarm, nowWall: 1448639921231, nextWall: 1448639940000, nowElapsed: 345626806, nextElapsed: 345645575
11-27 16:58:41.231 D/AmbientService(  914): enterAmbient: AmbientActivity[component=ComponentInfo{com.google.android.wearable.app/com.google.android.clockwork.home.HomeActivity}, callbacks=@46990b1, running=true, ambient=false] main 1
11-27 16:58:41.254 D/LightsService(  575): Excessive delay setting light: 59ms
11-27 16:58:41.258 D/AmbientService(  914): onAmbientEntered: AmbientActivity[component=ComponentInfo{com.google.android.wearable.app/com.google.android.clockwork.home.HomeActivity}, callbacks=@46990b1, running=true, ambient=true]Binder_3 56
11-27 16:58:41.351 D/PowerHAL(  575): IDLE_MODE(touch) -> 1
11-27 16:58:41.353 D/audio_hw_primary(  198): disable_audio_route: reset and update mixer path: audio-record
11-27 16:58:41.357 D/audio_hw_primary(  198): disable_snd_device: snd_device(55: voice-rec-mic)
11-27 16:58:42.211 D/SurfaceFlinger(  176): Set power mode=3, type=0 flinger=0xb8584550
11-27 16:58:42.211 I/qdhwcomposer(  176): handle_blank_event: dpy:0 panel power state: 2
11-27 16:58:42.926 E/libsuspend(  575): Error writing to /sys/power/state: Device or resource busy
11-27 16:59:00.188 I/qdhwcomposer(  176): handle_blank_event: dpy:0 panel power state: 2
11-27 16:59:00.195 D/AmbientService(  914): scheduling next alarm, nowWall: 1448639940195, nextWall: 1448640000000, nowElapsed: 345645770, nextElapsed: 345705575
11-27 16:59:00.196 D/AmbientService(  914): updateAmbient: AmbientActivity[component=ComponentInfo{com.google.android.wearable.app/com.google.android.clockwork.home.HomeActivity}, callbacks=@46990b1, running=true, ambient=true] main 1
11-27 16:59:00.224 I/InputReader(  575): Reconfiguring input devices.  changes=0x00000004
11-27 16:59:00.224 I/InputReader(  575): Device reconfigured: id=3, name='synaptics_rmi4_i2c', size 320x320, orientation 0, mode 1, display id 0
11-27 16:59:00.225 I/InputReader(  575): Reconfiguring input devices.  changes=0x00000004
11-27 16:59:00.226 D/AmbientService(  914): onAmbientUpdated: AmbientActivity[component=ComponentInfo{com.google.android.wearable.app/com.google.android.clockwork.home.HomeActivity}, callbacks=@46990b1, running=true, ambient=true]Binder_2 55
11-27 16:59:00.230 D/SurfaceFlinger(  176): Set power mode=1, type=0 flinger=0xb8584550
11-27 16:59:00.230 I/qdhwcomposer(  176): handle_blank_event: dpy:0 panel power state: 2
11-27 16:59:00.361 D/SurfaceFlinger(  176): Set power mode=3, type=0 flinger=0xb8584550
11-27 16:59:00.361 I/qdhwcomposer(  176): handle_blank_event: dpy:0 panel power state: 2
11-27 16:59:47.188 I/qdhwcomposer(  176): handle_blank_event: dpy:0 panel power state: 2
11-27 17:00:01.189 I/qdhwcomposer(  176): handle_blank_event: dpy:0 panel power state: 2
11-27 17:00:01.193 D/AmbientService(  914): scheduling next alarm, nowWall: 1448640001193, nextWall: 1448640060000, nowElapsed: 345706769, nextElapsed: 345765576
11-27 17:00:01.195 D/AmbientService(  914): updateAmbient: AmbientActivity[component=ComponentInfo{com.google.android.wearable.app/com.google.android.clockwork.home.HomeActivity}, callbacks=@46990b1, running=true, ambient=true] main 1
11-27 17:00:01.200 D/AmbientService(  914): onAmbientUpdated: AmbientActivity[component=ComponentInfo{com.google.android.wearable.app/com.google.android.clockwork.home.HomeActivity}, callbacks=@46990b1, running=true, ambient=true]Binder_2 55
11-27 17:00:01.209 D/SurfaceFlinger(  176): Set power mode=1, type=0 flinger=0xb8584550
11-27 17:00:01.209 I/qdhwcomposer(  176): handle_blank_event: dpy:0 panel power state: 2
11-27 17:00:01.334 D/SurfaceFlinger(  176): Set power mode=3, type=0 flinger=0xb8584550
11-27 17:00:01.335 I/qdhwcomposer(  176): handle_blank_event: dpy:0 panel power state: 2
11-27 17:00:59.703 I/qdhwcomposer(  176): handle_blank_event: dpy:0 panel power state: 2
11-27 17:01:00.015 I/InputReader(  575): Reconfiguring input devices.  changes=0x00000004
11-27 17:01:00.015 I/InputReader(  575): Device reconfigured: id=3, name='synaptics_rmi4_i2c', size 320x320, orientation 0, mode 1, display id 0
11-27 17:01:00.016 I/InputReader(  575): Reconfiguring input devices.  changes=0x00000004
11-27 17:01:00.018 D/AmbientService(  914): scheduling next alarm, nowWall: 1448640060018, nextWall: 1448640120000, nowElapsed: 345765593, nextElapsed: 345825575
11-27 17:01:00.020 D/AmbientService(  914): updateAmbient: AmbientActivity[component=ComponentInfo{com.google.android.wearable.app/com.google.android.clockwork.home.HomeActivity}, callbacks=@46990b1, running=true, ambient=true] main 1
11-27 17:01:00.026 D/AmbientService(  914): onAmbientUpdated: AmbientActivity[component=ComponentInfo{com.google.android.wearable.app/com.google.android.clockwork.home.HomeActivity}, callbacks=@46990b1, running=true, ambient=true]Binder_2 55
11-27 17:01:00.043 D/SurfaceFlinger(  176): Set power mode=1, type=0 flinger=0xb8584550
11-27 17:01:00.043 I/qdhwcomposer(  176): handle_blank_event: dpy:0 panel power state: 2
11-27 17:01:00.173 D/SurfaceFlinger(  176): Set power mode=3, type=0 flinger=0xb8584550
11-27 17:01:00.173 I/qdhwcomposer(  176): handle_blank_event: dpy:0 panel power state: 2
11-27 17:01:00.313 D/AuthZenWearListenerService(  968): onMessageReceived : MessageEventParcelable[17180,com/google/android/location/fused/wearable/LOCATIONS, size=362], Path: com/google/android/location/fused/wearable/LOCATIONS
11-27 17:01:00.319 D/AuthZenListenerService(  968): onMessageReceived: MessageEventParcelable[17180,com/google/android/location/fused/wearable/LOCATIONS, size=362], Path: com/google/android/location/fused/wearable/LOCATIONS
11-27 17:01:02.128 W/bt-btif ( 1101): dm_pm_timer expires
11-27 17:01:02.128 W/bt-btif ( 1101): dm_pm_timer expires 0
11-27 17:01:02.128 W/bt-btif ( 1101): proc dm_pm_timer expires
11-27 17:02:01.190 I/qdhwcomposer(  176): handle_blank_event: dpy:0 panel power state: 2
11-27 17:02:01.199 D/AmbientService(  914): scheduling next alarm, nowWall: 1448640121199, nextWall: 1448640180000, nowElapsed: 345826774, nextElapsed: 345885575
11-27 17:02:01.201 D/AmbientService(  914): updateAmbient: AmbientActivity[component=ComponentInfo{com.google.android.wearable.app/com.google.android.clockwork.home.HomeActivity}, callbacks=@46990b1, running=true, ambient=true] main 1
11-27 17:02:01.225 D/AmbientService(  914): onAmbientUpdated: AmbientActivity[component=ComponentInfo{com.google.android.wearable.app/com.google.android.clockwork.home.HomeActivity}, callbacks=@46990b1, running=true, ambient=true]Binder_2 55
11-27 17:02:01.226 I/InputReader(  575): Reconfiguring input devices.  changes=0x00000004
11-27 17:02:01.226 I/InputReader(  575): Device reconfigured: id=3, name='synaptics_rmi4_i2c', size 320x320, orientation 0, mode 1, display id 0
11-27 17:02:01.230 I/InputReader(  575): Reconfiguring input devices.  changes=0x00000004
11-27 17:02:01.252 D/SurfaceFlinger(  176): Set power mode=1, type=0 flinger=0xb8584550
11-27 17:02:01.253 I/qdhwcomposer(  176): handle_blank_event: dpy:0 panel power state: 2
11-27 17:02:01.383 D/SurfaceFlinger(  176): Set power mode=3, type=0 flinger=0xb8584550
11-27 17:02:01.384 I/qdhwcomposer(  176): handle_blank_event: dpy:0 panel power state: 2
11-27 17:03:01.190 I/qdhwcomposer(  176): handle_blank_event: dpy:0 panel power state: 2
11-27 17:03:01.198 D/AmbientService(  914): scheduling next alarm, nowWall: 1448640181198, nextWall: 1448640240000, nowElapsed: 345886774, nextElapsed: 345945576
11-27 17:03:01.200 D/AmbientService(  914): updateAmbient: AmbientActivity[component=ComponentInfo{com.google.android.wearable.app/com.google.android.clockwork.home.HomeActivity}, callbacks=@46990b1, running=true, ambient=true] main 1
11-27 17:03:01.220 D/AmbientService(  914): onAmbientUpdated: AmbientActivity[component=ComponentInfo{com.google.android.wearable.app/com.google.android.clockwork.home.HomeActivity}, callbacks=@46990b1, running=true, ambient=true]Binder_2 55
11-27 17:03:01.221 I/InputReader(  575): Reconfiguring input devices.  changes=0x00000004
11-27 17:03:01.221 I/InputReader(  575): Device reconfigured: id=3, name='synaptics_rmi4_i2c', size 320x320, orientation 0, mode 1, display id 0
11-27 17:03:01.222 I/InputReader(  575): Reconfiguring input devices.  changes=0x00000004
11-27 17:03:01.246 D/SurfaceFlinger(  176): Set power mode=1, type=0 flinger=0xb8584550
11-27 17:03:01.246 I/qdhwcomposer(  176): handle_blank_event: dpy:0 panel power state: 2
11-27 17:03:01.377 D/SurfaceFlinger(  176): Set power mode=3, type=0 flinger=0xb8584550
11-27 17:03:01.377 I/qdhwcomposer(  176): handle_blank_event: dpy:0 panel power state: 2
11-27 17:03:24.191 I/qdhwcomposer(  176): handle_blank_event: dpy:0 panel power state: 2
11-27 17:04:01.190 I/qdhwcomposer(  176): handle_blank_event: dpy:0 panel power state: 2
11-27 17:04:01.196 D/AmbientService(  914): scheduling next alarm, nowWall: 1448640241196, nextWall: 1448640300000, nowElapsed: 345946771, nextElapsed: 346005575
11-27 17:04:01.197 D/AmbientService(  914): updateAmbient: AmbientActivity[component=ComponentInfo{com.google.android.wearable.app/com.google.android.clockwork.home.HomeActivity}, callbacks=@46990b1, running=true, ambient=true] main 1
11-27 17:04:01.227 I/InputReader(  575): Reconfiguring input devices.  changes=0x00000004
11-27 17:04:01.227 I/InputReader(  575): Device reconfigured: id=3, name='synaptics_rmi4_i2c', size 320x320, orientation 0, mode 1, display id 0
11-27 17:04:01.229 D/AmbientService(  914): onAmbientUpdated: AmbientActivity[component=ComponentInfo{com.google.android.wearable.app/com.google.android.clockwork.home.HomeActivity}, callbacks=@46990b1, running=true, ambient=true]Binder_2 55
11-27 17:04:01.229 I/InputReader(  575): Reconfiguring input devices.  changes=0x00000004
11-27 17:04:01.253 D/SurfaceFlinger(  176): Set power mode=1, type=0 flinger=0xb8584550
11-27 17:04:01.253 I/qdhwcomposer(  176): handle_blank_event: dpy:0 panel power state: 2
11-27 17:04:01.385 D/SurfaceFlinger(  176): Set power mode=3, type=0 flinger=0xb8584550
11-27 17:04:01.385 I/qdhwcomposer(  176): handle_blank_event: dpy:0 panel power state: 2
11-27 17:04:22.865 I/qdhwcomposer(  176): handle_blank_event: dpy:0 panel power state: 2
11-27 17:04:22.869 V/KeyguardServiceDelegate(  575): onScreenTurnedOn(showListener = com.android.internal.policy.impl.PhoneWindowManager$2@2662acec)
11-27 17:04:22.880 E/WifiStateMachine(  575): cancelDelayedScan -> 749
11-27 17:04:22.887 D/audio_hw_primary(  198): adev_set_parameters: enter: screen_state=on
11-27 17:04:22.890 V/KeyguardServiceDelegate(  575): **** SHOWN CALLED ****
11-27 17:04:22.896 D/PowerHAL(  575): IDLE_MODE(touch) -> 0
11-27 17:04:22.898 D/SurfaceFlinger(  176): Set power mode=2, type=0 flinger=0xb8584550
11-27 17:04:22.918 I/qdhwcomposer(  176): handle_blank_event: dpy:0 panel power state: 1
11-27 17:04:22.958 D/AmbientService(  914): exitAmbient: AmbientActivity[component=ComponentInfo{com.google.android.wearable.app/com.google.android.clockwork.home.HomeActivity}, callbacks=@46990b1, running=true, ambient=true] main 1
11-27 17:04:22.961 D/AmbientService(  914): AmbientDreamStub.detach called while disabled
11-27 17:04:22.985 I/AudioFlinger(  198): AudioFlinger's thread 0xb568d008 ready to run
11-27 17:04:22.992 I/InputReader(  575): Reconfiguring input devices.  changes=0x00000004
11-27 17:04:22.992 I/InputReader(  575): Device reconfigured: id=3, name='synaptics_rmi4_i2c', size 320x320, orientation 0, mode 1, display id 0
11-27 17:04:22.995 I/InputReader(  575): Reconfiguring input devices.  changes=0x00000004
11-27 17:04:23.008 D/audio_hw_primary(  198): select_devices: out_snd_device(0: none) in_snd_device(55: voice-rec-mic)
11-27 17:04:23.008 D/msm8974_platform(  198): platform_send_audio_calibration: sending audio calibration for snd_device(55) acdb_id(62)
11-27 17:04:23.008 D/        (  198): Failed to fetch the lookup information of the device 0000003E 
11-27 17:04:23.008 D/        (  198): Failed to fetch the lookup information of the device 0000003E 
11-27 17:04:23.009 D/audio_hw_primary(  198): enable_snd_device: snd_device(55: voice-rec-mic)
11-27 17:04:23.021 D/audio_hw_primary(  198): enable_audio_route: apply and update mixer path: audio-record
11-27 17:04:23.027 I/InputReader(  575): Reconfiguring input devices.  changes=0x00000004
11-27 17:04:23.027 I/InputReader(  575): Device reconfigured: id=3, name='synaptics_rmi4_i2c', size 320x320, orientation 0, mode 1, display id 0
11-27 17:04:23.029 I/InputReader(  575): Reconfiguring input devices.  changes=0x00000004
11-27 17:04:23.053 I/InputReader(  575): Reconfiguring input devices.  changes=0x00000004
11-27 17:04:23.053 I/InputReader(  575): Device reconfigured: id=3, name='synaptics_rmi4_i2c', size 320x320, orientation 0, mode 1, display id 0
11-27 17:04:23.059 I/InputReader(  575): Reconfiguring input devices.  changes=0x00000004
11-27 17:04:23.072 D/AmbientService(  914): onAmbientExited: AmbientActivity[component=ComponentInfo{com.google.android.wearable.app/com.google.android.clockwork.home.HomeActivity}, callbacks=@46990b1, running=true, ambient=false] Binder_1 54
11-27 17:04:23.216 D/DeepAmbientRecognition(  739): onDestroy
11-27 17:04:23.291 I/art     (  776): Background sticky concurrent mark sweep GC freed 25794(1144KB) AllocSpace objects, 2(32KB) LOS objects, 9% free, 11MB/13MB, paused 44.693ms total 174.128ms
11-27 17:04:27.919 E/WifiStateMachine(  575): cancelDelayedScan -> 750
11-27 17:04:27.922 D/audio_hw_primary(  198): adev_set_parameters: enter: screen_state=off
11-27 17:04:27.953 D/DeepAmbientRecognition(  739): onCreate
11-27 17:04:27.969 D/AmbientService(  914): AmbientDreamRegistrationServiceStub.attach: dream: AmbientComponentConfig[component=ComponentInfo{com.google.android.wearable.ambient/com.google.android.wearable.ambient.AmbientDream}]
11-27 17:04:27.970 D/AmbientService(  914): findRunningActivities: found: AmbientActivity[component=ComponentInfo{com.google.android.wearable.app/com.google.android.clockwork.home.HomeActivity}, callbacks=@46990b1, running=true, ambient=false]
11-27 17:04:27.970 D/AmbientService(  914): onReceive Intent { act=android.intent.action.SCREEN_OFF flg=0x50000010 } true
11-27 17:04:27.972 D/AmbientService(  914): scheduling next alarm, nowWall: 1448640267972, nextWall: 1448640300000, nowElapsed: 345973547, nextElapsed: 346005575
11-27 17:04:27.990 D/AmbientService(  914): enterAmbient: AmbientActivity[component=ComponentInfo{com.google.android.wearable.app/com.google.android.clockwork.home.HomeActivity}, callbacks=@46990b1, running=true, ambient=false] main 1
11-27 17:04:28.033 D/AmbientService(  914): onAmbientEntered: AmbientActivity[component=ComponentInfo{com.google.android.wearable.app/com.google.android.clockwork.home.HomeActivity}, callbacks=@46990b1, running=true, ambient=true]Binder_3 56
11-27 17:04:28.045 D/PowerHAL(  575): IDLE_MODE(touch) -> 1
11-27 17:04:28.097 D/audio_hw_primary(  198): disable_audio_route: reset and update mixer path: audio-record
11-27 17:04:28.102 D/audio_hw_primary(  198): disable_snd_device: snd_device(55: voice-rec-mic)
11-27 17:04:28.974 D/SurfaceFlinger(  176): Set power mode=3, type=0 flinger=0xb8584550
11-27 17:04:28.975 I/qdhwcomposer(  176): handle_blank_event: dpy:0 panel power state: 2
11-27 17:05:01.189 I/qdhwcomposer(  176): handle_blank_event: dpy:0 panel power state: 2
11-27 17:05:01.195 D/AmbientService(  914): scheduling next alarm, nowWall: 1448640301195, nextWall: 1448640360000, nowElapsed: 346006770, nextElapsed: 346065575
11-27 17:05:01.197 D/AmbientService(  914): updateAmbient: AmbientActivity[component=ComponentInfo{com.google.android.wearable.app/com.google.android.clockwork.home.HomeActivity}, callbacks=@46990b1, running=true, ambient=true] main 1
11-27 17:05:01.221 I/InputReader(  575): Reconfiguring input devices.  changes=0x00000004
11-27 17:05:01.221 I/InputReader(  575): Device reconfigured: id=3, name='synaptics_rmi4_i2c', size 320x320, orientation 0, mode 1, display id 0
11-27 17:05:01.222 I/InputReader(  575): Reconfiguring input devices.  changes=0x00000004
11-27 17:05:01.223 D/AmbientService(  914): onAmbientUpdated: AmbientActivity[component=ComponentInfo{com.google.android.wearable.app/com.google.android.clockwork.home.HomeActivity}, callbacks=@46990b1, running=true, ambient=true]Binder_4 57
11-27 17:05:01.227 D/SurfaceFlinger(  176): Set power mode=1, type=0 flinger=0xb8584550
11-27 17:05:01.227 I/qdhwcomposer(  176): handle_blank_event: dpy:0 panel power state: 2
11-27 17:05:01.358 D/SurfaceFlinger(  176): Set power mode=3, type=0 flinger=0xb8584550
11-27 17:05:01.358 I/qdhwcomposer(  176): handle_blank_event: dpy:0 panel power state: 2
11-27 17:05:14.978 I/qdhwcomposer(  176): handle_blank_event: dpy:0 panel power state: 2
11-27 17:05:14.983 V/KeyguardServiceDelegate(  575): onScreenTurnedOn(showListener = com.android.internal.policy.impl.PhoneWindowManager$2@2662acec)
11-27 17:05:14.995 E/WifiStateMachine(  575): cancelDelayedScan -> 751
11-27 17:05:15.000 V/KeyguardServiceDelegate(  575): **** SHOWN CALLED ****
11-27 17:05:15.002 D/audio_hw_primary(  198): adev_set_parameters: enter: screen_state=on
11-27 17:05:15.012 D/PowerHAL(  575): IDLE_MODE(touch) -> 0
11-27 17:05:15.014 D/SurfaceFlinger(  176): Set power mode=2, type=0 flinger=0xb8584550
11-27 17:05:15.033 I/qdhwcomposer(  176): handle_blank_event: dpy:0 panel power state: 1
11-27 17:05:15.071 D/DeepAmbientRecognition(  739): onDestroy
11-27 17:05:15.079 D/AmbientService(  914): exitAmbient: AmbientActivity[component=ComponentInfo{com.google.android.wearable.app/com.google.android.clockwork.home.HomeActivity}, callbacks=@46990b1, running=true, ambient=true] main 1
11-27 17:05:15.088 D/AmbientService(  914): AmbientDreamStub.detach called while disabled
11-27 17:05:15.106 I/InputReader(  575): Reconfiguring input devices.  changes=0x00000004
11-27 17:05:15.107 I/InputReader(  575): Device reconfigured: id=3, name='synaptics_rmi4_i2c', size 320x320, orientation 0, mode 1, display id 0
11-27 17:05:15.108 I/InputReader(  575): Reconfiguring input devices.  changes=0x00000004
11-27 17:05:15.114 I/AudioFlinger(  198): AudioFlinger's thread 0xb568d008 ready to run
11-27 17:05:15.128 D/audio_hw_primary(  198): select_devices: out_snd_device(0: none) in_snd_device(55: voice-rec-mic)
11-27 17:05:15.128 D/msm8974_platform(  198): platform_send_audio_calibration: sending audio calibration for snd_device(55) acdb_id(62)
11-27 17:05:15.128 D/        (  198): Failed to fetch the lookup information of the device 0000003E 
11-27 17:05:15.128 D/        (  198): Failed to fetch the lookup information of the device 0000003E 
11-27 17:05:15.128 D/audio_hw_primary(  198): enable_snd_device: snd_device(55: voice-rec-mic)
11-27 17:05:15.143 I/InputReader(  575): Reconfiguring input devices.  changes=0x00000004
11-27 17:05:15.143 I/InputReader(  575): Device reconfigured: id=3, name='synaptics_rmi4_i2c', size 320x320, orientation 0, mode 1, display id 0
11-27 17:05:15.145 I/InputReader(  575): Reconfiguring input devices.  changes=0x00000004
11-27 17:05:15.151 D/audio_hw_primary(  198): enable_audio_route: apply and update mixer path: audio-record
11-27 17:05:15.168 I/InputReader(  575): Reconfiguring input devices.  changes=0x00000004
11-27 17:05:15.168 I/InputReader(  575): Device reconfigured: id=3, name='synaptics_rmi4_i2c', size 320x320, orientation 0, mode 1, display id 0
11-27 17:05:15.170 I/InputReader(  575): Reconfiguring input devices.  changes=0x00000004
11-27 17:05:15.182 D/AmbientService(  914): onAmbientExited: AmbientActivity[component=ComponentInfo{com.google.android.wearable.app/com.google.android.clockwork.home.HomeActivity}, callbacks=@46990b1, running=true, ambient=false] Binder_1 54
11-27 17:05:20.036 E/WifiStateMachine(  575): cancelDelayedScan -> 752
11-27 17:05:20.048 D/audio_hw_primary(  198): adev_set_parameters: enter: screen_state=off
11-27 17:05:20.089 D/DeepAmbientRecognition(  739): onCreate
11-27 17:05:20.109 D/AmbientService(  914): onReceive Intent { act=android.intent.action.SCREEN_OFF flg=0x50000010 } true
11-27 17:05:20.111 D/AmbientService(  914): AmbientDreamRegistrationServiceStub.attach: dream: AmbientComponentConfig[component=ComponentInfo{com.google.android.wearable.ambient/com.google.android.wearable.ambient.AmbientDream}]
11-27 17:05:20.111 D/AmbientService(  914): findRunningActivities: found: AmbientActivity[component=ComponentInfo{com.google.android.wearable.app/com.google.android.clockwork.home.HomeActivity}, callbacks=@46990b1, running=true, ambient=false]
11-27 17:05:20.111 D/AmbientService(  914): scheduling next alarm, nowWall: 1448640320111, nextWall: 1448640360000, nowElapsed: 346025687, nextElapsed: 346065576
11-27 17:05:20.112 D/AmbientService(  914): enterAmbient: AmbientActivity[component=ComponentInfo{com.google.android.wearable.app/com.google.android.clockwork.home.HomeActivity}, callbacks=@46990b1, running=true, ambient=false] main 1
11-27 17:05:20.132 D/LightsService(  575): Excessive delay setting light: 65ms
11-27 17:05:20.172 D/AmbientService(  914): onAmbientEntered: AmbientActivity[component=ComponentInfo{com.google.android.wearable.app/com.google.android.clockwork.home.HomeActivity}, callbacks=@46990b1, running=true, ambient=true]Binder_4 57
11-27 17:05:20.189 D/PowerHAL(  575): IDLE_MODE(touch) -> 1
11-27 17:05:20.232 D/audio_hw_primary(  198): disable_audio_route: reset and update mixer path: audio-record
11-27 17:05:20.235 D/audio_hw_primary(  198): disable_snd_device: snd_device(55: voice-rec-mic)
11-27 17:05:20.386 I/art     (  739): Background partial concurrent mark sweep GC freed 24860(1253KB) AllocSpace objects, 2(56KB) LOS objects, 9% free, 18MB/20MB, paused 15.907ms total 300.122ms
11-27 17:05:21.083 D/SurfaceFlinger(  176): Set power mode=3, type=0 flinger=0xb8584550
11-27 17:05:21.083 I/qdhwcomposer(  176): handle_blank_event: dpy:0 panel power state: 2
11-27 17:06:01.187 I/qdhwcomposer(  176): handle_blank_event: dpy:0 panel power state: 2
11-27 17:06:01.193 D/AmbientService(  914): scheduling next alarm, nowWall: 1448640361193, nextWall: 1448640420000, nowElapsed: 346066768, nextElapsed: 346125575
11-27 17:06:01.195 D/AmbientService(  914): updateAmbient: AmbientActivity[component=ComponentInfo{com.google.android.wearable.app/com.google.android.clockwork.home.HomeActivity}, callbacks=@46990b1, running=true, ambient=true] main 1
11-27 17:06:01.220 I/InputReader(  575): Reconfiguring input devices.  changes=0x00000004
11-27 17:06:01.220 I/InputReader(  575): Device reconfigured: id=3, name='synaptics_rmi4_i2c', size 320x320, orientation 0, mode 1, display id 0
11-27 17:06:01.221 D/AmbientService(  914): onAmbientUpdated: AmbientActivity[component=ComponentInfo{com.google.android.wearable.app/com.google.android.clockwork.home.HomeActivity}, callbacks=@46990b1, running=true, ambient=true]Binder_3 56
11-27 17:06:01.222 I/InputReader(  575): Reconfiguring input devices.  changes=0x00000004
11-27 17:06:01.225 D/SurfaceFlinger(  176): Set power mode=1, type=0 flinger=0xb8584550
11-27 17:06:01.226 I/qdhwcomposer(  176): handle_blank_event: dpy:0 panel power state: 2
11-27 17:06:01.354 D/SurfaceFlinger(  176): Set power mode=3, type=0 flinger=0xb8584550
11-27 17:06:01.354 I/qdhwcomposer(  176): handle_blank_event: dpy:0 panel power state: 2
11-27 17:07:01.191 I/qdhwcomposer(  176): handle_blank_event: dpy:0 panel power state: 2
11-27 17:07:01.201 D/AmbientService(  914): scheduling next alarm, nowWall: 1448640421201, nextWall: 1448640480000, nowElapsed: 346126776, nextElapsed: 346185575
11-27 17:07:01.202 D/AmbientService(  914): updateAmbient: AmbientActivity[component=ComponentInfo{com.google.android.wearable.app/com.google.android.clockwork.home.HomeActivity}, callbacks=@46990b1, running=true, ambient=true] main 1
11-27 17:07:01.218 D/AmbientService(  914): onAmbientUpdated: AmbientActivity[component=ComponentInfo{com.google.android.wearable.app/com.google.android.clockwork.home.HomeActivity}, callbacks=@46990b1, running=true, ambient=true]Binder_3 56
11-27 17:07:01.220 I/InputReader(  575): Reconfiguring input devices.  changes=0x00000004
11-27 17:07:01.220 I/InputReader(  575): Device reconfigured: id=3, name='synaptics_rmi4_i2c', size 320x320, orientation 0, mode 1, display id 0
11-27 17:07:01.221 I/InputReader(  575): Reconfiguring input devices.  changes=0x00000004
11-27 17:07:01.226 D/SurfaceFlinger(  176): Set power mode=1, type=0 flinger=0xb8584550
11-27 17:07:01.226 I/qdhwcomposer(  176): handle_blank_event: dpy:0 panel power state: 2
11-27 17:07:01.349 D/SurfaceFlinger(  176): Set power mode=3, type=0 flinger=0xb8584550
11-27 17:07:01.349 I/qdhwcomposer(  176): handle_blank_event: dpy:0 panel power state: 2
11-27 17:07:01.402 I/qdhwcomposer(  176): handle_blank_event: dpy:0 panel power state: 2
11-27 17:07:01.406 E/libsuspend(  575): Error writing to /sys/power/state: Device or resource busy
11-27 17:07:03.478 D/Finsky  ( 1245): [137] WearablePackageService.onHandleIntent: Updating package info (50 packages)
11-27 17:07:03.608 I/FitnessWearable( 1278): Checking fitness notification
11-27 17:07:03.973 I/art     (  776): Background partial concurrent mark sweep GC freed 38589(1943KB) AllocSpace objects, 0(0B) LOS objects, 15% free, 11MB/13MB, paused 2.788ms total 128.753ms
11-27 17:07:04.459 I/FitnessWearable( 1278): Fitness Platform Queries took: 754 ms
11-27 17:07:04.726 D/AuthZenWearListenerService(  968): onMessageReceived : MessageEventParcelable[17181,/WearablesSync/Ack/tommy.thorsen@gmail.com, size=16], Path: /WearablesSync/Ack/tommy.thorsen@gmail.com
11-27 17:07:04.731 D/AuthZenListenerService(  968): onMessageReceived: MessageEventParcelable[17181,/WearablesSync/Ack/tommy.thorsen@gmail.com, size=16], Path: /WearablesSync/Ack/tommy.thorsen@gmail.com
11-27 17:07:05.705 I/art     (  575): Explicit concurrent mark sweep GC freed 33898(1727KB) AllocSpace objects, 0(0B) LOS objects, 15% free, 11MB/13MB, paused 1.937ms total 107.335ms
11-27 17:07:05.920 D/SurfaceFlinger(  176): Set power mode=1, type=0 flinger=0xb8584550
11-27 17:07:05.920 I/qdhwcomposer(  176): handle_blank_event: dpy:0 panel power state: 2
11-27 17:07:06.090 D/SurfaceFlinger(  176): Set power mode=3, type=0 flinger=0xb8584550
11-27 17:07:06.090 I/qdhwcomposer(  176): handle_blank_event: dpy:0 panel power state: 2
11-27 17:07:07.819 W/bt-btif ( 1101): dm_pm_timer expires
11-27 17:07:07.819 W/bt-btif ( 1101): dm_pm_timer expires 0
11-27 17:07:07.819 W/bt-btif ( 1101): proc dm_pm_timer expires
11-27 17:07:50.172 I/qdhwcomposer(  176): handle_blank_event: dpy:0 panel power state: 2
11-27 17:07:51.915 I/FitnessWearable( 1278): Completed Phone Sync
11-27 17:07:51.915 I/FitnessWearable( 1278): Checking on account update
11-27 17:07:51.931 I/FitnessWearable( 1278): Trying to insert platform daily totals
11-27 17:07:52.212 I/FitnessWearable( 1278): Initialized Fitness Account
11-27 17:07:52.494 W/bt-btif ( 1101): dm_pm_timer expires
11-27 17:07:52.495 W/bt-btif ( 1101): dm_pm_timer expires 0
11-27 17:07:52.495 W/bt-btif ( 1101): proc dm_pm_timer expires
11-27 17:07:52.534 E/StreamVibrator(  739): Found notifications that tried to vibrate, but they never made it to the top of the stream. Not vibrating.
11-27 17:08:00.192 I/qdhwcomposer(  176): handle_blank_event: dpy:0 panel power state: 2
11-27 17:08:00.198 D/AmbientService(  914): scheduling next alarm, nowWall: 1448640480198, nextWall: 1448640540000, nowElapsed: 346185773, nextElapsed: 346245575
11-27 17:08:00.199 D/AmbientService(  914): updateAmbient: AmbientActivity[component=ComponentInfo{com.google.android.wearable.app/com.google.android.clockwork.home.HomeActivity}, callbacks=@46990b1, running=true, ambient=true] main 1
11-27 17:08:00.222 I/InputReader(  575): Reconfiguring input devices.  changes=0x00000004
11-27 17:08:00.222 I/InputReader(  575): Device reconfigured: id=3, name='synaptics_rmi4_i2c', size 320x320, orientation 0, mode 1, display id 0
11-27 17:08:00.223 D/AmbientService(  914): onAmbientUpdated: AmbientActivity[component=ComponentInfo{com.google.android.wearable.app/com.google.android.clockwork.home.HomeActivity}, callbacks=@46990b1, running=true, ambient=true]Binder_4 57
11-27 17:08:00.224 I/InputReader(  575): Reconfiguring input devices.  changes=0x00000004
11-27 17:08:00.246 D/SurfaceFlinger(  176): Set power mode=1, type=0 flinger=0xb8584550
11-27 17:08:00.246 I/qdhwcomposer(  176): handle_blank_event: dpy:0 panel power state: 2
11-27 17:08:00.367 D/SurfaceFlinger(  176): Set power mode=3, type=0 flinger=0xb8584550
11-27 17:08:00.367 I/qdhwcomposer(  176): handle_blank_event: dpy:0 panel power state: 2
11-27 17:09:01.192 I/qdhwcomposer(  176): handle_blank_event: dpy:0 panel power state: 2
11-27 17:09:01.206 D/AmbientService(  914): scheduling next alarm, nowWall: 1448640541206, nextWall: 1448640600000, nowElapsed: 346246781, nextElapsed: 346305575
11-27 17:09:01.215 D/AmbientService(  914): updateAmbient: AmbientActivity[component=ComponentInfo{com.google.android.wearable.app/com.google.android.clockwork.home.HomeActivity}, callbacks=@46990b1, running=true, ambient=true] main 1
11-27 17:09:01.220 I/InputReader(  575): Reconfiguring input devices.  changes=0x00000004
11-27 17:09:01.220 I/InputReader(  575): Device reconfigured: id=3, name='synaptics_rmi4_i2c', size 320x320, orientation 0, mode 1, display id 0
11-27 17:09:01.221 I/InputReader(  575): Reconfiguring input devices.  changes=0x00000004
11-27 17:09:01.224 D/AmbientService(  914): onAmbientUpdated: AmbientActivity[component=ComponentInfo{com.google.android.wearable.app/com.google.android.clockwork.home.HomeActivity}, callbacks=@46990b1, running=true, ambient=true]Binder_4 57
11-27 17:09:01.246 D/SurfaceFlinger(  176): Set power mode=1, type=0 flinger=0xb8584550
11-27 17:09:01.246 I/qdhwcomposer(  176): handle_blank_event: dpy:0 panel power state: 2
11-27 17:09:01.372 D/SurfaceFlinger(  176): Set power mode=3, type=0 flinger=0xb8584550
11-27 17:09:01.373 I/qdhwcomposer(  176): handle_blank_event: dpy:0 panel power state: 2
11-27 17:09:26.192 I/qdhwcomposer(  176): handle_blank_event: dpy:0 panel power state: 2
11-27 17:09:28.472 W/bt-btif ( 1101): dm_pm_timer expires
11-27 17:09:28.472 W/bt-btif ( 1101): dm_pm_timer expires 0
11-27 17:09:28.472 W/bt-btif ( 1101): proc dm_pm_timer expires
11-27 17:09:31.082 I/qdhwcomposer(  176): handle_blank_event: dpy:0 panel power state: 2
11-27 17:09:31.082 E/libsuspend(  575): Error writing to /sys/power/state: Device or resource busy
11-27 17:10:00.192 I/qdhwcomposer(  176): handle_blank_event: dpy:0 panel power state: 2
11-27 17:10:00.202 D/AmbientService(  914): scheduling next alarm, nowWall: 1448640600202, nextWall: 1448640660000, nowElapsed: 346305777, nextElapsed: 346365575
11-27 17:10:00.204 D/AmbientService(  914): updateAmbient: AmbientActivity[component=ComponentInfo{com.google.android.wearable.app/com.google.android.clockwork.home.HomeActivity}, callbacks=@46990b1, running=true, ambient=true] main 1
11-27 17:10:00.246 D/AmbientService(  914): onAmbientUpdated: AmbientActivity[component=ComponentInfo{com.google.android.wearable.app/com.google.android.clockwork.home.HomeActivity}, callbacks=@46990b1, running=true, ambient=true]Binder_4 57
11-27 17:10:00.249 I/InputReader(  575): Reconfiguring input devices.  changes=0x00000004
11-27 17:10:00.249 I/InputReader(  575): Device reconfigured: id=3, name='synaptics_rmi4_i2c', size 320x320, orientation 0, mode 1, display id 0
11-27 17:10:00.250 I/InputReader(  575): Reconfiguring input devices.  changes=0x00000004
11-27 17:10:00.273 D/SurfaceFlinger(  176): Set power mode=1, type=0 flinger=0xb8584550
11-27 17:10:00.273 I/qdhwcomposer(  176): handle_blank_event: dpy:0 panel power state: 2
11-27 17:10:00.399 D/SurfaceFlinger(  176): Set power mode=3, type=0 flinger=0xb8584550
11-27 17:10:00.400 I/qdhwcomposer(  176): handle_blank_event: dpy:0 panel power state: 2
11-27 17:11:01.192 I/qdhwcomposer(  176): handle_blank_event: dpy:0 panel power state: 2
11-27 17:11:01.202 D/AmbientService(  914): scheduling next alarm, nowWall: 1448640661201, nextWall: 1448640720000, nowElapsed: 346366777, nextElapsed: 346425576
11-27 17:11:01.203 D/AmbientService(  914): updateAmbient: AmbientActivity[component=ComponentInfo{com.google.android.wearable.app/com.google.android.clockwork.home.HomeActivity}, callbacks=@46990b1, running=true, ambient=true] main 1
11-27 17:11:01.227 I/InputReader(  575): Reconfiguring input devices.  changes=0x00000004
11-27 17:11:01.227 I/InputReader(  575): Device reconfigured: id=3, name='synaptics_rmi4_i2c', size 320x320, orientation 0, mode 1, display id 0
11-27 17:11:01.228 I/InputReader(  575): Reconfiguring input devices.  changes=0x00000004
11-27 17:11:01.231 D/AmbientService(  914): onAmbientUpdated: AmbientActivity[component=ComponentInfo{com.google.android.wearable.app/com.google.android.clockwork.home.HomeActivity}, callbacks=@46990b1, running=true, ambient=true]Binder_4 57
11-27 17:11:01.255 D/SurfaceFlinger(  176): Set power mode=1, type=0 flinger=0xb8584550
11-27 17:11:01.255 I/qdhwcomposer(  176): handle_blank_event: dpy:0 panel power state: 2
11-27 17:11:01.381 D/SurfaceFlinger(  176): Set power mode=3, type=0 flinger=0xb8584550
11-27 17:11:01.382 I/qdhwcomposer(  176): handle_blank_event: dpy:0 panel power state: 2
11-27 17:12:01.193 I/qdhwcomposer(  176): handle_blank_event: dpy:0 panel power state: 2
11-27 17:12:01.200 D/AmbientService(  914): scheduling next alarm, nowWall: 1448640721200, nextWall: 1448640780000, nowElapsed: 346426775, nextElapsed: 346485575
11-27 17:12:01.210 D/AmbientService(  914): updateAmbient: AmbientActivity[component=ComponentInfo{com.google.android.wearable.app/com.google.android.clockwork.home.HomeActivity}, callbacks=@46990b1, running=true, ambient=true] main 1
