11-27 18:15:01.201 D/SurfaceFlinger(  176): Set power mode=3, type=0 flinger=0xb8584550
11-27 18:15:01.201 I/qdhwcomposer(  176): handle_blank_event: dpy:0 panel power state: 2
11-27 18:15:51.973 I/qdhwcomposer(  176): handle_blank_event: dpy:0 panel power state: 2
11-27 18:15:53.408 I/FitnessWearable( 1278): Completed Phone Sync
11-27 18:15:53.408 I/FitnessWearable( 1278): Checking on account update
11-27 18:15:53.421 I/FitnessWearable( 1278): Trying to insert platform daily totals
11-27 18:15:53.749 I/FitnessWearable( 1278): Initialized Fitness Account
11-27 18:15:53.923 E/StreamVibrator(  739): Found notifications that tried to vibrate, but they never made it to the top of the stream. Not vibrating.
11-27 18:15:53.992 W/bt-btif ( 1101): dm_pm_timer expires
11-27 18:15:53.993 W/bt-btif ( 1101): dm_pm_timer expires 0
11-27 18:15:53.993 W/bt-btif ( 1101): proc dm_pm_timer expires
11-27 18:16:01.010 I/qdhwcomposer(  176): handle_blank_event: dpy:0 panel power state: 2
11-27 18:16:01.016 D/AmbientService(  914): scheduling next alarm, nowWall: 1448644561016, nextWall: 1448644620000, nowElapsed: 350279113, nextElapsed: 350338097
11-27 18:16:01.026 D/AmbientService(  914): updateAmbient: AmbientActivity[component=ComponentInfo{com.google.android.wearable.app/com.google.android.clockwork.home.HomeActivity}, callbacks=@46990b1, running=true, ambient=true] main 1
11-27 18:16:01.030 I/InputReader(  575): Reconfiguring input devices.  changes=0x00000004
11-27 18:16:01.030 I/InputReader(  575): Device reconfigured: id=3, name='synaptics_rmi4_i2c', size 320x320, orientation 0, mode 1, display id 0
11-27 18:16:01.031 I/InputReader(  575): Reconfiguring input devices.  changes=0x00000004
11-27 18:16:01.034 D/AmbientService(  914): onAmbientUpdated: AmbientActivity[component=ComponentInfo{com.google.android.wearable.app/com.google.android.clockwork.home.HomeActivity}, callbacks=@46990b1, running=true, ambient=true]Binder_5 58
11-27 18:16:01.053 D/SurfaceFlinger(  176): Set power mode=1, type=0 flinger=0xb8584550
11-27 18:16:01.054 I/qdhwcomposer(  176): handle_blank_event: dpy:0 panel power state: 2
11-27 18:16:01.184 D/SurfaceFlinger(  176): Set power mode=3, type=0 flinger=0xb8584550
11-27 18:16:01.184 I/qdhwcomposer(  176): handle_blank_event: dpy:0 panel power state: 2
11-27 18:17:01.012 I/qdhwcomposer(  176): handle_blank_event: dpy:0 panel power state: 2
11-27 18:17:01.021 D/AmbientService(  914): scheduling next alarm, nowWall: 1448644621021, nextWall: 1448644680000, nowElapsed: 350339117, nextElapsed: 350398096
11-27 18:17:01.022 D/AmbientService(  914): updateAmbient: AmbientActivity[component=ComponentInfo{com.google.android.wearable.app/com.google.android.clockwork.home.HomeActivity}, callbacks=@46990b1, running=true, ambient=true] main 1
11-27 18:17:01.041 D/AmbientService(  914): onAmbientUpdated: AmbientActivity[component=ComponentInfo{com.google.android.wearable.app/com.google.android.clockwork.home.HomeActivity}, callbacks=@46990b1, running=true, ambient=true]Binder_3 56
11-27 18:17:01.042 I/InputReader(  575): Reconfiguring input devices.  changes=0x00000004
11-27 18:17:01.042 I/InputReader(  575): Device reconfigured: id=3, name='synaptics_rmi4_i2c', size 320x320, orientation 0, mode 1, display id 0
11-27 18:17:01.043 I/InputReader(  575): Reconfiguring input devices.  changes=0x00000004
11-27 18:17:01.067 D/SurfaceFlinger(  176): Set power mode=1, type=0 flinger=0xb8584550
11-27 18:17:01.068 I/qdhwcomposer(  176): handle_blank_event: dpy:0 panel power state: 2
11-27 18:17:01.199 D/SurfaceFlinger(  176): Set power mode=3, type=0 flinger=0xb8584550
11-27 18:17:01.199 I/qdhwcomposer(  176): handle_blank_event: dpy:0 panel power state: 2
11-27 18:18:01.013 I/qdhwcomposer(  176): handle_blank_event: dpy:0 panel power state: 2
11-27 18:18:01.021 D/AmbientService(  914): scheduling next alarm, nowWall: 1448644681021, nextWall: 1448644740000, nowElapsed: 350399118, nextElapsed: 350458097
11-27 18:18:01.022 D/AmbientService(  914): updateAmbient: AmbientActivity[component=ComponentInfo{com.google.android.wearable.app/com.google.android.clockwork.home.HomeActivity}, callbacks=@46990b1, running=true, ambient=true] main 1
11-27 18:18:01.041 D/AmbientService(  914): onAmbientUpdated: AmbientActivity[component=ComponentInfo{com.google.android.wearable.app/com.google.android.clockwork.home.HomeActivity}, callbacks=@46990b1, running=true, ambient=true]Binder_4 57
11-27 18:18:01.041 I/InputReader(  575): Reconfiguring input devices.  changes=0x00000004
11-27 18:18:01.042 I/InputReader(  575): Device reconfigured: id=3, name='synaptics_rmi4_i2c', size 320x320, orientation 0, mode 1, display id 0
11-27 18:18:01.043 I/InputReader(  575): Reconfiguring input devices.  changes=0x00000004
11-27 18:18:01.065 D/SurfaceFlinger(  176): Set power mode=1, type=0 flinger=0xb8584550
11-27 18:18:01.065 I/qdhwcomposer(  176): handle_blank_event: dpy:0 panel power state: 2
11-27 18:18:01.196 D/SurfaceFlinger(  176): Set power mode=3, type=0 flinger=0xb8584550
11-27 18:18:01.196 I/qdhwcomposer(  176): handle_blank_event: dpy:0 panel power state: 2
11-27 18:19:01.013 I/qdhwcomposer(  176): handle_blank_event: dpy:0 panel power state: 2
11-27 18:19:01.020 D/AmbientService(  914): scheduling next alarm, nowWall: 1448644741020, nextWall: 1448644800000, nowElapsed: 350459117, nextElapsed: 350518097
11-27 18:19:01.022 D/AmbientService(  914): updateAmbient: AmbientActivity[component=ComponentInfo{com.google.android.wearable.app/com.google.android.clockwork.home.HomeActivity}, callbacks=@46990b1, running=true, ambient=true] main 1
11-27 18:19:01.043 D/AmbientService(  914): onAmbientUpdated: AmbientActivity[component=ComponentInfo{com.google.android.wearable.app/com.google.android.clockwork.home.HomeActivity}, callbacks=@46990b1, running=true, ambient=true]Binder_2 55
11-27 18:19:01.043 I/InputReader(  575): Reconfiguring input devices.  changes=0x00000004
11-27 18:19:01.043 I/InputReader(  575): Device reconfigured: id=3, name='synaptics_rmi4_i2c', size 320x320, orientation 0, mode 1, display id 0
11-27 18:19:01.045 I/InputReader(  575): Reconfiguring input devices.  changes=0x00000004
11-27 18:19:01.068 D/SurfaceFlinger(  176): Set power mode=1, type=0 flinger=0xb8584550
11-27 18:19:01.068 I/qdhwcomposer(  176): handle_blank_event: dpy:0 panel power state: 2
11-27 18:19:01.200 D/SurfaceFlinger(  176): Set power mode=3, type=0 flinger=0xb8584550
11-27 18:19:01.200 I/qdhwcomposer(  176): handle_blank_event: dpy:0 panel power state: 2
11-27 18:20:01.013 I/qdhwcomposer(  176): handle_blank_event: dpy:0 panel power state: 2
11-27 18:20:01.022 D/AmbientService(  914): scheduling next alarm, nowWall: 1448644801022, nextWall: 1448644860000, nowElapsed: 350519119, nextElapsed: 350578097
11-27 18:20:01.023 D/AmbientService(  914): updateAmbient: AmbientActivity[component=ComponentInfo{com.google.android.wearable.app/com.google.android.clockwork.home.HomeActivity}, callbacks=@46990b1, running=true, ambient=true] main 1
11-27 18:20:01.041 D/AmbientService(  914): onAmbientUpdated: AmbientActivity[component=ComponentInfo{com.google.android.wearable.app/com.google.android.clockwork.home.HomeActivity}, callbacks=@46990b1, running=true, ambient=true]Binder_1 54
11-27 18:20:01.042 I/InputReader(  575): Reconfiguring input devices.  changes=0x00000004
11-27 18:20:01.042 I/InputReader(  575): Device reconfigured: id=3, name='synaptics_rmi4_i2c', size 320x320, orientation 0, mode 1, display id 0
11-27 18:20:01.043 I/InputReader(  575): Reconfiguring input devices.  changes=0x00000004
11-27 18:20:01.068 D/SurfaceFlinger(  176): Set power mode=1, type=0 flinger=0xb8584550
11-27 18:20:01.068 I/qdhwcomposer(  176): handle_blank_event: dpy:0 panel power state: 2
11-27 18:20:01.199 D/SurfaceFlinger(  176): Set power mode=3, type=0 flinger=0xb8584550
11-27 18:20:01.199 I/qdhwcomposer(  176): handle_blank_event: dpy:0 panel power state: 2
11-27 18:21:01.014 I/qdhwcomposer(  176): handle_blank_event: dpy:0 panel power state: 2
11-27 18:21:01.021 D/AmbientService(  914): scheduling next alarm, nowWall: 1448644861021, nextWall: 1448644920000, nowElapsed: 350579118, nextElapsed: 350638097
11-27 18:21:01.023 D/AmbientService(  914): updateAmbient: AmbientActivity[component=ComponentInfo{com.google.android.wearable.app/com.google.android.clockwork.home.HomeActivity}, callbacks=@46990b1, running=true, ambient=true] main 1
11-27 18:21:01.044 D/AmbientService(  914): onAmbientUpdated: AmbientActivity[component=ComponentInfo{com.google.android.wearable.app/com.google.android.clockwork.home.HomeActivity}, callbacks=@46990b1, running=true, ambient=true]Binder_5 58
11-27 18:21:01.045 I/InputReader(  575): Reconfiguring input devices.  changes=0x00000004
11-27 18:21:01.045 I/InputReader(  575): Device reconfigured: id=3, name='synaptics_rmi4_i2c', size 320x320, orientation 0, mode 1, display id 0
11-27 18:21:01.046 I/InputReader(  575): Reconfiguring input devices.  changes=0x00000004
11-27 18:21:01.069 D/SurfaceFlinger(  176): Set power mode=1, type=0 flinger=0xb8584550
11-27 18:21:01.069 I/qdhwcomposer(  176): handle_blank_event: dpy:0 panel power state: 2
11-27 18:21:01.200 D/SurfaceFlinger(  176): Set power mode=3, type=0 flinger=0xb8584550
11-27 18:21:01.201 I/qdhwcomposer(  176): handle_blank_event: dpy:0 panel power state: 2
11-27 18:22:01.014 I/qdhwcomposer(  176): handle_blank_event: dpy:0 panel power state: 2
11-27 18:22:01.023 D/AmbientService(  914): scheduling next alarm, nowWall: 1448644921023, nextWall: 1448644980000, nowElapsed: 350639119, nextElapsed: 350698096
11-27 18:22:01.024 D/AmbientService(  914): updateAmbient: AmbientActivity[component=ComponentInfo{com.google.android.wearable.app/com.google.android.clockwork.home.HomeActivity}, callbacks=@46990b1, running=true, ambient=true] main 1
11-27 18:22:01.042 D/AmbientService(  914): onAmbientUpdated: AmbientActivity[component=ComponentInfo{com.google.android.wearable.app/com.google.android.clockwork.home.HomeActivity}, callbacks=@46990b1, running=true, ambient=true]Binder_3 56
11-27 18:22:01.043 I/InputReader(  575): Reconfiguring input devices.  changes=0x00000004
11-27 18:22:01.043 I/InputReader(  575): Device reconfigured: id=3, name='synaptics_rmi4_i2c', size 320x320, orientation 0, mode 1, display id 0
11-27 18:22:01.044 I/InputReader(  575): Reconfiguring input devices.  changes=0x00000004
11-27 18:22:01.068 D/SurfaceFlinger(  176): Set power mode=1, type=0 flinger=0xb8584550
11-27 18:22:01.068 I/qdhwcomposer(  176): handle_blank_event: dpy:0 panel power state: 2
11-27 18:22:01.199 D/SurfaceFlinger(  176): Set power mode=3, type=0 flinger=0xb8584550
11-27 18:22:01.199 I/qdhwcomposer(  176): handle_blank_event: dpy:0 panel power state: 2
11-27 18:22:32.289 I/Clockwork.TimeService(  814): set the time to 1448644952271
11-27 18:22:32.289 I/MidnightService( 1084): [MidnightService] onReceive : android.intent.action.TIME_SET
11-27 18:22:32.297 D/MidnightService( 1084): [MidnightService] today : 2015-11-27 00:00:00
11-27 18:22:32.297 D/MidnightService( 1084): [MidnightService] resetTime : 2015-11-28 00:00:00
11-27 18:22:32.321 D/SurfaceFlinger(  176): Set power mode=1, type=0 flinger=0xb8584550
11-27 18:22:32.321 I/qdhwcomposer(  176): handle_blank_event: dpy:0 panel power state: 2
11-27 18:22:32.349 I/CheckinService(  968): Checkin interval check for package: unspecified last checkin: 1448641152858 min interval config: 0 actual interval: 3799491
11-27 18:22:32.440 D/SurfaceFlinger(  176): Set power mode=3, type=0 flinger=0xb8584550
11-27 18:22:32.441 I/qdhwcomposer(  176): handle_blank_event: dpy:0 panel power state: 2
11-27 18:22:33.465 I/qdhwcomposer(  176): handle_blank_event: dpy:0 panel power state: 2
11-27 18:22:33.626 I/TimeSyncer(  739): Companion requested the watch start a time sync.
11-27 18:22:33.626 I/TimeSyncer(  739): sending request - elapsedRealTime: 350671723
11-27 18:22:33.696 I/TimeSyncer(  739): UPDATED TIME to ms 1448644952237, offset ms: -1456, latency ms: 66
11-27 18:22:33.696 D/TimeSyncer(  739): Resetting alarm for 86400000 ms from now
11-27 18:22:33.702 D/OnBodyDetection(  739): onCreate
11-27 18:22:33.727 D/AlarmManagerService(  575): Setting time of day to sec=1448644952
11-27 18:22:34.230 W/bt-btif ( 1101): dm_pm_timer expires
11-27 18:22:34.230 W/bt-btif ( 1101): dm_pm_timer expires 0
11-27 18:22:34.230 W/bt-btif ( 1101): proc dm_pm_timer expires
11-27 18:22:37.319 E/libsuspend(  575): Error writing to /sys/power/state: Device or resource busy
11-27 18:23:02.007 I/qdhwcomposer(  176): handle_blank_event: dpy:0 panel power state: 2
11-27 18:23:02.018 D/AmbientService(  914): scheduling next alarm, nowWall: 1448644982018, nextWall: 1448645040000, nowElapsed: 350701571, nextElapsed: 350759553
11-27 18:23:02.019 D/AmbientService(  914): updateAmbient: AmbientActivity[component=ComponentInfo{com.google.android.wearable.app/com.google.android.clockwork.home.HomeActivity}, callbacks=@46990b1, running=true, ambient=true] main 1
11-27 18:23:02.045 I/InputReader(  575): Reconfiguring input devices.  changes=0x00000004
11-27 18:23:02.047 D/AmbientService(  914): onAmbientUpdated: AmbientActivity[component=ComponentInfo{com.google.android.wearable.app/com.google.android.clockwork.home.HomeActivity}, callbacks=@46990b1, running=true, ambient=true]Binder_1 54
11-27 18:23:02.048 I/InputReader(  575): Device reconfigured: id=3, name='synaptics_rmi4_i2c', size 320x320, orientation 0, mode 1, display id 0
11-27 18:23:02.051 I/InputReader(  575): Reconfiguring input devices.  changes=0x00000004
11-27 18:23:02.075 D/SurfaceFlinger(  176): Set power mode=1, type=0 flinger=0xb8584550
11-27 18:23:02.076 I/qdhwcomposer(  176): handle_blank_event: dpy:0 panel power state: 2
11-27 18:23:02.198 D/SurfaceFlinger(  176): Set power mode=3, type=0 flinger=0xb8584550
11-27 18:23:02.198 I/qdhwcomposer(  176): handle_blank_event: dpy:0 panel power state: 2
11-27 18:23:10.007 I/qdhwcomposer(  176): handle_blank_event: dpy:0 panel power state: 2
11-27 18:24:00.006 I/qdhwcomposer(  176): handle_blank_event: dpy:0 panel power state: 2
11-27 18:24:00.025 I/InputReader(  575): Reconfiguring input devices.  changes=0x00000004
11-27 18:24:00.025 I/InputReader(  575): Device reconfigured: id=3, name='synaptics_rmi4_i2c', size 320x320, orientation 0, mode 1, display id 0
11-27 18:24:00.026 I/InputReader(  575): Reconfiguring input devices.  changes=0x00000004
11-27 18:24:00.035 D/AmbientService(  914): scheduling next alarm, nowWall: 1448645040035, nextWall: 1448645100000, nowElapsed: 350759588, nextElapsed: 350819553
11-27 18:24:00.042 D/AmbientService(  914): updateAmbient: AmbientActivity[component=ComponentInfo{com.google.android.wearable.app/com.google.android.clockwork.home.HomeActivity}, callbacks=@46990b1, running=true, ambient=true] main 1
11-27 18:24:00.045 D/AmbientService(  914): onAmbientUpdated: AmbientActivity[component=ComponentInfo{com.google.android.wearable.app/com.google.android.clockwork.home.HomeActivity}, callbacks=@46990b1, running=true, ambient=true]Binder_5 58
11-27 18:24:00.054 D/SurfaceFlinger(  176): Set power mode=1, type=0 flinger=0xb8584550
11-27 18:24:00.054 I/qdhwcomposer(  176): handle_blank_event: dpy:0 panel power state: 2
11-27 18:24:00.180 D/SurfaceFlinger(  176): Set power mode=3, type=0 flinger=0xb8584550
11-27 18:24:00.180 I/qdhwcomposer(  176): handle_blank_event: dpy:0 panel power state: 2
11-27 18:25:01.013 I/qdhwcomposer(  176): handle_blank_event: dpy:0 panel power state: 2
11-27 18:25:01.021 D/AmbientService(  914): scheduling next alarm, nowWall: 1448645101020, nextWall: 1448645160000, nowElapsed: 350820574, nextElapsed: 350879554
11-27 18:25:01.028 I/InputReader(  575): Reconfiguring input devices.  changes=0x00000004
11-27 18:25:01.028 I/InputReader(  575): Device reconfigured: id=3, name='synaptics_rmi4_i2c', size 320x320, orientation 0, mode 1, display id 0
11-27 18:25:01.029 I/InputReader(  575): Reconfiguring input devices.  changes=0x00000004
11-27 18:25:01.030 D/AmbientService(  914): updateAmbient: AmbientActivity[component=ComponentInfo{com.google.android.wearable.app/com.google.android.clockwork.home.HomeActivity}, callbacks=@46990b1, running=true, ambient=true] main 1
11-27 18:25:01.037 D/AmbientService(  914): onAmbientUpdated: AmbientActivity[component=ComponentInfo{com.google.android.wearable.app/com.google.android.clockwork.home.HomeActivity}, callbacks=@46990b1, running=true, ambient=true]Binder_3 56
11-27 18:25:01.067 D/SurfaceFlinger(  176): Set power mode=1, type=0 flinger=0xb8584550
11-27 18:25:01.067 I/qdhwcomposer(  176): handle_blank_event: dpy:0 panel power state: 2
11-27 18:25:01.198 D/SurfaceFlinger(  176): Set power mode=3, type=0 flinger=0xb8584550
11-27 18:25:01.199 I/qdhwcomposer(  176): handle_blank_event: dpy:0 panel power state: 2
11-27 18:26:01.008 I/qdhwcomposer(  176): handle_blank_event: dpy:0 panel power state: 2
11-27 18:26:01.016 D/AmbientService(  914): scheduling next alarm, nowWall: 1448645161016, nextWall: 1448645220000, nowElapsed: 350880569, nextElapsed: 350939553
11-27 18:26:01.018 D/AmbientService(  914): updateAmbient: AmbientActivity[component=ComponentInfo{com.google.android.wearable.app/com.google.android.clockwork.home.HomeActivity}, callbacks=@46990b1, running=true, ambient=true] main 1
11-27 18:26:01.051 D/AmbientService(  914): onAmbientUpdated: AmbientActivity[component=ComponentInfo{com.google.android.wearable.app/com.google.android.clockwork.home.HomeActivity}, callbacks=@46990b1, running=true, ambient=true]Binder_4 57
11-27 18:26:01.052 I/InputReader(  575): Reconfiguring input devices.  changes=0x00000004
11-27 18:26:01.052 I/InputReader(  575): Device reconfigured: id=3, name='synaptics_rmi4_i2c', size 320x320, orientation 0, mode 1, display id 0
11-27 18:26:01.053 I/InputReader(  575): Reconfiguring input devices.  changes=0x00000004
11-27 18:26:01.081 D/SurfaceFlinger(  176): Set power mode=1, type=0 flinger=0xb8584550
11-27 18:26:01.081 I/qdhwcomposer(  176): handle_blank_event: dpy:0 panel power state: 2
11-27 18:26:01.212 D/SurfaceFlinger(  176): Set power mode=3, type=0 flinger=0xb8584550
11-27 18:26:01.212 I/qdhwcomposer(  176): handle_blank_event: dpy:0 panel power state: 2
11-27 18:27:01.008 I/qdhwcomposer(  176): handle_blank_event: dpy:0 panel power state: 2
11-27 18:27:01.015 D/AmbientService(  914): scheduling next alarm, nowWall: 1448645221015, nextWall: 1448645280000, nowElapsed: 350940568, nextElapsed: 350999553
11-27 18:27:01.018 D/AmbientService(  914): updateAmbient: AmbientActivity[component=ComponentInfo{com.google.android.wearable.app/com.google.android.clockwork.home.HomeActivity}, callbacks=@46990b1, running=true, ambient=true] main 1
11-27 18:27:01.038 D/AmbientService(  914): onAmbientUpdated: AmbientActivity[component=ComponentInfo{com.google.android.wearable.app/com.google.android.clockwork.home.HomeActivity}, callbacks=@46990b1, running=true, ambient=true]Binder_2 55
11-27 18:27:01.039 I/InputReader(  575): Reconfiguring input devices.  changes=0x00000004
11-27 18:27:01.040 I/InputReader(  575): Device reconfigured: id=3, name='synaptics_rmi4_i2c', size 320x320, orientation 0, mode 1, display id 0
11-27 18:27:01.041 I/InputReader(  575): Reconfiguring input devices.  changes=0x00000004
11-27 18:27:01.062 D/SurfaceFlinger(  176): Set power mode=1, type=0 flinger=0xb8584550
11-27 18:27:01.062 I/qdhwcomposer(  176): handle_blank_event: dpy:0 panel power state: 2
11-27 18:27:01.199 D/SurfaceFlinger(  176): Set power mode=3, type=0 flinger=0xb8584550
11-27 18:27:01.199 I/qdhwcomposer(  176): handle_blank_event: dpy:0 panel power state: 2
11-27 18:28:01.009 I/qdhwcomposer(  176): handle_blank_event: dpy:0 panel power state: 2
11-27 18:28:01.017 D/AmbientService(  914): scheduling next alarm, nowWall: 1448645281017, nextWall: 1448645340000, nowElapsed: 351000570, nextElapsed: 351059553
11-27 18:28:01.018 D/AmbientService(  914): updateAmbient: AmbientActivity[component=ComponentInfo{com.google.android.wearable.app/com.google.android.clockwork.home.HomeActivity}, callbacks=@46990b1, running=true, ambient=true] main 1
11-27 18:28:01.037 D/AmbientService(  914): onAmbientUpdated: AmbientActivity[component=ComponentInfo{com.google.android.wearable.app/com.google.android.clockwork.home.HomeActivity}, callbacks=@46990b1, running=true, ambient=true]Binder_1 54
11-27 18:28:01.038 I/InputReader(  575): Reconfiguring input devices.  changes=0x00000004
11-27 18:28:01.038 I/InputReader(  575): Device reconfigured: id=3, name='synaptics_rmi4_i2c', size 320x320, orientation 0, mode 1, display id 0
11-27 18:28:01.040 I/InputReader(  575): Reconfiguring input devices.  changes=0x00000004
11-27 18:28:01.065 D/SurfaceFlinger(  176): Set power mode=1, type=0 flinger=0xb8584550
11-27 18:28:01.065 I/qdhwcomposer(  176): handle_blank_event: dpy:0 panel power state: 2
11-27 18:28:01.191 D/SurfaceFlinger(  176): Set power mode=3, type=0 flinger=0xb8584550
11-27 18:28:01.191 I/qdhwcomposer(  176): handle_blank_event: dpy:0 panel power state: 2
11-27 18:29:01.008 I/qdhwcomposer(  176): handle_blank_event: dpy:0 panel power state: 2
11-27 18:29:01.016 D/AmbientService(  914): scheduling next alarm, nowWall: 1448645341016, nextWall: 1448645400000, nowElapsed: 351060569, nextElapsed: 351119553
11-27 18:29:01.018 D/AmbientService(  914): updateAmbient: AmbientActivity[component=ComponentInfo{com.google.android.wearable.app/com.google.android.clockwork.home.HomeActivity}, callbacks=@46990b1, running=true, ambient=true] main 1
11-27 18:29:01.033 D/AmbientService(  914): onAmbientUpdated: AmbientActivity[component=ComponentInfo{com.google.android.wearable.app/com.google.android.clockwork.home.HomeActivity}, callbacks=@46990b1, running=true, ambient=true]Binder_5 58
11-27 18:29:01.036 I/InputReader(  575): Reconfiguring input devices.  changes=0x00000004
11-27 18:29:01.036 I/InputReader(  575): Device reconfigured: id=3, name='synaptics_rmi4_i2c', size 320x320, orientation 0, mode 1, display id 0
11-27 18:29:01.038 I/InputReader(  575): Reconfiguring input devices.  changes=0x00000004
11-27 18:29:01.065 D/SurfaceFlinger(  176): Set power mode=1, type=0 flinger=0xb8584550
11-27 18:29:01.066 I/qdhwcomposer(  176): handle_blank_event: dpy:0 panel power state: 2
11-27 18:29:01.187 D/SurfaceFlinger(  176): Set power mode=3, type=0 flinger=0xb8584550
11-27 18:29:01.188 I/qdhwcomposer(  176): handle_blank_event: dpy:0 panel power state: 2
11-27 18:29:23.179 I/qdhwcomposer(  176): handle_blank_event: dpy:0 panel power state: 2
11-27 18:29:23.185 V/KeyguardServiceDelegate(  575): onScreenTurnedOn(showListener = com.android.internal.policy.impl.PhoneWindowManager$2@2662acec)
11-27 18:29:23.200 E/WifiStateMachine(  575): cancelDelayedScan -> 763
11-27 18:29:23.206 V/KeyguardServiceDelegate(  575): **** SHOWN CALLED ****
11-27 18:29:23.208 D/audio_hw_primary(  198): adev_set_parameters: enter: screen_state=on
11-27 18:29:23.214 D/PowerHAL(  575): IDLE_MODE(touch) -> 0
11-27 18:29:23.216 D/SurfaceFlinger(  176): Set power mode=2, type=0 flinger=0xb8584550
11-27 18:29:23.236 I/qdhwcomposer(  176): handle_blank_event: dpy:0 panel power state: 1
11-27 18:29:23.264 D/DeepAmbientRecognition(  739): onDestroy
11-27 18:29:23.280 D/OnBodyDetection(  739): onDestroy
11-27 18:29:23.298 D/AmbientService(  914): exitAmbient: AmbientActivity[component=ComponentInfo{com.google.android.wearable.app/com.google.android.clockwork.home.HomeActivity}, callbacks=@46990b1, running=true, ambient=true] main 1
11-27 18:29:23.317 I/InputReader(  575): Reconfiguring input devices.  changes=0x00000004
11-27 18:29:23.317 I/InputReader(  575): Device reconfigured: id=3, name='synaptics_rmi4_i2c', size 320x320, orientation 0, mode 1, display id 0
11-27 18:29:23.319 I/InputReader(  575): Reconfiguring input devices.  changes=0x00000004
11-27 18:29:23.322 D/AmbientService(  914): AmbientDreamStub.detach called while disabled
11-27 18:29:23.336 I/AudioFlinger(  198): AudioFlinger's thread 0xb568d008 ready to run
11-27 18:29:23.347 I/InputReader(  575): Reconfiguring input devices.  changes=0x00000004
11-27 18:29:23.347 I/InputReader(  575): Device reconfigured: id=3, name='synaptics_rmi4_i2c', size 320x320, orientation 0, mode 1, display id 0
11-27 18:29:23.348 D/audio_hw_primary(  198): select_devices: out_snd_device(0: none) in_snd_device(55: voice-rec-mic)
11-27 18:29:23.348 D/msm8974_platform(  198): platform_send_audio_calibration: sending audio calibration for snd_device(55) acdb_id(62)
11-27 18:29:23.348 D/        (  198): Failed to fetch the lookup information of the device 0000003E 
11-27 18:29:23.348 D/        (  198): Failed to fetch the lookup information of the device 0000003E 
11-27 18:29:23.348 D/audio_hw_primary(  198): enable_snd_device: snd_device(55: voice-rec-mic)
11-27 18:29:23.359 I/InputReader(  575): Reconfiguring input devices.  changes=0x00000004
11-27 18:29:23.380 I/InputReader(  575): Reconfiguring input devices.  changes=0x00000004
11-27 18:29:23.380 I/InputReader(  575): Device reconfigured: id=3, name='synaptics_rmi4_i2c', size 320x320, orientation 0, mode 1, display id 0
11-27 18:29:23.387 I/InputReader(  575): Reconfiguring input devices.  changes=0x00000004
11-27 18:29:23.389 D/audio_hw_primary(  198): enable_audio_route: apply and update mixer path: audio-record
11-27 18:29:23.412 D/AmbientService(  914): onAmbientExited: AmbientActivity[component=ComponentInfo{com.google.android.wearable.app/com.google.android.clockwork.home.HomeActivity}, callbacks=@46990b1, running=true, ambient=false] Binder_2 55
11-27 18:29:28.244 E/WifiStateMachine(  575): cancelDelayedScan -> 764
11-27 18:29:28.246 D/audio_hw_primary(  198): adev_set_parameters: enter: screen_state=off
11-27 18:29:28.279 D/DeepAmbientRecognition(  739): onCreate
11-27 18:29:28.292 D/AmbientService(  914): AmbientDreamRegistrationServiceStub.attach: dream: AmbientComponentConfig[component=ComponentInfo{com.google.android.wearable.ambient/com.google.android.wearable.ambient.AmbientDream}]
11-27 18:29:28.293 D/AmbientService(  914): findRunningActivities: found: AmbientActivity[component=ComponentInfo{com.google.android.wearable.app/com.google.android.clockwork.home.HomeActivity}, callbacks=@46990b1, running=true, ambient=false]
11-27 18:29:28.293 D/AmbientService(  914): onReceive Intent { act=android.intent.action.SCREEN_OFF flg=0x50000010 } true
11-27 18:29:28.295 D/AmbientService(  914): scheduling next alarm, nowWall: 1448645368295, nextWall: 1448645400000, nowElapsed: 351087848, nextElapsed: 351119553
11-27 18:29:28.300 D/AmbientService(  914): enterAmbient: AmbientActivity[component=ComponentInfo{com.google.android.wearable.app/com.google.android.clockwork.home.HomeActivity}, callbacks=@46990b1, running=true, ambient=false] main 1
11-27 18:29:28.317 D/LightsService(  575): Excessive delay setting light: 51ms
11-27 18:29:28.368 D/AmbientService(  914): onAmbientEntered: AmbientActivity[component=ComponentInfo{com.google.android.wearable.app/com.google.android.clockwork.home.HomeActivity}, callbacks=@46990b1, running=true, ambient=true]Binder_4 57
11-27 18:29:28.383 D/PowerHAL(  575): IDLE_MODE(touch) -> 1
11-27 18:29:28.416 D/audio_hw_primary(  198): disable_audio_route: reset and update mixer path: audio-record
11-27 18:29:28.420 D/audio_hw_primary(  198): disable_snd_device: snd_device(55: voice-rec-mic)
11-27 18:29:29.295 D/SurfaceFlinger(  176): Set power mode=3, type=0 flinger=0xb8584550
11-27 18:29:29.295 I/qdhwcomposer(  176): handle_blank_event: dpy:0 panel power state: 2
11-27 18:29:30.111 I/qdhwcomposer(  176): handle_blank_event: dpy:0 panel power state: 2
11-27 18:29:30.112 E/libsuspend(  575): Error writing to /sys/power/state: Device or resource busy
11-27 18:30:01.009 I/qdhwcomposer(  176): handle_blank_event: dpy:0 panel power state: 2
11-27 18:30:01.015 D/AmbientService(  914): scheduling next alarm, nowWall: 1448645401015, nextWall: 1448645460000, nowElapsed: 351120568, nextElapsed: 351179553
11-27 18:30:01.016 D/AmbientService(  914): updateAmbient: AmbientActivity[component=ComponentInfo{com.google.android.wearable.app/com.google.android.clockwork.home.HomeActivity}, callbacks=@46990b1, running=true, ambient=true] main 1
11-27 18:30:01.042 I/InputReader(  575): Reconfiguring input devices.  changes=0x00000004
11-27 18:30:01.043 I/InputReader(  575): Device reconfigured: id=3, name='synaptics_rmi4_i2c', size 320x320, orientation 0, mode 1, display id 0
11-27 18:30:01.044 D/AmbientService(  914): onAmbientUpdated: AmbientActivity[component=ComponentInfo{com.google.android.wearable.app/com.google.android.clockwork.home.HomeActivity}, callbacks=@46990b1, running=true, ambient=true]Binder_1 54
11-27 18:30:01.044 I/InputReader(  575): Reconfiguring input devices.  changes=0x00000004
11-27 18:30:01.048 D/SurfaceFlinger(  176): Set power mode=1, type=0 flinger=0xb8584550
11-27 18:30:01.048 I/qdhwcomposer(  176): handle_blank_event: dpy:0 panel power state: 2
11-27 18:30:01.179 D/SurfaceFlinger(  176): Set power mode=3, type=0 flinger=0xb8584550
11-27 18:30:01.179 I/qdhwcomposer(  176): handle_blank_event: dpy:0 panel power state: 2
11-27 18:31:01.007 I/qdhwcomposer(  176): handle_blank_event: dpy:0 panel power state: 2
11-27 18:31:01.016 D/AmbientService(  914): scheduling next alarm, nowWall: 1448645461015, nextWall: 1448645520000, nowElapsed: 351180569, nextElapsed: 351239554
11-27 18:31:01.017 D/AmbientService(  914): updateAmbient: AmbientActivity[component=ComponentInfo{com.google.android.wearable.app/com.google.android.clockwork.home.HomeActivity}, callbacks=@46990b1, running=true, ambient=true] main 1
11-27 18:31:01.037 D/AmbientService(  914): onAmbientUpdated: AmbientActivity[component=ComponentInfo{com.google.android.wearable.app/com.google.android.clockwork.home.HomeActivity}, callbacks=@46990b1, running=true, ambient=true]Binder_5 58
11-27 18:31:01.038 I/InputReader(  575): Reconfiguring input devices.  changes=0x00000004
11-27 18:31:01.038 I/InputReader(  575): Device reconfigured: id=3, name='synaptics_rmi4_i2c', size 320x320, orientation 0, mode 1, display id 0
11-27 18:31:01.039 I/InputReader(  575): Reconfiguring input devices.  changes=0x00000004
11-27 18:31:01.063 D/SurfaceFlinger(  176): Set power mode=1, type=0 flinger=0xb8584550
11-27 18:31:01.063 I/qdhwcomposer(  176): handle_blank_event: dpy:0 panel power state: 2
11-27 18:31:01.193 D/SurfaceFlinger(  176): Set power mode=3, type=0 flinger=0xb8584550
11-27 18:31:01.193 I/qdhwcomposer(  176): handle_blank_event: dpy:0 panel power state: 2
11-27 18:32:01.010 I/qdhwcomposer(  176): handle_blank_event: dpy:0 panel power state: 2
11-27 18:32:01.018 D/AmbientService(  914): scheduling next alarm, nowWall: 1448645521017, nextWall: 1448645580000, nowElapsed: 351240571, nextElapsed: 351299554
11-27 18:32:01.019 D/AmbientService(  914): updateAmbient: AmbientActivity[component=ComponentInfo{com.google.android.wearable.app/com.google.android.clockwork.home.HomeActivity}, callbacks=@46990b1, running=true, ambient=true] main 1
11-27 18:32:01.040 D/AmbientService(  914): onAmbientUpdated: AmbientActivity[component=ComponentInfo{com.google.android.wearable.app/com.google.android.clockwork.home.HomeActivity}, callbacks=@46990b1, running=true, ambient=true]Binder_3 56
11-27 18:32:01.041 I/InputReader(  575): Reconfiguring input devices.  changes=0x00000004
11-27 18:32:01.041 I/InputReader(  575): Device reconfigured: id=3, name='synaptics_rmi4_i2c', size 320x320, orientation 0, mode 1, display id 0
11-27 18:32:01.042 I/InputReader(  575): Reconfiguring input devices.  changes=0x00000004
11-27 18:32:01.066 D/SurfaceFlinger(  176): Set power mode=1, type=0 flinger=0xb8584550
11-27 18:32:01.066 I/qdhwcomposer(  176): handle_blank_event: dpy:0 panel power state: 2
11-27 18:32:01.196 D/SurfaceFlinger(  176): Set power mode=3, type=0 flinger=0xb8584550
11-27 18:32:01.196 I/qdhwcomposer(  176): handle_blank_event: dpy:0 panel power state: 2
11-27 18:32:40.654 I/Clockwork.TimeService(  814): set the time to 1448645560650
11-27 18:32:40.772 I/MidnightService( 1084): [MidnightService] onReceive : android.intent.action.TIME_SET
11-27 18:32:40.776 D/MidnightService( 1084): [MidnightService] today : 2015-11-27 00:00:00
11-27 18:32:40.776 D/MidnightService( 1084): [MidnightService] resetTime : 2015-11-28 00:00:00
11-27 18:32:40.787 D/SurfaceFlinger(  176): Set power mode=1, type=0 flinger=0xb8584550
11-27 18:32:40.787 I/qdhwcomposer(  176): handle_blank_event: dpy:0 panel power state: 2
11-27 18:32:40.864 I/CheckinService(  968): Checkin interval check for package: unspecified last checkin: 1448641152858 min interval config: 0 actual interval: 4408006
11-27 18:32:40.908 D/SurfaceFlinger(  176): Set power mode=3, type=0 flinger=0xb8584550
11-27 18:32:40.909 I/qdhwcomposer(  176): handle_blank_event: dpy:0 panel power state: 2
11-27 18:32:40.954 I/EventLogService(  968): Aggregate from 1448643628466 (log), 1448643628466 (data)
11-27 18:32:43.200 I/qdhwcomposer(  176): handle_blank_event: dpy:0 panel power state: 2
11-27 18:32:43.219 I/TimeSyncer(  739): Companion requested the watch start a time sync.
11-27 18:32:43.219 I/TimeSyncer(  739): sending request - elapsedRealTime: 351282772
11-27 18:32:43.283 I/TimeSyncer(  739): UPDATED TIME to ms 1448645560637, offset ms: -2643, latency ms: 61
11-27 18:32:43.283 D/TimeSyncer(  739): Resetting alarm for 86400000 ms from now
11-27 18:32:43.293 D/AlarmManagerService(  575): Setting time of day to sec=1448645560
11-27 18:32:42.575 W/bt-btif ( 1101): dm_pm_timer expires
11-27 18:32:42.575 W/bt-btif ( 1101): dm_pm_timer expires 0
11-27 18:32:42.575 W/bt-btif ( 1101): proc dm_pm_timer expires
11-27 18:32:47.007 I/qdhwcomposer(  176): handle_blank_event: dpy:0 panel power state: 2
11-27 18:32:47.011 E/libsuspend(  575): Error writing to /sys/power/state: Device or resource busy
11-27 18:32:47.149 I/art     (  575): Explicit concurrent mark sweep GC freed 24595(1280KB) AllocSpace objects, 2(32KB) LOS objects, 14% free, 11MB/13MB, paused 2.263ms total 113.678ms
11-27 18:32:59.007 I/qdhwcomposer(  176): handle_blank_event: dpy:0 panel power state: 2
11-27 18:32:59.010 D/AmbientService(  914): scheduling next alarm, nowWall: 1448645579010, nextWall: 1448645580000, nowElapsed: 351301207, nextElapsed: 351302197
11-27 18:32:59.011 D/AmbientService(  914): updateAmbient: AmbientActivity[component=ComponentInfo{com.google.android.wearable.app/com.google.android.clockwork.home.HomeActivity}, callbacks=@46990b1, running=true, ambient=true] main 1
11-27 18:32:59.025 I/InputReader(  575): Reconfiguring input devices.  changes=0x00000004
11-27 18:32:59.025 I/InputReader(  575): Device reconfigured: id=3, name='synaptics_rmi4_i2c', size 320x320, orientation 0, mode 1, display id 0
11-27 18:32:59.028 D/AmbientService(  914): onAmbientUpdated: AmbientActivity[component=ComponentInfo{com.google.android.wearable.app/com.google.android.clockwork.home.HomeActivity}, callbacks=@46990b1, running=true, ambient=true]Binder_5 58
11-27 18:32:59.031 I/InputReader(  575): Reconfiguring input devices.  changes=0x00000004
11-27 18:32:59.052 D/SurfaceFlinger(  176): Set power mode=1, type=0 flinger=0xb8584550
11-27 18:32:59.053 I/qdhwcomposer(  176): handle_blank_event: dpy:0 panel power state: 2
11-27 18:32:59.183 D/SurfaceFlinger(  176): Set power mode=3, type=0 flinger=0xb8584550
11-27 18:32:59.183 I/qdhwcomposer(  176): handle_blank_event: dpy:0 panel power state: 2
11-27 18:33:05.007 I/qdhwcomposer(  176): handle_blank_event: dpy:0 panel power state: 2
11-27 18:33:05.012 D/AmbientService(  914): scheduling next alarm, nowWall: 1448645585012, nextWall: 1448645640000, nowElapsed: 351307209, nextElapsed: 351362197
11-27 18:33:05.015 D/AmbientService(  914): updateAmbient: AmbientActivity[component=ComponentInfo{com.google.android.wearable.app/com.google.android.clockwork.home.HomeActivity}, callbacks=@46990b1, running=true, ambient=true] main 1
11-27 18:33:05.021 D/AmbientService(  914): onAmbientUpdated: AmbientActivity[component=ComponentInfo{com.google.android.wearable.app/com.google.android.clockwork.home.HomeActivity}, callbacks=@46990b1, running=true, ambient=true]Binder_3 56
11-27 18:33:05.024 D/SurfaceFlinger(  176): Set power mode=1, type=0 flinger=0xb8584550
11-27 18:33:05.024 I/qdhwcomposer(  176): handle_blank_event: dpy:0 panel power state: 2
11-27 18:33:05.155 D/SurfaceFlinger(  176): Set power mode=3, type=0 flinger=0xb8584550
11-27 18:33:05.155 I/qdhwcomposer(  176): handle_blank_event: dpy:0 panel power state: 2
11-27 18:33:05.194 I/qdhwcomposer(  176): handle_blank_event: dpy:0 panel power state: 2
11-27 18:33:05.197 E/libsuspend(  575): Error writing to /sys/power/state: Device or resource busy
11-27 18:33:06.160 I/FitnessWearable( 1278): Checking fitness notification
11-27 18:33:06.622 I/FitnessWearable( 1278): Fitness Platform Queries took: 439 ms
11-27 18:33:06.798 I/PhenotypeFlagCommitter(  839): Experiment Configs successfully retrieved for com.google.android.gms.playlog.uploader
11-27 18:33:06.820 I/GoogleURLConnFactory(  839): Using platform SSLCertificateSocketFactory
11-27 18:33:06.930 D/AuthZenListenerService(  968): onMessageReceived: MessageEventParcelable[17239,/WearablesSync/Ack/tommy.thorsen@gmail.com, size=37], Path: /WearablesSync/Ack/tommy.thorsen@gmail.com
11-27 18:33:06.942 D/AuthZenWearListenerService(  968): onMessageReceived : MessageEventParcelable[17239,/WearablesSync/Ack/tommy.thorsen@gmail.com, size=37], Path: /WearablesSync/Ack/tommy.thorsen@gmail.com
11-27 18:33:07.617 I/art     (  776): Background partial concurrent mark sweep GC freed 42274(2037KB) AllocSpace objects, 1(19KB) LOS objects, 15% free, 10MB/12MB, paused 2.839ms total 139.434ms
11-27 18:33:08.027 D/SurfaceFlinger(  176): Set power mode=1, type=0 flinger=0xb8584550
11-27 18:33:08.027 I/qdhwcomposer(  176): handle_blank_event: dpy:0 panel power state: 2
11-27 18:33:08.139 I/art     (  739): Background partial concurrent mark sweep GC freed 8017(317KB) AllocSpace objects, 4(2MB) LOS objects, 8% free, 21MB/23MB, paused 5.864ms total 189.775ms
11-27 18:33:08.331 D/SurfaceFlinger(  176): Set power mode=3, type=0 flinger=0xb8584550
11-27 18:33:08.332 I/qdhwcomposer(  176): handle_blank_event: dpy:0 panel power state: 2
11-27 18:33:10.404 W/bt-btif ( 1101): dm_pm_timer expires
11-27 18:33:10.405 W/bt-btif ( 1101): dm_pm_timer expires 0
11-27 18:33:10.405 W/bt-btif ( 1101): proc dm_pm_timer expires
11-27 18:33:10.828 D/ClockworkProxy(  739): doAccept: Create socket stream 94 for TCP connection from /192.168.167.239:46781 to /64.233.161.95:443
11-27 18:33:10.838 D/ClockworkProxy(  739): doAccept: rpc succeeded. Activate stream 94
11-27 18:33:14.910 E/StreamVibrator(  739): Found notifications that tried to vibrate, but they never made it to the top of the stream. Not vibrating.
11-27 18:33:15.158 W/bt-btif ( 1101): dm_pm_timer expires
11-27 18:33:15.158 W/bt-btif ( 1101): dm_pm_timer expires 0
11-27 18:33:15.158 W/bt-btif ( 1101): proc dm_pm_timer expires
11-27 18:33:17.696 E/libsuspend(  575): Error writing to /sys/power/state: Device or resource busy
11-27 18:34:01.007 I/qdhwcomposer(  176): handle_blank_event: dpy:0 panel power state: 2
11-27 18:34:01.014 D/AmbientService(  914): scheduling next alarm, nowWall: 1448645641014, nextWall: 1448645700000, nowElapsed: 351363211, nextElapsed: 351422197
11-27 18:34:01.016 D/AmbientService(  914): updateAmbient: AmbientActivity[component=ComponentInfo{com.google.android.wearable.app/com.google.android.clockwork.home.HomeActivity}, callbacks=@46990b1, running=true, ambient=true] main 1
11-27 18:34:01.057 D/AmbientService(  914): onAmbientUpdated: AmbientActivity[component=ComponentInfo{com.google.android.wearable.app/com.google.android.clockwork.home.HomeActivity}, callbacks=@46990b1, running=true, ambient=true]Binder_5 58
11-27 18:34:01.058 I/InputReader(  575): Reconfiguring input devices.  changes=0x00000004
11-27 18:34:01.058 I/InputReader(  575): Device reconfigured: id=3, name='synaptics_rmi4_i2c', size 320x320, orientation 0, mode 1, display id 0
11-27 18:34:01.061 I/InputReader(  575): Reconfiguring input devices.  changes=0x00000004
11-27 18:34:01.084 D/SurfaceFlinger(  176): Set power mode=1, type=0 flinger=0xb8584550
11-27 18:34:01.084 I/qdhwcomposer(  176): handle_blank_event: dpy:0 panel power state: 2
11-27 18:34:01.216 D/SurfaceFlinger(  176): Set power mode=3, type=0 flinger=0xb8584550
11-27 18:34:01.217 I/qdhwcomposer(  176): handle_blank_event: dpy:0 panel power state: 2
11-27 18:34:22.644 I/qdhwcomposer(  176): handle_blank_event: dpy:0 panel power state: 2
11-27 18:34:24.028 I/FitnessWearable( 1278): Completed Phone Sync
11-27 18:34:24.028 I/FitnessWearable( 1278): Checking on account update
11-27 18:34:24.043 I/FitnessWearable( 1278): Trying to insert platform daily totals
11-27 18:34:24.349 I/FitnessWearable( 1278): Initialized Fitness Account
11-27 18:34:24.663 W/bt-btif ( 1101): dm_pm_timer expires
11-27 18:34:24.663 W/bt-btif ( 1101): dm_pm_timer expires 0
11-27 18:34:24.663 W/bt-btif ( 1101): proc dm_pm_timer expires
11-27 18:35:01.007 I/qdhwcomposer(  176): handle_blank_event: dpy:0 panel power state: 2
11-27 18:35:01.019 D/AmbientService(  914): scheduling next alarm, nowWall: 1448645701019, nextWall: 1448645760000, nowElapsed: 351423216, nextElapsed: 351482197
11-27 18:35:01.020 D/AmbientService(  914): updateAmbient: AmbientActivity[component=ComponentInfo{com.google.android.wearable.app/com.google.android.clockwork.home.HomeActivity}, callbacks=@46990b1, running=true, ambient=true] main 1
11-27 18:35:01.061 I/InputReader(  575): Reconfiguring input devices.  changes=0x00000004
11-27 18:35:01.061 I/InputReader(  575): Device reconfigured: id=3, name='synaptics_rmi4_i2c', size 320x320, orientation 0, mode 1, display id 0
11-27 18:35:01.063 D/AmbientService(  914): onAmbientUpdated: AmbientActivity[component=ComponentInfo{com.google.android.wearable.app/com.google.android.clockwork.home.HomeActivity}, callbacks=@46990b1, running=true, ambient=true]Binder_3 56
11-27 18:35:01.063 I/InputReader(  575): Reconfiguring input devices.  changes=0x00000004
11-27 18:35:01.086 D/SurfaceFlinger(  176): Set power mode=1, type=0 flinger=0xb8584550
11-27 18:35:01.087 I/qdhwcomposer(  176): handle_blank_event: dpy:0 panel power state: 2
11-27 18:35:01.217 D/SurfaceFlinger(  176): Set power mode=3, type=0 flinger=0xb8584550
11-27 18:35:01.217 I/qdhwcomposer(  176): handle_blank_event: dpy:0 panel power state: 2
11-27 18:35:48.927 I/qdhwcomposer(  176): handle_blank_event: dpy:0 panel power state: 2
11-27 18:35:50.289 D/SurfaceFlinger(  176): Set power mode=1, type=0 flinger=0xb8584550
11-27 18:35:50.290 I/qdhwcomposer(  176): handle_blank_event: dpy:0 panel power state: 2
11-27 18:35:50.501 I/art     (  739): NativeAlloc partial concurrent mark sweep GC freed 10078(507KB) AllocSpace objects, 6(2MB) LOS objects, 9% free, 19MB/21MB, paused 1.629ms total 101.197ms
11-27 18:35:50.503 V/RenderScript(  739): 0xb83cc578 Launching thread(s), CPUs 4
11-27 18:35:50.511 D/SurfaceFlinger(  176): Set power mode=3, type=0 flinger=0xb8584550
11-27 18:35:50.511 I/qdhwcomposer(  176): handle_blank_event: dpy:0 panel power state: 2
11-27 18:35:51.549 W/bt-btif ( 1101): dm_pm_timer expires
11-27 18:35:51.549 W/bt-btif ( 1101): dm_pm_timer expires 0
11-27 18:35:51.549 W/bt-btif ( 1101): proc dm_pm_timer expires
11-27 18:36:01.008 I/qdhwcomposer(  176): handle_blank_event: dpy:0 panel power state: 2
11-27 18:36:01.017 D/AmbientService(  914): scheduling next alarm, nowWall: 1448645761017, nextWall: 1448645820000, nowElapsed: 351483214, nextElapsed: 351542197
11-27 18:36:01.019 D/AmbientService(  914): updateAmbient: AmbientActivity[component=ComponentInfo{com.google.android.wearable.app/com.google.android.clockwork.home.HomeActivity}, callbacks=@46990b1, running=true, ambient=true] main 1
11-27 18:36:01.031 I/InputReader(  575): Reconfiguring input devices.  changes=0x00000004
11-27 18:36:01.031 I/InputReader(  575): Device reconfigured: id=3, name='synaptics_rmi4_i2c', size 320x320, orientation 0, mode 1, display id 0
11-27 18:36:01.036 D/AmbientService(  914): onAmbientUpdated: AmbientActivity[component=ComponentInfo{com.google.android.wearable.app/com.google.android.clockwork.home.HomeActivity}, callbacks=@46990b1, running=true, ambient=true]Binder_5 58
11-27 18:36:01.059 D/SurfaceFlinger(  176): Set power mode=1, type=0 flinger=0xb8584550
11-27 18:36:01.059 I/qdhwcomposer(  176): handle_blank_event: dpy:0 panel power state: 2
11-27 18:36:01.190 D/SurfaceFlinger(  176): Set power mode=3, type=0 flinger=0xb8584550
11-27 18:36:01.190 I/qdhwcomposer(  176): handle_blank_event: dpy:0 panel power state: 2
11-27 18:37:01.007 I/qdhwcomposer(  176): handle_blank_event: dpy:0 panel power state: 2
11-27 18:37:01.015 D/AmbientService(  914): scheduling next alarm, nowWall: 1448645821015, nextWall: 1448645880000, nowElapsed: 351543212, nextElapsed: 351602197
11-27 18:37:01.016 D/AmbientService(  914): updateAmbient: AmbientActivity[component=ComponentInfo{com.google.android.wearable.app/com.google.android.clockwork.home.HomeActivity}, callbacks=@46990b1, running=true, ambient=true] main 1
11-27 18:37:01.040 D/AmbientService(  914): onAmbientUpdated: AmbientActivity[component=ComponentInfo{com.google.android.wearable.app/com.google.android.clockwork.home.HomeActivity}, callbacks=@46990b1, running=true, ambient=true]Binder_3 56
11-27 18:37:01.041 I/InputReader(  575): Reconfiguring input devices.  changes=0x00000004
11-27 18:37:01.041 I/InputReader(  575): Device reconfigured: id=3, name='synaptics_rmi4_i2c', size 320x320, orientation 0, mode 1, display id 0
11-27 18:37:01.042 I/InputReader(  575): Reconfiguring input devices.  changes=0x00000004
11-27 18:37:01.065 D/SurfaceFlinger(  176): Set power mode=1, type=0 flinger=0xb8584550
11-27 18:37:01.065 I/qdhwcomposer(  176): handle_blank_event: dpy:0 panel power state: 2
11-27 18:37:01.195 D/SurfaceFlinger(  176): Set power mode=3, type=0 flinger=0xb8584550
11-27 18:37:01.195 I/qdhwcomposer(  176): handle_blank_event: dpy:0 panel power state: 2
11-27 18:37:13.216 I/qdhwcomposer(  176): handle_blank_event: dpy:0 panel power state: 2
11-27 18:37:15.256 E/StreamVibrator(  739): Found notifications that tried to vibrate, but they never made it to the top of the stream. Not vibrating.
11-27 18:37:15.645 W/bt-btif ( 1101): dm_pm_timer expires
11-27 18:37:15.645 W/bt-btif ( 1101): dm_pm_timer expires 0
11-27 18:37:15.645 W/bt-btif ( 1101): proc dm_pm_timer expires
11-27 18:38:01.008 I/qdhwcomposer(  176): handle_blank_event: dpy:0 panel power state: 2
11-27 18:38:01.017 D/AmbientService(  914): scheduling next alarm, nowWall: 1448645881017, nextWall: 1448645940000, nowElapsed: 351603214, nextElapsed: 351662197
11-27 18:38:01.019 D/AmbientService(  914): updateAmbient: AmbientActivity[component=ComponentInfo{com.google.android.wearable.app/com.google.android.clockwork.home.HomeActivity}, callbacks=@46990b1, running=true, ambient=true] main 1
11-27 18:38:01.031 I/InputReader(  575): Reconfiguring input devices.  changes=0x00000004
11-27 18:38:01.031 I/InputReader(  575): Device reconfigured: id=3, name='synaptics_rmi4_i2c', size 320x320, orientation 0, mode 1, display id 0
11-27 18:38:01.032 I/InputReader(  575): Reconfiguring input devices.  changes=0x00000004
11-27 18:38:01.035 D/AmbientService(  914): onAmbientUpdated: AmbientActivity[component=ComponentInfo{com.google.android.wearable.app/com.google.android.clockwork.home.HomeActivity}, callbacks=@46990b1, running=true, ambient=true]Binder_4 57
11-27 18:38:01.059 D/SurfaceFlinger(  176): Set power mode=1, type=0 flinger=0xb8584550
11-27 18:38:01.059 I/qdhwcomposer(  176): handle_blank_event: dpy:0 panel power state: 2
11-27 18:38:01.185 D/SurfaceFlinger(  176): Set power mode=3, type=0 flinger=0xb8584550
11-27 18:38:01.185 I/qdhwcomposer(  176): handle_blank_event: dpy:0 panel power state: 2
11-27 18:39:01.009 I/qdhwcomposer(  176): handle_blank_event: dpy:0 panel power state: 2
11-27 18:39:01.015 D/AmbientService(  914): scheduling next alarm, nowWall: 1448645941015, nextWall: 1448646000000, nowElapsed: 351663212, nextElapsed: 351722197
11-27 18:39:01.018 D/AmbientService(  914): updateAmbient: AmbientActivity[component=ComponentInfo{com.google.android.wearable.app/com.google.android.clockwork.home.HomeActivity}, callbacks=@46990b1, running=true, ambient=true] main 1
11-27 18:39:01.037 D/AmbientService(  914): onAmbientUpdated: AmbientActivity[component=ComponentInfo{com.google.android.wearable.app/com.google.android.clockwork.home.HomeActivity}, callbacks=@46990b1, running=true, ambient=true]Binder_2 55
11-27 18:39:01.038 I/InputReader(  575): Reconfiguring input devices.  changes=0x00000004
11-27 18:39:01.039 I/InputReader(  575): Device reconfigured: id=3, name='synaptics_rmi4_i2c', size 320x320, orientation 0, mode 1, display id 0
11-27 18:39:01.040 I/InputReader(  575): Reconfiguring input devices.  changes=0x00000004
11-27 18:39:01.062 D/SurfaceFlinger(  176): Set power mode=1, type=0 flinger=0xb8584550
11-27 18:39:01.062 I/qdhwcomposer(  176): handle_blank_event: dpy:0 panel power state: 2
11-27 18:39:01.186 D/SurfaceFlinger(  176): Set power mode=3, type=0 flinger=0xb8584550
11-27 18:39:01.186 I/qdhwcomposer(  176): handle_blank_event: dpy:0 panel power state: 2
11-27 18:40:01.009 I/qdhwcomposer(  176): handle_blank_event: dpy:0 panel power state: 2
11-27 18:40:01.019 D/AmbientService(  914): scheduling next alarm, nowWall: 1448646001019, nextWall: 1448646060000, nowElapsed: 351723216, nextElapsed: 351782197
11-27 18:40:01.020 D/AmbientService(  914): updateAmbient: AmbientActivity[component=ComponentInfo{com.google.android.wearable.app/com.google.android.clockwork.home.HomeActivity}, callbacks=@46990b1, running=true, ambient=true] main 1
11-27 18:40:01.034 I/InputReader(  575): Reconfiguring input devices.  changes=0x00000004
