11-27 16:40:01.344 V/ActivityManager(  575): Display changed displayId=0
11-27 16:41:01.190 I/AmbientService(  914): Ambient Updating
11-27 16:41:01.214 I/DisplayManagerService(  575): Display device changed state: "Built-in Screen", DOZE
11-27 16:41:01.230 V/ActivityManager(  575): Display changed displayId=0
11-27 16:41:01.335 I/DisplayManagerService(  575): Display device changed state: "Built-in Screen", DOZE_SUSPEND
11-27 16:41:01.342 V/ActivityManager(  575): Display changed displayId=0
11-27 16:42:01.191 I/AmbientService(  914): Ambient Updating
11-27 16:42:01.240 I/DisplayManagerService(  575): Display device changed state: "Built-in Screen", DOZE
11-27 16:42:01.248 V/ActivityManager(  575): Display changed displayId=0
11-27 16:42:01.362 I/DisplayManagerService(  575): Display device changed state: "Built-in Screen", DOZE_SUSPEND
11-27 16:42:01.369 V/ActivityManager(  575): Display changed displayId=0
11-27 16:43:01.186 I/AmbientService(  914): Ambient Updating
11-27 16:43:01.237 I/DisplayManagerService(  575): Display device changed state: "Built-in Screen", DOZE
11-27 16:43:01.238 V/ActivityManager(  575): Display changed displayId=0
11-27 16:43:01.357 I/DisplayManagerService(  575): Display device changed state: "Built-in Screen", DOZE_SUSPEND
11-27 16:43:01.364 V/ActivityManager(  575): Display changed displayId=0
11-27 16:44:01.189 I/AmbientService(  914): Ambient Updating
11-27 16:44:01.243 I/DisplayManagerService(  575): Display device changed state: "Built-in Screen", DOZE
11-27 16:44:01.253 V/ActivityManager(  575): Display changed displayId=0
11-27 16:44:01.363 I/DisplayManagerService(  575): Display device changed state: "Built-in Screen", DOZE_SUSPEND
11-27 16:44:01.370 V/ActivityManager(  575): Display changed displayId=0
11-27 16:45:01.191 I/AmbientService(  914): Ambient Updating
11-27 16:45:01.240 I/DisplayManagerService(  575): Display device changed state: "Built-in Screen", DOZE
11-27 16:45:01.248 V/ActivityManager(  575): Display changed displayId=0
11-27 16:45:01.360 I/DisplayManagerService(  575): Display device changed state: "Built-in Screen", DOZE_SUSPEND
11-27 16:45:01.367 V/ActivityManager(  575): Display changed displayId=0
11-27 16:46:01.194 I/AmbientService(  914): Ambient Updating
11-27 16:46:01.240 I/DisplayManagerService(  575): Display device changed state: "Built-in Screen", DOZE
11-27 16:46:01.246 V/ActivityManager(  575): Display changed displayId=0
11-27 16:46:01.360 I/DisplayManagerService(  575): Display device changed state: "Built-in Screen", DOZE_SUSPEND
11-27 16:46:01.367 V/ActivityManager(  575): Display changed displayId=0
11-27 16:47:01.191 I/AmbientService(  914): Ambient Updating
11-27 16:47:01.238 I/DisplayManagerService(  575): Display device changed state: "Built-in Screen", DOZE
11-27 16:47:01.241 V/ActivityManager(  575): Display changed displayId=0
11-27 16:47:01.359 I/DisplayManagerService(  575): Display device changed state: "Built-in Screen", DOZE_SUSPEND
11-27 16:47:01.366 V/ActivityManager(  575): Display changed displayId=0
11-27 16:48:01.191 I/AmbientService(  914): Ambient Updating
11-27 16:48:01.245 I/DisplayManagerService(  575): Display device changed state: "Built-in Screen", DOZE
11-27 16:48:01.247 V/ActivityManager(  575): Display changed displayId=0
11-27 16:48:01.358 I/DisplayManagerService(  575): Display device changed state: "Built-in Screen", DOZE_SUSPEND
11-27 16:48:01.359 V/ActivityManager(  575): Display changed displayId=0
11-27 16:49:01.198 I/AmbientService(  914): Ambient Updating
11-27 16:49:01.278 I/DisplayManagerService(  575): Display device changed state: "Built-in Screen", DOZE
11-27 16:49:01.279 V/ActivityManager(  575): Display changed displayId=0
11-27 16:49:01.392 I/DisplayManagerService(  575): Display device changed state: "Built-in Screen", DOZE_SUSPEND
11-27 16:49:01.393 V/ActivityManager(  575): Display changed displayId=0
11-27 16:50:01.193 I/AmbientService(  914): Ambient Updating
11-27 16:50:01.240 I/DisplayManagerService(  575): Display device changed state: "Built-in Screen", DOZE
11-27 16:50:01.240 V/ActivityManager(  575): Display changed displayId=0
11-27 16:50:01.358 I/DisplayManagerService(  575): Display device changed state: "Built-in Screen", DOZE_SUSPEND
11-27 16:50:01.365 V/ActivityManager(  575): Display changed displayId=0
11-27 16:51:01.195 I/AmbientService(  914): Ambient Updating
11-27 16:51:01.240 I/DisplayManagerService(  575): Display device changed state: "Built-in Screen", DOZE
11-27 16:51:01.254 V/ActivityManager(  575): Display changed displayId=0
11-27 16:51:01.361 I/DisplayManagerService(  575): Display device changed state: "Built-in Screen", DOZE_SUSPEND
11-27 16:51:01.368 V/ActivityManager(  575): Display changed displayId=0
11-27 16:52:01.195 I/AmbientService(  914): Ambient Updating
11-27 16:52:01.240 I/DisplayManagerService(  575): Display device changed state: "Built-in Screen", DOZE
11-27 16:52:01.245 V/ActivityManager(  575): Display changed displayId=0
11-27 16:52:01.361 I/DisplayManagerService(  575): Display device changed state: "Built-in Screen", DOZE_SUSPEND
11-27 16:52:01.368 V/ActivityManager(  575): Display changed displayId=0
11-27 16:53:01.195 I/AmbientService(  914): Ambient Updating
11-27 16:53:01.242 I/DisplayManagerService(  575): Display device changed state: "Built-in Screen", DOZE
11-27 16:53:01.251 V/ActivityManager(  575): Display changed displayId=0
11-27 16:53:01.363 I/DisplayManagerService(  575): Display device changed state: "Built-in Screen", DOZE_SUSPEND
11-27 16:53:01.369 V/ActivityManager(  575): Display changed displayId=0
11-27 16:54:01.192 I/AmbientService(  914): Ambient Updating
11-27 16:54:01.239 I/DisplayManagerService(  575): Display device changed state: "Built-in Screen", DOZE
11-27 16:54:01.252 V/ActivityManager(  575): Display changed displayId=0
11-27 16:54:01.360 I/DisplayManagerService(  575): Display device changed state: "Built-in Screen", DOZE_SUSPEND
11-27 16:54:01.367 V/ActivityManager(  575): Display changed displayId=0
11-27 16:55:01.196 I/AmbientService(  914): Ambient Updating
11-27 16:55:01.244 I/DisplayManagerService(  575): Display device changed state: "Built-in Screen", DOZE
11-27 16:55:01.255 V/ActivityManager(  575): Display changed displayId=0
11-27 16:55:01.364 I/DisplayManagerService(  575): Display device changed state: "Built-in Screen", DOZE_SUSPEND
11-27 16:55:01.371 V/ActivityManager(  575): Display changed displayId=0
11-27 16:55:02.085 I/ActivityManager(  575): Delay finish: com.google.android.gms/.checkin.EventLogService$Receiver
11-27 16:55:02.566 I/ActivityManager(  575): Resuming delayed broadcast
11-27 16:55:02.572 I/ActivityManager(  575): Delay finish: com.google.android.apps.fitness/com.google.android.wearable.fitness.summary.notification.NotificationReceiver
11-27 16:55:03.001 I/ActivityManager(  575): Resuming delayed broadcast
11-27 16:55:42.154 I/PowerManagerService(  575): Waking up from dozing (uid 10004)...
11-27 16:55:42.166 E/InputMethodManagerService(  575): Ignoring setImeWindowStatus due to an invalid token. uid:1000 token:null
11-27 16:55:42.183 I/DisplayManagerService(  575): Display device changed state: "Built-in Screen", ON
11-27 16:55:42.203 V/ActivityManager(  575): Display changed displayId=0
11-27 16:55:42.205 I/DreamManagerService(  575): Gently waking up from dream.
11-27 16:55:42.206 V/DreamService[AmbientDream](  914): wakeUp(): fromSystem=true, mWaking=false, mFinished=false
11-27 16:55:42.206 V/DreamService[AmbientDream](  914): finish(): mFinished=false
11-27 16:55:42.206 I/DreamManagerService(  575): Leaving dreamland.
11-27 16:55:42.207 I/DreamController(  575): Stopping dream: name=ComponentInfo{com.google.android.wearable.ambient/com.google.android.wearable.ambient.AmbientDream}, isTest=false, canDoze=true, userId=0
11-27 16:55:42.216 V/DreamService[AmbientDream](  914): detach(): Calling onDreamingStopped()
11-27 16:55:42.216 I/AmbientService(  914): Ambient Stopping
11-27 16:55:42.244 V/DreamService[AmbientDream](  914): onDestroy()
11-27 16:55:47.187 I/PowerManagerService(  575): Going to sleep due to screen timeout (uid 1000)...
11-27 16:55:47.190 I/DreamManagerService(  575): Entering dreamland.
11-27 16:55:47.190 I/PowerManagerService(  575): Dozing...
11-27 16:55:47.191 I/DreamController(  575): Starting dream: name=ComponentInfo{com.google.android.wearable.ambient/com.google.android.wearable.ambient.AmbientDream}, isTest=false, canDoze=true, userId=0
11-27 16:55:47.235 E/InputMethodManagerService(  575): Ignoring setImeWindowStatus due to an invalid token. uid:1000 token:null
11-27 16:55:47.272 V/DreamService[AmbientDream](  914): onBind() intent = Intent { act=android.service.dreams.DreamService flg=0x800000 cmp=com.google.android.wearable.ambient/.AmbientDream }
11-27 16:55:47.274 I/AmbientService(  914): Ambient Created
11-27 16:55:47.275 E/InputMethodManagerService(  575): Ignoring setImeWindowStatus due to an invalid token. uid:1000 token:null
11-27 16:55:47.286 V/DreamService[AmbientDream](  914): Calling onDreamingStarted()
11-27 16:55:47.286 I/AmbientService(  914): Ambient Starting
11-27 16:55:48.243 I/DisplayManagerService(  575): Display device changed state: "Built-in Screen", DOZE_SUSPEND
11-27 16:55:48.245 V/ActivityManager(  575): Display changed displayId=0
11-27 16:55:54.325 I/PowerManagerService(  575): Waking up from dozing (uid 1000)...
11-27 16:55:54.336 E/InputMethodManagerService(  575): Ignoring setImeWindowStatus due to an invalid token. uid:1000 token:null
11-27 16:55:54.356 I/DisplayManagerService(  575): Display device changed state: "Built-in Screen", ON
11-27 16:55:54.401 V/ActivityManager(  575): Display changed displayId=0
11-27 16:55:54.420 I/DreamManagerService(  575): Gently waking up from dream.
11-27 16:55:54.421 V/DreamService[AmbientDream](  914): wakeUp(): fromSystem=true, mWaking=false, mFinished=false
11-27 16:55:54.421 V/DreamService[AmbientDream](  914): finish(): mFinished=false
11-27 16:55:54.421 I/DreamManagerService(  575): Leaving dreamland.
11-27 16:55:54.422 I/DreamController(  575): Stopping dream: name=ComponentInfo{com.google.android.wearable.ambient/com.google.android.wearable.ambient.AmbientDream}, isTest=false, canDoze=true, userId=0
11-27 16:55:54.432 V/DreamService[AmbientDream](  914): detach(): Calling onDreamingStopped()
11-27 16:55:54.432 I/AmbientService(  914): Ambient Stopping
11-27 16:55:54.460 V/DreamService[AmbientDream](  914): onDestroy()
11-27 16:55:59.321 I/PowerManagerService(  575): Going to sleep due to screen timeout (uid 1000)...
11-27 16:55:59.325 E/InputMethodManagerService(  575): Ignoring setImeWindowStatus due to an invalid token. uid:1000 token:null
11-27 16:55:59.328 I/DreamManagerService(  575): Entering dreamland.
11-27 16:55:59.328 I/DreamController(  575): Starting dream: name=ComponentInfo{com.google.android.wearable.ambient/com.google.android.wearable.ambient.AmbientDream}, isTest=false, canDoze=true, userId=0
11-27 16:55:59.329 I/PowerManagerService(  575): Dozing...
11-27 16:55:59.343 E/InputMethodManagerService(  575): Ignoring setImeWindowStatus due to an invalid token. uid:1000 token:null
11-27 16:55:59.388 V/DreamService[AmbientDream](  914): onBind() intent = Intent { act=android.service.dreams.DreamService flg=0x800000 cmp=com.google.android.wearable.ambient/.AmbientDream }
11-27 16:55:59.392 I/AmbientService(  914): Ambient Created
11-27 16:55:59.411 V/DreamService[AmbientDream](  914): Calling onDreamingStarted()
11-27 16:55:59.411 I/AmbientService(  914): Ambient Starting
11-27 16:55:59.887 I/DisplayManagerService(  575): Display device changed state: "Built-in Screen", DOZE_SUSPEND
11-27 16:55:59.889 V/ActivityManager(  575): Display changed displayId=0
11-27 16:56:05.190 I/AmbientService(  914): Ambient Updating
11-27 16:56:05.215 I/DisplayManagerService(  575): Display device changed state: "Built-in Screen", DOZE
11-27 16:56:05.222 V/ActivityManager(  575): Display changed displayId=0
11-27 16:56:05.336 I/DisplayManagerService(  575): Display device changed state: "Built-in Screen", DOZE_SUSPEND
11-27 16:56:05.343 V/ActivityManager(  575): Display changed displayId=0
11-27 16:57:01.195 I/AmbientService(  914): Ambient Updating
11-27 16:57:01.224 I/DisplayManagerService(  575): Display device changed state: "Built-in Screen", DOZE
11-27 16:57:01.230 V/ActivityManager(  575): Display changed displayId=0
11-27 16:57:01.345 I/DisplayManagerService(  575): Display device changed state: "Built-in Screen", DOZE_SUSPEND
11-27 16:57:01.352 V/ActivityManager(  575): Display changed displayId=0
11-27 16:57:36.188 I/PowerManagerService(  575): Waking up from dozing (uid 10004)...
11-27 16:57:36.202 E/InputMethodManagerService(  575): Ignoring setImeWindowStatus due to an invalid token. uid:1000 token:null
11-27 16:57:36.230 I/DisplayManagerService(  575): Display device changed state: "Built-in Screen", ON
11-27 16:57:36.241 V/ActivityManager(  575): Display changed displayId=0
11-27 16:57:36.286 I/DreamManagerService(  575): Gently waking up from dream.
11-27 16:57:36.287 V/DreamService[AmbientDream](  914): wakeUp(): fromSystem=true, mWaking=false, mFinished=false
11-27 16:57:36.287 V/DreamService[AmbientDream](  914): finish(): mFinished=false
11-27 16:57:36.287 I/DreamManagerService(  575): Leaving dreamland.
11-27 16:57:36.288 I/DreamController(  575): Stopping dream: name=ComponentInfo{com.google.android.wearable.ambient/com.google.android.wearable.ambient.AmbientDream}, isTest=false, canDoze=true, userId=0
11-27 16:57:36.291 V/DreamService[AmbientDream](  914): detach(): Calling onDreamingStopped()
11-27 16:57:36.291 I/AmbientService(  914): Ambient Stopping
11-27 16:57:36.306 V/DreamService[AmbientDream](  914): onDestroy()
11-27 16:57:41.228 I/PowerManagerService(  575): Going to sleep due to screen timeout (uid 1000)...
11-27 16:57:41.230 I/DreamManagerService(  575): Entering dreamland.
11-27 16:57:41.230 I/PowerManagerService(  575): Dozing...
11-27 16:57:41.231 I/DreamController(  575): Starting dream: name=ComponentInfo{com.google.android.wearable.ambient/com.google.android.wearable.ambient.AmbientDream}, isTest=false, canDoze=true, userId=0
11-27 16:57:41.259 E/InputMethodManagerService(  575): Ignoring setImeWindowStatus due to an invalid token. uid:1000 token:null
11-27 16:57:41.259 E/InputMethodManagerService(  575): Ignoring setImeWindowStatus due to an invalid token. uid:1000 token:null
11-27 16:57:41.307 V/DreamService[AmbientDream](  914): onBind() intent = Intent { act=android.service.dreams.DreamService flg=0x800000 cmp=com.google.android.wearable.ambient/.AmbientDream }
11-27 16:57:41.316 I/AmbientService(  914): Ambient Created
11-27 16:57:41.317 V/DreamService[AmbientDream](  914): Calling onDreamingStarted()
11-27 16:57:41.317 I/AmbientService(  914): Ambient Starting
11-27 16:57:41.801 I/PowerManagerService(  575): Waking up from dozing (uid 10004)...
11-27 16:57:41.806 E/InputMethodManagerService(  575): Ignoring setImeWindowStatus due to an invalid token. uid:1000 token:null
11-27 16:57:41.876 I/DreamManagerService(  575): Gently waking up from dream.
11-27 16:57:41.876 V/DreamService[AmbientDream](  914): wakeUp(): fromSystem=true, mWaking=false, mFinished=false
11-27 16:57:41.876 V/DreamService[AmbientDream](  914): finish(): mFinished=false
11-27 16:57:41.877 I/DreamManagerService(  575): Leaving dreamland.
11-27 16:57:41.877 I/DreamController(  575): Stopping dream: name=ComponentInfo{com.google.android.wearable.ambient/com.google.android.wearable.ambient.AmbientDream}, isTest=false, canDoze=true, userId=0
11-27 16:57:41.880 V/DreamService[AmbientDream](  914): detach(): Calling onDreamingStopped()
11-27 16:57:41.880 I/AmbientService(  914): Ambient Stopping
11-27 16:57:41.898 V/DreamService[AmbientDream](  914): onDestroy()
11-27 16:57:46.819 I/PowerManagerService(  575): Going to sleep due to screen timeout (uid 1000)...
11-27 16:57:46.820 I/DreamManagerService(  575): Entering dreamland.
11-27 16:57:46.820 I/PowerManagerService(  575): Dozing...
11-27 16:57:46.821 I/DreamController(  575): Starting dream: name=ComponentInfo{com.google.android.wearable.ambient/com.google.android.wearable.ambient.AmbientDream}, isTest=false, canDoze=true, userId=0
11-27 16:57:46.834 E/InputMethodManagerService(  575): Ignoring setImeWindowStatus due to an invalid token. uid:1000 token:null
11-27 16:57:46.834 E/InputMethodManagerService(  575): Ignoring setImeWindowStatus due to an invalid token. uid:1000 token:null
11-27 16:57:46.884 V/DreamService[AmbientDream](  914): onBind() intent = Intent { act=android.service.dreams.DreamService flg=0x800000 cmp=com.google.android.wearable.ambient/.AmbientDream }
11-27 16:57:47.098 I/AmbientService(  914): Ambient Created
11-27 16:57:47.098 V/DreamService[AmbientDream](  914): Calling onDreamingStarted()
11-27 16:57:47.098 I/AmbientService(  914): Ambient Starting
11-27 16:57:47.880 I/DisplayManagerService(  575): Display device changed state: "Built-in Screen", DOZE_SUSPEND
11-27 16:57:47.883 V/ActivityManager(  575): Display changed displayId=0
11-27 16:57:49.863 I/PowerManagerService(  575): Waking up from dozing (uid 10004)...
11-27 16:57:49.875 E/InputMethodManagerService(  575): Ignoring setImeWindowStatus due to an invalid token. uid:1000 token:null
11-27 16:57:49.896 I/DisplayManagerService(  575): Display device changed state: "Built-in Screen", ON
11-27 16:57:49.906 V/ActivityManager(  575): Display changed displayId=0
11-27 16:57:49.966 I/DreamManagerService(  575): Gently waking up from dream.
11-27 16:57:49.966 V/DreamService[AmbientDream](  914): wakeUp(): fromSystem=true, mWaking=false, mFinished=false
11-27 16:57:49.966 V/DreamService[AmbientDream](  914): finish(): mFinished=false
11-27 16:57:49.967 I/DreamManagerService(  575): Leaving dreamland.
11-27 16:57:49.967 I/DreamController(  575): Stopping dream: name=ComponentInfo{com.google.android.wearable.ambient/com.google.android.wearable.ambient.AmbientDream}, isTest=false, canDoze=true, userId=0
11-27 16:57:49.970 V/DreamService[AmbientDream](  914): detach(): Calling onDreamingStopped()
11-27 16:57:49.971 I/AmbientService(  914): Ambient Stopping
11-27 16:57:49.995 V/DreamService[AmbientDream](  914): onDestroy()
11-27 16:57:56.917 I/PowerManagerService(  575): Going to sleep due to screen timeout (uid 1000)...
11-27 16:57:56.919 I/DreamManagerService(  575): Entering dreamland.
11-27 16:57:56.919 I/PowerManagerService(  575): Dozing...
11-27 16:57:56.921 I/DreamController(  575): Starting dream: name=ComponentInfo{com.google.android.wearable.ambient/com.google.android.wearable.ambient.AmbientDream}, isTest=false, canDoze=true, userId=0
11-27 16:57:56.933 E/InputMethodManagerService(  575): Ignoring setImeWindowStatus due to an invalid token. uid:1000 token:null
11-27 16:57:56.933 E/InputMethodManagerService(  575): Ignoring setImeWindowStatus due to an invalid token. uid:1000 token:null
11-27 16:57:56.982 V/DreamService[AmbientDream](  914): onBind() intent = Intent { act=android.service.dreams.DreamService flg=0x800000 cmp=com.google.android.wearable.ambient/.AmbientDream }
11-27 16:57:56.989 I/AmbientService(  914): Ambient Created
11-27 16:57:57.039 V/DreamService[AmbientDream](  914): Calling onDreamingStarted()
11-27 16:57:57.039 I/AmbientService(  914): Ambient Starting
11-27 16:57:57.971 I/DisplayManagerService(  575): Display device changed state: "Built-in Screen", DOZE_SUSPEND
11-27 16:57:57.973 V/ActivityManager(  575): Display changed displayId=0
11-27 16:58:03.191 I/AmbientService(  914): Ambient Updating
11-27 16:58:03.205 I/DisplayManagerService(  575): Display device changed state: "Built-in Screen", DOZE
11-27 16:58:03.213 V/ActivityManager(  575): Display changed displayId=0
11-27 16:58:03.327 I/DisplayManagerService(  575): Display device changed state: "Built-in Screen", DOZE_SUSPEND
11-27 16:58:03.334 V/ActivityManager(  575): Display changed displayId=0
11-27 16:58:36.112 I/PowerManagerService(  575): Waking up from dozing (uid 10004)...
11-27 16:58:36.124 E/InputMethodManagerService(  575): Ignoring setImeWindowStatus due to an invalid token. uid:1000 token:null
11-27 16:58:36.145 I/DisplayManagerService(  575): Display device changed state: "Built-in Screen", ON
11-27 16:58:36.180 V/ActivityManager(  575): Display changed displayId=0
11-27 16:58:36.203 I/DreamManagerService(  575): Gently waking up from dream.
11-27 16:58:36.204 V/DreamService[AmbientDream](  914): wakeUp(): fromSystem=true, mWaking=false, mFinished=false
11-27 16:58:36.204 V/DreamService[AmbientDream](  914): finish(): mFinished=false
11-27 16:58:36.204 I/DreamManagerService(  575): Leaving dreamland.
11-27 16:58:36.204 I/DreamController(  575): Stopping dream: name=ComponentInfo{com.google.android.wearable.ambient/com.google.android.wearable.ambient.AmbientDream}, isTest=false, canDoze=true, userId=0
11-27 16:58:36.209 V/DreamService[AmbientDream](  914): detach(): Calling onDreamingStopped()
11-27 16:58:36.209 I/AmbientService(  914): Ambient Stopping
11-27 16:58:36.235 V/DreamService[AmbientDream](  914): onDestroy()
11-27 16:58:41.149 I/PowerManagerService(  575): Going to sleep due to screen timeout (uid 1000)...
11-27 16:58:41.150 I/DreamManagerService(  575): Entering dreamland.
11-27 16:58:41.150 I/PowerManagerService(  575): Dozing...
11-27 16:58:41.152 I/DreamController(  575): Starting dream: name=ComponentInfo{com.google.android.wearable.ambient/com.google.android.wearable.ambient.AmbientDream}, isTest=false, canDoze=true, userId=0
11-27 16:58:41.162 E/InputMethodManagerService(  575): Ignoring setImeWindowStatus due to an invalid token. uid:1000 token:null
11-27 16:58:41.162 E/InputMethodManagerService(  575): Ignoring setImeWindowStatus due to an invalid token. uid:1000 token:null
11-27 16:58:41.223 V/DreamService[AmbientDream](  914): onBind() intent = Intent { act=android.service.dreams.DreamService flg=0x800000 cmp=com.google.android.wearable.ambient/.AmbientDream }
11-27 16:58:41.231 I/AmbientService(  914): Ambient Created
11-27 16:58:41.231 V/DreamService[AmbientDream](  914): Calling onDreamingStarted()
11-27 16:58:41.231 I/AmbientService(  914): Ambient Starting
11-27 16:58:42.199 I/DisplayManagerService(  575): Display device changed state: "Built-in Screen", DOZE_SUSPEND
11-27 16:58:42.201 V/ActivityManager(  575): Display changed displayId=0
11-27 16:59:00.195 I/AmbientService(  914): Ambient Updating
11-27 16:59:00.231 I/DisplayManagerService(  575): Display device changed state: "Built-in Screen", DOZE
11-27 16:59:00.246 V/ActivityManager(  575): Display changed displayId=0
11-27 16:59:00.353 I/DisplayManagerService(  575): Display device changed state: "Built-in Screen", DOZE_SUSPEND
11-27 16:59:00.360 V/ActivityManager(  575): Display changed displayId=0
11-27 17:00:01.193 I/AmbientService(  914): Ambient Updating
11-27 17:00:01.204 I/DisplayManagerService(  575): Display device changed state: "Built-in Screen", DOZE
11-27 17:00:01.217 V/ActivityManager(  575): Display changed displayId=0
11-27 17:00:01.324 I/DisplayManagerService(  575): Display device changed state: "Built-in Screen", DOZE_SUSPEND
11-27 17:00:01.331 V/ActivityManager(  575): Display changed displayId=0
11-27 17:01:00.018 I/AmbientService(  914): Ambient Updating
11-27 17:01:00.044 I/DisplayManagerService(  575): Display device changed state: "Built-in Screen", DOZE
11-27 17:01:00.059 V/ActivityManager(  575): Display changed displayId=0
11-27 17:01:00.163 I/DisplayManagerService(  575): Display device changed state: "Built-in Screen", DOZE_SUSPEND
11-27 17:01:00.170 V/ActivityManager(  575): Display changed displayId=0
11-27 17:02:01.199 I/AmbientService(  914): Ambient Updating
11-27 17:02:01.254 I/DisplayManagerService(  575): Display device changed state: "Built-in Screen", DOZE
11-27 17:02:01.259 V/ActivityManager(  575): Display changed displayId=0
11-27 17:02:01.374 I/DisplayManagerService(  575): Display device changed state: "Built-in Screen", DOZE_SUSPEND
11-27 17:02:01.381 V/ActivityManager(  575): Display changed displayId=0
11-27 17:03:01.198 I/AmbientService(  914): Ambient Updating
11-27 17:03:01.247 I/DisplayManagerService(  575): Display device changed state: "Built-in Screen", DOZE
11-27 17:03:01.255 V/ActivityManager(  575): Display changed displayId=0
11-27 17:03:01.367 I/DisplayManagerService(  575): Display device changed state: "Built-in Screen", DOZE_SUSPEND
11-27 17:03:01.374 V/ActivityManager(  575): Display changed displayId=0
11-27 17:04:01.196 I/AmbientService(  914): Ambient Updating
11-27 17:04:01.255 I/DisplayManagerService(  575): Display device changed state: "Built-in Screen", DOZE
11-27 17:04:01.270 V/ActivityManager(  575): Display changed displayId=0
11-27 17:04:01.375 I/DisplayManagerService(  575): Display device changed state: "Built-in Screen", DOZE_SUSPEND
11-27 17:04:01.382 V/ActivityManager(  575): Display changed displayId=0
11-27 17:04:22.868 I/PowerManagerService(  575): Waking up from dozing (uid 10004)...
11-27 17:04:22.877 E/InputMethodManagerService(  575): Ignoring setImeWindowStatus due to an invalid token. uid:1000 token:null
11-27 17:04:22.900 I/DisplayManagerService(  575): Display device changed state: "Built-in Screen", ON
11-27 17:04:22.936 V/ActivityManager(  575): Display changed displayId=0
11-27 17:04:22.948 I/DreamManagerService(  575): Gently waking up from dream.
11-27 17:04:22.949 V/DreamService[AmbientDream](  914): wakeUp(): fromSystem=true, mWaking=false, mFinished=false
11-27 17:04:22.949 V/DreamService[AmbientDream](  914): finish(): mFinished=false
11-27 17:04:22.950 I/DreamManagerService(  575): Leaving dreamland.
11-27 17:04:22.950 I/DreamController(  575): Stopping dream: name=ComponentInfo{com.google.android.wearable.ambient/com.google.android.wearable.ambient.AmbientDream}, isTest=false, canDoze=true, userId=0
11-27 17:04:22.956 V/DreamService[AmbientDream](  914): detach(): Calling onDreamingStopped()
11-27 17:04:22.956 I/AmbientService(  914): Ambient Stopping
11-27 17:04:22.981 V/DreamService[AmbientDream](  914): onDestroy()
11-27 17:04:27.901 I/PowerManagerService(  575): Going to sleep due to screen timeout (uid 1000)...
11-27 17:04:27.903 I/DreamManagerService(  575): Entering dreamland.
11-27 17:04:27.903 I/PowerManagerService(  575): Dozing...
11-27 17:04:27.904 I/DreamController(  575): Starting dream: name=ComponentInfo{com.google.android.wearable.ambient/com.google.android.wearable.ambient.AmbientDream}, isTest=false, canDoze=true, userId=0
11-27 17:04:27.916 E/InputMethodManagerService(  575): Ignoring setImeWindowStatus due to an invalid token. uid:1000 token:null
11-27 17:04:27.916 E/InputMethodManagerService(  575): Ignoring setImeWindowStatus due to an invalid token. uid:1000 token:null
11-27 17:04:27.958 V/DreamService[AmbientDream](  914): onBind() intent = Intent { act=android.service.dreams.DreamService flg=0x800000 cmp=com.google.android.wearable.ambient/.AmbientDream }
11-27 17:04:27.970 I/AmbientService(  914): Ambient Created
11-27 17:04:27.972 V/DreamService[AmbientDream](  914): Calling onDreamingStarted()
11-27 17:04:27.972 I/AmbientService(  914): Ambient Starting
11-27 17:04:28.963 I/DisplayManagerService(  575): Display device changed state: "Built-in Screen", DOZE_SUSPEND
11-27 17:04:28.965 V/ActivityManager(  575): Display changed displayId=0
11-27 17:05:01.195 I/AmbientService(  914): Ambient Updating
11-27 17:05:01.227 I/DisplayManagerService(  575): Display device changed state: "Built-in Screen", DOZE
11-27 17:05:01.232 V/ActivityManager(  575): Display changed displayId=0
11-27 17:05:01.348 I/DisplayManagerService(  575): Display device changed state: "Built-in Screen", DOZE_SUSPEND
11-27 17:05:01.355 V/ActivityManager(  575): Display changed displayId=0
11-27 17:05:14.982 I/PowerManagerService(  575): Waking up from dozing (uid 10004)...
11-27 17:05:14.992 E/InputMethodManagerService(  575): Ignoring setImeWindowStatus due to an invalid token. uid:1000 token:null
11-27 17:05:15.015 I/DisplayManagerService(  575): Display device changed state: "Built-in Screen", ON
11-27 17:05:15.046 V/ActivityManager(  575): Display changed displayId=0
11-27 17:05:15.064 I/DreamManagerService(  575): Gently waking up from dream.
11-27 17:05:15.064 V/DreamService[AmbientDream](  914): wakeUp(): fromSystem=true, mWaking=false, mFinished=false
11-27 17:05:15.064 V/DreamService[AmbientDream](  914): finish(): mFinished=false
11-27 17:05:15.065 I/DreamManagerService(  575): Leaving dreamland.
11-27 17:05:15.067 I/DreamController(  575): Stopping dream: name=ComponentInfo{com.google.android.wearable.ambient/com.google.android.wearable.ambient.AmbientDream}, isTest=false, canDoze=true, userId=0
11-27 17:05:15.077 V/DreamService[AmbientDream](  914): detach(): Calling onDreamingStopped()
11-27 17:05:15.077 I/AmbientService(  914): Ambient Stopping
11-27 17:05:15.110 V/DreamService[AmbientDream](  914): onDestroy()
11-27 17:05:20.018 I/PowerManagerService(  575): Going to sleep due to screen timeout (uid 1000)...
11-27 17:05:20.020 I/DreamManagerService(  575): Entering dreamland.
11-27 17:05:20.020 I/PowerManagerService(  575): Dozing...
11-27 17:05:20.021 I/DreamController(  575): Starting dream: name=ComponentInfo{com.google.android.wearable.ambient/com.google.android.wearable.ambient.AmbientDream}, isTest=false, canDoze=true, userId=0
11-27 17:05:20.032 E/InputMethodManagerService(  575): Ignoring setImeWindowStatus due to an invalid token. uid:1000 token:null
11-27 17:05:20.033 E/InputMethodManagerService(  575): Ignoring setImeWindowStatus due to an invalid token. uid:1000 token:null
11-27 17:05:20.097 V/DreamService[AmbientDream](  914): onBind() intent = Intent { act=android.service.dreams.DreamService flg=0x800000 cmp=com.google.android.wearable.ambient/.AmbientDream }
11-27 17:05:20.111 I/AmbientService(  914): Ambient Created
11-27 17:05:20.111 V/DreamService[AmbientDream](  914): Calling onDreamingStarted()
11-27 17:05:20.111 I/AmbientService(  914): Ambient Starting
11-27 17:05:21.071 I/DisplayManagerService(  575): Display device changed state: "Built-in Screen", DOZE_SUSPEND
11-27 17:05:21.073 V/ActivityManager(  575): Display changed displayId=0
11-27 17:06:01.193 I/AmbientService(  914): Ambient Updating
11-27 17:06:01.227 I/DisplayManagerService(  575): Display device changed state: "Built-in Screen", DOZE
11-27 17:06:01.241 V/ActivityManager(  575): Display changed displayId=0
11-27 17:06:01.347 I/DisplayManagerService(  575): Display device changed state: "Built-in Screen", DOZE_SUSPEND
11-27 17:06:01.354 V/ActivityManager(  575): Display changed displayId=0
11-27 17:07:01.201 I/AmbientService(  914): Ambient Updating
11-27 17:07:01.233 I/DisplayManagerService(  575): Display device changed state: "Built-in Screen", DOZE
11-27 17:07:01.234 V/ActivityManager(  575): Display changed displayId=0
11-27 17:07:01.348 I/DisplayManagerService(  575): Display device changed state: "Built-in Screen", DOZE_SUSPEND
11-27 17:07:01.352 V/ActivityManager(  575): Display changed displayId=0
11-27 17:07:03.200 I/ActivityManager(  575): Delay finish: com.google.android.apps.fitness/com.google.android.wearable.fitness.summary.notification.NotificationReceiver
11-27 17:07:05.756 W/ResourcesManager(  739): Asset path '/system/framework/com.google.android.wearable.jar' does not exist or contains no resources.
11-27 17:07:05.760 I/ActivityManager(  575): Resuming delayed broadcast
11-27 17:07:05.914 I/DisplayManagerService(  575): Display device changed state: "Built-in Screen", DOZE
11-27 17:07:05.920 V/ActivityManager(  575): Display changed displayId=0
11-27 17:07:06.083 I/DisplayManagerService(  575): Display device changed state: "Built-in Screen", DOZE_SUSPEND
11-27 17:07:06.089 V/ActivityManager(  575): Display changed displayId=0
11-27 17:08:00.197 I/AmbientService(  914): Ambient Updating
11-27 17:08:00.247 I/DisplayManagerService(  575): Display device changed state: "Built-in Screen", DOZE
11-27 17:08:00.252 V/ActivityManager(  575): Display changed displayId=0
11-27 17:08:00.369 I/DisplayManagerService(  575): Display device changed state: "Built-in Screen", DOZE_SUSPEND
11-27 17:08:00.372 V/ActivityManager(  575): Display changed displayId=0
11-27 17:09:01.205 I/AmbientService(  914): Ambient Updating
11-27 17:09:01.247 I/DisplayManagerService(  575): Display device changed state: "Built-in Screen", DOZE
11-27 17:09:01.256 V/ActivityManager(  575): Display changed displayId=0
11-27 17:09:01.367 I/DisplayManagerService(  575): Display device changed state: "Built-in Screen", DOZE_SUSPEND
11-27 17:09:01.377 V/ActivityManager(  575): Display changed displayId=0
11-27 17:10:00.202 I/AmbientService(  914): Ambient Updating
11-27 17:10:00.274 I/DisplayManagerService(  575): Display device changed state: "Built-in Screen", DOZE
11-27 17:10:00.280 V/ActivityManager(  575): Display changed displayId=0
11-27 17:10:00.394 I/DisplayManagerService(  575): Display device changed state: "Built-in Screen", DOZE_SUSPEND
11-27 17:10:00.401 V/ActivityManager(  575): Display changed displayId=0
11-27 17:11:01.201 I/AmbientService(  914): Ambient Updating
11-27 17:11:01.256 I/DisplayManagerService(  575): Display device changed state: "Built-in Screen", DOZE
11-27 17:11:01.270 V/ActivityManager(  575): Display changed displayId=0
11-27 17:11:01.376 I/DisplayManagerService(  575): Display device changed state: "Built-in Screen", DOZE_SUSPEND
11-27 17:11:01.390 V/ActivityManager(  575): Display changed displayId=0
11-27 17:12:01.200 I/AmbientService(  914): Ambient Updating
11-27 17:12:01.240 I/DisplayManagerService(  575): Display device changed state: "Built-in Screen", DOZE
11-27 17:12:01.250 V/ActivityManager(  575): Display changed displayId=0
11-27 17:12:01.359 I/DisplayManagerService(  575): Display device changed state: "Built-in Screen", DOZE_SUSPEND
11-27 17:12:01.366 V/ActivityManager(  575): Display changed displayId=0
11-27 17:12:47.304 I/PowerManagerService(  575): Waking up from dozing (uid 10004)...
11-27 17:12:47.311 E/InputMethodManagerService(  575): Ignoring setImeWindowStatus due to an invalid token. uid:1000 token:null
11-27 17:12:47.336 I/DisplayManagerService(  575): Display device changed state: "Built-in Screen", ON
11-27 17:12:47.372 V/ActivityManager(  575): Display changed displayId=0
11-27 17:12:47.387 I/DreamManagerService(  575): Gently waking up from dream.
11-27 17:12:47.387 V/DreamService[AmbientDream](  914): wakeUp(): fromSystem=true, mWaking=false, mFinished=false
11-27 17:12:47.387 V/DreamService[AmbientDream](  914): finish(): mFinished=false
11-27 17:12:47.387 I/DreamManagerService(  575): Leaving dreamland.
11-27 17:12:47.388 I/DreamController(  575): Stopping dream: name=ComponentInfo{com.google.android.wearable.ambient/com.google.android.wearable.ambient.AmbientDream}, isTest=false, canDoze=true, userId=0
11-27 17:12:47.395 V/DreamService[AmbientDream](  914): detach(): Calling onDreamingStopped()
11-27 17:12:47.395 I/AmbientService(  914): Ambient Stopping
11-27 17:12:47.415 V/DreamService[AmbientDream](  914): onDestroy()
11-27 17:12:54.775 I/PowerManagerService(  575): Going to sleep due to screen timeout (uid 1000)...
11-27 17:12:54.778 I/DreamManagerService(  575): Entering dreamland.
11-27 17:12:54.778 I/PowerManagerService(  575): Dozing...
11-27 17:12:54.779 I/DreamController(  575): Starting dream: name=ComponentInfo{com.google.android.wearable.ambient/com.google.android.wearable.ambient.AmbientDream}, isTest=false, canDoze=true, userId=0
11-27 17:12:54.790 E/InputMethodManagerService(  575): Ignoring setImeWindowStatus due to an invalid token. uid:1000 token:null
11-27 17:12:54.790 E/InputMethodManagerService(  575): Ignoring setImeWindowStatus due to an invalid token. uid:1000 token:null
11-27 17:12:54.850 V/DreamService[AmbientDream](  914): onBind() intent = Intent { act=android.service.dreams.DreamService flg=0x800000 cmp=com.google.android.wearable.ambient/.AmbientDream }
11-27 17:12:54.856 I/AmbientService(  914): Ambient Created
11-27 17:12:54.856 V/DreamService[AmbientDream](  914): Calling onDreamingStarted()
11-27 17:12:54.856 I/AmbientService(  914): Ambient Starting
11-27 17:12:55.831 I/DisplayManagerService(  575): Display device changed state: "Built-in Screen", DOZE_SUSPEND
11-27 17:12:55.833 V/ActivityManager(  575): Display changed displayId=0
11-27 17:13:01.197 I/AmbientService(  914): Ambient Updating
11-27 17:13:01.212 I/DisplayManagerService(  575): Display device changed state: "Built-in Screen", DOZE
11-27 17:13:01.219 V/ActivityManager(  575): Display changed displayId=0
11-27 17:13:01.333 I/DisplayManagerService(  575): Display device changed state: "Built-in Screen", DOZE_SUSPEND
11-27 17:13:01.340 V/ActivityManager(  575): Display changed displayId=0
11-27 17:14:01.201 I/AmbientService(  914): Ambient Updating
11-27 17:14:01.238 I/DisplayManagerService(  575): Display device changed state: "Built-in Screen", DOZE
11-27 17:14:01.252 V/ActivityManager(  575): Display changed displayId=0
11-27 17:14:01.357 I/DisplayManagerService(  575): Display device changed state: "Built-in Screen", DOZE_SUSPEND
11-27 17:14:01.363 V/ActivityManager(  575): Display changed displayId=0
11-27 17:15:01.201 I/AmbientService(  914): Ambient Updating
11-27 17:15:01.231 I/DisplayManagerService(  575): Display device changed state: "Built-in Screen", DOZE
11-27 17:15:01.237 V/ActivityManager(  575): Display changed displayId=0
11-27 17:15:01.351 I/DisplayManagerService(  575): Display device changed state: "Built-in Screen", DOZE_SUSPEND
11-27 17:15:01.352 V/ActivityManager(  575): Display changed displayId=0
11-27 17:16:01.205 I/AmbientService(  914): Ambient Updating
11-27 17:16:01.254 I/DisplayManagerService(  575): Display device changed state: "Built-in Screen", DOZE
11-27 17:16:01.258 V/ActivityManager(  575): Display changed displayId=0
11-27 17:16:01.373 I/DisplayManagerService(  575): Display device changed state: "Built-in Screen", DOZE_SUSPEND
11-27 17:16:01.380 V/ActivityManager(  575): Display changed displayId=0
11-27 17:17:01.202 I/AmbientService(  914): Ambient Updating
11-27 17:17:01.250 I/DisplayManagerService(  575): Display device changed state: "Built-in Screen", DOZE
11-27 17:17:01.251 V/ActivityManager(  575): Display changed displayId=0
11-27 17:17:01.369 I/DisplayManagerService(  575): Display device changed state: "Built-in Screen", DOZE_SUSPEND
11-27 17:17:01.375 V/ActivityManager(  575): Display changed displayId=0
11-27 17:18:01.203 I/AmbientService(  914): Ambient Updating
11-27 17:18:01.252 I/DisplayManagerService(  575): Display device changed state: "Built-in Screen", DOZE
11-27 17:18:01.261 V/ActivityManager(  575): Display changed displayId=0
11-27 17:18:01.373 I/DisplayManagerService(  575): Display device changed state: "Built-in Screen", DOZE_SUSPEND
11-27 17:18:01.380 V/ActivityManager(  575): Display changed displayId=0
11-27 17:19:01.209 I/AmbientService(  914): Ambient Updating
11-27 17:19:01.250 I/DisplayManagerService(  575): Display device changed state: "Built-in Screen", DOZE
11-27 17:19:01.256 V/ActivityManager(  575): Display changed displayId=0
11-27 17:19:01.370 I/DisplayManagerService(  575): Display device changed state: "Built-in Screen", DOZE_SUSPEND
11-27 17:19:01.377 V/ActivityManager(  575): Display changed displayId=0
11-27 17:19:09.262 I/ActivityManager(  575): Delay finish: com.google.android.gms/.checkin.CheckinService$Receiver
11-27 17:19:10.490 W/ActivityManager(  575): Unable to start service Intent { act=com.google.android.gms.droidguard.service.START pkg=com.google.android.gms } U=0: not found
11-27 17:19:10.491 W/ActivityManager(  575): Unbind failed: could not find connection for android.os.BinderProxy@ef9ac70
11-27 17:19:12.865 I/ActivityManager(  575): Resuming delayed broadcast
11-27 17:19:12.878 I/ActivityManager(  575): Delay finish: com.google.android.apps.fitness/com.google.android.wearable.fitness.summary.notification.NotificationReceiver
11-27 17:19:13.464 I/ActivityManager(  575): Resuming delayed broadcast
11-27 17:19:13.478 W/ResourcesManager(  739): Asset path '/system/framework/com.google.android.wearable.jar' does not exist or contains no resources.
11-27 17:19:13.635 I/DisplayManagerService(  575): Display device changed state: "Built-in Screen", DOZE
11-27 17:19:13.641 V/ActivityManager(  575): Display changed displayId=0
11-27 17:19:13.725 W/ResourcesManager(  739): Asset path '/system/framework/com.google.android.wearable.jar' does not exist or contains no resources.
11-27 17:19:13.868 I/DisplayManagerService(  575): Display device changed state: "Built-in Screen", DOZE_SUSPEND
11-27 17:19:13.875 V/ActivityManager(  575): Display changed displayId=0
11-27 17:19:46.163 I/ActivityManager(  575): Delay finish: com.android.vending/com.google.android.finsky.PackageUpdateReceiver
11-27 17:19:46.702 I/ActivityManager(  575): Resuming delayed broadcast
11-27 17:19:46.782 I/ActivityManager(  575): Delay finish: com.google.android.gms/.wearable.app.SystemBroadcastWearableReceiver
11-27 17:19:46.799 I/ActivityManager(  575): Resuming delayed broadcast
11-27 17:20:01.207 I/AmbientService(  914): Ambient Updating
11-27 17:20:01.248 I/DisplayManagerService(  575): Display device changed state: "Built-in Screen", DOZE
11-27 17:20:01.259 V/ActivityManager(  575): Display changed displayId=0
11-27 17:20:01.368 I/DisplayManagerService(  575): Display device changed state: "Built-in Screen", DOZE_SUSPEND
11-27 17:20:01.375 V/ActivityManager(  575): Display changed displayId=0
11-27 17:20:37.774 I/PowerManagerService(  575): Waking up from dozing (uid 10004)...
11-27 17:20:37.787 E/InputMethodManagerService(  575): Ignoring setImeWindowStatus due to an invalid token. uid:1000 token:null
11-27 17:20:37.808 I/DisplayManagerService(  575): Display device changed state: "Built-in Screen", ON
11-27 17:20:37.833 V/ActivityManager(  575): Display changed displayId=0
11-27 17:20:37.854 I/DreamManagerService(  575): Gently waking up from dream.
11-27 17:20:37.855 V/DreamService[AmbientDream](  914): wakeUp(): fromSystem=true, mWaking=false, mFinished=false
11-27 17:20:37.855 V/DreamService[AmbientDream](  914): finish(): mFinished=false
11-27 17:20:37.855 I/DreamManagerService(  575): Leaving dreamland.
11-27 17:20:37.856 I/DreamController(  575): Stopping dream: name=ComponentInfo{com.google.android.wearable.ambient/com.google.android.wearable.ambient.AmbientDream}, isTest=false, canDoze=true, userId=0
11-27 17:20:37.865 V/DreamService[AmbientDream](  914): detach(): Calling onDreamingStopped()
11-27 17:20:37.865 I/AmbientService(  914): Ambient Stopping
11-27 17:20:37.875 V/DreamService[AmbientDream](  914): onDestroy()
11-27 17:20:42.811 I/PowerManagerService(  575): Going to sleep due to screen timeout (uid 1000)...
11-27 17:20:42.818 I/DreamManagerService(  575): Entering dreamland.
11-27 17:20:42.818 I/PowerManagerService(  575): Dozing...
11-27 17:20:42.819 I/DreamController(  575): Starting dream: name=ComponentInfo{com.google.android.wearable.ambient/com.google.android.wearable.ambient.AmbientDream}, isTest=false, canDoze=true, userId=0
11-27 17:20:42.834 E/InputMethodManagerService(  575): Ignoring setImeWindowStatus due to an invalid token. uid:1000 token:null
11-27 17:20:42.834 E/InputMethodManagerService(  575): Ignoring setImeWindowStatus due to an invalid token. uid:1000 token:null
11-27 17:20:42.882 V/DreamService[AmbientDream](  914): onBind() intent = Intent { act=android.service.dreams.DreamService flg=0x800000 cmp=com.google.android.wearable.ambient/.AmbientDream }
11-27 17:20:42.893 I/AmbientService(  914): Ambient Created
11-27 17:20:42.893 V/DreamService[AmbientDream](  914): Calling onDreamingStarted()
11-27 17:20:42.893 I/AmbientService(  914): Ambient Starting
11-27 17:20:43.871 I/DisplayManagerService(  575): Display device changed state: "Built-in Screen", DOZE_SUSPEND
11-27 17:20:43.873 V/ActivityManager(  575): Display changed displayId=0
11-27 17:21:01.202 I/AmbientService(  914): Ambient Updating
11-27 17:21:01.232 I/DisplayManagerService(  575): Display device changed state: "Built-in Screen", DOZE
11-27 17:21:01.237 V/ActivityManager(  575): Display changed displayId=0
11-27 17:21:01.353 I/DisplayManagerService(  575): Display device changed state: "Built-in Screen", DOZE_SUSPEND
11-27 17:21:01.360 V/ActivityManager(  575): Display changed displayId=0
11-27 17:22:01.205 I/AmbientService(  914): Ambient Updating
11-27 17:22:01.254 I/DisplayManagerService(  575): Display device changed state: "Built-in Screen", DOZE
11-27 17:22:01.260 V/ActivityManager(  575): Display changed displayId=0
11-27 17:22:01.374 I/DisplayManagerService(  575): Display device changed state: "Built-in Screen", DOZE_SUSPEND
11-27 17:22:01.381 V/ActivityManager(  575): Display changed displayId=0
11-27 17:22:36.286 I/PowerManagerService(  575): Waking up from dozing (uid 10004)...
11-27 17:22:36.295 E/InputMethodManagerService(  575): Ignoring setImeWindowStatus due to an invalid token. uid:1000 token:null
11-27 17:22:36.318 I/DisplayManagerService(  575): Display device changed state: "Built-in Screen", ON
11-27 17:22:36.364 V/ActivityManager(  575): Display changed displayId=0
11-27 17:22:36.389 I/DreamManagerService(  575): Gently waking up from dream.
11-27 17:22:36.390 V/DreamService[AmbientDream](  914): wakeUp(): fromSystem=true, mWaking=false, mFinished=false
11-27 17:22:36.390 V/DreamService[AmbientDream](  914): finish(): mFinished=false
11-27 17:22:36.390 I/DreamManagerService(  575): Leaving dreamland.
11-27 17:22:36.390 I/DreamController(  575): Stopping dream: name=ComponentInfo{com.google.android.wearable.ambient/com.google.android.wearable.ambient.AmbientDream}, isTest=false, canDoze=true, userId=0
11-27 17:22:36.394 V/DreamService[AmbientDream](  914): detach(): Calling onDreamingStopped()
11-27 17:22:36.394 I/AmbientService(  914): Ambient Stopping
11-27 17:22:36.429 V/DreamService[AmbientDream](  914): onDestroy()
11-27 17:22:41.320 I/PowerManagerService(  575): Going to sleep due to screen timeout (uid 1000)...
11-27 17:22:41.322 I/DreamManagerService(  575): Entering dreamland.
11-27 17:22:41.322 I/PowerManagerService(  575): Dozing...
11-27 17:22:41.323 I/DreamController(  575): Starting dream: name=ComponentInfo{com.google.android.wearable.ambient/com.google.android.wearable.ambient.AmbientDream}, isTest=false, canDoze=true, userId=0
11-27 17:22:41.333 E/InputMethodManagerService(  575): Ignoring setImeWindowStatus due to an invalid token. uid:1000 token:null
11-27 17:22:41.333 E/InputMethodManagerService(  575): Ignoring setImeWindowStatus due to an invalid token. uid:1000 token:null
11-27 17:22:41.382 V/DreamService[AmbientDream](  914): onBind() intent = Intent { act=android.service.dreams.DreamService flg=0x800000 cmp=com.google.android.wearable.ambient/.AmbientDream }
11-27 17:22:41.416 I/AmbientService(  914): Ambient Created
11-27 17:22:41.416 V/DreamService[AmbientDream](  914): Calling onDreamingStarted()
11-27 17:22:41.416 I/AmbientService(  914): Ambient Starting
11-27 17:22:42.373 I/DisplayManagerService(  575): Display device changed state: "Built-in Screen", DOZE_SUSPEND
11-27 17:22:42.375 V/ActivityManager(  575): Display changed displayId=0
11-27 17:23:01.203 I/AmbientService(  914): Ambient Updating
11-27 17:23:01.235 I/DisplayManagerService(  575): Display device changed state: "Built-in Screen", DOZE
11-27 17:23:01.246 V/ActivityManager(  575): Display changed displayId=0
11-27 17:23:01.356 I/DisplayManagerService(  575): Display device changed state: "Built-in Screen", DOZE_SUSPEND
11-27 17:23:01.363 V/ActivityManager(  575): Display changed displayId=0
11-27 17:23:28.387 I/DisplayManagerService(  575): Display device changed state: "Built-in Screen", DOZE
11-27 17:23:28.390 V/ActivityManager(  575): Display changed displayId=0
11-27 17:23:28.508 I/DisplayManagerService(  575): Display device changed state: "Built-in Screen", DOZE_SUSPEND
11-27 17:23:28.516 V/ActivityManager(  575): Display changed displayId=0
11-27 17:23:33.426 I/ActivityManager(  575): Delay finish: com.android.providers.calendar/.CalendarProviderBroadcastReceiver
11-27 17:23:33.465 I/ActivityManager(  575): Resuming delayed broadcast
11-27 17:24:02.012 I/AmbientService(  914): Ambient Updating
11-27 17:24:02.057 I/DisplayManagerService(  575): Display device changed state: "Built-in Screen", DOZE
11-27 17:24:02.062 V/ActivityManager(  575): Display changed displayId=0
11-27 17:24:02.178 I/DisplayManagerService(  575): Display device changed state: "Built-in Screen", DOZE_SUSPEND
11-27 17:24:02.185 V/ActivityManager(  575): Display changed displayId=0
11-27 17:25:01.016 I/AmbientService(  914): Ambient Updating
11-27 17:25:01.060 I/DisplayManagerService(  575): Display device changed state: "Built-in Screen", DOZE
11-27 17:25:01.066 V/ActivityManager(  575): Display changed displayId=0
11-27 17:25:01.180 I/DisplayManagerService(  575): Display device changed state: "Built-in Screen", DOZE_SUSPEND
11-27 17:25:01.190 V/ActivityManager(  575): Display changed displayId=0
11-27 17:26:01.014 I/AmbientService(  914): Ambient Updating
11-27 17:26:01.070 I/DisplayManagerService(  575): Display device changed state: "Built-in Screen", DOZE
11-27 17:26:01.070 V/ActivityManager(  575): Display changed displayId=0
11-27 17:26:01.183 I/DisplayManagerService(  575): Display device changed state: "Built-in Screen", DOZE_SUSPEND
11-27 17:26:01.183 V/ActivityManager(  575): Display changed displayId=0
11-27 17:27:01.019 I/AmbientService(  914): Ambient Updating
11-27 17:27:01.097 I/DisplayManagerService(  575): Display device changed state: "Built-in Screen", DOZE
11-27 17:27:01.098 V/ActivityManager(  575): Display changed displayId=0
11-27 17:27:01.216 I/DisplayManagerService(  575): Display device changed state: "Built-in Screen", DOZE_SUSPEND
11-27 17:27:01.223 V/ActivityManager(  575): Display changed displayId=0
