11-27 12:48:46.515 I/DreamManagerService(  575): Gently waking up from dream.
11-27 12:48:46.515 V/DreamService[AmbientDream](  914): wakeUp(): fromSystem=true, mWaking=false, mFinished=false
11-27 12:48:46.515 V/DreamService[AmbientDream](  914): finish(): mFinished=false
11-27 12:48:46.515 I/DreamManagerService(  575): Leaving dreamland.
11-27 12:48:46.516 I/DreamController(  575): Stopping dream: name=ComponentInfo{com.google.android.wearable.ambient/com.google.android.wearable.ambient.AmbientDream}, isTest=false, canDoze=true, userId=0
11-27 12:48:46.519 V/DreamService[AmbientDream](  914): detach(): Calling onDreamingStopped()
11-27 12:48:46.519 I/AmbientService(  914): Ambient Stopping
11-27 12:48:46.550 V/DreamService[AmbientDream](  914): onDestroy()
11-27 12:48:56.407 I/PowerManagerService(  575): Going to sleep due to screen timeout (uid 1000)...
11-27 12:48:56.408 I/DreamManagerService(  575): Entering dreamland.
11-27 12:48:56.408 I/PowerManagerService(  575): Dozing...
11-27 12:48:56.410 I/DreamController(  575): Starting dream: name=ComponentInfo{com.google.android.wearable.ambient/com.google.android.wearable.ambient.AmbientDream}, isTest=false, canDoze=true, userId=0
11-27 12:48:56.432 E/InputMethodManagerService(  575): Ignoring setImeWindowStatus due to an invalid token. uid:1000 token:null
11-27 12:48:56.432 E/InputMethodManagerService(  575): Ignoring setImeWindowStatus due to an invalid token. uid:1000 token:null
11-27 12:48:56.484 V/DreamService[AmbientDream](  914): onBind() intent = Intent { act=android.service.dreams.DreamService flg=0x800000 cmp=com.google.android.wearable.ambient/.AmbientDream }
11-27 12:48:56.490 I/AmbientService(  914): Ambient Created
11-27 12:48:56.490 V/DreamService[AmbientDream](  914): Calling onDreamingStarted()
11-27 12:48:56.490 I/AmbientService(  914): Ambient Starting
11-27 12:48:56.586 I/DisplayManagerService(  575): Display device changed state: "Built-in Screen", DOZE_SUSPEND
11-27 12:48:56.588 V/ActivityManager(  575): Display changed displayId=0
11-27 12:49:02.102 I/AmbientService(  914): Ambient Updating
11-27 12:49:02.124 I/DisplayManagerService(  575): Display device changed state: "Built-in Screen", DOZE
11-27 12:49:02.131 V/ActivityManager(  575): Display changed displayId=0
11-27 12:49:02.245 I/DisplayManagerService(  575): Display device changed state: "Built-in Screen", DOZE_SUSPEND
11-27 12:49:02.252 V/ActivityManager(  575): Display changed displayId=0
11-27 12:50:01.107 I/AmbientService(  914): Ambient Updating
11-27 12:50:01.142 I/DisplayManagerService(  575): Display device changed state: "Built-in Screen", DOZE
11-27 12:50:01.150 V/ActivityManager(  575): Display changed displayId=0
11-27 12:50:01.263 I/DisplayManagerService(  575): Display device changed state: "Built-in Screen", DOZE_SUSPEND
11-27 12:50:01.270 V/ActivityManager(  575): Display changed displayId=0
11-27 12:51:01.106 I/AmbientService(  914): Ambient Updating
11-27 12:51:01.153 I/DisplayManagerService(  575): Display device changed state: "Built-in Screen", DOZE
11-27 12:51:01.154 V/ActivityManager(  575): Display changed displayId=0
11-27 12:51:01.274 I/DisplayManagerService(  575): Display device changed state: "Built-in Screen", DOZE_SUSPEND
11-27 12:51:01.281 V/ActivityManager(  575): Display changed displayId=0
11-27 12:51:59.265 I/PowerManagerService(  575): Waking up from dozing (uid 1000)...
11-27 12:51:59.274 E/InputMethodManagerService(  575): Ignoring setImeWindowStatus due to an invalid token. uid:1000 token:null
11-27 12:51:59.304 I/DisplayManagerService(  575): Display device changed state: "Built-in Screen", ON
11-27 12:51:59.336 V/ActivityManager(  575): Display changed displayId=0
11-27 12:51:59.368 I/DreamManagerService(  575): Gently waking up from dream.
11-27 12:51:59.369 V/DreamService[AmbientDream](  914): wakeUp(): fromSystem=true, mWaking=false, mFinished=false
11-27 12:51:59.369 V/DreamService[AmbientDream](  914): finish(): mFinished=false
11-27 12:51:59.369 I/DreamManagerService(  575): Leaving dreamland.
11-27 12:51:59.370 I/DreamController(  575): Stopping dream: name=ComponentInfo{com.google.android.wearable.ambient/com.google.android.wearable.ambient.AmbientDream}, isTest=false, canDoze=true, userId=0
11-27 12:51:59.371 V/DreamService[AmbientDream](  914): detach(): Calling onDreamingStopped()
11-27 12:51:59.371 I/AmbientService(  914): Ambient Stopping
11-27 12:51:59.393 V/DreamService[AmbientDream](  914): onDestroy()
11-27 12:52:10.080 I/PowerManagerService(  575): Going to sleep due to screen timeout (uid 1000)...
11-27 12:52:10.081 I/DreamManagerService(  575): Entering dreamland.
11-27 12:52:10.081 I/PowerManagerService(  575): Dozing...
11-27 12:52:10.082 I/DreamController(  575): Starting dream: name=ComponentInfo{com.google.android.wearable.ambient/com.google.android.wearable.ambient.AmbientDream}, isTest=false, canDoze=true, userId=0
11-27 12:52:10.095 E/InputMethodManagerService(  575): Ignoring setImeWindowStatus due to an invalid token. uid:1000 token:null
11-27 12:52:10.095 E/InputMethodManagerService(  575): Ignoring setImeWindowStatus due to an invalid token. uid:1000 token:null
11-27 12:52:10.139 V/DreamService[AmbientDream](  914): onBind() intent = Intent { act=android.service.dreams.DreamService flg=0x800000 cmp=com.google.android.wearable.ambient/.AmbientDream }
11-27 12:52:10.173 I/AmbientService(  914): Ambient Created
11-27 12:52:10.173 V/DreamService[AmbientDream](  914): Calling onDreamingStarted()
11-27 12:52:10.173 I/AmbientService(  914): Ambient Starting
11-27 12:52:11.131 I/DisplayManagerService(  575): Display device changed state: "Built-in Screen", DOZE_SUSPEND
11-27 12:52:11.133 V/ActivityManager(  575): Display changed displayId=0
11-27 12:53:01.106 I/AmbientService(  914): Ambient Updating
11-27 12:53:01.141 I/DisplayManagerService(  575): Display device changed state: "Built-in Screen", DOZE
11-27 12:53:01.154 V/ActivityManager(  575): Display changed displayId=0
11-27 12:53:01.260 I/DisplayManagerService(  575): Display device changed state: "Built-in Screen", DOZE_SUSPEND
11-27 12:53:01.267 V/ActivityManager(  575): Display changed displayId=0
11-27 12:54:01.107 I/AmbientService(  914): Ambient Updating
11-27 12:54:01.164 I/DisplayManagerService(  575): Display device changed state: "Built-in Screen", DOZE
11-27 12:54:01.177 V/ActivityManager(  575): Display changed displayId=0
11-27 12:54:01.284 I/DisplayManagerService(  575): Display device changed state: "Built-in Screen", DOZE_SUSPEND
11-27 12:54:01.291 V/ActivityManager(  575): Display changed displayId=0
11-27 12:55:01.112 I/AmbientService(  914): Ambient Updating
11-27 12:55:01.153 I/DisplayManagerService(  575): Display device changed state: "Built-in Screen", DOZE
11-27 12:55:01.158 V/ActivityManager(  575): Display changed displayId=0
11-27 12:55:01.274 I/DisplayManagerService(  575): Display device changed state: "Built-in Screen", DOZE_SUSPEND
11-27 12:55:01.284 V/ActivityManager(  575): Display changed displayId=0
11-27 12:56:01.111 I/AmbientService(  914): Ambient Updating
11-27 12:56:01.158 I/DisplayManagerService(  575): Display device changed state: "Built-in Screen", DOZE
11-27 12:56:01.159 V/ActivityManager(  575): Display changed displayId=0
11-27 12:56:01.274 I/DisplayManagerService(  575): Display device changed state: "Built-in Screen", DOZE_SUSPEND
11-27 12:56:01.281 V/ActivityManager(  575): Display changed displayId=0
11-27 12:57:01.104 I/AmbientService(  914): Ambient Updating
11-27 12:57:01.152 I/DisplayManagerService(  575): Display device changed state: "Built-in Screen", DOZE
11-27 12:57:01.158 V/ActivityManager(  575): Display changed displayId=0
11-27 12:57:01.272 I/DisplayManagerService(  575): Display device changed state: "Built-in Screen", DOZE_SUSPEND
11-27 12:57:01.279 V/ActivityManager(  575): Display changed displayId=0
11-27 12:58:01.111 I/AmbientService(  914): Ambient Updating
11-27 12:58:01.156 I/DisplayManagerService(  575): Display device changed state: "Built-in Screen", DOZE
11-27 12:58:01.166 V/ActivityManager(  575): Display changed displayId=0
11-27 12:58:01.276 I/DisplayManagerService(  575): Display device changed state: "Built-in Screen", DOZE_SUSPEND
11-27 12:58:01.283 V/ActivityManager(  575): Display changed displayId=0
11-27 12:59:01.109 I/AmbientService(  914): Ambient Updating
11-27 12:59:01.159 I/DisplayManagerService(  575): Display device changed state: "Built-in Screen", DOZE
11-27 12:59:01.168 V/ActivityManager(  575): Display changed displayId=0
11-27 12:59:01.279 I/DisplayManagerService(  575): Display device changed state: "Built-in Screen", DOZE_SUSPEND
11-27 12:59:01.285 V/ActivityManager(  575): Display changed displayId=0
11-27 12:59:20.124 I/ActivityManager(  575): Delay finish: com.google.android.gms/.checkin.EventLogService$Receiver
11-27 12:59:20.503 I/ActivityManager(  575): Resuming delayed broadcast
11-27 12:59:20.591 I/ActivityManager(  575): Delay finish: com.google.android.apps.fitness/com.google.android.wearable.fitness.summary.notification.NotificationReceiver
11-27 12:59:21.159 I/ActivityManager(  575): Resuming delayed broadcast
11-27 13:00:00.006 I/AmbientService(  914): Ambient Updating
11-27 13:00:00.045 I/DisplayManagerService(  575): Display device changed state: "Built-in Screen", DOZE
11-27 13:00:00.050 V/ActivityManager(  575): Display changed displayId=0
11-27 13:00:00.165 I/DisplayManagerService(  575): Display device changed state: "Built-in Screen", DOZE_SUSPEND
11-27 13:00:00.172 V/ActivityManager(  575): Display changed displayId=0
11-27 13:01:01.112 I/AmbientService(  914): Ambient Updating
11-27 13:01:01.154 I/DisplayManagerService(  575): Display device changed state: "Built-in Screen", DOZE
11-27 13:01:01.163 V/ActivityManager(  575): Display changed displayId=0
11-27 13:01:01.273 I/DisplayManagerService(  575): Display device changed state: "Built-in Screen", DOZE_SUSPEND
11-27 13:01:01.280 V/ActivityManager(  575): Display changed displayId=0
11-27 13:02:01.111 I/AmbientService(  914): Ambient Updating
11-27 13:02:01.159 I/DisplayManagerService(  575): Display device changed state: "Built-in Screen", DOZE
11-27 13:02:01.162 V/ActivityManager(  575): Display changed displayId=0
11-27 13:02:01.279 I/DisplayManagerService(  575): Display device changed state: "Built-in Screen", DOZE_SUSPEND
11-27 13:02:01.286 V/ActivityManager(  575): Display changed displayId=0
11-27 13:03:01.113 I/AmbientService(  914): Ambient Updating
11-27 13:03:01.162 I/DisplayManagerService(  575): Display device changed state: "Built-in Screen", DOZE
11-27 13:03:01.170 V/ActivityManager(  575): Display changed displayId=0
11-27 13:03:01.283 I/DisplayManagerService(  575): Display device changed state: "Built-in Screen", DOZE_SUSPEND
11-27 13:03:01.290 V/ActivityManager(  575): Display changed displayId=0
11-27 13:04:01.111 I/AmbientService(  914): Ambient Updating
11-27 13:04:01.168 I/DisplayManagerService(  575): Display device changed state: "Built-in Screen", DOZE
11-27 13:04:01.181 V/ActivityManager(  575): Display changed displayId=0
11-27 13:04:01.289 I/DisplayManagerService(  575): Display device changed state: "Built-in Screen", DOZE_SUSPEND
11-27 13:04:01.296 V/ActivityManager(  575): Display changed displayId=0
11-27 13:05:01.111 I/AmbientService(  914): Ambient Updating
11-27 13:05:01.159 I/DisplayManagerService(  575): Display device changed state: "Built-in Screen", DOZE
11-27 13:05:01.166 V/ActivityManager(  575): Display changed displayId=0
11-27 13:05:01.279 I/DisplayManagerService(  575): Display device changed state: "Built-in Screen", DOZE_SUSPEND
11-27 13:05:01.280 V/ActivityManager(  575): Display changed displayId=0
11-27 13:06:01.113 I/AmbientService(  914): Ambient Updating
11-27 13:06:01.159 I/DisplayManagerService(  575): Display device changed state: "Built-in Screen", DOZE
11-27 13:06:01.160 V/ActivityManager(  575): Display changed displayId=0
11-27 13:06:01.278 I/DisplayManagerService(  575): Display device changed state: "Built-in Screen", DOZE_SUSPEND
11-27 13:06:01.285 V/ActivityManager(  575): Display changed displayId=0
11-27 13:07:01.114 I/AmbientService(  914): Ambient Updating
11-27 13:07:01.162 I/DisplayManagerService(  575): Display device changed state: "Built-in Screen", DOZE
11-27 13:07:01.171 V/ActivityManager(  575): Display changed displayId=0
11-27 13:07:01.282 I/DisplayManagerService(  575): Display device changed state: "Built-in Screen", DOZE_SUSPEND
11-27 13:07:01.289 V/ActivityManager(  575): Display changed displayId=0
11-27 13:08:01.113 I/AmbientService(  914): Ambient Updating
11-27 13:08:01.163 I/DisplayManagerService(  575): Display device changed state: "Built-in Screen", DOZE
11-27 13:08:01.168 V/ActivityManager(  575): Display changed displayId=0
11-27 13:08:01.284 I/DisplayManagerService(  575): Display device changed state: "Built-in Screen", DOZE_SUSPEND
11-27 13:08:01.291 V/ActivityManager(  575): Display changed displayId=0
11-27 13:09:01.114 I/AmbientService(  914): Ambient Updating
11-27 13:09:01.165 I/DisplayManagerService(  575): Display device changed state: "Built-in Screen", DOZE
11-27 13:09:01.173 V/ActivityManager(  575): Display changed displayId=0
11-27 13:09:01.285 I/DisplayManagerService(  575): Display device changed state: "Built-in Screen", DOZE_SUSPEND
11-27 13:09:01.291 V/ActivityManager(  575): Display changed displayId=0
11-27 13:10:01.116 I/AmbientService(  914): Ambient Updating
11-27 13:10:01.161 I/DisplayManagerService(  575): Display device changed state: "Built-in Screen", DOZE
11-27 13:10:01.170 V/ActivityManager(  575): Display changed displayId=0
11-27 13:10:01.281 I/DisplayManagerService(  575): Display device changed state: "Built-in Screen", DOZE_SUSPEND
11-27 13:10:01.289 V/ActivityManager(  575): Display changed displayId=0
11-27 13:11:01.440 I/AmbientService(  914): Ambient Updating
11-27 13:11:01.508 I/DisplayManagerService(  575): Display device changed state: "Built-in Screen", DOZE
11-27 13:11:01.514 V/ActivityManager(  575): Display changed displayId=0
11-27 13:11:01.630 I/DisplayManagerService(  575): Display device changed state: "Built-in Screen", DOZE_SUSPEND
11-27 13:11:01.640 V/ActivityManager(  575): Display changed displayId=0
11-27 13:12:01.120 I/AmbientService(  914): Ambient Updating
11-27 13:12:01.168 I/DisplayManagerService(  575): Display device changed state: "Built-in Screen", DOZE
11-27 13:12:01.177 V/ActivityManager(  575): Display changed displayId=0
11-27 13:12:01.284 I/DisplayManagerService(  575): Display device changed state: "Built-in Screen", DOZE_SUSPEND
11-27 13:12:01.291 V/ActivityManager(  575): Display changed displayId=0
11-27 13:13:01.114 I/AmbientService(  914): Ambient Updating
11-27 13:13:01.163 I/DisplayManagerService(  575): Display device changed state: "Built-in Screen", DOZE
11-27 13:13:01.168 V/ActivityManager(  575): Display changed displayId=0
11-27 13:13:01.283 I/DisplayManagerService(  575): Display device changed state: "Built-in Screen", DOZE_SUSPEND
11-27 13:13:01.290 V/ActivityManager(  575): Display changed displayId=0
11-27 13:14:01.114 I/AmbientService(  914): Ambient Updating
11-27 13:14:01.165 I/DisplayManagerService(  575): Display device changed state: "Built-in Screen", DOZE
11-27 13:14:01.179 V/ActivityManager(  575): Display changed displayId=0
11-27 13:14:01.286 I/DisplayManagerService(  575): Display device changed state: "Built-in Screen", DOZE_SUSPEND
11-27 13:14:01.296 V/ActivityManager(  575): Display changed displayId=0
11-27 13:15:01.115 I/AmbientService(  914): Ambient Updating
11-27 13:15:01.166 I/DisplayManagerService(  575): Display device changed state: "Built-in Screen", DOZE
11-27 13:15:01.174 V/ActivityManager(  575): Display changed displayId=0
11-27 13:15:01.287 I/DisplayManagerService(  575): Display device changed state: "Built-in Screen", DOZE_SUSPEND
11-27 13:15:01.294 V/ActivityManager(  575): Display changed displayId=0
11-27 13:16:01.118 I/AmbientService(  914): Ambient Updating
11-27 13:16:01.163 I/DisplayManagerService(  575): Display device changed state: "Built-in Screen", DOZE
11-27 13:16:01.170 V/ActivityManager(  575): Display changed displayId=0
11-27 13:16:01.283 I/DisplayManagerService(  575): Display device changed state: "Built-in Screen", DOZE_SUSPEND
11-27 13:16:01.291 V/ActivityManager(  575): Display changed displayId=0
11-27 13:17:01.117 I/AmbientService(  914): Ambient Updating
11-27 13:17:01.166 I/DisplayManagerService(  575): Display device changed state: "Built-in Screen", DOZE
11-27 13:17:01.175 V/ActivityManager(  575): Display changed displayId=0
11-27 13:17:01.286 I/DisplayManagerService(  575): Display device changed state: "Built-in Screen", DOZE_SUSPEND
11-27 13:17:01.293 V/ActivityManager(  575): Display changed displayId=0
11-27 13:18:01.117 I/AmbientService(  914): Ambient Updating
11-27 13:18:01.164 I/DisplayManagerService(  575): Display device changed state: "Built-in Screen", DOZE
11-27 13:18:01.172 V/ActivityManager(  575): Display changed displayId=0
11-27 13:18:01.284 I/DisplayManagerService(  575): Display device changed state: "Built-in Screen", DOZE_SUSPEND
11-27 13:18:01.290 V/ActivityManager(  575): Display changed displayId=0
11-27 13:18:52.144 I/PowerManagerService(  575): Waking up from dozing (uid 10004)...
11-27 13:18:52.149 E/InputMethodManagerService(  575): Ignoring setImeWindowStatus due to an invalid token. uid:1000 token:null
11-27 13:18:52.174 I/DisplayManagerService(  575): Display device changed state: "Built-in Screen", ON
11-27 13:18:52.195 V/ActivityManager(  575): Display changed displayId=0
11-27 13:18:52.223 I/DreamManagerService(  575): Gently waking up from dream.
11-27 13:18:52.224 V/DreamService[AmbientDream](  914): wakeUp(): fromSystem=true, mWaking=false, mFinished=false
11-27 13:18:52.224 V/DreamService[AmbientDream](  914): finish(): mFinished=false
11-27 13:18:52.224 I/DreamManagerService(  575): Leaving dreamland.
11-27 13:18:52.227 I/DreamController(  575): Stopping dream: name=ComponentInfo{com.google.android.wearable.ambient/com.google.android.wearable.ambient.AmbientDream}, isTest=false, canDoze=true, userId=0
11-27 13:18:52.232 V/DreamService[AmbientDream](  914): detach(): Calling onDreamingStopped()
11-27 13:18:52.232 I/AmbientService(  914): Ambient Stopping
11-27 13:18:52.254 V/DreamService[AmbientDream](  914): onDestroy()
11-27 13:18:57.177 I/PowerManagerService(  575): Going to sleep due to screen timeout (uid 1000)...
11-27 13:18:57.180 I/DreamManagerService(  575): Entering dreamland.
11-27 13:18:57.181 I/PowerManagerService(  575): Dozing...
11-27 13:18:57.182 I/DreamController(  575): Starting dream: name=ComponentInfo{com.google.android.wearable.ambient/com.google.android.wearable.ambient.AmbientDream}, isTest=false, canDoze=true, userId=0
11-27 13:18:57.192 E/InputMethodManagerService(  575): Ignoring setImeWindowStatus due to an invalid token. uid:1000 token:null
11-27 13:18:57.193 E/InputMethodManagerService(  575): Ignoring setImeWindowStatus due to an invalid token. uid:1000 token:null
11-27 13:18:57.261 V/DreamService[AmbientDream](  914): onBind() intent = Intent { act=android.service.dreams.DreamService flg=0x800000 cmp=com.google.android.wearable.ambient/.AmbientDream }
11-27 13:18:57.280 I/AmbientService(  914): Ambient Created
11-27 13:18:57.286 V/DreamService[AmbientDream](  914): Calling onDreamingStarted()
11-27 13:18:57.286 I/AmbientService(  914): Ambient Starting
11-27 13:18:58.229 I/DisplayManagerService(  575): Display device changed state: "Built-in Screen", DOZE_SUSPEND
11-27 13:18:58.232 V/ActivityManager(  575): Display changed displayId=0
11-27 13:19:04.113 I/AmbientService(  914): Ambient Updating
11-27 13:19:04.135 I/DisplayManagerService(  575): Display device changed state: "Built-in Screen", DOZE
11-27 13:19:04.147 V/ActivityManager(  575): Display changed displayId=0
11-27 13:19:04.256 I/DisplayManagerService(  575): Display device changed state: "Built-in Screen", DOZE_SUSPEND
11-27 13:19:04.263 V/ActivityManager(  575): Display changed displayId=0
11-27 13:19:08.172 I/ActivityManager(  575): Delay finish: com.google.android.apps.fitness/com.google.android.wearable.fitness.summary.notification.NotificationReceiver
11-27 13:19:12.439 I/ActivityManager(  575): Resuming delayed broadcast
11-27 13:20:00.007 I/AmbientService(  914): Ambient Updating
11-27 13:20:00.038 I/DisplayManagerService(  575): Display device changed state: "Built-in Screen", DOZE
11-27 13:20:00.050 V/ActivityManager(  575): Display changed displayId=0
11-27 13:20:00.157 I/DisplayManagerService(  575): Display device changed state: "Built-in Screen", DOZE_SUSPEND
11-27 13:20:00.164 V/ActivityManager(  575): Display changed displayId=0
11-27 13:21:00.116 I/AmbientService(  914): Ambient Updating
11-27 13:21:00.139 I/DisplayManagerService(  575): Display device changed state: "Built-in Screen", DOZE
11-27 13:21:00.142 V/ActivityManager(  575): Display changed displayId=0
11-27 13:21:00.259 I/DisplayManagerService(  575): Display device changed state: "Built-in Screen", DOZE_SUSPEND
11-27 13:21:00.266 V/ActivityManager(  575): Display changed displayId=0
11-27 13:21:47.427 I/PowerManagerService(  575): Waking up from dozing (uid 10004)...
11-27 13:21:47.436 E/InputMethodManagerService(  575): Ignoring setImeWindowStatus due to an invalid token. uid:1000 token:null
11-27 13:21:47.457 I/DisplayManagerService(  575): Display device changed state: "Built-in Screen", ON
11-27 13:21:47.492 V/ActivityManager(  575): Display changed displayId=0
11-27 13:21:47.523 I/DreamManagerService(  575): Gently waking up from dream.
11-27 13:21:47.524 V/DreamService[AmbientDream](  914): wakeUp(): fromSystem=true, mWaking=false, mFinished=false
11-27 13:21:47.524 V/DreamService[AmbientDream](  914): finish(): mFinished=false
11-27 13:21:47.524 I/DreamManagerService(  575): Leaving dreamland.
11-27 13:21:47.529 I/DreamController(  575): Stopping dream: name=ComponentInfo{com.google.android.wearable.ambient/com.google.android.wearable.ambient.AmbientDream}, isTest=false, canDoze=true, userId=0
11-27 13:21:47.540 V/DreamService[AmbientDream](  914): detach(): Calling onDreamingStopped()
11-27 13:21:47.540 I/AmbientService(  914): Ambient Stopping
11-27 13:21:47.577 V/DreamService[AmbientDream](  914): onDestroy()
11-27 13:21:52.460 I/PowerManagerService(  575): Going to sleep due to screen timeout (uid 1000)...
11-27 13:21:52.461 I/DreamManagerService(  575): Entering dreamland.
11-27 13:21:52.461 I/PowerManagerService(  575): Dozing...
11-27 13:21:52.463 I/DreamController(  575): Starting dream: name=ComponentInfo{com.google.android.wearable.ambient/com.google.android.wearable.ambient.AmbientDream}, isTest=false, canDoze=true, userId=0
11-27 13:21:52.473 E/InputMethodManagerService(  575): Ignoring setImeWindowStatus due to an invalid token. uid:1000 token:null
11-27 13:21:52.474 E/InputMethodManagerService(  575): Ignoring setImeWindowStatus due to an invalid token. uid:1000 token:null
11-27 13:21:52.505 V/DreamService[AmbientDream](  914): onBind() intent = Intent { act=android.service.dreams.DreamService flg=0x800000 cmp=com.google.android.wearable.ambient/.AmbientDream }
11-27 13:21:52.512 I/AmbientService(  914): Ambient Created
11-27 13:21:52.512 V/DreamService[AmbientDream](  914): Calling onDreamingStarted()
11-27 13:21:52.512 I/AmbientService(  914): Ambient Starting
11-27 13:21:53.519 I/DisplayManagerService(  575): Display device changed state: "Built-in Screen", DOZE_SUSPEND
11-27 13:21:53.522 V/ActivityManager(  575): Display changed displayId=0
11-27 13:22:01.114 I/AmbientService(  914): Ambient Updating
11-27 13:22:01.126 I/DisplayManagerService(  575): Display device changed state: "Built-in Screen", DOZE
11-27 13:22:01.133 V/ActivityManager(  575): Display changed displayId=0
11-27 13:22:01.246 I/DisplayManagerService(  575): Display device changed state: "Built-in Screen", DOZE_SUSPEND
11-27 13:22:01.253 V/ActivityManager(  575): Display changed displayId=0
11-27 13:23:01.120 I/AmbientService(  914): Ambient Updating
11-27 13:23:01.148 I/DisplayManagerService(  575): Display device changed state: "Built-in Screen", DOZE
11-27 13:23:01.159 V/ActivityManager(  575): Display changed displayId=0
11-27 13:23:01.269 I/DisplayManagerService(  575): Display device changed state: "Built-in Screen", DOZE_SUSPEND
11-27 13:23:01.276 V/ActivityManager(  575): Display changed displayId=0
11-27 13:23:36.301 I/PowerManagerService(  575): Waking up from dozing (uid 10004)...
11-27 13:23:36.313 E/InputMethodManagerService(  575): Ignoring setImeWindowStatus due to an invalid token. uid:1000 token:null
11-27 13:23:36.333 I/DisplayManagerService(  575): Display device changed state: "Built-in Screen", ON
11-27 13:23:36.368 V/ActivityManager(  575): Display changed displayId=0
11-27 13:23:36.397 I/DreamManagerService(  575): Gently waking up from dream.
11-27 13:23:36.401 V/DreamService[AmbientDream](  914): wakeUp(): fromSystem=true, mWaking=false, mFinished=false
11-27 13:23:36.401 V/DreamService[AmbientDream](  914): finish(): mFinished=false
11-27 13:23:36.405 I/DreamManagerService(  575): Leaving dreamland.
11-27 13:23:36.406 I/DreamController(  575): Stopping dream: name=ComponentInfo{com.google.android.wearable.ambient/com.google.android.wearable.ambient.AmbientDream}, isTest=false, canDoze=true, userId=0
11-27 13:23:36.418 V/DreamService[AmbientDream](  914): detach(): Calling onDreamingStopped()
11-27 13:23:36.418 I/AmbientService(  914): Ambient Stopping
11-27 13:23:36.459 V/DreamService[AmbientDream](  914): onDestroy()
11-27 13:23:41.343 I/PowerManagerService(  575): Going to sleep due to screen timeout (uid 1000)...
11-27 13:23:41.346 I/DreamManagerService(  575): Entering dreamland.
11-27 13:23:41.346 I/PowerManagerService(  575): Dozing...
11-27 13:23:41.347 I/DreamController(  575): Starting dream: name=ComponentInfo{com.google.android.wearable.ambient/com.google.android.wearable.ambient.AmbientDream}, isTest=false, canDoze=true, userId=0
11-27 13:23:41.383 V/DreamService[AmbientDream](  914): onBind() intent = Intent { act=android.service.dreams.DreamService flg=0x800000 cmp=com.google.android.wearable.ambient/.AmbientDream }
11-27 13:23:41.386 I/AmbientService(  914): Ambient Created
11-27 13:23:41.386 V/DreamService[AmbientDream](  914): Calling onDreamingStarted()
11-27 13:23:41.386 I/AmbientService(  914): Ambient Starting
11-27 13:23:41.443 E/InputMethodManagerService(  575): Ignoring setImeWindowStatus due to an invalid token. uid:1000 token:null
11-27 13:23:41.589 E/InputMethodManagerService(  575): Ignoring setImeWindowStatus due to an invalid token. uid:1000 token:null
11-27 13:23:42.402 I/DisplayManagerService(  575): Display device changed state: "Built-in Screen", DOZE_SUSPEND
11-27 13:23:42.404 V/ActivityManager(  575): Display changed displayId=0
11-27 13:24:01.118 I/AmbientService(  914): Ambient Updating
11-27 13:24:01.144 I/DisplayManagerService(  575): Display device changed state: "Built-in Screen", DOZE
11-27 13:24:01.151 V/ActivityManager(  575): Display changed displayId=0
11-27 13:24:01.264 I/DisplayManagerService(  575): Display device changed state: "Built-in Screen", DOZE_SUSPEND
11-27 13:24:01.270 V/ActivityManager(  575): Display changed displayId=0
11-27 13:25:01.125 I/AmbientService(  914): Ambient Updating
11-27 13:25:01.148 I/DisplayManagerService(  575): Display device changed state: "Built-in Screen", DOZE
11-27 13:25:01.163 V/ActivityManager(  575): Display changed displayId=0
11-27 13:25:01.268 I/DisplayManagerService(  575): Display device changed state: "Built-in Screen", DOZE_SUSPEND
11-27 13:25:01.275 V/ActivityManager(  575): Display changed displayId=0
11-27 13:26:01.119 I/AmbientService(  914): Ambient Updating
11-27 13:26:01.158 I/DisplayManagerService(  575): Display device changed state: "Built-in Screen", DOZE
11-27 13:26:01.166 V/ActivityManager(  575): Display changed displayId=0
11-27 13:26:01.277 I/DisplayManagerService(  575): Display device changed state: "Built-in Screen", DOZE_SUSPEND
11-27 13:26:01.284 V/ActivityManager(  575): Display changed displayId=0
11-27 13:27:01.121 I/AmbientService(  914): Ambient Updating
11-27 13:27:01.171 I/DisplayManagerService(  575): Display device changed state: "Built-in Screen", DOZE
11-27 13:27:01.179 V/ActivityManager(  575): Display changed displayId=0
11-27 13:27:01.293 I/DisplayManagerService(  575): Display device changed state: "Built-in Screen", DOZE_SUSPEND
11-27 13:27:01.300 V/ActivityManager(  575): Display changed displayId=0
11-27 13:28:01.119 I/AmbientService(  914): Ambient Updating
11-27 13:28:01.163 I/DisplayManagerService(  575): Display device changed state: "Built-in Screen", DOZE
11-27 13:28:01.172 V/ActivityManager(  575): Display changed displayId=0
11-27 13:28:01.284 I/DisplayManagerService(  575): Display device changed state: "Built-in Screen", DOZE_SUSPEND
11-27 13:28:01.290 V/ActivityManager(  575): Display changed displayId=0
11-27 13:29:01.122 I/AmbientService(  914): Ambient Updating
11-27 13:29:01.171 I/DisplayManagerService(  575): Display device changed state: "Built-in Screen", DOZE
11-27 13:29:01.180 V/ActivityManager(  575): Display changed displayId=0
11-27 13:29:01.292 I/DisplayManagerService(  575): Display device changed state: "Built-in Screen", DOZE_SUSPEND
11-27 13:29:01.299 V/ActivityManager(  575): Display changed displayId=0
11-27 13:30:01.121 I/AmbientService(  914): Ambient Updating
11-27 13:30:01.167 I/DisplayManagerService(  575): Display device changed state: "Built-in Screen", DOZE
11-27 13:30:01.175 V/ActivityManager(  575): Display changed displayId=0
11-27 13:30:01.287 I/DisplayManagerService(  575): Display device changed state: "Built-in Screen", DOZE_SUSPEND
11-27 13:30:01.294 V/ActivityManager(  575): Display changed displayId=0
11-27 13:31:01.122 I/AmbientService(  914): Ambient Updating
11-27 13:31:01.133 I/DisplayManagerService(  575): Display device changed state: "Built-in Screen", DOZE
11-27 13:31:01.142 V/ActivityManager(  575): Display changed displayId=0
11-27 13:31:01.254 I/DisplayManagerService(  575): Display device changed state: "Built-in Screen", DOZE_SUSPEND
11-27 13:31:01.262 V/ActivityManager(  575): Display changed displayId=0
11-27 13:32:01.117 I/AmbientService(  914): Ambient Updating
11-27 13:32:01.182 I/DisplayManagerService(  575): Display device changed state: "Built-in Screen", DOZE
11-27 13:32:01.182 V/ActivityManager(  575): Display changed displayId=0
11-27 13:32:01.296 I/DisplayManagerService(  575): Display device changed state: "Built-in Screen", DOZE_SUSPEND
11-27 13:32:01.303 V/ActivityManager(  575): Display changed displayId=0
11-27 13:33:01.122 I/AmbientService(  914): Ambient Updating
11-27 13:33:01.172 I/DisplayManagerService(  575): Display device changed state: "Built-in Screen", DOZE
11-27 13:33:01.186 V/ActivityManager(  575): Display changed displayId=0
11-27 13:33:01.293 I/DisplayManagerService(  575): Display device changed state: "Built-in Screen", DOZE_SUSPEND
11-27 13:33:01.300 V/ActivityManager(  575): Display changed displayId=0
11-27 13:34:01.122 I/AmbientService(  914): Ambient Updating
11-27 13:34:01.176 I/DisplayManagerService(  575): Display device changed state: "Built-in Screen", DOZE
11-27 13:34:01.187 V/ActivityManager(  575): Display changed displayId=0
11-27 13:34:01.296 I/DisplayManagerService(  575): Display device changed state: "Built-in Screen", DOZE_SUSPEND
11-27 13:34:01.303 V/ActivityManager(  575): Display changed displayId=0
11-27 13:35:01.125 I/AmbientService(  914): Ambient Updating
11-27 13:35:01.173 I/DisplayManagerService(  575): Display device changed state: "Built-in Screen", DOZE
11-27 13:35:01.174 V/ActivityManager(  575): Display changed displayId=0
11-27 13:35:01.294 I/DisplayManagerService(  575): Display device changed state: "Built-in Screen", DOZE_SUSPEND
11-27 13:35:01.301 V/ActivityManager(  575): Display changed displayId=0
11-27 13:36:01.124 I/AmbientService(  914): Ambient Updating
11-27 13:36:01.172 I/DisplayManagerService(  575): Display device changed state: "Built-in Screen", DOZE
11-27 13:36:01.187 V/ActivityManager(  575): Display changed displayId=0
11-27 13:36:01.293 I/DisplayManagerService(  575): Display device changed state: "Built-in Screen", DOZE_SUSPEND
11-27 13:36:01.300 V/ActivityManager(  575): Display changed displayId=0
11-27 13:37:01.121 I/AmbientService(  914): Ambient Updating
11-27 13:37:01.172 I/DisplayManagerService(  575): Display device changed state: "Built-in Screen", DOZE
11-27 13:37:01.188 V/ActivityManager(  575): Display changed displayId=0
11-27 13:37:01.291 I/DisplayManagerService(  575): Display device changed state: "Built-in Screen", DOZE_SUSPEND
11-27 13:37:01.299 V/ActivityManager(  575): Display changed displayId=0
11-27 13:37:01.308 I/ActivityManager(  575): Delay finish: com.google.android.apps.fitness/com.google.android.wearable.fitness.summary.notification.NotificationReceiver
11-27 13:37:02.167 I/ActivityManager(  575): Resuming delayed broadcast
11-27 13:37:53.182 I/PowerManagerService(  575): Waking up from dozing (uid 10004)...
11-27 13:37:53.187 E/InputMethodManagerService(  575): Ignoring setImeWindowStatus due to an invalid token. uid:1000 token:null
11-27 13:37:53.211 I/DisplayManagerService(  575): Display device changed state: "Built-in Screen", ON
11-27 13:37:53.244 V/ActivityManager(  575): Display changed displayId=0
11-27 13:37:53.273 I/DreamManagerService(  575): Gently waking up from dream.
11-27 13:37:53.273 V/DreamService[AmbientDream](  914): wakeUp(): fromSystem=true, mWaking=false, mFinished=false
11-27 13:37:53.273 V/DreamService[AmbientDream](  914): finish(): mFinished=false
11-27 13:37:53.273 I/DreamManagerService(  575): Leaving dreamland.
11-27 13:37:53.274 I/DreamController(  575): Stopping dream: name=ComponentInfo{com.google.android.wearable.ambient/com.google.android.wearable.ambient.AmbientDream}, isTest=false, canDoze=true, userId=0
11-27 13:37:53.277 V/DreamService[AmbientDream](  914): detach(): Calling onDreamingStopped()
11-27 13:37:53.277 I/AmbientService(  914): Ambient Stopping
11-27 13:37:53.317 V/DreamService[AmbientDream](  914): onDestroy()
11-27 13:37:58.240 I/PowerManagerService(  575): Going to sleep due to screen timeout (uid 1000)...
11-27 13:37:58.242 I/DreamManagerService(  575): Entering dreamland.
11-27 13:37:58.242 I/PowerManagerService(  575): Dozing...
11-27 13:37:58.243 I/DreamController(  575): Starting dream: name=ComponentInfo{com.google.android.wearable.ambient/com.google.android.wearable.ambient.AmbientDream}, isTest=false, canDoze=true, userId=0
11-27 13:37:58.283 E/InputMethodManagerService(  575): Ignoring setImeWindowStatus due to an invalid token. uid:1000 token:null
11-27 13:37:58.293 E/InputMethodManagerService(  575): Ignoring setImeWindowStatus due to an invalid token. uid:1000 token:null
11-27 13:37:58.320 V/DreamService[AmbientDream](  914): onBind() intent = Intent { act=android.service.dreams.DreamService flg=0x800000 cmp=com.google.android.wearable.ambient/.AmbientDream }
11-27 13:37:58.326 I/AmbientService(  914): Ambient Created
11-27 13:37:58.343 V/DreamService[AmbientDream](  914): Calling onDreamingStarted()
11-27 13:37:58.344 I/AmbientService(  914): Ambient Starting
11-27 13:37:59.300 I/DisplayManagerService(  575): Display device changed state: "Built-in Screen", DOZE_SUSPEND
11-27 13:37:59.302 V/ActivityManager(  575): Display changed displayId=0
11-27 13:38:04.120 I/AmbientService(  914): Ambient Updating
11-27 13:38:04.131 I/DisplayManagerService(  575): Display device changed state: "Built-in Screen", DOZE
11-27 13:38:04.138 V/ActivityManager(  575): Display changed displayId=0
11-27 13:38:04.252 I/DisplayManagerService(  575): Display device changed state: "Built-in Screen", DOZE_SUSPEND
11-27 13:38:04.259 V/ActivityManager(  575): Display changed displayId=0
11-27 13:39:01.124 I/AmbientService(  914): Ambient Updating
11-27 13:39:01.152 I/DisplayManagerService(  575): Display device changed state: "Built-in Screen", DOZE
11-27 13:39:01.160 V/ActivityManager(  575): Display changed displayId=0
11-27 13:39:01.273 I/DisplayManagerService(  575): Display device changed state: "Built-in Screen", DOZE_SUSPEND
11-27 13:39:01.280 V/ActivityManager(  575): Display changed displayId=0
11-27 13:40:01.125 I/AmbientService(  914): Ambient Updating
11-27 13:40:01.152 I/DisplayManagerService(  575): Display device changed state: "Built-in Screen", DOZE
11-27 13:40:01.161 V/ActivityManager(  575): Display changed displayId=0
11-27 13:40:01.273 I/DisplayManagerService(  575): Display device changed state: "Built-in Screen", DOZE_SUSPEND
11-27 13:40:01.280 V/ActivityManager(  575): Display changed displayId=0
11-27 13:41:01.125 I/AmbientService(  914): Ambient Updating
11-27 13:41:01.163 I/DisplayManagerService(  575): Display device changed state: "Built-in Screen", DOZE
11-27 13:41:01.172 V/ActivityManager(  575): Display changed displayId=0
11-27 13:41:01.284 I/DisplayManagerService(  575): Display device changed state: "Built-in Screen", DOZE_SUSPEND
11-27 13:41:01.291 V/ActivityManager(  575): Display changed displayId=0
11-27 13:42:01.128 I/AmbientService(  914): Ambient Updating
11-27 13:42:01.151 I/DisplayManagerService(  575): Display device changed state: "Built-in Screen", DOZE
11-27 13:42:01.161 V/ActivityManager(  575): Display changed displayId=0
11-27 13:42:01.272 I/DisplayManagerService(  575): Display device changed state: "Built-in Screen", DOZE_SUSPEND
11-27 13:42:01.279 V/ActivityManager(  575): Display changed displayId=0
11-27 13:43:01.128 I/AmbientService(  914): Ambient Updating
11-27 13:43:01.175 I/DisplayManagerService(  575): Display device changed state: "Built-in Screen", DOZE
11-27 13:43:01.180 V/ActivityManager(  575): Display changed displayId=0
11-27 13:43:01.295 I/DisplayManagerService(  575): Display device changed state: "Built-in Screen", DOZE_SUSPEND
11-27 13:43:01.302 V/ActivityManager(  575): Display changed displayId=0
11-27 13:44:01.125 I/AmbientService(  914): Ambient Updating
11-27 13:44:01.185 I/DisplayManagerService(  575): Display device changed state: "Built-in Screen", DOZE
11-27 13:44:01.198 V/ActivityManager(  575): Display changed displayId=0
11-27 13:44:01.305 I/DisplayManagerService(  575): Display device changed state: "Built-in Screen", DOZE_SUSPEND
11-27 13:44:01.311 V/ActivityManager(  575): Display changed displayId=0
11-27 13:45:01.130 I/AmbientService(  914): Ambient Updating
11-27 13:45:01.174 I/DisplayManagerService(  575): Display device changed state: "Built-in Screen", DOZE
11-27 13:45:01.179 V/ActivityManager(  575): Display changed displayId=0
11-27 13:45:01.293 I/DisplayManagerService(  575): Display device changed state: "Built-in Screen", DOZE_SUSPEND
11-27 13:45:01.303 V/ActivityManager(  575): Display changed displayId=0
11-27 13:46:01.133 I/AmbientService(  914): Ambient Updating
11-27 13:46:01.173 I/DisplayManagerService(  575): Display device changed state: "Built-in Screen", DOZE
11-27 13:46:01.180 V/ActivityManager(  575): Display changed displayId=0
11-27 13:46:01.295 I/DisplayManagerService(  575): Display device changed state: "Built-in Screen", DOZE_SUSPEND
11-27 13:46:01.302 V/ActivityManager(  575): Display changed displayId=0
11-27 13:47:01.127 I/AmbientService(  914): Ambient Updating
11-27 13:47:01.176 I/DisplayManagerService(  575): Display device changed state: "Built-in Screen", DOZE
11-27 13:47:01.185 V/ActivityManager(  575): Display changed displayId=0
11-27 13:47:01.296 I/DisplayManagerService(  575): Display device changed state: "Built-in Screen", DOZE_SUSPEND
11-27 13:47:01.303 V/ActivityManager(  575): Display changed displayId=0
11-27 13:48:01.127 I/AmbientService(  914): Ambient Updating
11-27 13:48:01.174 I/DisplayManagerService(  575): Display device changed state: "Built-in Screen", DOZE
11-27 13:48:01.176 V/ActivityManager(  575): Display changed displayId=0
11-27 13:48:01.294 I/DisplayManagerService(  575): Display device changed state: "Built-in Screen", DOZE_SUSPEND
11-27 13:48:01.301 V/ActivityManager(  575): Display changed displayId=0
11-27 13:49:01.129 I/AmbientService(  914): Ambient Updating
11-27 13:49:01.173 I/DisplayManagerService(  575): Display device changed state: "Built-in Screen", DOZE
11-27 13:49:01.183 V/ActivityManager(  575): Display changed displayId=0
11-27 13:49:01.293 I/DisplayManagerService(  575): Display device changed state: "Built-in Screen", DOZE_SUSPEND
11-27 13:49:01.300 V/ActivityManager(  575): Display changed displayId=0
11-27 13:49:02.340 I/ActivityManager(  575): Delay finish: com.google.android.apps.fitness/com.google.android.wearable.fitness.summary.notification.NotificationReceiver
11-27 13:49:03.726 I/ActivityManager(  575): Resuming delayed broadcast
11-27 13:50:01.126 I/AmbientService(  914): Ambient Updating
11-27 13:50:01.182 I/DisplayManagerService(  575): Display device changed state: "Built-in Screen", DOZE
11-27 13:50:01.195 V/ActivityManager(  575): Display changed displayId=0
11-27 13:50:01.302 I/DisplayManagerService(  575): Display device changed state: "Built-in Screen", DOZE_SUSPEND
11-27 13:50:01.309 V/ActivityManager(  575): Display changed displayId=0
11-27 13:51:01.130 I/AmbientService(  914): Ambient Updating
11-27 13:51:01.178 I/DisplayManagerService(  575): Display device changed state: "Built-in Screen", DOZE
11-27 13:51:01.186 V/ActivityManager(  575): Display changed displayId=0
11-27 13:51:01.298 I/DisplayManagerService(  575): Display device changed state: "Built-in Screen", DOZE_SUSPEND
11-27 13:51:01.305 V/ActivityManager(  575): Display changed displayId=0
11-27 13:52:01.128 I/AmbientService(  914): Ambient Updating
11-27 13:52:01.177 I/DisplayManagerService(  575): Display device changed state: "Built-in Screen", DOZE
11-27 13:52:01.184 V/ActivityManager(  575): Display changed displayId=0
11-27 13:52:01.297 I/DisplayManagerService(  575): Display device changed state: "Built-in Screen", DOZE_SUSPEND
11-27 13:52:01.304 V/ActivityManager(  575): Display changed displayId=0
11-27 13:53:01.130 I/AmbientService(  914): Ambient Updating
11-27 13:53:01.178 I/DisplayManagerService(  575): Display device changed state: "Built-in Screen", DOZE
11-27 13:53:01.186 V/ActivityManager(  575): Display changed displayId=0
11-27 13:53:01.298 I/DisplayManagerService(  575): Display device changed state: "Built-in Screen", DOZE_SUSPEND
11-27 13:53:01.305 V/ActivityManager(  575): Display changed displayId=0
11-27 13:54:01.129 I/AmbientService(  914): Ambient Updating
11-27 13:54:01.186 I/DisplayManagerService(  575): Display device changed state: "Built-in Screen", DOZE
11-27 13:54:01.192 V/ActivityManager(  575): Display changed displayId=0
11-27 13:54:01.306 I/DisplayManagerService(  575): Display device changed state: "Built-in Screen", DOZE_SUSPEND
11-27 13:54:01.313 V/ActivityManager(  575): Display changed displayId=0
11-27 13:55:01.131 I/AmbientService(  914): Ambient Updating
11-27 13:55:01.180 I/DisplayManagerService(  575): Display device changed state: "Built-in Screen", DOZE
11-27 13:55:01.195 V/ActivityManager(  575): Display changed displayId=0
11-27 13:55:01.300 I/DisplayManagerService(  575): Display device changed state: "Built-in Screen", DOZE_SUSPEND
11-27 13:55:01.307 V/ActivityManager(  575): Display changed displayId=0
11-27 13:56:01.130 I/AmbientService(  914): Ambient Updating
11-27 13:56:01.176 I/DisplayManagerService(  575): Display device changed state: "Built-in Screen", DOZE
11-27 13:56:01.185 V/ActivityManager(  575): Display changed displayId=0
11-27 13:56:01.297 I/DisplayManagerService(  575): Display device changed state: "Built-in Screen", DOZE_SUSPEND
11-27 13:56:01.306 V/ActivityManager(  575): Display changed displayId=0
11-27 13:57:01.130 I/AmbientService(  914): Ambient Updating
11-27 13:57:01.176 I/DisplayManagerService(  575): Display device changed state: "Built-in Screen", DOZE
11-27 13:57:01.178 V/ActivityManager(  575): Display changed displayId=0
11-27 13:57:01.297 I/DisplayManagerService(  575): Display device changed state: "Built-in Screen", DOZE_SUSPEND
11-27 13:57:01.304 V/ActivityManager(  575): Display changed displayId=0
11-27 13:58:01.131 I/AmbientService(  914): Ambient Updating
11-27 13:58:01.183 I/DisplayManagerService(  575): Display device changed state: "Built-in Screen", DOZE
11-27 13:58:01.191 V/ActivityManager(  575): Display changed displayId=0
11-27 13:58:01.304 I/DisplayManagerService(  575): Display device changed state: "Built-in Screen", DOZE_SUSPEND
11-27 13:58:01.311 V/ActivityManager(  575): Display changed displayId=0
11-27 13:59:01.132 I/AmbientService(  914): Ambient Updating
11-27 13:59:01.179 I/DisplayManagerService(  575): Display device changed state: "Built-in Screen", DOZE
11-27 13:59:01.188 V/ActivityManager(  575): Display changed displayId=0
11-27 13:59:01.299 I/DisplayManagerService(  575): Display device changed state: "Built-in Screen", DOZE_SUSPEND
11-27 13:59:01.306 V/ActivityManager(  575): Display changed displayId=0
11-27 13:59:30.111 I/PowerManagerService(  575): Waking up from dozing (uid 1000)...
11-27 13:59:30.120 E/InputMethodManagerService(  575): Ignoring setImeWindowStatus due to an invalid token. uid:1000 token:null
11-27 13:59:30.145 I/DisplayManagerService(  575): Display device changed state: "Built-in Screen", ON
11-27 13:59:30.168 V/ActivityManager(  575): Display changed displayId=0
11-27 13:59:30.211 I/DreamManagerService(  575): Gently waking up from dream.
11-27 13:59:30.212 V/DreamService[AmbientDream](  914): wakeUp(): fromSystem=true, mWaking=false, mFinished=false
11-27 13:59:30.212 V/DreamService[AmbientDream](  914): finish(): mFinished=false
11-27 13:59:30.212 I/DreamManagerService(  575): Leaving dreamland.
11-27 13:59:30.213 I/DreamController(  575): Stopping dream: name=ComponentInfo{com.google.android.wearable.ambient/com.google.android.wearable.ambient.AmbientDream}, isTest=false, canDoze=true, userId=0
11-27 13:59:30.218 V/DreamService[AmbientDream](  914): detach(): Calling onDreamingStopped()
11-27 13:59:30.218 I/AmbientService(  914): Ambient Stopping
11-27 13:59:30.258 V/DreamService[AmbientDream](  914): onDestroy()
11-27 13:59:42.165 I/PowerManagerService(  575): Going to sleep due to screen timeout (uid 1000)...
11-27 13:59:42.170 E/InputMethodManagerService(  575): Ignoring setImeWindowStatus due to an invalid token. uid:1000 token:null
11-27 13:59:42.173 I/DreamManagerService(  575): Entering dreamland.
11-27 13:59:42.173 I/PowerManagerService(  575): Dozing...
11-27 13:59:42.173 I/DreamController(  575): Starting dream: name=ComponentInfo{com.google.android.wearable.ambient/com.google.android.wearable.ambient.AmbientDream}, isTest=false, canDoze=true, userId=0
11-27 13:59:42.188 E/InputMethodManagerService(  575): Ignoring setImeWindowStatus due to an invalid token. uid:1000 token:null
11-27 13:59:42.236 V/DreamService[AmbientDream](  914): onBind() intent = Intent { act=android.service.dreams.DreamService flg=0x800000 cmp=com.google.android.wearable.ambient/.AmbientDream }
11-27 13:59:42.242 I/AmbientService(  914): Ambient Created
11-27 13:59:42.242 V/DreamService[AmbientDream](  914): Calling onDreamingStarted()
11-27 13:59:42.242 I/AmbientService(  914): Ambient Starting
11-27 13:59:42.277 I/DisplayManagerService(  575): Display device changed state: "Built-in Screen", DOZE_SUSPEND
11-27 13:59:42.279 V/ActivityManager(  575): Display changed displayId=0
11-27 13:59:42.490 I/DisplayManagerService(  575): Display device changed state: "Built-in Screen", DOZE
11-27 13:59:42.492 V/ActivityManager(  575): Display changed displayId=0
11-27 13:59:42.610 I/DisplayManagerService(  575): Display device changed state: "Built-in Screen", DOZE_SUSPEND
11-27 13:59:42.617 V/ActivityManager(  575): Display changed displayId=0
11-27 14:00:01.131 I/AmbientService(  914): Ambient Updating
11-27 14:00:01.155 I/DisplayManagerService(  575): Display device changed state: "Built-in Screen", DOZE
11-27 14:00:01.157 V/ActivityManager(  575): Display changed displayId=0
11-27 14:00:01.275 I/DisplayManagerService(  575): Display device changed state: "Built-in Screen", DOZE_SUSPEND
11-27 14:00:01.282 V/ActivityManager(  575): Display changed displayId=0
11-27 14:01:01.132 I/AmbientService(  914): Ambient Updating
11-27 14:01:01.166 I/DisplayManagerService(  575): Display device changed state: "Built-in Screen", DOZE
11-27 14:01:01.174 V/ActivityManager(  575): Display changed displayId=0
11-27 14:01:01.287 I/DisplayManagerService(  575): Display device changed state: "Built-in Screen", DOZE_SUSPEND
11-27 14:01:01.294 V/ActivityManager(  575): Display changed displayId=0
11-27 14:01:05.207 I/ActivityManager(  575): Delay finish: com.google.android.apps.fitness/com.google.android.wearable.fitness.summary.notification.NotificationReceiver
11-27 14:01:05.913 I/ActivityManager(  575): Resuming delayed broadcast
11-27 14:02:01.138 I/AmbientService(  914): Ambient Updating
11-27 14:02:01.169 I/DisplayManagerService(  575): Display device changed state: "Built-in Screen", DOZE
11-27 14:02:01.174 V/ActivityManager(  575): Display changed displayId=0
11-27 14:02:01.290 I/DisplayManagerService(  575): Display device changed state: "Built-in Screen", DOZE_SUSPEND
11-27 14:02:01.297 V/ActivityManager(  575): Display changed displayId=0
11-27 14:03:01.134 I/AmbientService(  914): Ambient Updating
11-27 14:03:01.182 I/DisplayManagerService(  575): Display device changed state: "Built-in Screen", DOZE
11-27 14:03:01.190 V/ActivityManager(  575): Display changed displayId=0
11-27 14:03:01.302 I/DisplayManagerService(  575): Display device changed state: "Built-in Screen", DOZE_SUSPEND
11-27 14:03:01.309 V/ActivityManager(  575): Display changed displayId=0
11-27 14:04:01.132 I/AmbientService(  914): Ambient Updating
11-27 14:04:01.190 I/DisplayManagerService(  575): Display device changed state: "Built-in Screen", DOZE
