11-27 15:23:01.335 V/ActivityManager(  575): Display changed displayId=0
11-27 15:24:01.160 I/AmbientService(  914): Ambient Updating
11-27 15:24:01.215 I/DisplayManagerService(  575): Display device changed state: "Built-in Screen", DOZE
11-27 15:24:01.223 V/ActivityManager(  575): Display changed displayId=0
11-27 15:24:01.336 I/DisplayManagerService(  575): Display device changed state: "Built-in Screen", DOZE_SUSPEND
11-27 15:24:01.342 V/ActivityManager(  575): Display changed displayId=0
11-27 15:25:01.164 I/AmbientService(  914): Ambient Updating
11-27 15:25:01.210 I/DisplayManagerService(  575): Display device changed state: "Built-in Screen", DOZE
11-27 15:25:01.219 V/ActivityManager(  575): Display changed displayId=0
11-27 15:25:01.330 I/DisplayManagerService(  575): Display device changed state: "Built-in Screen", DOZE_SUSPEND
11-27 15:25:01.337 V/ActivityManager(  575): Display changed displayId=0
11-27 15:26:01.162 I/AmbientService(  914): Ambient Updating
11-27 15:26:01.210 I/DisplayManagerService(  575): Display device changed state: "Built-in Screen", DOZE
11-27 15:26:01.219 V/ActivityManager(  575): Display changed displayId=0
11-27 15:26:01.330 I/DisplayManagerService(  575): Display device changed state: "Built-in Screen", DOZE_SUSPEND
11-27 15:26:01.337 V/ActivityManager(  575): Display changed displayId=0
11-27 15:27:01.164 I/AmbientService(  914): Ambient Updating
11-27 15:27:01.215 I/DisplayManagerService(  575): Display device changed state: "Built-in Screen", DOZE
11-27 15:27:01.224 V/ActivityManager(  575): Display changed displayId=0
11-27 15:27:01.335 I/DisplayManagerService(  575): Display device changed state: "Built-in Screen", DOZE_SUSPEND
11-27 15:27:01.342 V/ActivityManager(  575): Display changed displayId=0
11-27 15:28:01.163 I/AmbientService(  914): Ambient Updating
11-27 15:28:01.212 I/DisplayManagerService(  575): Display device changed state: "Built-in Screen", DOZE
11-27 15:28:01.220 V/ActivityManager(  575): Display changed displayId=0
11-27 15:28:01.332 I/DisplayManagerService(  575): Display device changed state: "Built-in Screen", DOZE_SUSPEND
11-27 15:28:01.338 V/ActivityManager(  575): Display changed displayId=0
11-27 15:29:01.165 I/AmbientService(  914): Ambient Updating
11-27 15:29:01.214 I/DisplayManagerService(  575): Display device changed state: "Built-in Screen", DOZE
11-27 15:29:01.229 V/ActivityManager(  575): Display changed displayId=0
11-27 15:29:01.334 I/DisplayManagerService(  575): Display device changed state: "Built-in Screen", DOZE_SUSPEND
11-27 15:29:01.341 V/ActivityManager(  575): Display changed displayId=0
11-27 15:30:01.163 I/AmbientService(  914): Ambient Updating
11-27 15:30:01.213 I/DisplayManagerService(  575): Display device changed state: "Built-in Screen", DOZE
11-27 15:30:01.215 V/ActivityManager(  575): Display changed displayId=0
11-27 15:30:01.333 I/DisplayManagerService(  575): Display device changed state: "Built-in Screen", DOZE_SUSPEND
11-27 15:30:01.340 V/ActivityManager(  575): Display changed displayId=0
11-27 15:31:01.164 I/AmbientService(  914): Ambient Updating
11-27 15:31:01.214 I/DisplayManagerService(  575): Display device changed state: "Built-in Screen", DOZE
11-27 15:31:01.222 V/ActivityManager(  575): Display changed displayId=0
11-27 15:31:01.334 I/DisplayManagerService(  575): Display device changed state: "Built-in Screen", DOZE_SUSPEND
11-27 15:31:01.344 V/ActivityManager(  575): Display changed displayId=0
11-27 15:32:01.164 I/AmbientService(  914): Ambient Updating
11-27 15:32:01.210 I/DisplayManagerService(  575): Display device changed state: "Built-in Screen", DOZE
11-27 15:32:01.225 V/ActivityManager(  575): Display changed displayId=0
11-27 15:32:01.330 I/DisplayManagerService(  575): Display device changed state: "Built-in Screen", DOZE_SUSPEND
11-27 15:32:01.337 V/ActivityManager(  575): Display changed displayId=0
11-27 15:33:01.167 I/AmbientService(  914): Ambient Updating
11-27 15:33:01.215 I/DisplayManagerService(  575): Display device changed state: "Built-in Screen", DOZE
11-27 15:33:01.224 V/ActivityManager(  575): Display changed displayId=0
11-27 15:33:01.335 I/DisplayManagerService(  575): Display device changed state: "Built-in Screen", DOZE_SUSPEND
11-27 15:33:01.342 V/ActivityManager(  575): Display changed displayId=0
11-27 15:34:01.163 I/AmbientService(  914): Ambient Updating
11-27 15:34:01.206 I/DisplayManagerService(  575): Display device changed state: "Built-in Screen", DOZE
11-27 15:34:01.218 V/ActivityManager(  575): Display changed displayId=0
11-27 15:34:01.327 I/DisplayManagerService(  575): Display device changed state: "Built-in Screen", DOZE_SUSPEND
11-27 15:34:01.337 V/ActivityManager(  575): Display changed displayId=0
11-27 15:35:01.167 I/AmbientService(  914): Ambient Updating
11-27 15:35:01.213 I/DisplayManagerService(  575): Display device changed state: "Built-in Screen", DOZE
11-27 15:35:01.221 V/ActivityManager(  575): Display changed displayId=0
11-27 15:35:01.331 I/DisplayManagerService(  575): Display device changed state: "Built-in Screen", DOZE_SUSPEND
11-27 15:35:01.338 V/ActivityManager(  575): Display changed displayId=0
11-27 15:35:05.663 I/DisplayManagerService(  575): Display device changed state: "Built-in Screen", DOZE
11-27 15:35:05.669 V/ActivityManager(  575): Display changed displayId=0
11-27 15:35:06.125 I/DisplayManagerService(  575): Display device changed state: "Built-in Screen", DOZE_SUSPEND
11-27 15:35:06.128 V/ActivityManager(  575): Display changed displayId=0
11-27 15:36:00.165 I/AmbientService(  914): Ambient Updating
11-27 15:36:00.217 I/DisplayManagerService(  575): Display device changed state: "Built-in Screen", DOZE
11-27 15:36:00.228 V/ActivityManager(  575): Display changed displayId=0
11-27 15:36:00.337 I/DisplayManagerService(  575): Display device changed state: "Built-in Screen", DOZE_SUSPEND
11-27 15:36:00.344 V/ActivityManager(  575): Display changed displayId=0
11-27 15:37:01.168 I/AmbientService(  914): Ambient Updating
11-27 15:37:01.213 I/DisplayManagerService(  575): Display device changed state: "Built-in Screen", DOZE
11-27 15:37:01.225 V/ActivityManager(  575): Display changed displayId=0
11-27 15:37:01.334 I/DisplayManagerService(  575): Display device changed state: "Built-in Screen", DOZE_SUSPEND
11-27 15:37:01.341 V/ActivityManager(  575): Display changed displayId=0
11-27 15:38:01.165 I/AmbientService(  914): Ambient Updating
11-27 15:38:01.213 I/DisplayManagerService(  575): Display device changed state: "Built-in Screen", DOZE
11-27 15:38:01.219 V/ActivityManager(  575): Display changed displayId=0
11-27 15:38:01.334 I/DisplayManagerService(  575): Display device changed state: "Built-in Screen", DOZE_SUSPEND
11-27 15:38:01.340 V/ActivityManager(  575): Display changed displayId=0
11-27 15:39:01.169 I/AmbientService(  914): Ambient Updating
11-27 15:39:01.218 I/DisplayManagerService(  575): Display device changed state: "Built-in Screen", DOZE
11-27 15:39:01.227 V/ActivityManager(  575): Display changed displayId=0
11-27 15:39:01.338 I/DisplayManagerService(  575): Display device changed state: "Built-in Screen", DOZE_SUSPEND
11-27 15:39:01.345 V/ActivityManager(  575): Display changed displayId=0
11-27 15:40:01.166 I/AmbientService(  914): Ambient Updating
11-27 15:40:01.213 I/DisplayManagerService(  575): Display device changed state: "Built-in Screen", DOZE
11-27 15:40:01.219 V/ActivityManager(  575): Display changed displayId=0
11-27 15:40:01.333 I/DisplayManagerService(  575): Display device changed state: "Built-in Screen", DOZE_SUSPEND
11-27 15:40:01.340 V/ActivityManager(  575): Display changed displayId=0
11-27 15:41:01.170 I/AmbientService(  914): Ambient Updating
11-27 15:41:01.215 I/DisplayManagerService(  575): Display device changed state: "Built-in Screen", DOZE
11-27 15:41:01.223 V/ActivityManager(  575): Display changed displayId=0
11-27 15:41:01.336 I/DisplayManagerService(  575): Display device changed state: "Built-in Screen", DOZE_SUSPEND
11-27 15:41:01.343 V/ActivityManager(  575): Display changed displayId=0
11-27 15:42:01.168 I/AmbientService(  914): Ambient Updating
11-27 15:42:01.218 I/DisplayManagerService(  575): Display device changed state: "Built-in Screen", DOZE
11-27 15:42:01.223 V/ActivityManager(  575): Display changed displayId=0
11-27 15:42:01.338 I/DisplayManagerService(  575): Display device changed state: "Built-in Screen", DOZE_SUSPEND
11-27 15:42:01.345 V/ActivityManager(  575): Display changed displayId=0
11-27 15:43:01.170 I/AmbientService(  914): Ambient Updating
11-27 15:43:01.218 I/DisplayManagerService(  575): Display device changed state: "Built-in Screen", DOZE
11-27 15:43:01.233 V/ActivityManager(  575): Display changed displayId=0
11-27 15:43:01.338 I/DisplayManagerService(  575): Display device changed state: "Built-in Screen", DOZE_SUSPEND
11-27 15:43:01.345 V/ActivityManager(  575): Display changed displayId=0
11-27 15:44:01.168 I/AmbientService(  914): Ambient Updating
11-27 15:44:01.228 I/DisplayManagerService(  575): Display device changed state: "Built-in Screen", DOZE
11-27 15:44:01.238 V/ActivityManager(  575): Display changed displayId=0
11-27 15:44:01.348 I/DisplayManagerService(  575): Display device changed state: "Built-in Screen", DOZE_SUSPEND
11-27 15:44:01.355 V/ActivityManager(  575): Display changed displayId=0
11-27 15:45:01.170 I/AmbientService(  914): Ambient Updating
11-27 15:45:01.219 I/DisplayManagerService(  575): Display device changed state: "Built-in Screen", DOZE
11-27 15:45:01.229 V/ActivityManager(  575): Display changed displayId=0
11-27 15:45:01.338 I/DisplayManagerService(  575): Display device changed state: "Built-in Screen", DOZE_SUSPEND
11-27 15:45:01.345 V/ActivityManager(  575): Display changed displayId=0
11-27 15:45:30.009 I/PowerManagerService(  575): Waking up from dozing (uid 10004)...
11-27 15:45:30.018 E/InputMethodManagerService(  575): Ignoring setImeWindowStatus due to an invalid token. uid:1000 token:null
11-27 15:45:30.042 I/DisplayManagerService(  575): Display device changed state: "Built-in Screen", ON
11-27 15:45:30.062 V/ActivityManager(  575): Display changed displayId=0
11-27 15:45:30.092 I/DreamManagerService(  575): Gently waking up from dream.
11-27 15:45:30.094 V/DreamService[AmbientDream](  914): wakeUp(): fromSystem=true, mWaking=false, mFinished=false
11-27 15:45:30.094 V/DreamService[AmbientDream](  914): finish(): mFinished=false
11-27 15:45:30.096 I/DreamManagerService(  575): Leaving dreamland.
11-27 15:45:30.097 I/DreamController(  575): Stopping dream: name=ComponentInfo{com.google.android.wearable.ambient/com.google.android.wearable.ambient.AmbientDream}, isTest=false, canDoze=true, userId=0
11-27 15:45:30.103 V/DreamService[AmbientDream](  914): detach(): Calling onDreamingStopped()
11-27 15:45:30.103 I/AmbientService(  914): Ambient Stopping
11-27 15:45:30.119 V/DreamService[AmbientDream](  914): onDestroy()
11-27 15:45:30.268 I/ActivityManager(  575): Delay finish: com.google.android.gms/.checkin.EventLogService$Receiver
11-27 15:45:30.751 I/ActivityManager(  575): Resuming delayed broadcast
11-27 15:45:30.793 I/ActivityManager(  575): Delay finish: com.google.android.apps.fitness/com.google.android.wearable.fitness.summary.notification.NotificationReceiver
11-27 15:45:32.803 I/ActivityManager(  575): Resuming delayed broadcast
11-27 15:45:37.891 I/PowerManagerService(  575): Going to sleep due to screen timeout (uid 1000)...
11-27 15:45:37.894 I/DreamManagerService(  575): Entering dreamland.
11-27 15:45:37.894 I/PowerManagerService(  575): Dozing...
11-27 15:45:37.895 I/DreamController(  575): Starting dream: name=ComponentInfo{com.google.android.wearable.ambient/com.google.android.wearable.ambient.AmbientDream}, isTest=false, canDoze=true, userId=0
11-27 15:45:37.905 E/InputMethodManagerService(  575): Ignoring setImeWindowStatus due to an invalid token. uid:1000 token:null
11-27 15:45:37.905 E/InputMethodManagerService(  575): Ignoring setImeWindowStatus due to an invalid token. uid:1000 token:null
11-27 15:45:37.951 V/DreamService[AmbientDream](  914): onBind() intent = Intent { act=android.service.dreams.DreamService flg=0x800000 cmp=com.google.android.wearable.ambient/.AmbientDream }
11-27 15:45:37.976 I/AmbientService(  914): Ambient Created
11-27 15:45:37.976 V/DreamService[AmbientDream](  914): Calling onDreamingStarted()
11-27 15:45:37.976 I/AmbientService(  914): Ambient Starting
11-27 15:45:38.943 I/DisplayManagerService(  575): Display device changed state: "Built-in Screen", DOZE_SUSPEND
11-27 15:45:38.945 V/ActivityManager(  575): Display changed displayId=0
11-27 15:46:01.168 I/AmbientService(  914): Ambient Updating
11-27 15:46:01.192 I/DisplayManagerService(  575): Display device changed state: "Built-in Screen", DOZE
11-27 15:46:01.203 V/ActivityManager(  575): Display changed displayId=0
11-27 15:46:01.312 I/DisplayManagerService(  575): Display device changed state: "Built-in Screen", DOZE_SUSPEND
11-27 15:46:01.319 V/ActivityManager(  575): Display changed displayId=0
11-27 15:47:01.167 I/AmbientService(  914): Ambient Updating
11-27 15:47:01.241 I/DisplayManagerService(  575): Display device changed state: "Built-in Screen", DOZE
11-27 15:47:01.254 V/ActivityManager(  575): Display changed displayId=0
11-27 15:47:01.360 I/DisplayManagerService(  575): Display device changed state: "Built-in Screen", DOZE_SUSPEND
11-27 15:47:01.371 V/ActivityManager(  575): Display changed displayId=0
11-27 15:48:01.181 I/AmbientService(  914): Ambient Updating
11-27 15:48:01.250 I/DisplayManagerService(  575): Display device changed state: "Built-in Screen", DOZE
11-27 15:48:01.257 V/ActivityManager(  575): Display changed displayId=0
11-27 15:48:01.370 I/DisplayManagerService(  575): Display device changed state: "Built-in Screen", DOZE_SUSPEND
11-27 15:48:01.378 V/ActivityManager(  575): Display changed displayId=0
11-27 15:48:17.139 I/PowerManagerService(  575): Waking up from dozing (uid 10004)...
11-27 15:48:17.152 E/InputMethodManagerService(  575): Ignoring setImeWindowStatus due to an invalid token. uid:1000 token:null
11-27 15:48:17.169 I/DisplayManagerService(  575): Display device changed state: "Built-in Screen", ON
11-27 15:48:17.197 V/ActivityManager(  575): Display changed displayId=0
11-27 15:48:17.220 I/DreamManagerService(  575): Gently waking up from dream.
11-27 15:48:17.221 V/DreamService[AmbientDream](  914): wakeUp(): fromSystem=true, mWaking=false, mFinished=false
11-27 15:48:17.221 V/DreamService[AmbientDream](  914): finish(): mFinished=false
11-27 15:48:17.221 I/DreamManagerService(  575): Leaving dreamland.
11-27 15:48:17.222 I/DreamController(  575): Stopping dream: name=ComponentInfo{com.google.android.wearable.ambient/com.google.android.wearable.ambient.AmbientDream}, isTest=false, canDoze=true, userId=0
11-27 15:48:17.229 V/DreamService[AmbientDream](  914): detach(): Calling onDreamingStopped()
11-27 15:48:17.229 I/AmbientService(  914): Ambient Stopping
11-27 15:48:17.262 V/DreamService[AmbientDream](  914): onDestroy()
11-27 15:48:22.181 I/PowerManagerService(  575): Going to sleep due to screen timeout (uid 1000)...
11-27 15:48:22.184 I/DreamManagerService(  575): Entering dreamland.
11-27 15:48:22.184 I/PowerManagerService(  575): Dozing...
11-27 15:48:22.185 I/DreamController(  575): Starting dream: name=ComponentInfo{com.google.android.wearable.ambient/com.google.android.wearable.ambient.AmbientDream}, isTest=false, canDoze=true, userId=0
11-27 15:48:22.199 E/InputMethodManagerService(  575): Ignoring setImeWindowStatus due to an invalid token. uid:1000 token:null
11-27 15:48:22.199 E/InputMethodManagerService(  575): Ignoring setImeWindowStatus due to an invalid token. uid:1000 token:null
11-27 15:48:22.269 V/DreamService[AmbientDream](  914): onBind() intent = Intent { act=android.service.dreams.DreamService flg=0x800000 cmp=com.google.android.wearable.ambient/.AmbientDream }
11-27 15:48:22.275 I/AmbientService(  914): Ambient Created
11-27 15:48:22.276 V/DreamService[AmbientDream](  914): Calling onDreamingStarted()
11-27 15:48:22.276 I/AmbientService(  914): Ambient Starting
11-27 15:48:23.237 I/DisplayManagerService(  575): Display device changed state: "Built-in Screen", DOZE_SUSPEND
11-27 15:48:23.239 V/ActivityManager(  575): Display changed displayId=0
11-27 15:49:01.169 I/AmbientService(  914): Ambient Updating
11-27 15:49:01.206 I/DisplayManagerService(  575): Display device changed state: "Built-in Screen", DOZE
11-27 15:49:01.210 V/ActivityManager(  575): Display changed displayId=0
11-27 15:49:01.325 I/DisplayManagerService(  575): Display device changed state: "Built-in Screen", DOZE_SUSPEND
11-27 15:49:01.332 V/ActivityManager(  575): Display changed displayId=0
11-27 15:50:01.172 I/AmbientService(  914): Ambient Updating
11-27 15:50:01.221 I/DisplayManagerService(  575): Display device changed state: "Built-in Screen", DOZE
11-27 15:50:01.229 V/ActivityManager(  575): Display changed displayId=0
11-27 15:50:01.341 I/DisplayManagerService(  575): Display device changed state: "Built-in Screen", DOZE_SUSPEND
11-27 15:50:01.347 V/ActivityManager(  575): Display changed displayId=0
11-27 15:51:01.172 I/AmbientService(  914): Ambient Updating
11-27 15:51:01.221 I/DisplayManagerService(  575): Display device changed state: "Built-in Screen", DOZE
11-27 15:51:01.230 V/ActivityManager(  575): Display changed displayId=0
11-27 15:51:01.341 I/DisplayManagerService(  575): Display device changed state: "Built-in Screen", DOZE_SUSPEND
11-27 15:51:01.348 V/ActivityManager(  575): Display changed displayId=0
11-27 15:52:01.173 I/AmbientService(  914): Ambient Updating
11-27 15:52:01.219 I/DisplayManagerService(  575): Display device changed state: "Built-in Screen", DOZE
11-27 15:52:01.227 V/ActivityManager(  575): Display changed displayId=0
11-27 15:52:01.338 I/DisplayManagerService(  575): Display device changed state: "Built-in Screen", DOZE_SUSPEND
11-27 15:52:01.345 V/ActivityManager(  575): Display changed displayId=0
11-27 15:53:01.171 I/AmbientService(  914): Ambient Updating
11-27 15:53:01.222 I/DisplayManagerService(  575): Display device changed state: "Built-in Screen", DOZE
11-27 15:53:01.230 V/ActivityManager(  575): Display changed displayId=0
11-27 15:53:01.342 I/DisplayManagerService(  575): Display device changed state: "Built-in Screen", DOZE_SUSPEND
11-27 15:53:01.349 V/ActivityManager(  575): Display changed displayId=0
11-27 15:54:01.175 I/AmbientService(  914): Ambient Updating
11-27 15:54:01.224 I/DisplayManagerService(  575): Display device changed state: "Built-in Screen", DOZE
11-27 15:54:01.229 V/ActivityManager(  575): Display changed displayId=0
11-27 15:54:01.345 I/DisplayManagerService(  575): Display device changed state: "Built-in Screen", DOZE_SUSPEND
11-27 15:54:01.352 V/ActivityManager(  575): Display changed displayId=0
11-27 15:55:01.172 I/AmbientService(  914): Ambient Updating
11-27 15:55:01.223 I/DisplayManagerService(  575): Display device changed state: "Built-in Screen", DOZE
11-27 15:55:01.232 V/ActivityManager(  575): Display changed displayId=0
11-27 15:55:01.342 I/DisplayManagerService(  575): Display device changed state: "Built-in Screen", DOZE_SUSPEND
11-27 15:55:01.349 V/ActivityManager(  575): Display changed displayId=0
11-27 15:55:06.148 I/DisplayManagerService(  575): Display device changed state: "Built-in Screen", DOZE
11-27 15:55:06.154 V/ActivityManager(  575): Display changed displayId=0
11-27 15:55:06.287 I/DisplayManagerService(  575): Display device changed state: "Built-in Screen", DOZE_SUSPEND
11-27 15:55:06.295 V/ActivityManager(  575): Display changed displayId=0
11-27 15:56:01.173 I/AmbientService(  914): Ambient Updating
11-27 15:56:01.226 I/DisplayManagerService(  575): Display device changed state: "Built-in Screen", DOZE
11-27 15:56:01.231 V/ActivityManager(  575): Display changed displayId=0
11-27 15:56:01.346 I/DisplayManagerService(  575): Display device changed state: "Built-in Screen", DOZE_SUSPEND
11-27 15:56:01.354 V/ActivityManager(  575): Display changed displayId=0
11-27 15:57:01.172 I/AmbientService(  914): Ambient Updating
11-27 15:57:01.230 I/DisplayManagerService(  575): Display device changed state: "Built-in Screen", DOZE
11-27 15:57:01.231 V/ActivityManager(  575): Display changed displayId=0
11-27 15:57:01.345 I/DisplayManagerService(  575): Display device changed state: "Built-in Screen", DOZE_SUSPEND
11-27 15:57:01.345 V/ActivityManager(  575): Display changed displayId=0
11-27 15:58:01.177 I/AmbientService(  914): Ambient Updating
11-27 15:58:01.251 I/DisplayManagerService(  575): Display device changed state: "Built-in Screen", DOZE
11-27 15:58:01.256 V/ActivityManager(  575): Display changed displayId=0
11-27 15:58:01.371 I/DisplayManagerService(  575): Display device changed state: "Built-in Screen", DOZE_SUSPEND
11-27 15:58:01.377 V/ActivityManager(  575): Display changed displayId=0
11-27 15:59:01.176 I/AmbientService(  914): Ambient Updating
11-27 15:59:01.224 I/DisplayManagerService(  575): Display device changed state: "Built-in Screen", DOZE
11-27 15:59:01.232 V/ActivityManager(  575): Display changed displayId=0
11-27 15:59:01.342 I/DisplayManagerService(  575): Display device changed state: "Built-in Screen", DOZE_SUSPEND
11-27 15:59:01.349 V/ActivityManager(  575): Display changed displayId=0
11-27 16:00:01.197 I/AmbientService(  914): Ambient Updating
11-27 16:00:01.264 I/DisplayManagerService(  575): Display device changed state: "Built-in Screen", DOZE
11-27 16:00:01.267 V/ActivityManager(  575): Display changed displayId=0
11-27 16:00:01.302 I/ActivityManager(  575): Delay finish: com.google.android.apps.fitness/com.google.android.wearable.fitness.summary.notification.NotificationReceiver
11-27 16:00:01.384 I/DisplayManagerService(  575): Display device changed state: "Built-in Screen", DOZE_SUSPEND
11-27 16:00:01.393 V/ActivityManager(  575): Display changed displayId=0
11-27 16:00:02.660 I/ActivityManager(  575): Resuming delayed broadcast
11-27 16:00:02.678 I/ActivityManager(  575): Delay finish: com.google.android.apps.fitness/com.google.android.wearable.fitness.realtime.challenge.ChallengeNotificationReceiver
11-27 16:00:02.684 I/ActivityManager(  575): Resuming delayed broadcast
11-27 16:01:01.173 I/AmbientService(  914): Ambient Updating
11-27 16:01:01.234 I/DisplayManagerService(  575): Display device changed state: "Built-in Screen", DOZE
11-27 16:01:01.239 V/ActivityManager(  575): Display changed displayId=0
11-27 16:01:01.354 I/DisplayManagerService(  575): Display device changed state: "Built-in Screen", DOZE_SUSPEND
11-27 16:01:01.361 V/ActivityManager(  575): Display changed displayId=0
11-27 16:02:01.172 I/AmbientService(  914): Ambient Updating
11-27 16:02:01.222 I/DisplayManagerService(  575): Display device changed state: "Built-in Screen", DOZE
11-27 16:02:01.237 V/ActivityManager(  575): Display changed displayId=0
11-27 16:02:01.342 I/DisplayManagerService(  575): Display device changed state: "Built-in Screen", DOZE_SUSPEND
11-27 16:02:01.349 V/ActivityManager(  575): Display changed displayId=0
11-27 16:03:01.177 I/AmbientService(  914): Ambient Updating
11-27 16:03:01.226 I/DisplayManagerService(  575): Display device changed state: "Built-in Screen", DOZE
11-27 16:03:01.235 V/ActivityManager(  575): Display changed displayId=0
11-27 16:03:01.346 I/DisplayManagerService(  575): Display device changed state: "Built-in Screen", DOZE_SUSPEND
11-27 16:03:01.353 V/ActivityManager(  575): Display changed displayId=0
11-27 16:04:01.174 I/AmbientService(  914): Ambient Updating
11-27 16:04:01.229 I/DisplayManagerService(  575): Display device changed state: "Built-in Screen", DOZE
11-27 16:04:01.236 V/ActivityManager(  575): Display changed displayId=0
11-27 16:04:01.349 I/DisplayManagerService(  575): Display device changed state: "Built-in Screen", DOZE_SUSPEND
11-27 16:04:01.356 V/ActivityManager(  575): Display changed displayId=0
11-27 16:05:01.176 I/AmbientService(  914): Ambient Updating
11-27 16:05:01.226 I/DisplayManagerService(  575): Display device changed state: "Built-in Screen", DOZE
11-27 16:05:01.235 V/ActivityManager(  575): Display changed displayId=0
11-27 16:05:01.346 I/DisplayManagerService(  575): Display device changed state: "Built-in Screen", DOZE_SUSPEND
11-27 16:05:01.353 V/ActivityManager(  575): Display changed displayId=0
11-27 16:06:01.176 I/AmbientService(  914): Ambient Updating
11-27 16:06:01.227 I/DisplayManagerService(  575): Display device changed state: "Built-in Screen", DOZE
11-27 16:06:01.229 V/ActivityManager(  575): Display changed displayId=0
11-27 16:06:01.349 I/DisplayManagerService(  575): Display device changed state: "Built-in Screen", DOZE_SUSPEND
11-27 16:06:01.356 V/ActivityManager(  575): Display changed displayId=0
11-27 16:07:01.179 I/AmbientService(  914): Ambient Updating
11-27 16:07:01.227 I/DisplayManagerService(  575): Display device changed state: "Built-in Screen", DOZE
11-27 16:07:01.236 V/ActivityManager(  575): Display changed displayId=0
11-27 16:07:01.347 I/DisplayManagerService(  575): Display device changed state: "Built-in Screen", DOZE_SUSPEND
11-27 16:07:01.354 V/ActivityManager(  575): Display changed displayId=0
11-27 16:07:42.537 I/DisplayManagerService(  575): Display device changed state: "Built-in Screen", DOZE
11-27 16:07:42.539 V/ActivityManager(  575): Display changed displayId=0
11-27 16:07:42.678 I/DisplayManagerService(  575): Display device changed state: "Built-in Screen", DOZE_SUSPEND
11-27 16:07:42.685 V/ActivityManager(  575): Display changed displayId=0
11-27 16:08:01.176 I/AmbientService(  914): Ambient Updating
11-27 16:08:01.226 I/DisplayManagerService(  575): Display device changed state: "Built-in Screen", DOZE
11-27 16:08:01.234 V/ActivityManager(  575): Display changed displayId=0
11-27 16:08:01.345 I/DisplayManagerService(  575): Display device changed state: "Built-in Screen", DOZE_SUSPEND
11-27 16:08:01.352 V/ActivityManager(  575): Display changed displayId=0
11-27 16:09:01.179 I/AmbientService(  914): Ambient Updating
11-27 16:09:01.227 I/DisplayManagerService(  575): Display device changed state: "Built-in Screen", DOZE
11-27 16:09:01.235 V/ActivityManager(  575): Display changed displayId=0
11-27 16:09:01.348 I/DisplayManagerService(  575): Display device changed state: "Built-in Screen", DOZE_SUSPEND
11-27 16:09:01.355 V/ActivityManager(  575): Display changed displayId=0
11-27 16:10:01.178 I/AmbientService(  914): Ambient Updating
11-27 16:10:01.232 I/DisplayManagerService(  575): Display device changed state: "Built-in Screen", DOZE
11-27 16:10:01.240 V/ActivityManager(  575): Display changed displayId=0
11-27 16:10:01.355 I/DisplayManagerService(  575): Display device changed state: "Built-in Screen", DOZE_SUSPEND
11-27 16:10:01.362 V/ActivityManager(  575): Display changed displayId=0
11-27 16:10:44.873 I/PowerManagerService(  575): Waking up from dozing (uid 10004)...
11-27 16:10:44.884 E/InputMethodManagerService(  575): Ignoring setImeWindowStatus due to an invalid token. uid:1000 token:null
11-27 16:10:44.914 I/DisplayManagerService(  575): Display device changed state: "Built-in Screen", ON
11-27 16:10:44.938 V/ActivityManager(  575): Display changed displayId=0
11-27 16:10:44.969 I/DreamManagerService(  575): Gently waking up from dream.
11-27 16:10:44.969 V/DreamService[AmbientDream](  914): wakeUp(): fromSystem=true, mWaking=false, mFinished=false
11-27 16:10:44.969 V/DreamService[AmbientDream](  914): finish(): mFinished=false
11-27 16:10:44.970 I/DreamManagerService(  575): Leaving dreamland.
11-27 16:10:44.970 I/DreamController(  575): Stopping dream: name=ComponentInfo{com.google.android.wearable.ambient/com.google.android.wearable.ambient.AmbientDream}, isTest=false, canDoze=true, userId=0
11-27 16:10:44.973 V/DreamService[AmbientDream](  914): detach(): Calling onDreamingStopped()
11-27 16:10:44.973 I/AmbientService(  914): Ambient Stopping
11-27 16:10:45.001 V/DreamService[AmbientDream](  914): onDestroy()
11-27 16:10:49.919 I/PowerManagerService(  575): Going to sleep due to screen timeout (uid 1000)...
11-27 16:10:49.921 I/DreamManagerService(  575): Entering dreamland.
11-27 16:10:49.921 I/PowerManagerService(  575): Dozing...
11-27 16:10:49.922 I/DreamController(  575): Starting dream: name=ComponentInfo{com.google.android.wearable.ambient/com.google.android.wearable.ambient.AmbientDream}, isTest=false, canDoze=true, userId=0
11-27 16:10:49.933 E/InputMethodManagerService(  575): Ignoring setImeWindowStatus due to an invalid token. uid:1000 token:null
11-27 16:10:49.933 E/InputMethodManagerService(  575): Ignoring setImeWindowStatus due to an invalid token. uid:1000 token:null
11-27 16:10:49.984 V/DreamService[AmbientDream](  914): onBind() intent = Intent { act=android.service.dreams.DreamService flg=0x800000 cmp=com.google.android.wearable.ambient/.AmbientDream }
11-27 16:10:49.993 I/AmbientService(  914): Ambient Created
11-27 16:10:50.005 V/DreamService[AmbientDream](  914): Calling onDreamingStarted()
11-27 16:10:50.005 I/AmbientService(  914): Ambient Starting
11-27 16:10:50.981 I/DisplayManagerService(  575): Display device changed state: "Built-in Screen", DOZE_SUSPEND
11-27 16:10:50.983 V/ActivityManager(  575): Display changed displayId=0
11-27 16:11:01.175 I/AmbientService(  914): Ambient Updating
11-27 16:11:01.186 I/DisplayManagerService(  575): Display device changed state: "Built-in Screen", DOZE
11-27 16:11:01.193 V/ActivityManager(  575): Display changed displayId=0
11-27 16:11:01.307 I/DisplayManagerService(  575): Display device changed state: "Built-in Screen", DOZE_SUSPEND
11-27 16:11:01.314 V/ActivityManager(  575): Display changed displayId=0
11-27 16:12:01.178 I/AmbientService(  914): Ambient Updating
11-27 16:12:01.210 I/DisplayManagerService(  575): Display device changed state: "Built-in Screen", DOZE
11-27 16:12:01.222 V/ActivityManager(  575): Display changed displayId=0
11-27 16:12:01.329 I/DisplayManagerService(  575): Display device changed state: "Built-in Screen", DOZE_SUSPEND
11-27 16:12:01.336 V/ActivityManager(  575): Display changed displayId=0
11-27 16:13:01.185 I/AmbientService(  914): Ambient Updating
11-27 16:13:01.229 I/DisplayManagerService(  575): Display device changed state: "Built-in Screen", DOZE
11-27 16:13:01.234 V/ActivityManager(  575): Display changed displayId=0
11-27 16:13:01.349 I/DisplayManagerService(  575): Display device changed state: "Built-in Screen", DOZE_SUSPEND
11-27 16:13:01.355 V/ActivityManager(  575): Display changed displayId=0
11-27 16:14:01.178 I/AmbientService(  914): Ambient Updating
11-27 16:14:01.239 I/DisplayManagerService(  575): Display device changed state: "Built-in Screen", DOZE
11-27 16:14:01.253 V/ActivityManager(  575): Display changed displayId=0
11-27 16:14:01.359 I/DisplayManagerService(  575): Display device changed state: "Built-in Screen", DOZE_SUSPEND
11-27 16:14:01.366 V/ActivityManager(  575): Display changed displayId=0
11-27 16:15:01.181 I/AmbientService(  914): Ambient Updating
11-27 16:15:01.229 I/DisplayManagerService(  575): Display device changed state: "Built-in Screen", DOZE
11-27 16:15:01.244 V/ActivityManager(  575): Display changed displayId=0
11-27 16:15:01.350 I/DisplayManagerService(  575): Display device changed state: "Built-in Screen", DOZE_SUSPEND
11-27 16:15:01.357 V/ActivityManager(  575): Display changed displayId=0
11-27 16:15:28.351 I/PowerManagerService(  575): Waking up from dozing (uid 10004)...
11-27 16:15:28.362 E/InputMethodManagerService(  575): Ignoring setImeWindowStatus due to an invalid token. uid:1000 token:null
11-27 16:15:28.382 I/DisplayManagerService(  575): Display device changed state: "Built-in Screen", ON
11-27 16:15:28.418 V/ActivityManager(  575): Display changed displayId=0
11-27 16:15:28.431 I/DreamManagerService(  575): Gently waking up from dream.
11-27 16:15:28.432 V/DreamService[AmbientDream](  914): wakeUp(): fromSystem=true, mWaking=false, mFinished=false
11-27 16:15:28.436 V/DreamService[AmbientDream](  914): finish(): mFinished=false
11-27 16:15:28.437 I/DreamManagerService(  575): Leaving dreamland.
11-27 16:15:28.438 I/DreamController(  575): Stopping dream: name=ComponentInfo{com.google.android.wearable.ambient/com.google.android.wearable.ambient.AmbientDream}, isTest=false, canDoze=true, userId=0
11-27 16:15:28.446 V/DreamService[AmbientDream](  914): detach(): Calling onDreamingStopped()
11-27 16:15:28.446 I/AmbientService(  914): Ambient Stopping
11-27 16:15:28.477 V/DreamService[AmbientDream](  914): onDestroy()
11-27 16:15:33.384 I/PowerManagerService(  575): Going to sleep due to screen timeout (uid 1000)...
11-27 16:15:33.387 I/DreamManagerService(  575): Entering dreamland.
11-27 16:15:33.387 I/PowerManagerService(  575): Dozing...
11-27 16:15:33.388 I/DreamController(  575): Starting dream: name=ComponentInfo{com.google.android.wearable.ambient/com.google.android.wearable.ambient.AmbientDream}, isTest=false, canDoze=true, userId=0
11-27 16:15:33.397 E/InputMethodManagerService(  575): Ignoring setImeWindowStatus due to an invalid token. uid:1000 token:null
11-27 16:15:33.398 E/InputMethodManagerService(  575): Ignoring setImeWindowStatus due to an invalid token. uid:1000 token:null
11-27 16:15:33.460 V/DreamService[AmbientDream](  914): onBind() intent = Intent { act=android.service.dreams.DreamService flg=0x800000 cmp=com.google.android.wearable.ambient/.AmbientDream }
11-27 16:15:33.498 I/AmbientService(  914): Ambient Created
11-27 16:15:33.498 V/DreamService[AmbientDream](  914): Calling onDreamingStarted()
11-27 16:15:33.498 I/AmbientService(  914): Ambient Starting
11-27 16:15:34.433 I/DisplayManagerService(  575): Display device changed state: "Built-in Screen", DOZE_SUSPEND
11-27 16:15:34.435 V/ActivityManager(  575): Display changed displayId=0
11-27 16:16:01.179 I/AmbientService(  914): Ambient Updating
11-27 16:16:01.210 I/DisplayManagerService(  575): Display device changed state: "Built-in Screen", DOZE
11-27 16:16:01.212 V/ActivityManager(  575): Display changed displayId=0
11-27 16:17:01.174 I/DisplayManagerService(  575): Display device changed state: "Built-in Screen", DOZE_SUSPEND
11-27 16:17:01.177 V/ActivityManager(  575): Display changed displayId=0
11-27 16:17:01.187 I/AmbientService(  914): Ambient Updating
11-27 16:17:01.223 I/DisplayManagerService(  575): Display device changed state: "Built-in Screen", DOZE
11-27 16:17:01.224 V/ActivityManager(  575): Display changed displayId=0
11-27 16:17:01.342 I/DisplayManagerService(  575): Display device changed state: "Built-in Screen", DOZE_SUSPEND
11-27 16:17:01.349 V/ActivityManager(  575): Display changed displayId=0
11-27 16:18:01.180 I/AmbientService(  914): Ambient Updating
11-27 16:18:01.207 I/DisplayManagerService(  575): Display device changed state: "Built-in Screen", DOZE
11-27 16:18:01.215 V/ActivityManager(  575): Display changed displayId=0
11-27 16:18:01.327 I/DisplayManagerService(  575): Display device changed state: "Built-in Screen", DOZE_SUSPEND
11-27 16:18:01.334 V/ActivityManager(  575): Display changed displayId=0
11-27 16:19:01.191 I/AmbientService(  914): Ambient Updating
11-27 16:19:01.231 I/DisplayManagerService(  575): Display device changed state: "Built-in Screen", DOZE
11-27 16:19:01.237 V/ActivityManager(  575): Display changed displayId=0
11-27 16:19:01.351 I/DisplayManagerService(  575): Display device changed state: "Built-in Screen", DOZE_SUSPEND
11-27 16:19:01.361 V/ActivityManager(  575): Display changed displayId=0
11-27 16:20:01.181 I/AmbientService(  914): Ambient Updating
11-27 16:20:01.333 I/DisplayManagerService(  575): Display device changed state: "Built-in Screen", DOZE
11-27 16:20:01.339 V/ActivityManager(  575): Display changed displayId=0
11-27 16:20:01.454 I/DisplayManagerService(  575): Display device changed state: "Built-in Screen", DOZE_SUSPEND
11-27 16:20:01.463 V/ActivityManager(  575): Display changed displayId=0
11-27 16:21:01.182 I/AmbientService(  914): Ambient Updating
11-27 16:21:01.239 I/DisplayManagerService(  575): Display device changed state: "Built-in Screen", DOZE
11-27 16:21:01.254 V/ActivityManager(  575): Display changed displayId=0
11-27 16:21:01.359 I/DisplayManagerService(  575): Display device changed state: "Built-in Screen", DOZE_SUSPEND
11-27 16:21:01.368 V/ActivityManager(  575): Display changed displayId=0
11-27 16:22:01.184 I/AmbientService(  914): Ambient Updating
11-27 16:22:01.252 I/DisplayManagerService(  575): Display device changed state: "Built-in Screen", DOZE
11-27 16:22:01.257 V/ActivityManager(  575): Display changed displayId=0
11-27 16:22:01.371 I/DisplayManagerService(  575): Display device changed state: "Built-in Screen", DOZE_SUSPEND
11-27 16:22:01.381 V/ActivityManager(  575): Display changed displayId=0
11-27 16:23:01.182 I/AmbientService(  914): Ambient Updating
11-27 16:23:01.245 I/DisplayManagerService(  575): Display device changed state: "Built-in Screen", DOZE
11-27 16:23:01.261 V/ActivityManager(  575): Display changed displayId=0
11-27 16:23:01.365 I/DisplayManagerService(  575): Display device changed state: "Built-in Screen", DOZE_SUSPEND
11-27 16:23:01.372 V/ActivityManager(  575): Display changed displayId=0
11-27 16:24:01.181 I/AmbientService(  914): Ambient Updating
11-27 16:24:01.202 I/DisplayManagerService(  575): Display device changed state: "Built-in Screen", DOZE
11-27 16:24:01.218 V/ActivityManager(  575): Display changed displayId=0
11-27 16:24:01.324 I/DisplayManagerService(  575): Display device changed state: "Built-in Screen", DOZE_SUSPEND
11-27 16:24:01.331 V/ActivityManager(  575): Display changed displayId=0
11-27 16:25:01.181 I/AmbientService(  914): Ambient Updating
11-27 16:25:01.243 I/DisplayManagerService(  575): Display device changed state: "Built-in Screen", DOZE
11-27 16:25:01.248 V/ActivityManager(  575): Display changed displayId=0
11-27 16:25:01.318 I/ActivityManager(  575): Delay finish: com.google.android.gms/.checkin.EventLogService$Receiver
11-27 16:25:01.362 I/DisplayManagerService(  575): Display device changed state: "Built-in Screen", DOZE_SUSPEND
11-27 16:25:01.362 V/ActivityManager(  575): Display changed displayId=0
11-27 16:25:02.019 I/ActivityManager(  575): Resuming delayed broadcast
11-27 16:25:02.025 I/ActivityManager(  575): Delay finish: com.google.android.apps.fitness/com.google.android.wearable.fitness.summary.notification.NotificationReceiver
11-27 16:25:02.479 I/ActivityManager(  575): Resuming delayed broadcast
11-27 16:26:00.184 I/AmbientService(  914): Ambient Updating
11-27 16:26:00.241 I/DisplayManagerService(  575): Display device changed state: "Built-in Screen", DOZE
11-27 16:26:00.242 V/ActivityManager(  575): Display changed displayId=0
11-27 16:26:00.362 I/DisplayManagerService(  575): Display device changed state: "Built-in Screen", DOZE_SUSPEND
11-27 16:26:00.369 V/ActivityManager(  575): Display changed displayId=0
11-27 16:27:01.184 I/AmbientService(  914): Ambient Updating
11-27 16:27:01.224 I/DisplayManagerService(  575): Display device changed state: "Built-in Screen", DOZE
11-27 16:27:01.229 V/ActivityManager(  575): Display changed displayId=0
11-27 16:27:01.343 I/DisplayManagerService(  575): Display device changed state: "Built-in Screen", DOZE_SUSPEND
11-27 16:27:01.350 V/ActivityManager(  575): Display changed displayId=0
11-27 16:28:01.183 I/AmbientService(  914): Ambient Updating
11-27 16:28:01.226 I/DisplayManagerService(  575): Display device changed state: "Built-in Screen", DOZE
11-27 16:28:01.230 V/ActivityManager(  575): Display changed displayId=0
11-27 16:28:01.346 I/DisplayManagerService(  575): Display device changed state: "Built-in Screen", DOZE_SUSPEND
11-27 16:28:01.353 V/ActivityManager(  575): Display changed displayId=0
11-27 16:29:01.185 I/AmbientService(  914): Ambient Updating
11-27 16:29:01.243 I/DisplayManagerService(  575): Display device changed state: "Built-in Screen", DOZE
11-27 16:29:01.249 V/ActivityManager(  575): Display changed displayId=0
11-27 16:29:01.363 I/DisplayManagerService(  575): Display device changed state: "Built-in Screen", DOZE_SUSPEND
11-27 16:29:01.372 V/ActivityManager(  575): Display changed displayId=0
11-27 16:30:01.184 I/AmbientService(  914): Ambient Updating
11-27 16:30:01.235 I/DisplayManagerService(  575): Display device changed state: "Built-in Screen", DOZE
11-27 16:30:01.235 V/ActivityManager(  575): Display changed displayId=0
11-27 16:30:01.354 I/DisplayManagerService(  575): Display device changed state: "Built-in Screen", DOZE_SUSPEND
11-27 16:30:01.360 V/ActivityManager(  575): Display changed displayId=0
11-27 16:30:29.296 I/PowerManagerService(  575): Waking up from dozing (uid 10004)...
11-27 16:30:29.306 E/InputMethodManagerService(  575): Ignoring setImeWindowStatus due to an invalid token. uid:1000 token:null
11-27 16:30:29.332 I/DisplayManagerService(  575): Display device changed state: "Built-in Screen", ON
11-27 16:30:29.341 V/ActivityManager(  575): Display changed displayId=0
11-27 16:30:29.378 I/DreamManagerService(  575): Gently waking up from dream.
11-27 16:30:29.381 V/DreamService[AmbientDream](  914): wakeUp(): fromSystem=true, mWaking=false, mFinished=false
11-27 16:30:29.381 V/DreamService[AmbientDream](  914): finish(): mFinished=false
11-27 16:30:29.382 I/DreamManagerService(  575): Leaving dreamland.
11-27 16:30:29.382 I/DreamController(  575): Stopping dream: name=ComponentInfo{com.google.android.wearable.ambient/com.google.android.wearable.ambient.AmbientDream}, isTest=false, canDoze=true, userId=0
11-27 16:30:29.388 V/DreamService[AmbientDream](  914): detach(): Calling onDreamingStopped()
11-27 16:30:29.388 I/AmbientService(  914): Ambient Stopping
11-27 16:30:29.399 V/DreamService[AmbientDream](  914): onDestroy()
11-27 16:30:34.333 I/PowerManagerService(  575): Going to sleep due to screen timeout (uid 1000)...
11-27 16:30:34.335 I/DreamManagerService(  575): Entering dreamland.
11-27 16:30:34.336 I/PowerManagerService(  575): Dozing...
11-27 16:30:34.337 I/DreamController(  575): Starting dream: name=ComponentInfo{com.google.android.wearable.ambient/com.google.android.wearable.ambient.AmbientDream}, isTest=false, canDoze=true, userId=0
11-27 16:30:34.348 E/InputMethodManagerService(  575): Ignoring setImeWindowStatus due to an invalid token. uid:1000 token:null
11-27 16:30:34.349 E/InputMethodManagerService(  575): Ignoring setImeWindowStatus due to an invalid token. uid:1000 token:null
11-27 16:30:34.396 V/DreamService[AmbientDream](  914): onBind() intent = Intent { act=android.service.dreams.DreamService flg=0x800000 cmp=com.google.android.wearable.ambient/.AmbientDream }
11-27 16:30:34.403 I/AmbientService(  914): Ambient Created
11-27 16:30:34.432 V/DreamService[AmbientDream](  914): Calling onDreamingStarted()
11-27 16:30:34.432 I/AmbientService(  914): Ambient Starting
11-27 16:30:35.390 I/DisplayManagerService(  575): Display device changed state: "Built-in Screen", DOZE_SUSPEND
11-27 16:30:35.392 V/ActivityManager(  575): Display changed displayId=0
11-27 16:31:00.184 I/AmbientService(  914): Ambient Updating
11-27 16:31:00.209 I/DisplayManagerService(  575): Display device changed state: "Built-in Screen", DOZE
11-27 16:31:00.212 V/ActivityManager(  575): Display changed displayId=0
11-27 16:31:00.329 I/DisplayManagerService(  575): Display device changed state: "Built-in Screen", DOZE_SUSPEND
11-27 16:31:00.336 V/ActivityManager(  575): Display changed displayId=0
11-27 16:32:01.188 I/AmbientService(  914): Ambient Updating
11-27 16:32:01.211 I/DisplayManagerService(  575): Display device changed state: "Built-in Screen", DOZE
11-27 16:32:01.225 V/ActivityManager(  575): Display changed displayId=0
11-27 16:32:01.332 I/DisplayManagerService(  575): Display device changed state: "Built-in Screen", DOZE_SUSPEND
11-27 16:32:01.339 V/ActivityManager(  575): Display changed displayId=0
11-27 16:33:01.186 I/AmbientService(  914): Ambient Updating
11-27 16:33:01.235 I/DisplayManagerService(  575): Display device changed state: "Built-in Screen", DOZE
11-27 16:33:01.243 V/ActivityManager(  575): Display changed displayId=0
11-27 16:33:01.357 I/DisplayManagerService(  575): Display device changed state: "Built-in Screen", DOZE_SUSPEND
11-27 16:33:01.364 V/ActivityManager(  575): Display changed displayId=0
11-27 16:33:11.308 I/ActivityManager(  575): Delay finish: com.google.android.apps.fitness/com.google.android.wearable.fitness.summary.notification.NotificationReceiver
11-27 16:33:15.547 I/ActivityManager(  575): Resuming delayed broadcast
11-27 16:34:01.186 I/AmbientService(  914): Ambient Updating
11-27 16:34:01.238 I/DisplayManagerService(  575): Display device changed state: "Built-in Screen", DOZE
11-27 16:34:01.249 V/ActivityManager(  575): Display changed displayId=0
11-27 16:34:01.358 I/DisplayManagerService(  575): Display device changed state: "Built-in Screen", DOZE_SUSPEND
11-27 16:34:01.365 V/ActivityManager(  575): Display changed displayId=0
11-27 16:35:01.186 I/AmbientService(  914): Ambient Updating
11-27 16:35:01.234 I/DisplayManagerService(  575): Display device changed state: "Built-in Screen", DOZE
11-27 16:35:01.235 V/ActivityManager(  575): Display changed displayId=0
11-27 16:35:01.354 I/DisplayManagerService(  575): Display device changed state: "Built-in Screen", DOZE_SUSPEND
11-27 16:35:01.361 V/ActivityManager(  575): Display changed displayId=0
11-27 16:36:01.186 I/AmbientService(  914): Ambient Updating
11-27 16:36:01.237 I/DisplayManagerService(  575): Display device changed state: "Built-in Screen", DOZE
11-27 16:36:01.240 V/ActivityManager(  575): Display changed displayId=0
11-27 16:36:01.358 I/DisplayManagerService(  575): Display device changed state: "Built-in Screen", DOZE_SUSPEND
11-27 16:36:01.365 V/ActivityManager(  575): Display changed displayId=0
11-27 16:37:01.189 I/AmbientService(  914): Ambient Updating
11-27 16:37:01.240 I/DisplayManagerService(  575): Display device changed state: "Built-in Screen", DOZE
11-27 16:37:01.249 V/ActivityManager(  575): Display changed displayId=0
11-27 16:37:01.362 I/DisplayManagerService(  575): Display device changed state: "Built-in Screen", DOZE_SUSPEND
11-27 16:37:01.369 V/ActivityManager(  575): Display changed displayId=0
11-27 16:38:01.190 I/AmbientService(  914): Ambient Updating
11-27 16:38:01.250 I/DisplayManagerService(  575): Display device changed state: "Built-in Screen", DOZE
11-27 16:38:01.263 V/ActivityManager(  575): Display changed displayId=0
11-27 16:38:01.369 I/DisplayManagerService(  575): Display device changed state: "Built-in Screen", DOZE_SUSPEND
11-27 16:38:01.376 V/ActivityManager(  575): Display changed displayId=0
11-27 16:39:01.188 I/AmbientService(  914): Ambient Updating
11-27 16:39:01.237 I/DisplayManagerService(  575): Display device changed state: "Built-in Screen", DOZE
11-27 16:39:01.245 V/ActivityManager(  575): Display changed displayId=0
11-27 16:39:01.359 I/DisplayManagerService(  575): Display device changed state: "Built-in Screen", DOZE_SUSPEND
11-27 16:39:01.366 V/ActivityManager(  575): Display changed displayId=0
11-27 16:39:03.384 I/PowerManagerService(  575): Waking up from dozing (uid 1000)...
11-27 16:39:03.399 E/InputMethodManagerService(  575): Ignoring setImeWindowStatus due to an invalid token. uid:1000 token:null
11-27 16:39:03.427 I/DisplayManagerService(  575): Display device changed state: "Built-in Screen", ON
11-27 16:39:03.432 V/ActivityManager(  575): Display changed displayId=0
11-27 16:39:03.452 I/DreamManagerService(  575): Gently waking up from dream.
11-27 16:39:03.453 V/DreamService[AmbientDream](  914): wakeUp(): fromSystem=true, mWaking=false, mFinished=false
11-27 16:39:03.453 V/DreamService[AmbientDream](  914): finish(): mFinished=false
11-27 16:39:03.453 I/DreamManagerService(  575): Leaving dreamland.
11-27 16:39:03.454 I/DreamController(  575): Stopping dream: name=ComponentInfo{com.google.android.wearable.ambient/com.google.android.wearable.ambient.AmbientDream}, isTest=false, canDoze=true, userId=0
11-27 16:39:03.455 V/DreamService[AmbientDream](  914): detach(): Calling onDreamingStopped()
11-27 16:39:03.455 I/AmbientService(  914): Ambient Stopping
11-27 16:39:03.466 V/DreamService[AmbientDream](  914): onDestroy()
11-27 16:39:08.379 I/PowerManagerService(  575): Going to sleep due to screen timeout (uid 1000)...
11-27 16:39:08.382 I/DreamManagerService(  575): Entering dreamland.
11-27 16:39:08.388 E/InputMethodManagerService(  575): Ignoring setImeWindowStatus due to an invalid token. uid:1000 token:null
11-27 16:39:08.393 I/DreamController(  575): Starting dream: name=ComponentInfo{com.google.android.wearable.ambient/com.google.android.wearable.ambient.AmbientDream}, isTest=false, canDoze=true, userId=0
11-27 16:39:08.393 I/PowerManagerService(  575): Dozing...
11-27 16:39:08.402 E/InputMethodManagerService(  575): Ignoring setImeWindowStatus due to an invalid token. uid:1000 token:null
11-27 16:39:08.463 V/DreamService[AmbientDream](  914): onBind() intent = Intent { act=android.service.dreams.DreamService flg=0x800000 cmp=com.google.android.wearable.ambient/.AmbientDream }
11-27 16:39:08.649 I/AmbientService(  914): Ambient Created
11-27 16:39:08.649 V/DreamService[AmbientDream](  914): Calling onDreamingStarted()
11-27 16:39:08.650 I/AmbientService(  914): Ambient Starting
11-27 16:39:08.940 I/DisplayManagerService(  575): Display device changed state: "Built-in Screen", DOZE_SUSPEND
11-27 16:39:08.942 V/ActivityManager(  575): Display changed displayId=0
11-27 16:40:01.187 I/AmbientService(  914): Ambient Updating
11-27 16:40:01.217 I/DisplayManagerService(  575): Display device changed state: "Built-in Screen", DOZE
11-27 16:40:01.229 V/ActivityManager(  575): Display changed displayId=0
11-27 16:40:01.337 I/DisplayManagerService(  575): Display device changed state: "Built-in Screen", DOZE_SUSPEND
