11-27 17:28:01.014 I/AmbientService(  914): Ambient Updating
11-27 17:28:01.058 I/DisplayManagerService(  575): Display device changed state: "Built-in Screen", DOZE
11-27 17:28:01.068 V/ActivityManager(  575): Display changed displayId=0
11-27 17:28:01.178 I/DisplayManagerService(  575): Display device changed state: "Built-in Screen", DOZE_SUSPEND
11-27 17:28:01.185 V/ActivityManager(  575): Display changed displayId=0
11-27 17:29:01.017 I/AmbientService(  914): Ambient Updating
11-27 17:29:01.065 I/DisplayManagerService(  575): Display device changed state: "Built-in Screen", DOZE
11-27 17:29:01.075 V/ActivityManager(  575): Display changed displayId=0
11-27 17:29:01.186 I/DisplayManagerService(  575): Display device changed state: "Built-in Screen", DOZE_SUSPEND
11-27 17:29:01.193 V/ActivityManager(  575): Display changed displayId=0
11-27 17:30:01.016 I/AmbientService(  914): Ambient Updating
11-27 17:30:01.066 I/DisplayManagerService(  575): Display device changed state: "Built-in Screen", DOZE
11-27 17:30:01.068 V/ActivityManager(  575): Display changed displayId=0
11-27 17:30:01.187 I/DisplayManagerService(  575): Display device changed state: "Built-in Screen", DOZE_SUSPEND
11-27 17:30:01.194 V/ActivityManager(  575): Display changed displayId=0
11-27 17:30:20.557 I/DisplayManagerService(  575): Display device changed state: "Built-in Screen", DOZE
11-27 17:30:20.563 V/ActivityManager(  575): Display changed displayId=0
11-27 17:30:20.699 I/DisplayManagerService(  575): Display device changed state: "Built-in Screen", DOZE_SUSPEND
11-27 17:30:20.708 V/ActivityManager(  575): Display changed displayId=0
11-27 17:30:21.814 I/PowerManagerService(  575): Waking up from dozing (uid 10004)...
11-27 17:30:21.819 E/InputMethodManagerService(  575): Ignoring setImeWindowStatus due to an invalid token. uid:1000 token:null
11-27 17:30:21.843 I/DisplayManagerService(  575): Display device changed state: "Built-in Screen", ON
11-27 17:30:21.858 V/ActivityManager(  575): Display changed displayId=0
11-27 17:30:21.862 I/DreamManagerService(  575): Gently waking up from dream.
11-27 17:30:21.863 V/DreamService[AmbientDream](  914): wakeUp(): fromSystem=true, mWaking=false, mFinished=false
11-27 17:30:21.863 V/DreamService[AmbientDream](  914): finish(): mFinished=false
11-27 17:30:21.863 I/DreamManagerService(  575): Leaving dreamland.
11-27 17:30:21.864 I/DreamController(  575): Stopping dream: name=ComponentInfo{com.google.android.wearable.ambient/com.google.android.wearable.ambient.AmbientDream}, isTest=false, canDoze=true, userId=0
11-27 17:30:21.868 V/DreamService[AmbientDream](  914): detach(): Calling onDreamingStopped()
11-27 17:30:21.868 I/AmbientService(  914): Ambient Stopping
11-27 17:30:21.875 V/DreamService[AmbientDream](  914): onDestroy()
11-27 17:30:31.535 I/ActivityManager(  575): Delay finish: com.android.providers.calendar/.CalendarProviderBroadcastReceiver
11-27 17:30:31.571 I/ActivityManager(  575): Resuming delayed broadcast
11-27 17:30:37.517 I/PowerManagerService(  575): Going to sleep due to screen timeout (uid 1000)...
11-27 17:30:37.517 I/DreamManagerService(  575): Entering dreamland.
11-27 17:30:37.517 I/PowerManagerService(  575): Dozing...
11-27 17:30:37.518 I/DreamController(  575): Starting dream: name=ComponentInfo{com.google.android.wearable.ambient/com.google.android.wearable.ambient.AmbientDream}, isTest=false, canDoze=true, userId=0
11-27 17:30:37.529 E/InputMethodManagerService(  575): Ignoring setImeWindowStatus due to an invalid token. uid:1000 token:null
11-27 17:30:37.532 E/InputMethodManagerService(  575): Ignoring setImeWindowStatus due to an invalid token. uid:1000 token:null
11-27 17:30:37.576 V/DreamService[AmbientDream](  914): onBind() intent = Intent { act=android.service.dreams.DreamService flg=0x800000 cmp=com.google.android.wearable.ambient/.AmbientDream }
11-27 17:30:37.583 I/AmbientService(  914): Ambient Created
11-27 17:30:37.600 V/DreamService[AmbientDream](  914): Calling onDreamingStarted()
11-27 17:30:37.600 I/AmbientService(  914): Ambient Starting
11-27 17:30:37.679 I/DisplayManagerService(  575): Display device changed state: "Built-in Screen", DOZE_SUSPEND
11-27 17:30:37.686 V/ActivityManager(  575): Display changed displayId=0
11-27 17:30:37.786 I/DisplayManagerService(  575): Display device changed state: "Built-in Screen", DOZE
11-27 17:30:37.789 V/ActivityManager(  575): Display changed displayId=0
11-27 17:30:37.935 I/DisplayManagerService(  575): Display device changed state: "Built-in Screen", DOZE_SUSPEND
11-27 17:30:37.944 V/ActivityManager(  575): Display changed displayId=0
11-27 17:30:50.593 I/ActivityManager(  575): Delay finish: com.google.android.apps.fitness/com.google.android.wearable.fitness.summary.notification.NotificationReceiver
11-27 17:30:51.658 I/ActivityManager(  575): Resuming delayed broadcast
11-27 17:30:51.674 W/ResourcesManager(  739): Asset path '/system/framework/com.google.android.wearable.jar' does not exist or contains no resources.
11-27 17:30:51.814 I/DisplayManagerService(  575): Display device changed state: "Built-in Screen", DOZE
11-27 17:30:51.820 V/ActivityManager(  575): Display changed displayId=0
11-27 17:30:51.876 W/ResourcesManager(  739): Asset path '/system/framework/com.google.android.wearable.jar' does not exist or contains no resources.
11-27 17:30:52.027 I/DisplayManagerService(  575): Display device changed state: "Built-in Screen", DOZE_SUSPEND
11-27 17:30:52.035 V/ActivityManager(  575): Display changed displayId=0
11-27 17:31:01.016 I/AmbientService(  914): Ambient Updating
11-27 17:31:01.059 I/DisplayManagerService(  575): Display device changed state: "Built-in Screen", DOZE
11-27 17:31:01.064 V/ActivityManager(  575): Display changed displayId=0
11-27 17:31:01.178 I/DisplayManagerService(  575): Display device changed state: "Built-in Screen", DOZE_SUSPEND
11-27 17:31:01.186 V/ActivityManager(  575): Display changed displayId=0
11-27 17:32:01.018 I/AmbientService(  914): Ambient Updating
11-27 17:32:01.076 I/DisplayManagerService(  575): Display device changed state: "Built-in Screen", DOZE
11-27 17:32:01.080 V/ActivityManager(  575): Display changed displayId=0
11-27 17:32:01.197 I/DisplayManagerService(  575): Display device changed state: "Built-in Screen", DOZE_SUSPEND
11-27 17:32:01.204 V/ActivityManager(  575): Display changed displayId=0
11-27 17:33:01.016 I/AmbientService(  914): Ambient Updating
11-27 17:33:01.062 I/DisplayManagerService(  575): Display device changed state: "Built-in Screen", DOZE
11-27 17:33:01.067 V/ActivityManager(  575): Display changed displayId=0
11-27 17:33:01.181 I/DisplayManagerService(  575): Display device changed state: "Built-in Screen", DOZE_SUSPEND
11-27 17:33:01.191 V/ActivityManager(  575): Display changed displayId=0
11-27 17:34:01.017 I/AmbientService(  914): Ambient Updating
11-27 17:34:01.065 I/DisplayManagerService(  575): Display device changed state: "Built-in Screen", DOZE
11-27 17:34:01.071 V/ActivityManager(  575): Display changed displayId=0
11-27 17:34:01.185 I/DisplayManagerService(  575): Display device changed state: "Built-in Screen", DOZE_SUSPEND
11-27 17:34:01.192 V/ActivityManager(  575): Display changed displayId=0
11-27 17:35:01.020 I/AmbientService(  914): Ambient Updating
11-27 17:35:01.030 I/DisplayManagerService(  575): Display device changed state: "Built-in Screen", DOZE
11-27 17:35:01.044 V/ActivityManager(  575): Display changed displayId=0
11-27 17:35:01.151 I/DisplayManagerService(  575): Display device changed state: "Built-in Screen", DOZE_SUSPEND
11-27 17:35:01.160 V/ActivityManager(  575): Display changed displayId=0
11-27 17:36:01.019 I/AmbientService(  914): Ambient Updating
11-27 17:36:01.073 I/DisplayManagerService(  575): Display device changed state: "Built-in Screen", DOZE
11-27 17:36:01.074 V/ActivityManager(  575): Display changed displayId=0
11-27 17:36:01.188 I/DisplayManagerService(  575): Display device changed state: "Built-in Screen", DOZE_SUSPEND
11-27 17:36:01.195 V/ActivityManager(  575): Display changed displayId=0
11-27 17:37:01.017 I/AmbientService(  914): Ambient Updating
11-27 17:37:01.066 I/DisplayManagerService(  575): Display device changed state: "Built-in Screen", DOZE
11-27 17:37:01.076 V/ActivityManager(  575): Display changed displayId=0
11-27 17:37:01.186 I/DisplayManagerService(  575): Display device changed state: "Built-in Screen", DOZE_SUSPEND
11-27 17:37:01.193 V/ActivityManager(  575): Display changed displayId=0
11-27 17:38:01.018 I/AmbientService(  914): Ambient Updating
11-27 17:38:01.027 I/ActivityManager(  575): Delay finish: com.google.android.gms/.common.receiver.InternalBroadcastReceiver
11-27 17:38:01.192 I/DisplayManagerService(  575): Display device changed state: "Built-in Screen", DOZE
11-27 17:38:01.199 V/ActivityManager(  575): Display changed displayId=0
11-27 17:38:01.313 I/DisplayManagerService(  575): Display device changed state: "Built-in Screen", DOZE_SUSPEND
11-27 17:38:01.321 V/ActivityManager(  575): Display changed displayId=0
11-27 17:38:01.804 I/ActivityManager(  575): Resuming delayed broadcast
11-27 17:39:01.017 I/AmbientService(  914): Ambient Updating
11-27 17:39:01.088 I/DisplayManagerService(  575): Display device changed state: "Built-in Screen", DOZE
11-27 17:39:01.101 V/ActivityManager(  575): Display changed displayId=0
11-27 17:39:01.208 I/DisplayManagerService(  575): Display device changed state: "Built-in Screen", DOZE_SUSPEND
11-27 17:39:01.215 V/ActivityManager(  575): Display changed displayId=0
11-27 17:40:01.020 I/AmbientService(  914): Ambient Updating
11-27 17:40:01.067 I/DisplayManagerService(  575): Display device changed state: "Built-in Screen", DOZE
11-27 17:40:01.081 V/ActivityManager(  575): Display changed displayId=0
11-27 17:40:01.187 I/DisplayManagerService(  575): Display device changed state: "Built-in Screen", DOZE_SUSPEND
11-27 17:40:01.194 V/ActivityManager(  575): Display changed displayId=0
11-27 17:41:01.020 I/AmbientService(  914): Ambient Updating
11-27 17:41:01.070 I/DisplayManagerService(  575): Display device changed state: "Built-in Screen", DOZE
11-27 17:41:01.075 V/ActivityManager(  575): Display changed displayId=0
11-27 17:41:01.190 I/DisplayManagerService(  575): Display device changed state: "Built-in Screen", DOZE_SUSPEND
11-27 17:41:01.197 V/ActivityManager(  575): Display changed displayId=0
11-27 17:42:01.019 I/AmbientService(  914): Ambient Updating
11-27 17:42:01.065 I/DisplayManagerService(  575): Display device changed state: "Built-in Screen", DOZE
11-27 17:42:01.074 V/ActivityManager(  575): Display changed displayId=0
11-27 17:42:01.185 I/DisplayManagerService(  575): Display device changed state: "Built-in Screen", DOZE_SUSPEND
11-27 17:42:01.192 V/ActivityManager(  575): Display changed displayId=0
11-27 17:43:01.019 I/AmbientService(  914): Ambient Updating
11-27 17:43:01.066 I/DisplayManagerService(  575): Display device changed state: "Built-in Screen", DOZE
11-27 17:43:01.075 V/ActivityManager(  575): Display changed displayId=0
11-27 17:43:01.187 I/DisplayManagerService(  575): Display device changed state: "Built-in Screen", DOZE_SUSPEND
11-27 17:43:01.194 V/ActivityManager(  575): Display changed displayId=0
11-27 17:44:01.020 I/AmbientService(  914): Ambient Updating
11-27 17:44:01.075 I/DisplayManagerService(  575): Display device changed state: "Built-in Screen", DOZE
11-27 17:44:01.076 V/ActivityManager(  575): Display changed displayId=0
11-27 17:44:01.195 I/DisplayManagerService(  575): Display device changed state: "Built-in Screen", DOZE_SUSPEND
11-27 17:44:01.202 V/ActivityManager(  575): Display changed displayId=0
11-27 17:44:17.054 I/ActivityManager(  575): Delay finish: com.google.android.apps.fitness/com.google.android.wearable.fitness.summary.notification.NotificationReceiver
11-27 17:44:17.971 I/ActivityManager(  575): Resuming delayed broadcast
11-27 17:44:18.065 I/DisplayManagerService(  575): Display device changed state: "Built-in Screen", DOZE
11-27 17:44:18.071 V/ActivityManager(  575): Display changed displayId=0
11-27 17:44:18.232 I/DisplayManagerService(  575): Display device changed state: "Built-in Screen", DOZE_SUSPEND
11-27 17:44:18.240 V/ActivityManager(  575): Display changed displayId=0
11-27 17:45:01.019 I/AmbientService(  914): Ambient Updating
11-27 17:45:01.073 I/DisplayManagerService(  575): Display device changed state: "Built-in Screen", DOZE
11-27 17:45:01.081 V/ActivityManager(  575): Display changed displayId=0
11-27 17:45:01.193 I/DisplayManagerService(  575): Display device changed state: "Built-in Screen", DOZE_SUSPEND
11-27 17:45:01.200 V/ActivityManager(  575): Display changed displayId=0
11-27 17:46:01.021 I/AmbientService(  914): Ambient Updating
11-27 17:46:01.072 I/DisplayManagerService(  575): Display device changed state: "Built-in Screen", DOZE
11-27 17:46:01.076 V/ActivityManager(  575): Display changed displayId=0
11-27 17:46:01.193 I/DisplayManagerService(  575): Display device changed state: "Built-in Screen", DOZE_SUSPEND
11-27 17:46:01.200 V/ActivityManager(  575): Display changed displayId=0
11-27 17:47:01.021 I/AmbientService(  914): Ambient Updating
11-27 17:47:01.069 I/DisplayManagerService(  575): Display device changed state: "Built-in Screen", DOZE
11-27 17:47:01.077 V/ActivityManager(  575): Display changed displayId=0
11-27 17:47:01.190 I/DisplayManagerService(  575): Display device changed state: "Built-in Screen", DOZE_SUSPEND
11-27 17:47:01.197 V/ActivityManager(  575): Display changed displayId=0
11-27 17:48:01.022 I/AmbientService(  914): Ambient Updating
11-27 17:48:01.071 I/DisplayManagerService(  575): Display device changed state: "Built-in Screen", DOZE
11-27 17:48:01.084 V/ActivityManager(  575): Display changed displayId=0
11-27 17:48:01.192 I/DisplayManagerService(  575): Display device changed state: "Built-in Screen", DOZE_SUSPEND
11-27 17:48:01.199 V/ActivityManager(  575): Display changed displayId=0
11-27 17:49:01.022 I/AmbientService(  914): Ambient Updating
11-27 17:49:01.071 I/DisplayManagerService(  575): Display device changed state: "Built-in Screen", DOZE
11-27 17:49:01.079 V/ActivityManager(  575): Display changed displayId=0
11-27 17:49:01.191 I/DisplayManagerService(  575): Display device changed state: "Built-in Screen", DOZE_SUSPEND
11-27 17:49:01.198 V/ActivityManager(  575): Display changed displayId=0
11-27 17:49:59.787 I/PowerManagerService(  575): Waking up from dozing (uid 1000)...
11-27 17:49:59.798 E/InputMethodManagerService(  575): Ignoring setImeWindowStatus due to an invalid token. uid:1000 token:null
11-27 17:49:59.816 I/DisplayManagerService(  575): Display device changed state: "Built-in Screen", ON
11-27 17:49:59.856 V/ActivityManager(  575): Display changed displayId=0
11-27 17:49:59.882 I/DreamManagerService(  575): Gently waking up from dream.
11-27 17:49:59.882 V/DreamService[AmbientDream](  914): wakeUp(): fromSystem=true, mWaking=false, mFinished=false
11-27 17:49:59.882 V/DreamService[AmbientDream](  914): finish(): mFinished=false
11-27 17:49:59.882 I/DreamManagerService(  575): Leaving dreamland.
11-27 17:49:59.883 I/DreamController(  575): Stopping dream: name=ComponentInfo{com.google.android.wearable.ambient/com.google.android.wearable.ambient.AmbientDream}, isTest=false, canDoze=true, userId=0
11-27 17:49:59.886 V/DreamService[AmbientDream](  914): detach(): Calling onDreamingStopped()
11-27 17:49:59.886 I/AmbientService(  914): Ambient Stopping
11-27 17:49:59.904 V/DreamService[AmbientDream](  914): onDestroy()
11-27 17:50:04.783 I/PowerManagerService(  575): Going to sleep due to screen timeout (uid 1000)...
11-27 17:50:04.784 I/DreamManagerService(  575): Entering dreamland.
11-27 17:50:04.784 I/PowerManagerService(  575): Dozing...
11-27 17:50:04.785 I/DreamController(  575): Starting dream: name=ComponentInfo{com.google.android.wearable.ambient/com.google.android.wearable.ambient.AmbientDream}, isTest=false, canDoze=true, userId=0
11-27 17:50:04.793 E/InputMethodManagerService(  575): Ignoring setImeWindowStatus due to an invalid token. uid:1000 token:null
11-27 17:50:04.796 E/InputMethodManagerService(  575): Ignoring setImeWindowStatus due to an invalid token. uid:1000 token:null
11-27 17:50:04.855 V/DreamService[AmbientDream](  914): onBind() intent = Intent { act=android.service.dreams.DreamService flg=0x800000 cmp=com.google.android.wearable.ambient/.AmbientDream }
11-27 17:50:04.867 I/AmbientService(  914): Ambient Created
11-27 17:50:05.174 V/DreamService[AmbientDream](  914): Calling onDreamingStarted()
11-27 17:50:05.174 I/AmbientService(  914): Ambient Starting
11-27 17:50:05.352 I/DisplayManagerService(  575): Display device changed state: "Built-in Screen", DOZE_SUSPEND
11-27 17:50:05.354 V/ActivityManager(  575): Display changed displayId=0
11-27 17:50:22.300 I/DisplayManagerService(  575): Display device changed state: "Built-in Screen", DOZE
11-27 17:50:22.302 V/ActivityManager(  575): Display changed displayId=0
11-27 17:50:22.420 I/DisplayManagerService(  575): Display device changed state: "Built-in Screen", DOZE_SUSPEND
11-27 17:50:22.429 V/ActivityManager(  575): Display changed displayId=0
11-27 17:50:29.020 I/ActivityManager(  575): Delay finish: com.android.providers.calendar/.CalendarProviderBroadcastReceiver
11-27 17:50:29.152 I/ActivityManager(  575): Resuming delayed broadcast
11-27 17:50:59.010 I/AmbientService(  914): Ambient Updating
11-27 17:50:59.050 I/DisplayManagerService(  575): Display device changed state: "Built-in Screen", DOZE
11-27 17:50:59.050 V/ActivityManager(  575): Display changed displayId=0
11-27 17:50:59.169 I/DisplayManagerService(  575): Display device changed state: "Built-in Screen", DOZE_SUSPEND
11-27 17:50:59.176 V/ActivityManager(  575): Display changed displayId=0
11-27 17:51:04.013 I/AmbientService(  914): Ambient Updating
11-27 17:51:04.050 I/DisplayManagerService(  575): Display device changed state: "Built-in Screen", DOZE
11-27 17:51:04.058 V/ActivityManager(  575): Display changed displayId=0
11-27 17:51:04.172 I/DisplayManagerService(  575): Display device changed state: "Built-in Screen", DOZE_SUSPEND
11-27 17:51:04.179 V/ActivityManager(  575): Display changed displayId=0
11-27 17:52:01.013 I/AmbientService(  914): Ambient Updating
11-27 17:52:01.065 I/DisplayManagerService(  575): Display device changed state: "Built-in Screen", DOZE
11-27 17:52:01.070 V/ActivityManager(  575): Display changed displayId=0
11-27 17:52:01.186 I/DisplayManagerService(  575): Display device changed state: "Built-in Screen", DOZE_SUSPEND
11-27 17:52:01.192 V/ActivityManager(  575): Display changed displayId=0
11-27 17:52:09.711 I/DisplayManagerService(  575): Display device changed state: "Built-in Screen", DOZE
11-27 17:52:09.714 V/ActivityManager(  575): Display changed displayId=0
11-27 17:52:09.831 I/DisplayManagerService(  575): Display device changed state: "Built-in Screen", DOZE_SUSPEND
11-27 17:52:09.839 V/ActivityManager(  575): Display changed displayId=0
11-27 17:52:14.740 I/ActivityManager(  575): Delay finish: com.android.providers.calendar/.CalendarProviderBroadcastReceiver
11-27 17:52:14.783 I/ActivityManager(  575): Resuming delayed broadcast
11-27 17:52:27.411 I/DisplayManagerService(  575): Display device changed state: "Built-in Screen", DOZE
11-27 17:52:27.420 V/ActivityManager(  575): Display changed displayId=0
11-27 17:52:27.532 I/DisplayManagerService(  575): Display device changed state: "Built-in Screen", DOZE_SUSPEND
11-27 17:52:27.540 V/ActivityManager(  575): Display changed displayId=0
11-27 17:52:34.014 I/ActivityManager(  575): Delay finish: com.android.providers.calendar/.CalendarProviderBroadcastReceiver
11-27 17:52:34.147 I/ActivityManager(  575): Resuming delayed broadcast
11-27 17:52:58.010 I/AmbientService(  914): Ambient Updating
11-27 17:52:58.064 I/DisplayManagerService(  575): Display device changed state: "Built-in Screen", DOZE
11-27 17:52:58.071 V/ActivityManager(  575): Display changed displayId=0
11-27 17:52:58.184 I/DisplayManagerService(  575): Display device changed state: "Built-in Screen", DOZE_SUSPEND
11-27 17:52:58.191 V/ActivityManager(  575): Display changed displayId=0
11-27 17:53:04.012 I/AmbientService(  914): Ambient Updating
11-27 17:53:04.025 I/DisplayManagerService(  575): Display device changed state: "Built-in Screen", DOZE
11-27 17:53:04.031 V/ActivityManager(  575): Display changed displayId=0
11-27 17:53:04.146 I/DisplayManagerService(  575): Display device changed state: "Built-in Screen", DOZE_SUSPEND
11-27 17:53:04.153 V/ActivityManager(  575): Display changed displayId=0
11-27 17:54:01.013 I/AmbientService(  914): Ambient Updating
11-27 17:54:01.069 I/DisplayManagerService(  575): Display device changed state: "Built-in Screen", DOZE
11-27 17:54:01.079 V/ActivityManager(  575): Display changed displayId=0
11-27 17:54:01.189 I/DisplayManagerService(  575): Display device changed state: "Built-in Screen", DOZE_SUSPEND
11-27 17:54:01.199 V/ActivityManager(  575): Display changed displayId=0
11-27 17:55:01.014 I/AmbientService(  914): Ambient Updating
11-27 17:55:01.063 I/DisplayManagerService(  575): Display device changed state: "Built-in Screen", DOZE
11-27 17:55:01.069 V/ActivityManager(  575): Display changed displayId=0
11-27 17:55:01.183 I/DisplayManagerService(  575): Display device changed state: "Built-in Screen", DOZE_SUSPEND
11-27 17:55:01.190 V/ActivityManager(  575): Display changed displayId=0
11-27 17:56:01.016 I/AmbientService(  914): Ambient Updating
11-27 17:56:01.065 I/DisplayManagerService(  575): Display device changed state: "Built-in Screen", DOZE
11-27 17:56:01.074 V/ActivityManager(  575): Display changed displayId=0
11-27 17:56:01.186 I/DisplayManagerService(  575): Display device changed state: "Built-in Screen", DOZE_SUSPEND
11-27 17:56:01.196 V/ActivityManager(  575): Display changed displayId=0
11-27 17:57:01.015 I/AmbientService(  914): Ambient Updating
11-27 17:57:01.063 I/DisplayManagerService(  575): Display device changed state: "Built-in Screen", DOZE
11-27 17:57:01.073 V/ActivityManager(  575): Display changed displayId=0
11-27 17:57:01.183 I/DisplayManagerService(  575): Display device changed state: "Built-in Screen", DOZE_SUSPEND
11-27 17:57:01.190 V/ActivityManager(  575): Display changed displayId=0
11-27 17:58:01.015 I/AmbientService(  914): Ambient Updating
11-27 17:58:01.063 I/DisplayManagerService(  575): Display device changed state: "Built-in Screen", DOZE
11-27 17:58:01.065 V/ActivityManager(  575): Display changed displayId=0
11-27 17:58:01.185 I/DisplayManagerService(  575): Display device changed state: "Built-in Screen", DOZE_SUSPEND
11-27 17:58:01.194 V/ActivityManager(  575): Display changed displayId=0
11-27 17:59:01.036 I/AmbientService(  914): Ambient Updating
11-27 17:59:01.102 I/DisplayManagerService(  575): Display device changed state: "Built-in Screen", DOZE
11-27 17:59:01.109 V/ActivityManager(  575): Display changed displayId=0
11-27 17:59:01.223 I/DisplayManagerService(  575): Display device changed state: "Built-in Screen", DOZE_SUSPEND
11-27 17:59:01.236 V/ActivityManager(  575): Display changed displayId=0
11-27 18:00:01.018 I/AmbientService(  914): Ambient Updating
11-27 18:00:01.057 I/DisplayManagerService(  575): Display device changed state: "Built-in Screen", DOZE
11-27 18:00:01.069 V/ActivityManager(  575): Display changed displayId=0
11-27 18:00:01.176 I/DisplayManagerService(  575): Display device changed state: "Built-in Screen", DOZE_SUSPEND
11-27 18:00:01.186 V/ActivityManager(  575): Display changed displayId=0
11-27 18:00:28.199 I/ActivityManager(  575): Delay finish: com.google.android.gms/.checkin.EventLogService$Receiver
11-27 18:00:28.727 I/ActivityManager(  575): Resuming delayed broadcast
11-27 18:00:28.739 I/ActivityManager(  575): Delay finish: com.google.android.apps.fitness/com.google.android.wearable.fitness.summary.notification.NotificationReceiver
11-27 18:00:30.293 I/ActivityManager(  575): Resuming delayed broadcast
11-27 18:00:30.396 I/DisplayManagerService(  575): Display device changed state: "Built-in Screen", DOZE
11-27 18:00:30.402 V/ActivityManager(  575): Display changed displayId=0
11-27 18:00:30.488 W/ResourcesManager(  739): Asset path '/system/framework/com.google.android.wearable.jar' does not exist or contains no resources.
11-27 18:00:30.661 I/DisplayManagerService(  575): Display device changed state: "Built-in Screen", DOZE_SUSPEND
11-27 18:00:30.670 V/ActivityManager(  575): Display changed displayId=0
11-27 18:01:01.013 I/AmbientService(  914): Ambient Updating
11-27 18:01:01.072 I/DisplayManagerService(  575): Display device changed state: "Built-in Screen", DOZE
11-27 18:01:01.085 V/ActivityManager(  575): Display changed displayId=0
11-27 18:01:01.191 I/DisplayManagerService(  575): Display device changed state: "Built-in Screen", DOZE_SUSPEND
11-27 18:01:01.198 V/ActivityManager(  575): Display changed displayId=0
11-27 18:02:01.023 I/AmbientService(  914): Ambient Updating
11-27 18:02:01.074 I/DisplayManagerService(  575): Display device changed state: "Built-in Screen", DOZE
11-27 18:02:01.079 V/ActivityManager(  575): Display changed displayId=0
11-27 18:02:01.194 I/DisplayManagerService(  575): Display device changed state: "Built-in Screen", DOZE_SUSPEND
11-27 18:02:01.201 V/ActivityManager(  575): Display changed displayId=0
11-27 18:03:01.021 I/AmbientService(  914): Ambient Updating
11-27 18:03:01.069 I/DisplayManagerService(  575): Display device changed state: "Built-in Screen", DOZE
11-27 18:03:01.078 V/ActivityManager(  575): Display changed displayId=0
11-27 18:03:01.190 I/DisplayManagerService(  575): Display device changed state: "Built-in Screen", DOZE_SUSPEND
11-27 18:03:01.197 V/ActivityManager(  575): Display changed displayId=0
11-27 18:04:01.017 I/AmbientService(  914): Ambient Updating
11-27 18:04:01.076 I/DisplayManagerService(  575): Display device changed state: "Built-in Screen", DOZE
11-27 18:04:01.084 V/ActivityManager(  575): Display changed displayId=0
11-27 18:04:01.195 I/DisplayManagerService(  575): Display device changed state: "Built-in Screen", DOZE_SUSPEND
11-27 18:04:01.202 V/ActivityManager(  575): Display changed displayId=0
11-27 18:05:01.020 I/AmbientService(  914): Ambient Updating
11-27 18:05:01.068 I/DisplayManagerService(  575): Display device changed state: "Built-in Screen", DOZE
11-27 18:05:01.077 V/ActivityManager(  575): Display changed displayId=0
11-27 18:05:01.189 I/DisplayManagerService(  575): Display device changed state: "Built-in Screen", DOZE_SUSPEND
11-27 18:05:01.196 V/ActivityManager(  575): Display changed displayId=0
11-27 18:06:01.018 I/AmbientService(  914): Ambient Updating
11-27 18:06:01.077 I/DisplayManagerService(  575): Display device changed state: "Built-in Screen", DOZE
11-27 18:06:01.090 V/ActivityManager(  575): Display changed displayId=0
11-27 18:06:01.198 I/DisplayManagerService(  575): Display device changed state: "Built-in Screen", DOZE_SUSPEND
11-27 18:06:01.205 V/ActivityManager(  575): Display changed displayId=0
11-27 18:06:23.358 I/DisplayManagerService(  575): Display device changed state: "Built-in Screen", DOZE
11-27 18:06:23.360 V/ActivityManager(  575): Display changed displayId=0
11-27 18:06:23.478 I/DisplayManagerService(  575): Display device changed state: "Built-in Screen", DOZE_SUSPEND
11-27 18:06:23.486 V/ActivityManager(  575): Display changed displayId=0
11-27 18:06:30.014 I/ActivityManager(  575): Delay finish: com.android.providers.calendar/.CalendarProviderBroadcastReceiver
11-27 18:06:30.147 I/ActivityManager(  575): Resuming delayed broadcast
11-27 18:07:00.012 I/AmbientService(  914): Ambient Updating
11-27 18:07:00.053 I/DisplayManagerService(  575): Display device changed state: "Built-in Screen", DOZE
11-27 18:07:00.056 V/ActivityManager(  575): Display changed displayId=0
11-27 18:07:00.173 I/DisplayManagerService(  575): Display device changed state: "Built-in Screen", DOZE_SUSPEND
11-27 18:07:00.180 V/ActivityManager(  575): Display changed displayId=0
11-27 18:08:01.016 I/AmbientService(  914): Ambient Updating
11-27 18:08:01.063 I/DisplayManagerService(  575): Display device changed state: "Built-in Screen", DOZE
11-27 18:08:01.071 V/ActivityManager(  575): Display changed displayId=0
11-27 18:08:01.182 I/DisplayManagerService(  575): Display device changed state: "Built-in Screen", DOZE_SUSPEND
11-27 18:08:01.189 V/ActivityManager(  575): Display changed displayId=0
11-27 18:09:01.013 I/AmbientService(  914): Ambient Updating
11-27 18:09:01.061 I/DisplayManagerService(  575): Display device changed state: "Built-in Screen", DOZE
11-27 18:09:01.069 V/ActivityManager(  575): Display changed displayId=0
11-27 18:09:01.181 I/DisplayManagerService(  575): Display device changed state: "Built-in Screen", DOZE_SUSPEND
11-27 18:09:01.188 V/ActivityManager(  575): Display changed displayId=0
11-27 18:09:30.819 I/DisplayManagerService(  575): Display device changed state: "Built-in Screen", DOZE
11-27 18:09:30.825 V/ActivityManager(  575): Display changed displayId=0
11-27 18:09:30.939 I/DisplayManagerService(  575): Display device changed state: "Built-in Screen", DOZE_SUSPEND
11-27 18:09:30.947 V/ActivityManager(  575): Display changed displayId=0
11-27 18:09:35.566 I/ActivityManager(  575): Delay finish: com.android.providers.calendar/.CalendarProviderBroadcastReceiver
11-27 18:09:35.593 I/ActivityManager(  575): Resuming delayed broadcast
11-27 18:10:00.011 I/AmbientService(  914): Ambient Updating
11-27 18:10:00.039 I/DisplayManagerService(  575): Display device changed state: "Built-in Screen", DOZE
11-27 18:10:00.054 V/ActivityManager(  575): Display changed displayId=0
11-27 18:10:00.159 I/DisplayManagerService(  575): Display device changed state: "Built-in Screen", DOZE_SUSPEND
11-27 18:10:00.166 V/ActivityManager(  575): Display changed displayId=0
11-27 18:11:01.024 I/AmbientService(  914): Ambient Updating
11-27 18:11:01.072 I/DisplayManagerService(  575): Display device changed state: "Built-in Screen", DOZE
11-27 18:11:01.078 V/ActivityManager(  575): Display changed displayId=0
11-27 18:11:01.194 I/DisplayManagerService(  575): Display device changed state: "Built-in Screen", DOZE_SUSPEND
11-27 18:11:01.201 V/ActivityManager(  575): Display changed displayId=0
11-27 18:12:01.019 I/AmbientService(  914): Ambient Updating
11-27 18:12:01.068 I/DisplayManagerService(  575): Display device changed state: "Built-in Screen", DOZE
11-27 18:12:01.073 V/ActivityManager(  575): Display changed displayId=0
11-27 18:12:01.188 I/DisplayManagerService(  575): Display device changed state: "Built-in Screen", DOZE_SUSPEND
11-27 18:12:01.195 V/ActivityManager(  575): Display changed displayId=0
11-27 18:13:01.020 I/AmbientService(  914): Ambient Updating
11-27 18:13:01.069 I/DisplayManagerService(  575): Display device changed state: "Built-in Screen", DOZE
11-27 18:13:01.078 V/ActivityManager(  575): Display changed displayId=0
11-27 18:13:01.189 I/DisplayManagerService(  575): Display device changed state: "Built-in Screen", DOZE_SUSPEND
11-27 18:13:01.196 V/ActivityManager(  575): Display changed displayId=0
11-27 18:14:01.017 I/AmbientService(  914): Ambient Updating
11-27 18:14:01.075 I/DisplayManagerService(  575): Display device changed state: "Built-in Screen", DOZE
11-27 18:14:01.084 V/ActivityManager(  575): Display changed displayId=0
11-27 18:14:01.196 I/DisplayManagerService(  575): Display device changed state: "Built-in Screen", DOZE_SUSPEND
11-27 18:14:01.203 V/ActivityManager(  575): Display changed displayId=0
11-27 18:14:45.047 I/ActivityManager(  575): Delay finish: com.google.android.gms/.playlog.service.MonitorAlarmReceiver
11-27 18:14:45.248 I/ActivityManager(  575): Resuming delayed broadcast
11-27 18:14:45.255 I/ActivityManager(  575): Delay finish: com.google.android.apps.fitness/com.google.android.wearable.fitness.summary.notification.NotificationReceiver
11-27 18:14:46.212 I/ActivityManager(  575): Resuming delayed broadcast
11-27 18:14:46.313 I/DisplayManagerService(  575): Display device changed state: "Built-in Screen", DOZE
11-27 18:14:46.319 V/ActivityManager(  575): Display changed displayId=0
11-27 18:14:46.471 I/DisplayManagerService(  575): Display device changed state: "Built-in Screen", DOZE_SUSPEND
11-27 18:14:46.480 V/ActivityManager(  575): Display changed displayId=0
11-27 18:15:01.018 I/AmbientService(  914): Ambient Updating
11-27 18:15:01.071 I/DisplayManagerService(  575): Display device changed state: "Built-in Screen", DOZE
11-27 18:15:01.080 V/ActivityManager(  575): Display changed displayId=0
11-27 18:15:01.191 I/DisplayManagerService(  575): Display device changed state: "Built-in Screen", DOZE_SUSPEND
11-27 18:15:01.198 V/ActivityManager(  575): Display changed displayId=0
11-27 18:16:01.016 I/AmbientService(  914): Ambient Updating
11-27 18:16:01.055 I/DisplayManagerService(  575): Display device changed state: "Built-in Screen", DOZE
11-27 18:16:01.058 V/ActivityManager(  575): Display changed displayId=0
11-27 18:16:01.174 I/DisplayManagerService(  575): Display device changed state: "Built-in Screen", DOZE_SUSPEND
11-27 18:16:01.181 V/ActivityManager(  575): Display changed displayId=0
11-27 18:17:01.021 I/AmbientService(  914): Ambient Updating
11-27 18:17:01.069 I/DisplayManagerService(  575): Display device changed state: "Built-in Screen", DOZE
11-27 18:17:01.077 V/ActivityManager(  575): Display changed displayId=0
11-27 18:17:01.189 I/DisplayManagerService(  575): Display device changed state: "Built-in Screen", DOZE_SUSPEND
11-27 18:17:01.196 V/ActivityManager(  575): Display changed displayId=0
11-27 18:18:01.021 I/AmbientService(  914): Ambient Updating
11-27 18:18:01.066 I/DisplayManagerService(  575): Display device changed state: "Built-in Screen", DOZE
11-27 18:18:01.075 V/ActivityManager(  575): Display changed displayId=0
11-27 18:18:01.187 I/DisplayManagerService(  575): Display device changed state: "Built-in Screen", DOZE_SUSPEND
11-27 18:18:01.193 V/ActivityManager(  575): Display changed displayId=0
11-27 18:19:01.020 I/AmbientService(  914): Ambient Updating
11-27 18:19:01.069 I/DisplayManagerService(  575): Display device changed state: "Built-in Screen", DOZE
11-27 18:19:01.076 V/ActivityManager(  575): Display changed displayId=0
11-27 18:19:01.190 I/DisplayManagerService(  575): Display device changed state: "Built-in Screen", DOZE_SUSPEND
11-27 18:19:01.197 V/ActivityManager(  575): Display changed displayId=0
11-27 18:20:01.022 I/AmbientService(  914): Ambient Updating
11-27 18:20:01.069 I/DisplayManagerService(  575): Display device changed state: "Built-in Screen", DOZE
11-27 18:20:01.084 V/ActivityManager(  575): Display changed displayId=0
11-27 18:20:01.189 I/DisplayManagerService(  575): Display device changed state: "Built-in Screen", DOZE_SUSPEND
11-27 18:20:01.196 V/ActivityManager(  575): Display changed displayId=0
11-27 18:21:01.021 I/AmbientService(  914): Ambient Updating
11-27 18:21:01.070 I/DisplayManagerService(  575): Display device changed state: "Built-in Screen", DOZE
11-27 18:21:01.079 V/ActivityManager(  575): Display changed displayId=0
11-27 18:21:01.191 I/DisplayManagerService(  575): Display device changed state: "Built-in Screen", DOZE_SUSPEND
11-27 18:21:01.197 V/ActivityManager(  575): Display changed displayId=0
11-27 18:22:01.022 I/AmbientService(  914): Ambient Updating
11-27 18:22:01.069 I/DisplayManagerService(  575): Display device changed state: "Built-in Screen", DOZE
11-27 18:22:01.078 V/ActivityManager(  575): Display changed displayId=0
11-27 18:22:01.189 I/DisplayManagerService(  575): Display device changed state: "Built-in Screen", DOZE_SUSPEND
11-27 18:22:01.196 V/ActivityManager(  575): Display changed displayId=0
11-27 18:22:32.314 I/DisplayManagerService(  575): Display device changed state: "Built-in Screen", DOZE
11-27 18:22:32.316 V/ActivityManager(  575): Display changed displayId=0
11-27 18:22:32.435 I/DisplayManagerService(  575): Display device changed state: "Built-in Screen", DOZE_SUSPEND
11-27 18:22:32.442 V/ActivityManager(  575): Display changed displayId=0
11-27 18:22:37.324 I/ActivityManager(  575): Delay finish: com.android.providers.calendar/.CalendarProviderBroadcastReceiver
11-27 18:22:37.350 I/ActivityManager(  575): Resuming delayed broadcast
11-27 18:23:02.018 I/AmbientService(  914): Ambient Updating
11-27 18:23:02.076 I/DisplayManagerService(  575): Display device changed state: "Built-in Screen", DOZE
11-27 18:23:02.083 V/ActivityManager(  575): Display changed displayId=0
11-27 18:23:02.197 I/DisplayManagerService(  575): Display device changed state: "Built-in Screen", DOZE_SUSPEND
11-27 18:23:10.010 V/ActivityManager(  575): Display changed displayId=0
11-27 18:24:00.035 I/AmbientService(  914): Ambient Updating
11-27 18:24:00.054 I/DisplayManagerService(  575): Display device changed state: "Built-in Screen", DOZE
11-27 18:24:00.060 V/ActivityManager(  575): Display changed displayId=0
11-27 18:24:00.174 I/DisplayManagerService(  575): Display device changed state: "Built-in Screen", DOZE_SUSPEND
11-27 18:24:00.181 V/ActivityManager(  575): Display changed displayId=0
11-27 18:25:01.020 I/AmbientService(  914): Ambient Updating
11-27 18:25:01.068 I/DisplayManagerService(  575): Display device changed state: "Built-in Screen", DOZE
11-27 18:25:01.073 V/ActivityManager(  575): Display changed displayId=0
11-27 18:25:01.189 I/DisplayManagerService(  575): Display device changed state: "Built-in Screen", DOZE_SUSPEND
11-27 18:25:01.195 V/ActivityManager(  575): Display changed displayId=0
11-27 18:26:01.016 I/AmbientService(  914): Ambient Updating
11-27 18:26:01.083 I/DisplayManagerService(  575): Display device changed state: "Built-in Screen", DOZE
11-27 18:26:01.093 V/ActivityManager(  575): Display changed displayId=0
11-27 18:26:01.202 I/DisplayManagerService(  575): Display device changed state: "Built-in Screen", DOZE_SUSPEND
11-27 18:26:01.209 V/ActivityManager(  575): Display changed displayId=0
11-27 18:27:01.015 I/AmbientService(  914): Ambient Updating
11-27 18:27:01.063 I/DisplayManagerService(  575): Display device changed state: "Built-in Screen", DOZE
11-27 18:27:01.073 V/ActivityManager(  575): Display changed displayId=0
11-27 18:27:01.183 I/DisplayManagerService(  575): Display device changed state: "Built-in Screen", DOZE_SUSPEND
11-27 18:27:01.190 V/ActivityManager(  575): Display changed displayId=0
11-27 18:28:01.017 I/AmbientService(  914): Ambient Updating
11-27 18:28:01.066 I/DisplayManagerService(  575): Display device changed state: "Built-in Screen", DOZE
11-27 18:28:01.075 V/ActivityManager(  575): Display changed displayId=0
11-27 18:28:01.185 I/DisplayManagerService(  575): Display device changed state: "Built-in Screen", DOZE_SUSPEND
11-27 18:28:01.195 V/ActivityManager(  575): Display changed displayId=0
11-27 18:29:01.016 I/AmbientService(  914): Ambient Updating
11-27 18:29:01.060 I/DisplayManagerService(  575): Display device changed state: "Built-in Screen", DOZE
11-27 18:29:01.066 V/ActivityManager(  575): Display changed displayId=0
11-27 18:29:01.182 I/DisplayManagerService(  575): Display device changed state: "Built-in Screen", DOZE_SUSPEND
11-27 18:29:01.192 V/ActivityManager(  575): Display changed displayId=0
11-27 18:29:23.184 I/PowerManagerService(  575): Waking up from dozing (uid 10004)...
11-27 18:29:23.196 E/InputMethodManagerService(  575): Ignoring setImeWindowStatus due to an invalid token. uid:1000 token:null
11-27 18:29:23.218 I/DisplayManagerService(  575): Display device changed state: "Built-in Screen", ON
11-27 18:29:23.244 V/ActivityManager(  575): Display changed displayId=0
11-27 18:29:23.292 I/DreamManagerService(  575): Gently waking up from dream.
11-27 18:29:23.293 V/DreamService[AmbientDream](  914): wakeUp(): fromSystem=true, mWaking=false, mFinished=false
11-27 18:29:23.293 V/DreamService[AmbientDream](  914): finish(): mFinished=false
11-27 18:29:23.293 I/DreamManagerService(  575): Leaving dreamland.
11-27 18:29:23.293 I/DreamController(  575): Stopping dream: name=ComponentInfo{com.google.android.wearable.ambient/com.google.android.wearable.ambient.AmbientDream}, isTest=false, canDoze=true, userId=0
11-27 18:29:23.297 V/DreamService[AmbientDream](  914): detach(): Calling onDreamingStopped()
11-27 18:29:23.297 I/AmbientService(  914): Ambient Stopping
11-27 18:29:23.331 V/DreamService[AmbientDream](  914): onDestroy()
11-27 18:29:28.218 I/PowerManagerService(  575): Going to sleep due to screen timeout (uid 1000)...
11-27 18:29:28.227 I/DreamManagerService(  575): Entering dreamland.
11-27 18:29:28.227 I/PowerManagerService(  575): Dozing...
11-27 18:29:28.228 I/DreamController(  575): Starting dream: name=ComponentInfo{com.google.android.wearable.ambient/com.google.android.wearable.ambient.AmbientDream}, isTest=false, canDoze=true, userId=0
11-27 18:29:28.241 E/InputMethodManagerService(  575): Ignoring setImeWindowStatus due to an invalid token. uid:1000 token:null
11-27 18:29:28.241 E/InputMethodManagerService(  575): Ignoring setImeWindowStatus due to an invalid token. uid:1000 token:null
11-27 18:29:28.288 V/DreamService[AmbientDream](  914): onBind() intent = Intent { act=android.service.dreams.DreamService flg=0x800000 cmp=com.google.android.wearable.ambient/.AmbientDream }
11-27 18:29:28.293 I/AmbientService(  914): Ambient Created
11-27 18:29:28.295 V/DreamService[AmbientDream](  914): Calling onDreamingStarted()
11-27 18:29:28.295 I/AmbientService(  914): Ambient Starting
11-27 18:29:29.283 I/DisplayManagerService(  575): Display device changed state: "Built-in Screen", DOZE_SUSPEND
11-27 18:29:29.286 V/ActivityManager(  575): Display changed displayId=0
11-27 18:30:01.015 I/AmbientService(  914): Ambient Updating
11-27 18:30:01.050 I/DisplayManagerService(  575): Display device changed state: "Built-in Screen", DOZE
11-27 18:30:01.061 V/ActivityManager(  575): Display changed displayId=0
11-27 18:30:01.169 I/DisplayManagerService(  575): Display device changed state: "Built-in Screen", DOZE_SUSPEND
11-27 18:30:01.177 V/ActivityManager(  575): Display changed displayId=0
11-27 18:31:01.015 I/AmbientService(  914): Ambient Updating
11-27 18:31:01.064 I/DisplayManagerService(  575): Display device changed state: "Built-in Screen", DOZE
11-27 18:31:01.072 V/ActivityManager(  575): Display changed displayId=0
11-27 18:31:01.183 I/DisplayManagerService(  575): Display device changed state: "Built-in Screen", DOZE_SUSPEND
11-27 18:31:01.190 V/ActivityManager(  575): Display changed displayId=0
11-27 18:32:01.017 I/AmbientService(  914): Ambient Updating
11-27 18:32:01.066 I/DisplayManagerService(  575): Display device changed state: "Built-in Screen", DOZE
11-27 18:32:01.074 V/ActivityManager(  575): Display changed displayId=0
11-27 18:32:01.187 I/DisplayManagerService(  575): Display device changed state: "Built-in Screen", DOZE_SUSPEND
11-27 18:32:01.194 V/ActivityManager(  575): Display changed displayId=0
11-27 18:32:40.781 I/DisplayManagerService(  575): Display device changed state: "Built-in Screen", DOZE
11-27 18:32:40.792 V/ActivityManager(  575): Display changed displayId=0
11-27 18:32:40.903 I/DisplayManagerService(  575): Display device changed state: "Built-in Screen", DOZE_SUSPEND
11-27 18:32:40.911 V/ActivityManager(  575): Display changed displayId=0
11-27 18:32:47.015 I/ActivityManager(  575): Delay finish: com.android.providers.calendar/.CalendarProviderBroadcastReceiver
11-27 18:32:47.274 I/ActivityManager(  575): Resuming delayed broadcast
11-27 18:32:59.010 I/AmbientService(  914): Ambient Updating
11-27 18:32:59.054 I/DisplayManagerService(  575): Display device changed state: "Built-in Screen", DOZE
11-27 18:32:59.063 V/ActivityManager(  575): Display changed displayId=0
11-27 18:32:59.174 I/DisplayManagerService(  575): Display device changed state: "Built-in Screen", DOZE_SUSPEND
11-27 18:32:59.181 V/ActivityManager(  575): Display changed displayId=0
11-27 18:33:05.012 I/AmbientService(  914): Ambient Updating
11-27 18:33:05.025 I/DisplayManagerService(  575): Display device changed state: "Built-in Screen", DOZE
11-27 18:33:05.031 V/ActivityManager(  575): Display changed displayId=0
11-27 18:33:05.145 I/DisplayManagerService(  575): Display device changed state: "Built-in Screen", DOZE_SUSPEND
11-27 18:33:05.152 V/ActivityManager(  575): Display changed displayId=0
11-27 18:33:05.948 I/ActivityManager(  575): Delay finish: com.google.android.apps.fitness/com.google.android.wearable.fitness.summary.notification.NotificationReceiver
11-27 18:33:08.021 I/DisplayManagerService(  575): Display device changed state: "Built-in Screen", DOZE
11-27 18:33:08.027 V/ActivityManager(  575): Display changed displayId=0
11-27 18:33:08.200 W/ResourcesManager(  739): Asset path '/system/framework/com.google.android.wearable.jar' does not exist or contains no resources.
11-27 18:33:08.326 I/DisplayManagerService(  575): Display device changed state: "Built-in Screen", DOZE_SUSPEND
11-27 18:33:08.335 V/ActivityManager(  575): Display changed displayId=0
11-27 18:33:13.938 I/ActivityManager(  575): Resuming delayed broadcast
11-27 18:34:01.014 I/AmbientService(  914): Ambient Updating
11-27 18:34:01.085 I/DisplayManagerService(  575): Display device changed state: "Built-in Screen", DOZE
11-27 18:34:01.087 V/ActivityManager(  575): Display changed displayId=0
11-27 18:34:01.205 I/DisplayManagerService(  575): Display device changed state: "Built-in Screen", DOZE_SUSPEND
11-27 18:34:01.212 V/ActivityManager(  575): Display changed displayId=0
11-27 18:35:01.019 I/AmbientService(  914): Ambient Updating
11-27 18:35:01.088 I/DisplayManagerService(  575): Display device changed state: "Built-in Screen", DOZE
11-27 18:35:01.101 V/ActivityManager(  575): Display changed displayId=0
11-27 18:35:01.207 I/DisplayManagerService(  575): Display device changed state: "Built-in Screen", DOZE_SUSPEND
11-27 18:35:01.214 V/ActivityManager(  575): Display changed displayId=0
11-27 18:35:50.284 I/DisplayManagerService(  575): Display device changed state: "Built-in Screen", DOZE
11-27 18:35:50.290 V/ActivityManager(  575): Display changed displayId=0
11-27 18:35:50.505 I/DisplayManagerService(  575): Display device changed state: "Built-in Screen", DOZE_SUSPEND
11-27 18:35:50.514 V/ActivityManager(  575): Display changed displayId=0
11-27 18:36:01.017 I/AmbientService(  914): Ambient Updating
11-27 18:36:01.060 I/DisplayManagerService(  575): Display device changed state: "Built-in Screen", DOZE
11-27 18:36:01.066 V/ActivityManager(  575): Display changed displayId=0
11-27 18:36:01.179 I/DisplayManagerService(  575): Display device changed state: "Built-in Screen", DOZE_SUSPEND
11-27 18:36:01.186 V/ActivityManager(  575): Display changed displayId=0
11-27 18:37:01.015 I/AmbientService(  914): Ambient Updating
11-27 18:37:01.066 I/DisplayManagerService(  575): Display device changed state: "Built-in Screen", DOZE
11-27 18:37:01.077 V/ActivityManager(  575): Display changed displayId=0
11-27 18:37:01.186 I/DisplayManagerService(  575): Display device changed state: "Built-in Screen", DOZE_SUSPEND
11-27 18:37:01.193 V/ActivityManager(  575): Display changed displayId=0
11-27 18:38:01.017 I/AmbientService(  914): Ambient Updating
11-27 18:38:01.060 I/DisplayManagerService(  575): Display device changed state: "Built-in Screen", DOZE
11-27 18:38:01.066 V/ActivityManager(  575): Display changed displayId=0
11-27 18:38:01.180 I/DisplayManagerService(  575): Display device changed state: "Built-in Screen", DOZE_SUSPEND
11-27 18:38:01.189 V/ActivityManager(  575): Display changed displayId=0
11-27 18:39:01.015 I/AmbientService(  914): Ambient Updating
11-27 18:39:01.069 I/DisplayManagerService(  575): Display device changed state: "Built-in Screen", DOZE
11-27 18:39:01.070 V/ActivityManager(  575): Display changed displayId=0
11-27 18:39:01.184 I/DisplayManagerService(  575): Display device changed state: "Built-in Screen", DOZE_SUSPEND
11-27 18:39:01.185 V/ActivityManager(  575): Display changed displayId=0
11-27 18:40:01.019 I/AmbientService(  914): Ambient Updating
11-27 18:40:01.065 I/DisplayManagerService(  575): Display device changed state: "Built-in Screen", DOZE
11-27 18:40:01.065 V/ActivityManager(  575): Display changed displayId=0
11-27 18:40:01.183 I/DisplayManagerService(  575): Display device changed state: "Built-in Screen", DOZE_SUSPEND
11-27 18:40:01.190 V/ActivityManager(  575): Display changed displayId=0
11-27 18:41:01.017 I/AmbientService(  914): Ambient Updating
11-27 18:41:01.065 I/DisplayManagerService(  575): Display device changed state: "Built-in Screen", DOZE
11-27 18:41:01.073 V/ActivityManager(  575): Display changed displayId=0
11-27 18:41:01.185 I/DisplayManagerService(  575): Display device changed state: "Built-in Screen", DOZE_SUSPEND
11-27 18:41:01.192 V/ActivityManager(  575): Display changed displayId=0
11-27 18:42:01.018 I/AmbientService(  914): Ambient Updating
11-27 18:42:01.065 I/DisplayManagerService(  575): Display device changed state: "Built-in Screen", DOZE
11-27 18:42:01.074 V/ActivityManager(  575): Display changed displayId=0
11-27 18:42:01.186 I/DisplayManagerService(  575): Display device changed state: "Built-in Screen", DOZE_SUSPEND
11-27 18:42:01.192 V/ActivityManager(  575): Display changed displayId=0
11-27 18:43:01.017 I/AmbientService(  914): Ambient Updating
11-27 18:43:01.067 I/DisplayManagerService(  575): Display device changed state: "Built-in Screen", DOZE
11-27 18:43:01.076 V/ActivityManager(  575): Display changed displayId=0
11-27 18:43:01.186 I/DisplayManagerService(  575): Display device changed state: "Built-in Screen", DOZE_SUSPEND
11-27 18:43:01.193 V/ActivityManager(  575): Display changed displayId=0
11-27 18:44:01.016 I/AmbientService(  914): Ambient Updating
