11-09 21:49:10.309 D/ConnectivityService(  573): Switching to new default network: NetworkAgentInfo{ ni{[type: WIFI[], state: CONNECTED/CONNECTED, reason: (unspecified), extra: "TommyNett", roaming: false, failover: false, isAvailable: true, isConnectedToProvisioningNetwork: false]}  network{104}  lp{{InterfaceName: wlan0 LinkAddresses: [fe80::c69a:2ff:fe80:b1fc/64,192.168.1.239/24,]  Routes: [fe80::/64 -> :: wlan0,192.168.1.0/24 -> 0.0.0.0 wlan0,0.0.0.0/0 -> 192.168.1.1 wlan0,] DnsAddresses: [192.168.1.1,] Domains:  MTU: 0 TcpBufferSizes: 524288,1048576,2097152,262144,524288,1048576}}  nc{[ Transports: WIFI Capabilities: INTERNET&NOT_RESTRICTED&TRUSTED&NOT_VPN LinkUpBandwidth>=1048576Kbps LinkDnBandwidth>=1048576Kbps]}  Score{20}  everValidated{false}  lastValidated{false}  created{true}  explicitlySelected{false} }
11-09 21:49:10.311 D/ConnectivityService(  573): Setting tx/rx TCP buffers to 524288,1048576,2097152,262144,524288,1048576
11-09 21:49:10.315 D/ConnectivityService(  573): notifyType AVAILABLE for NetworkAgentInfo [WIFI () - 104]
11-09 21:49:10.315 D/CSLegacyTypeTracker(  573): Sending connected broadcast for type 1 NetworkAgentInfo [WIFI () - 104] isDefaultNetwork=true
11-09 21:49:10.315 D/ConnectivityService(  573): sendStickyBroadcast: action=android.net.conn.CONNECTIVITY_CHANGE_IMMEDIATE
11-09 21:49:10.319 D/ConnectivityService(  573): sendStickyBroadcast: action=android.net.conn.CONNECTIVITY_CHANGE
11-09 21:49:10.329 D/ConnectivityService(  573): setProvNotificationVisibleIntent: E visible=false networkType=0 extraInfo=null
11-09 21:49:10.330 D/ConnectivityService(  573): Validated NetworkAgentInfo [WIFI () - 104]
11-09 21:49:10.330 D/ConnectivityService(  573): rematching NetworkAgentInfo [WIFI () - 104]
11-09 21:49:10.330 D/ConnectivityService(  573): Network NetworkAgentInfo [WIFI () - 104] was already satisfying request 1. No change.
11-09 21:49:10.330 D/ConnectivityService(  573): notifyType AVAILABLE for NetworkAgentInfo [WIFI () - 104]
11-09 21:49:10.332 D/ConnectivityService(  573): sendStickyBroadcast: action=android.net.conn.INET_CONDITION_ACTION
11-09 21:49:10.536 I/ActivityManager(  573): Delay finish: com.google.android.gsf/.gservices.GservicesProvider$OverrideReceiver
11-09 21:49:10.577 I/ActivityManager(  573): Resuming delayed broadcast
11-09 21:49:10.784 I/ActivityManager(  573): Delay finish: com.google.android.gms/.analytics.internal.GServicesChangedReceiver
11-09 21:49:10.851 I/ActivityManager(  573): Resuming delayed broadcast
11-09 21:49:10.854 W/ActivityManager(  573): Unable to start service Intent { cmp=com.google.android.gms/.measurement.service.b } U=0: not found
11-09 21:49:10.861 I/ActivityManager(  573): Delay finish: com.google.android.gms/.checkin.CheckinService$Receiver
11-09 21:49:10.986 I/ActivityManager(  573): Resuming delayed broadcast
11-09 21:49:11.009 I/ActivityManager(  573): Delay finish: com.google.android.gms/.update.SystemUpdateService$Receiver
11-09 21:49:11.106 I/ActivityManager(  573): Resuming delayed broadcast
11-09 21:49:11.317 D/ConnectivityService(  573): NetTransition Wakelock (NetworkAgentInfo [PROXY () - 103] cleared because we found a replacement network
11-09 21:49:11.506 I/DisplayManagerService(  573): Display device changed state: "Built-in Screen", DOZE
11-09 21:49:11.508 V/ActivityManager(  573): Display changed displayId=0
11-09 21:49:11.669 I/DisplayManagerService(  573): Display device changed state: "Built-in Screen", DOZE_SUSPEND
11-09 21:49:11.678 V/ActivityManager(  573): Display changed displayId=0
11-09 21:50:01.172 I/AmbientService(  912): Ambient Updating
11-09 21:50:01.231 I/DisplayManagerService(  573): Display device changed state: "Built-in Screen", DOZE
11-09 21:50:01.236 V/ActivityManager(  573): Display changed displayId=0
11-09 21:50:01.351 I/DisplayManagerService(  573): Display device changed state: "Built-in Screen", DOZE_SUSPEND
11-09 21:50:01.358 V/ActivityManager(  573): Display changed displayId=0
11-09 21:51:01.175 I/AmbientService(  912): Ambient Updating
11-09 21:51:01.224 I/DisplayManagerService(  573): Display device changed state: "Built-in Screen", DOZE
11-09 21:51:01.234 V/ActivityManager(  573): Display changed displayId=0
11-09 21:51:01.343 I/DisplayManagerService(  573): Display device changed state: "Built-in Screen", DOZE_SUSPEND
11-09 21:51:01.344 V/ActivityManager(  573): Display changed displayId=0
11-09 21:52:01.174 I/AmbientService(  912): Ambient Updating
11-09 21:52:01.224 I/DisplayManagerService(  573): Display device changed state: "Built-in Screen", DOZE
11-09 21:52:01.230 V/ActivityManager(  573): Display changed displayId=0
11-09 21:52:01.345 I/DisplayManagerService(  573): Display device changed state: "Built-in Screen", DOZE_SUSPEND
11-09 21:52:01.352 V/ActivityManager(  573): Display changed displayId=0
11-09 21:53:01.176 I/AmbientService(  912): Ambient Updating
11-09 21:53:01.225 I/DisplayManagerService(  573): Display device changed state: "Built-in Screen", DOZE
11-09 21:53:01.239 V/ActivityManager(  573): Display changed displayId=0
11-09 21:53:01.346 I/DisplayManagerService(  573): Display device changed state: "Built-in Screen", DOZE_SUSPEND
11-09 21:53:01.353 V/ActivityManager(  573): Display changed displayId=0
11-09 21:54:01.179 I/AmbientService(  912): Ambient Updating
11-09 21:54:01.233 I/DisplayManagerService(  573): Display device changed state: "Built-in Screen", DOZE
11-09 21:54:01.249 V/ActivityManager(  573): Display changed displayId=0
11-09 21:54:01.353 I/DisplayManagerService(  573): Display device changed state: "Built-in Screen", DOZE_SUSPEND
11-09 21:54:01.360 V/ActivityManager(  573): Display changed displayId=0
11-09 21:55:01.174 I/AmbientService(  912): Ambient Updating
11-09 21:55:01.226 I/DisplayManagerService(  573): Display device changed state: "Built-in Screen", DOZE
11-09 21:55:01.236 V/ActivityManager(  573): Display changed displayId=0
11-09 21:55:01.346 I/DisplayManagerService(  573): Display device changed state: "Built-in Screen", DOZE_SUSPEND
11-09 21:55:01.353 V/ActivityManager(  573): Display changed displayId=0
11-09 21:56:01.175 I/AmbientService(  912): Ambient Updating
11-09 21:56:01.227 I/DisplayManagerService(  573): Display device changed state: "Built-in Screen", DOZE
11-09 21:56:01.236 V/ActivityManager(  573): Display changed displayId=0
11-09 21:56:01.347 I/DisplayManagerService(  573): Display device changed state: "Built-in Screen", DOZE_SUSPEND
11-09 21:56:01.355 V/ActivityManager(  573): Display changed displayId=0
11-09 21:57:01.178 I/AmbientService(  912): Ambient Updating
11-09 21:57:01.228 I/DisplayManagerService(  573): Display device changed state: "Built-in Screen", DOZE
11-09 21:57:01.238 V/ActivityManager(  573): Display changed displayId=0
11-09 21:57:01.347 I/DisplayManagerService(  573): Display device changed state: "Built-in Screen", DOZE_SUSPEND
11-09 21:57:01.355 V/ActivityManager(  573): Display changed displayId=0
11-09 21:57:17.607 I/PowerManagerService(  573): Waking up from dozing (uid 10004)...
11-09 21:57:17.612 E/InputMethodManagerService(  573): Ignoring setImeWindowStatus due to an invalid token. uid:1000 token:null
11-09 21:57:17.640 I/DisplayManagerService(  573): Display device changed state: "Built-in Screen", ON
11-09 21:57:17.677 V/ActivityManager(  573): Display changed displayId=0
11-09 21:57:17.691 I/DreamManagerService(  573): Gently waking up from dream.
11-09 21:57:17.696 V/DreamService[AmbientDream](  912): wakeUp(): fromSystem=true, mWaking=false, mFinished=false
11-09 21:57:17.696 V/DreamService[AmbientDream](  912): finish(): mFinished=false
11-09 21:57:17.698 I/DreamManagerService(  573): Leaving dreamland.
11-09 21:57:17.698 I/DreamController(  573): Stopping dream: name=ComponentInfo{com.google.android.wearable.ambient/com.google.android.wearable.ambient.AmbientDream}, isTest=false, canDoze=true, userId=0
11-09 21:57:17.706 V/DreamService[AmbientDream](  912): detach(): Calling onDreamingStopped()
11-09 21:57:17.706 I/AmbientService(  912): Ambient Stopping
11-09 21:57:17.741 V/DreamService[AmbientDream](  912): onDestroy()
11-09 21:57:20.732 D/ConnectivityService(  573): updateNetworkScore for NetworkAgentInfo [WIFI () - 104] to 56
11-09 21:57:20.732 D/ConnectivityService(  573): rematching NetworkAgentInfo [WIFI () - 104]
11-09 21:57:20.733 D/ConnectivityService(  573): Network NetworkAgentInfo [WIFI () - 104] was already satisfying request 1. No change.
11-09 21:57:20.733 D/ConnectivityService(  573): notifyType AVAILABLE for NetworkAgentInfo [WIFI () - 104]
11-09 21:57:22.638 I/PowerManagerService(  573): Going to sleep due to screen timeout (uid 1000)...
11-09 21:57:22.640 I/DreamManagerService(  573): Entering dreamland.
11-09 21:57:22.640 I/PowerManagerService(  573): Dozing...
11-09 21:57:22.641 I/DreamController(  573): Starting dream: name=ComponentInfo{com.google.android.wearable.ambient/com.google.android.wearable.ambient.AmbientDream}, isTest=false, canDoze=true, userId=0
11-09 21:57:22.662 E/InputMethodManagerService(  573): Ignoring setImeWindowStatus due to an invalid token. uid:1000 token:null
11-09 21:57:22.662 E/InputMethodManagerService(  573): Ignoring setImeWindowStatus due to an invalid token. uid:1000 token:null
11-09 21:57:22.881 V/DreamService[AmbientDream](  912): onBind() intent = Intent { act=android.service.dreams.DreamService flg=0x800000 cmp=com.google.android.wearable.ambient/.AmbientDream }
11-09 21:57:22.909 I/AmbientService(  912): Ambient Created
11-09 21:57:22.909 V/DreamService[AmbientDream](  912): Calling onDreamingStarted()
11-09 21:57:22.909 I/AmbientService(  912): Ambient Starting
11-09 21:57:23.694 I/DisplayManagerService(  573): Display device changed state: "Built-in Screen", DOZE_SUSPEND
11-09 21:57:23.696 V/ActivityManager(  573): Display changed displayId=0
11-09 21:58:01.178 I/AmbientService(  912): Ambient Updating
11-09 21:58:01.208 I/DisplayManagerService(  573): Display device changed state: "Built-in Screen", DOZE
11-09 21:58:01.214 V/ActivityManager(  573): Display changed displayId=0
11-09 21:58:01.329 I/DisplayManagerService(  573): Display device changed state: "Built-in Screen", DOZE_SUSPEND
11-09 21:58:01.339 V/ActivityManager(  573): Display changed displayId=0
11-09 21:59:01.178 I/AmbientService(  912): Ambient Updating
11-09 21:59:01.227 I/DisplayManagerService(  573): Display device changed state: "Built-in Screen", DOZE
11-09 21:59:01.243 V/ActivityManager(  573): Display changed displayId=0
11-09 21:59:01.347 I/DisplayManagerService(  573): Display device changed state: "Built-in Screen", DOZE_SUSPEND
11-09 21:59:01.355 V/ActivityManager(  573): Display changed displayId=0
11-09 21:59:03.262 I/PowerManagerService(  573): Waking up from dozing (uid 10004)...
11-09 21:59:03.271 E/InputMethodManagerService(  573): Ignoring setImeWindowStatus due to an invalid token. uid:1000 token:null
11-09 21:59:03.297 I/DisplayManagerService(  573): Display device changed state: "Built-in Screen", ON
11-09 21:59:03.326 V/ActivityManager(  573): Display changed displayId=0
11-09 21:59:03.373 I/DreamManagerService(  573): Gently waking up from dream.
11-09 21:59:03.373 V/DreamService[AmbientDream](  912): wakeUp(): fromSystem=true, mWaking=false, mFinished=false
11-09 21:59:03.374 V/DreamService[AmbientDream](  912): finish(): mFinished=false
11-09 21:59:03.374 I/DreamManagerService(  573): Leaving dreamland.
11-09 21:59:03.374 I/DreamController(  573): Stopping dream: name=ComponentInfo{com.google.android.wearable.ambient/com.google.android.wearable.ambient.AmbientDream}, isTest=false, canDoze=true, userId=0
11-09 21:59:03.378 V/DreamService[AmbientDream](  912): detach(): Calling onDreamingStopped()
11-09 21:59:03.378 I/AmbientService(  912): Ambient Stopping
11-09 21:59:03.396 V/DreamService[AmbientDream](  912): onDestroy()
11-09 21:59:06.355 D/ConnectivityService(  573): updateNetworkScore for NetworkAgentInfo [WIFI () - 104] to 55
11-09 21:59:06.355 D/ConnectivityService(  573): rematching NetworkAgentInfo [WIFI () - 104]
11-09 21:59:06.355 D/ConnectivityService(  573): Network NetworkAgentInfo [WIFI () - 104] was already satisfying request 1. No change.
11-09 21:59:06.355 D/ConnectivityService(  573): notifyType AVAILABLE for NetworkAgentInfo [WIFI () - 104]
11-09 21:59:08.293 I/PowerManagerService(  573): Going to sleep due to screen timeout (uid 1000)...
11-09 21:59:08.294 I/DreamManagerService(  573): Entering dreamland.
11-09 21:59:08.294 I/PowerManagerService(  573): Dozing...
11-09 21:59:08.295 I/DreamController(  573): Starting dream: name=ComponentInfo{com.google.android.wearable.ambient/com.google.android.wearable.ambient.AmbientDream}, isTest=false, canDoze=true, userId=0
11-09 21:59:08.303 E/InputMethodManagerService(  573): Ignoring setImeWindowStatus due to an invalid token. uid:1000 token:null
11-09 21:59:08.307 E/InputMethodManagerService(  573): Ignoring setImeWindowStatus due to an invalid token. uid:1000 token:null
11-09 21:59:08.359 V/DreamService[AmbientDream](  912): onBind() intent = Intent { act=android.service.dreams.DreamService flg=0x800000 cmp=com.google.android.wearable.ambient/.AmbientDream }
11-09 21:59:08.374 I/AmbientService(  912): Ambient Created
11-09 21:59:08.396 V/DreamService[AmbientDream](  912): Calling onDreamingStarted()
11-09 21:59:08.396 I/AmbientService(  912): Ambient Starting
11-09 21:59:09.346 I/DisplayManagerService(  573): Display device changed state: "Built-in Screen", DOZE_SUSPEND
11-09 21:59:09.348 V/ActivityManager(  573): Display changed displayId=0
11-09 21:59:41.273 I/PowerManagerService(  573): Waking up from dozing (uid 10004)...
11-09 21:59:41.288 E/InputMethodManagerService(  573): Ignoring setImeWindowStatus due to an invalid token. uid:1000 token:null
11-09 21:59:41.312 I/DisplayManagerService(  573): Display device changed state: "Built-in Screen", ON
11-09 21:59:41.351 V/ActivityManager(  573): Display changed displayId=0
11-09 21:59:41.392 I/DreamManagerService(  573): Gently waking up from dream.
11-09 21:59:41.392 V/DreamService[AmbientDream](  912): wakeUp(): fromSystem=true, mWaking=false, mFinished=false
11-09 21:59:41.392 V/DreamService[AmbientDream](  912): finish(): mFinished=false
11-09 21:59:41.393 I/DreamManagerService(  573): Leaving dreamland.
11-09 21:59:41.393 I/DreamController(  573): Stopping dream: name=ComponentInfo{com.google.android.wearable.ambient/com.google.android.wearable.ambient.AmbientDream}, isTest=false, canDoze=true, userId=0
11-09 21:59:41.399 V/DreamService[AmbientDream](  912): detach(): Calling onDreamingStopped()
11-09 21:59:41.399 I/AmbientService(  912): Ambient Stopping
11-09 21:59:41.405 V/DreamService[AmbientDream](  912): onDestroy()
11-09 21:59:47.413 D/ConnectivityService(  573): updateNetworkScore for NetworkAgentInfo [WIFI () - 104] to 56
11-09 21:59:47.413 D/ConnectivityService(  573): rematching NetworkAgentInfo [WIFI () - 104]
11-09 21:59:47.413 D/ConnectivityService(  573): Network NetworkAgentInfo [WIFI () - 104] was already satisfying request 1. No change.
11-09 21:59:47.413 D/ConnectivityService(  573): notifyType AVAILABLE for NetworkAgentInfo [WIFI () - 104]
11-09 21:59:50.447 D/ConnectivityService(  573): updateNetworkScore for NetworkAgentInfo [WIFI () - 104] to 55
11-09 21:59:50.447 D/ConnectivityService(  573): rematching NetworkAgentInfo [WIFI () - 104]
11-09 21:59:50.447 D/ConnectivityService(  573): Network NetworkAgentInfo [WIFI () - 104] was already satisfying request 1. No change.
11-09 21:59:50.447 D/ConnectivityService(  573): notifyType AVAILABLE for NetworkAgentInfo [WIFI () - 104]
11-09 21:59:55.902 I/PowerManagerService(  573): Going to sleep due to screen timeout (uid 1000)...
11-09 21:59:55.905 I/DreamManagerService(  573): Entering dreamland.
11-09 21:59:55.905 I/PowerManagerService(  573): Dozing...
11-09 21:59:55.906 I/DreamController(  573): Starting dream: name=ComponentInfo{com.google.android.wearable.ambient/com.google.android.wearable.ambient.AmbientDream}, isTest=false, canDoze=true, userId=0
11-09 21:59:55.917 E/InputMethodManagerService(  573): Ignoring setImeWindowStatus due to an invalid token. uid:1000 token:null
11-09 21:59:55.917 E/InputMethodManagerService(  573): Ignoring setImeWindowStatus due to an invalid token. uid:1000 token:null
11-09 21:59:55.966 V/DreamService[AmbientDream](  912): onBind() intent = Intent { act=android.service.dreams.DreamService flg=0x800000 cmp=com.google.android.wearable.ambient/.AmbientDream }
11-09 21:59:55.979 I/AmbientService(  912): Ambient Created
11-09 21:59:56.015 V/DreamService[AmbientDream](  912): Calling onDreamingStarted()
11-09 21:59:56.015 I/AmbientService(  912): Ambient Starting
11-09 21:59:56.951 I/DisplayManagerService(  573): Display device changed state: "Built-in Screen", DOZE_SUSPEND
11-09 21:59:56.953 V/ActivityManager(  573): Display changed displayId=0
11-09 22:00:02.173 I/AmbientService(  912): Ambient Updating
11-09 22:00:02.200 I/DisplayManagerService(  573): Display device changed state: "Built-in Screen", DOZE
11-09 22:00:02.208 V/ActivityManager(  573): Display changed displayId=0
11-09 22:00:02.322 I/DisplayManagerService(  573): Display device changed state: "Built-in Screen", DOZE_SUSPEND
11-09 22:00:02.329 V/ActivityManager(  573): Display changed displayId=0
11-09 22:01:01.179 I/AmbientService(  912): Ambient Updating
11-09 22:01:01.202 I/DisplayManagerService(  573): Display device changed state: "Built-in Screen", DOZE
11-09 22:01:01.216 V/ActivityManager(  573): Display changed displayId=0
11-09 22:01:01.321 I/DisplayManagerService(  573): Display device changed state: "Built-in Screen", DOZE_SUSPEND
11-09 22:01:01.329 V/ActivityManager(  573): Display changed displayId=0
11-09 22:01:02.896 D/ConnectivityService(  573): NetworkAgentInfo [WIFI () - 104] EVENT_NETWORK_INFO_CHANGED, going from CONNECTED to DISCONNECTED
11-09 22:01:02.896 D/ConnectivityService(  573): NetworkAgentInfo [WIFI () - 104] got DISCONNECTED, was satisfying 1
11-09 22:01:03.010 D/ConnectivityService(  573): reportBadNetwork(NetworkAgentInfo [WIFI () - 104]) by 10011
11-09 22:01:03.055 D/ConnectivityService(  573): notifyType LOST for NetworkAgentInfo [WIFI () - 104]
11-09 22:01:03.056 D/CSLegacyTypeTracker(  573): Sending disconnected broadcast for type 1 NetworkAgentInfo [WIFI () - 104] isDefaultNetwork=true
11-09 22:01:03.056 D/ConnectivityService(  573): sendStickyBroadcast: action=android.net.conn.CONNECTIVITY_CHANGE_IMMEDIATE
11-09 22:01:03.060 D/ConnectivityService(  573): sendStickyBroadcast: action=android.net.conn.CONNECTIVITY_CHANGE
11-09 22:01:03.065 D/ConnectivityService(  573): sendStickyBroadcast: action=android.net.conn.CONNECTIVITY_CHANGE_IMMEDIATE
11-09 22:01:03.065 D/ConnectivityService(  573): sendStickyBroadcast: action=android.net.conn.CONNECTIVITY_CHANGE
11-09 22:01:03.066 D/ConnectivityService(  573): Checking for replacement network to handle request NetworkRequest [ id=1, legacyType=-1, [ Capabilities: INTERNET&NOT_RESTRICTED&TRUSTED&NOT_VPN] ]
11-09 22:01:03.074 D/ConnectivityService(  573): setProvNotificationVisibleIntent: E visible=false networkType=0 extraInfo=null
11-09 22:01:03.457 I/ActivityManager(  573): Delay finish: com.google.android.gms/.analytics.internal.GServicesChangedReceiver
11-09 22:01:03.530 I/ActivityManager(  573): Resuming delayed broadcast
11-09 22:01:03.533 W/ActivityManager(  573): Unable to start service Intent { cmp=com.google.android.gms/.measurement.service.b } U=0: not found
11-09 22:01:03.540 I/ActivityManager(  573): Delay finish: com.google.android.gms/.checkin.CheckinService$Receiver
11-09 22:01:03.625 I/ActivityManager(  573): Resuming delayed broadcast
11-09 22:01:03.644 I/ActivityManager(  573): Delay finish: com.google.android.gms/.update.SystemUpdateService$Receiver
11-09 22:01:03.767 I/ActivityManager(  573): Resuming delayed broadcast
11-09 22:01:10.714 I/ActivityManager(  573): Delay finish: com.google.android.apps.fitness/com.google.android.wearable.fitness.summary.notification.NotificationReceiver
11-09 22:01:11.370 W/ResourcesManager(  735): Asset path '/system/framework/com.google.android.wearable.jar' does not exist or contains no resources.
11-09 22:01:11.372 I/ActivityManager(  573): Resuming delayed broadcast
11-09 22:01:11.537 I/DisplayManagerService(  573): Display device changed state: "Built-in Screen", DOZE
11-09 22:01:11.544 V/ActivityManager(  573): Display changed displayId=0
11-09 22:01:11.597 W/ResourcesManager(  735): Asset path '/system/framework/com.google.android.wearable.jar' does not exist or contains no resources.
11-09 22:01:11.756 I/DisplayManagerService(  573): Display device changed state: "Built-in Screen", DOZE_SUSPEND
11-09 22:01:11.764 V/ActivityManager(  573): Display changed displayId=0
11-09 22:01:13.186 I/DisplayManagerService(  573): Display device changed state: "Built-in Screen", DOZE
11-09 22:01:13.192 V/ActivityManager(  573): Display changed displayId=0
11-09 22:01:13.319 I/DisplayManagerService(  573): Display device changed state: "Built-in Screen", DOZE_SUSPEND
11-09 22:01:13.326 V/ActivityManager(  573): Display changed displayId=0
11-09 22:01:53.162 I/PowerManagerService(  573): Waking up from dozing (uid 10004)...
11-09 22:01:53.167 E/InputMethodManagerService(  573): Ignoring setImeWindowStatus due to an invalid token. uid:1000 token:null
11-09 22:01:53.203 I/DisplayManagerService(  573): Display device changed state: "Built-in Screen", ON
11-09 22:01:53.233 V/ActivityManager(  573): Display changed displayId=0
11-09 22:01:53.245 I/DreamManagerService(  573): Gently waking up from dream.
11-09 22:01:53.257 V/DreamService[AmbientDream](  912): wakeUp(): fromSystem=true, mWaking=false, mFinished=false
11-09 22:01:53.257 V/DreamService[AmbientDream](  912): finish(): mFinished=false
11-09 22:01:53.258 I/DreamManagerService(  573): Leaving dreamland.
11-09 22:01:53.258 I/DreamController(  573): Stopping dream: name=ComponentInfo{com.google.android.wearable.ambient/com.google.android.wearable.ambient.AmbientDream}, isTest=false, canDoze=true, userId=0
11-09 22:01:53.263 V/DreamService[AmbientDream](  912): detach(): Calling onDreamingStopped()
11-09 22:01:53.263 I/AmbientService(  912): Ambient Stopping
11-09 22:01:53.291 V/DreamService[AmbientDream](  912): onDestroy()
11-09 22:01:58.200 I/PowerManagerService(  573): Going to sleep due to screen timeout (uid 1000)...
11-09 22:01:58.202 I/DreamManagerService(  573): Entering dreamland.
11-09 22:01:58.202 I/PowerManagerService(  573): Dozing...
11-09 22:01:58.203 I/DreamController(  573): Starting dream: name=ComponentInfo{com.google.android.wearable.ambient/com.google.android.wearable.ambient.AmbientDream}, isTest=false, canDoze=true, userId=0
11-09 22:01:58.249 E/InputMethodManagerService(  573): Ignoring setImeWindowStatus due to an invalid token. uid:1000 token:null
11-09 22:01:58.263 E/InputMethodManagerService(  573): Ignoring setImeWindowStatus due to an invalid token. uid:1000 token:null
11-09 22:01:58.293 V/DreamService[AmbientDream](  912): onBind() intent = Intent { act=android.service.dreams.DreamService flg=0x800000 cmp=com.google.android.wearable.ambient/.AmbientDream }
11-09 22:01:58.315 I/AmbientService(  912): Ambient Created
11-09 22:01:58.321 V/DreamService[AmbientDream](  912): Calling onDreamingStarted()
11-09 22:01:58.321 I/AmbientService(  912): Ambient Starting
11-09 22:01:59.261 I/DisplayManagerService(  573): Display device changed state: "Built-in Screen", DOZE_SUSPEND
11-09 22:01:59.263 V/ActivityManager(  573): Display changed displayId=0
11-09 22:02:03.136 D/ConnectivityService(  573): Failed to find a new network - expiring NetTransition Wakelock
11-09 22:02:03.326 I/AmbientService(  912): Ambient Updating
11-09 22:02:03.333 I/DisplayManagerService(  573): Display device changed state: "Built-in Screen", DOZE
11-09 22:02:03.341 V/ActivityManager(  573): Display changed displayId=0
11-09 22:02:03.455 I/DisplayManagerService(  573): Display device changed state: "Built-in Screen", DOZE_SUSPEND
11-09 22:02:03.462 V/ActivityManager(  573): Display changed displayId=0
11-09 22:03:01.178 I/AmbientService(  912): Ambient Updating
11-09 22:03:01.211 I/DisplayManagerService(  573): Display device changed state: "Built-in Screen", DOZE
11-09 22:03:01.226 V/ActivityManager(  573): Display changed displayId=0
11-09 22:03:01.331 I/DisplayManagerService(  573): Display device changed state: "Built-in Screen", DOZE_SUSPEND
11-09 22:03:01.338 V/ActivityManager(  573): Display changed displayId=0
11-09 22:03:43.409 I/PowerManagerService(  573): Waking up from dozing (uid 10004)...
11-09 22:03:43.419 E/InputMethodManagerService(  573): Ignoring setImeWindowStatus due to an invalid token. uid:1000 token:null
11-09 22:03:43.447 I/DisplayManagerService(  573): Display device changed state: "Built-in Screen", ON
11-09 22:03:43.481 V/ActivityManager(  573): Display changed displayId=0
11-09 22:03:43.596 I/DreamManagerService(  573): Gently waking up from dream.
11-09 22:03:43.597 V/DreamService[AmbientDream](  912): wakeUp(): fromSystem=true, mWaking=false, mFinished=false
11-09 22:03:43.597 V/DreamService[AmbientDream](  912): finish(): mFinished=false
11-09 22:03:43.597 I/DreamManagerService(  573): Leaving dreamland.
11-09 22:03:43.597 I/DreamController(  573): Stopping dream: name=ComponentInfo{com.google.android.wearable.ambient/com.google.android.wearable.ambient.AmbientDream}, isTest=false, canDoze=true, userId=0
11-09 22:03:43.601 V/DreamService[AmbientDream](  912): detach(): Calling onDreamingStopped()
11-09 22:03:43.601 I/AmbientService(  912): Ambient Stopping
11-09 22:03:43.618 V/DreamService[AmbientDream](  912): onDestroy()
11-09 22:03:48.451 I/PowerManagerService(  573): Going to sleep due to screen timeout (uid 1000)...
11-09 22:03:48.453 I/DreamManagerService(  573): Entering dreamland.
11-09 22:03:48.453 I/PowerManagerService(  573): Dozing...
11-09 22:03:48.454 I/DreamController(  573): Starting dream: name=ComponentInfo{com.google.android.wearable.ambient/com.google.android.wearable.ambient.AmbientDream}, isTest=false, canDoze=true, userId=0
11-09 22:03:48.471 E/InputMethodManagerService(  573): Ignoring setImeWindowStatus due to an invalid token. uid:1000 token:null
11-09 22:03:48.471 E/InputMethodManagerService(  573): Ignoring setImeWindowStatus due to an invalid token. uid:1000 token:null
11-09 22:03:48.601 I/AmbientService(  912): Ambient Created
11-09 22:03:48.601 V/DreamService[AmbientDream](  912): onBind() intent = Intent { act=android.service.dreams.DreamService flg=0x800000 cmp=com.google.android.wearable.ambient/.AmbientDream }
11-09 22:03:48.793 V/DreamService[AmbientDream](  912): Calling onDreamingStarted()
11-09 22:03:48.793 I/AmbientService(  912): Ambient Starting
11-09 22:03:49.525 I/DisplayManagerService(  573): Display device changed state: "Built-in Screen", DOZE_SUSPEND
11-09 22:03:49.527 V/ActivityManager(  573): Display changed displayId=0
11-09 22:04:01.177 I/AmbientService(  912): Ambient Updating
11-09 22:04:01.201 I/DisplayManagerService(  573): Display device changed state: "Built-in Screen", DOZE
11-09 22:04:01.214 V/ActivityManager(  573): Display changed displayId=0
11-09 22:04:01.320 I/DisplayManagerService(  573): Display device changed state: "Built-in Screen", DOZE_SUSPEND
11-09 22:04:01.328 V/ActivityManager(  573): Display changed displayId=0
11-09 22:04:33.109 I/PowerManagerService(  573): Waking up from dozing (uid 10004)...
11-09 22:04:33.121 E/InputMethodManagerService(  573): Ignoring setImeWindowStatus due to an invalid token. uid:1000 token:null
11-09 22:04:33.140 I/DisplayManagerService(  573): Display device changed state: "Built-in Screen", ON
11-09 22:04:33.151 V/ActivityManager(  573): Display changed displayId=0
11-09 22:04:33.191 I/DreamManagerService(  573): Gently waking up from dream.
11-09 22:04:33.191 V/DreamService[AmbientDream](  912): wakeUp(): fromSystem=true, mWaking=false, mFinished=false
11-09 22:04:33.191 V/DreamService[AmbientDream](  912): finish(): mFinished=false
11-09 22:04:33.192 I/DreamManagerService(  573): Leaving dreamland.
11-09 22:04:33.192 I/DreamController(  573): Stopping dream: name=ComponentInfo{com.google.android.wearable.ambient/com.google.android.wearable.ambient.AmbientDream}, isTest=false, canDoze=true, userId=0
11-09 22:04:33.202 V/DreamService[AmbientDream](  912): detach(): Calling onDreamingStopped()
11-09 22:04:33.202 I/AmbientService(  912): Ambient Stopping
11-09 22:04:33.251 V/DreamService[AmbientDream](  912): onDestroy()
11-09 22:04:34.895 D/ConnectivityService(  573): registerNetworkAgent NetworkAgentInfo{ ni{[type: WIFI[], state: CONNECTING/CONNECTING, reason: (unspecified), extra: "TommyNett", roaming: false, failover: false, isAvailable: true, isConnectedToProvisioningNetwork: false]}  network{null}  lp{{InterfaceName: wlan0 LinkAddresses: []  Routes: [] DnsAddresses: [] Domains: null MTU: 0 TcpBufferSizes: 524288,1048576,2097152,262144,524288,1048576}}  nc{[ Transports: WIFI Capabilities: INTERNET&NOT_RESTRICTED&TRUSTED&NOT_VPN LinkUpBandwidth>=1048576Kbps LinkDnBandwidth>=1048576Kbps]}  Score{20}  everValidated{false}  lastValidated{false}  created{false}  explicitlySelected{false} }
11-09 22:04:34.896 D/ConnectivityService(  573): NetworkAgentInfo [WIFI () - 105] EVENT_NETWORK_INFO_CHANGED, going from null to CONNECTING
11-09 22:04:34.933 D/ConnectivityService(  573): updateNetworkScore for NetworkAgentInfo [WIFI () - 105] to 55
11-09 22:04:35.903 D/ConnectivityService(  573): NetworkAgentInfo [WIFI () - 105] EVENT_NETWORK_INFO_CHANGED, going from CONNECTING to CONNECTED
11-09 22:04:35.905 D/ConnectivityService(  573): Adding iface wlan0 to network 105
11-09 22:04:35.966 E/ConnectivityService(  573): Unexpected mtu value: 0, wlan0
11-09 22:04:35.967 D/ConnectivityService(  573): Adding Route [fe80::/64 -> :: wlan0] to network 105
11-09 22:04:35.980 D/ConnectivityService(  573): Adding Route [192.168.1.0/24 -> 0.0.0.0 wlan0] to network 105
11-09 22:04:35.981 D/ConnectivityService(  573): Adding Route [0.0.0.0/0 -> 192.168.1.1 wlan0] to network 105
11-09 22:04:35.983 D/ConnectivityService(  573): Setting Dns servers for network 105 to [/192.168.1.1]
11-09 22:04:36.014 D/ConnectivityService(  573): notifyType IP_CHANGED for NetworkAgentInfo [WIFI () - 105]
11-09 22:04:36.036 D/ConnectivityService(  573): notifyType PRECHECK for NetworkAgentInfo [WIFI () - 105]
11-09 22:04:36.038 D/ConnectivityService(  573): rematching NetworkAgentInfo [WIFI () - 105]
11-09 22:04:36.038 D/ConnectivityService(  573):    accepting network in place of null
11-09 22:04:36.054 D/ConnectivityService(  573): Switching to new default network: NetworkAgentInfo{ ni{[type: WIFI[], state: CONNECTED/CONNECTED, reason: (unspecified), extra: "TommyNett", roaming: false, failover: false, isAvailable: true, isConnectedToProvisioningNetwork: false]}  network{105}  lp{{InterfaceName: wlan0 LinkAddresses: [fe80::c69a:2ff:fe80:b1fc/64,192.168.1.239/24,]  Routes: [fe80::/64 -> :: wlan0,192.168.1.0/24 -> 0.0.0.0 wlan0,0.0.0.0/0 -> 192.168.1.1 wlan0,] DnsAddresses: [192.168.1.1,] Domains:  MTU: 0 TcpBufferSizes: 524288,1048576,2097152,262144,524288,1048576}}  nc{[ Transports: WIFI Capabilities: INTERNET&NOT_RESTRICTED&TRUSTED&NOT_VPN LinkUpBandwidth>=1048576Kbps LinkDnBandwidth>=1048576Kbps]}  Score{15}  everValidated{false}  lastValidated{false}  created{true}  explicitlySelected{false} }
11-09 22:04:36.066 D/ConnectivityService(  573): notifyType AVAILABLE for NetworkAgentInfo [WIFI () - 105]
11-09 22:04:36.066 D/CSLegacyTypeTracker(  573): Sending connected broadcast for type 1 NetworkAgentInfo [WIFI () - 105] isDefaultNetwork=true
11-09 22:04:36.066 D/ConnectivityService(  573): sendStickyBroadcast: action=android.net.conn.CONNECTIVITY_CHANGE_IMMEDIATE
11-09 22:04:36.066 D/ConnectivityService(  573): sendStickyBroadcast: action=android.net.conn.CONNECTIVITY_CHANGE
11-09 22:04:36.067 D/ConnectivityService(  573): setProvNotificationVisibleIntent: E visible=false networkType=0 extraInfo=null
11-09 22:04:36.082 D/ConnectivityService(  573): Validated NetworkAgentInfo [WIFI () - 105]
11-09 22:04:36.082 D/ConnectivityService(  573): rematching NetworkAgentInfo [WIFI () - 105]
11-09 22:04:36.082 D/ConnectivityService(  573): Network NetworkAgentInfo [WIFI () - 105] was already satisfying request 1. No change.
11-09 22:04:36.082 D/ConnectivityService(  573): notifyType AVAILABLE for NetworkAgentInfo [WIFI () - 105]
11-09 22:04:36.109 D/ConnectivityService(  573): sendStickyBroadcast: action=android.net.conn.INET_CONDITION_ACTION
11-09 22:04:36.591 I/ActivityManager(  573): Delay finish: com.google.android.gms/.analytics.internal.GServicesChangedReceiver
11-09 22:04:36.696 I/ActivityManager(  573): Resuming delayed broadcast
11-09 22:04:36.699 W/ActivityManager(  573): Unable to start service Intent { cmp=com.google.android.gms/.measurement.service.b } U=0: not found
11-09 22:04:36.707 I/ActivityManager(  573): Delay finish: com.google.android.gms/.checkin.CheckinService$Receiver
11-09 22:04:36.786 I/ActivityManager(  573): Resuming delayed broadcast
11-09 22:04:36.824 I/ActivityManager(  573): Delay finish: com.google.android.gms/.update.SystemUpdateService$Receiver
11-09 22:04:36.975 I/ActivityManager(  573): Resuming delayed broadcast
11-09 22:04:37.954 D/ConnectivityService(  573): updateNetworkScore for NetworkAgentInfo [WIFI () - 105] to 59
11-09 22:04:37.954 D/ConnectivityService(  573): rematching NetworkAgentInfo [WIFI () - 105]
11-09 22:04:37.954 D/ConnectivityService(  573): Network NetworkAgentInfo [WIFI () - 105] was already satisfying request 1. No change.
11-09 22:04:37.954 D/ConnectivityService(  573): notifyType AVAILABLE for NetworkAgentInfo [WIFI () - 105]
11-09 22:04:38.272 I/PowerManagerService(  573): Going to sleep due to screen timeout (uid 1000)...
11-09 22:04:38.279 I/DreamManagerService(  573): Entering dreamland.
11-09 22:04:38.279 I/PowerManagerService(  573): Dozing...
11-09 22:04:38.280 I/DreamController(  573): Starting dream: name=ComponentInfo{com.google.android.wearable.ambient/com.google.android.wearable.ambient.AmbientDream}, isTest=false, canDoze=true, userId=0
11-09 22:04:38.296 E/InputMethodManagerService(  573): Ignoring setImeWindowStatus due to an invalid token. uid:1000 token:null
11-09 22:04:38.297 E/InputMethodManagerService(  573): Ignoring setImeWindowStatus due to an invalid token. uid:1000 token:null
11-09 22:04:38.434 V/DreamService[AmbientDream](  912): onBind() intent = Intent { act=android.service.dreams.DreamService flg=0x800000 cmp=com.google.android.wearable.ambient/.AmbientDream }
11-09 22:04:38.442 I/AmbientService(  912): Ambient Created
11-09 22:04:38.474 V/DreamService[AmbientDream](  912): Calling onDreamingStarted()
11-09 22:04:38.474 I/AmbientService(  912): Ambient Starting
11-09 22:04:39.321 I/DisplayManagerService(  573): Display device changed state: "Built-in Screen", DOZE_SUSPEND
11-09 22:04:39.324 V/ActivityManager(  573): Display changed displayId=0
11-09 22:04:40.156 I/DisplayManagerService(  573): Display device changed state: "Built-in Screen", DOZE
11-09 22:04:40.163 V/ActivityManager(  573): Display changed displayId=0
11-09 22:04:40.277 I/DisplayManagerService(  573): Display device changed state: "Built-in Screen", DOZE_SUSPEND
11-09 22:04:40.285 V/ActivityManager(  573): Display changed displayId=0
11-09 22:05:00.180 I/AmbientService(  912): Ambient Updating
11-09 22:05:00.221 I/DisplayManagerService(  573): Display device changed state: "Built-in Screen", DOZE
11-09 22:05:00.226 V/ActivityManager(  573): Display changed displayId=0
11-09 22:05:00.341 I/DisplayManagerService(  573): Display device changed state: "Built-in Screen", DOZE_SUSPEND
11-09 22:05:00.348 V/ActivityManager(  573): Display changed displayId=0
11-09 22:05:02.080 I/PowerManagerService(  573): Waking up from dozing (uid 10004)...
11-09 22:05:02.091 E/InputMethodManagerService(  573): Ignoring setImeWindowStatus due to an invalid token. uid:1000 token:null
11-09 22:05:02.108 I/DisplayManagerService(  573): Display device changed state: "Built-in Screen", ON
11-09 22:05:02.140 V/ActivityManager(  573): Display changed displayId=0
11-09 22:05:02.144 I/DreamManagerService(  573): Gently waking up from dream.
11-09 22:05:02.145 V/DreamService[AmbientDream](  912): wakeUp(): fromSystem=true, mWaking=false, mFinished=false
11-09 22:05:02.145 V/DreamService[AmbientDream](  912): finish(): mFinished=false
11-09 22:05:02.150 I/DreamManagerService(  573): Leaving dreamland.
11-09 22:05:02.150 I/DreamController(  573): Stopping dream: name=ComponentInfo{com.google.android.wearable.ambient/com.google.android.wearable.ambient.AmbientDream}, isTest=false, canDoze=true, userId=0
11-09 22:05:02.168 V/DreamService[AmbientDream](  912): detach(): Calling onDreamingStopped()
11-09 22:05:02.168 I/AmbientService(  912): Ambient Stopping
11-09 22:05:02.234 V/DreamService[AmbientDream](  912): onDestroy()
11-09 22:05:05.165 D/ConnectivityService(  573): updateNetworkScore for NetworkAgentInfo [WIFI () - 105] to 55
11-09 22:05:05.165 D/ConnectivityService(  573): rematching NetworkAgentInfo [WIFI () - 105]
11-09 22:05:05.165 D/ConnectivityService(  573): Network NetworkAgentInfo [WIFI () - 105] was already satisfying request 1. No change.
11-09 22:05:05.165 D/ConnectivityService(  573): notifyType AVAILABLE for NetworkAgentInfo [WIFI () - 105]
11-09 22:05:07.123 I/PowerManagerService(  573): Going to sleep due to screen timeout (uid 1000)...
11-09 22:05:07.125 I/DreamManagerService(  573): Entering dreamland.
11-09 22:05:07.125 I/PowerManagerService(  573): Dozing...
11-09 22:05:07.125 I/DreamController(  573): Starting dream: name=ComponentInfo{com.google.android.wearable.ambient/com.google.android.wearable.ambient.AmbientDream}, isTest=false, canDoze=true, userId=0
11-09 22:05:07.134 E/InputMethodManagerService(  573): Ignoring setImeWindowStatus due to an invalid token. uid:1000 token:null
11-09 22:05:07.135 E/InputMethodManagerService(  573): Ignoring setImeWindowStatus due to an invalid token. uid:1000 token:null
11-09 22:05:07.187 V/DreamService[AmbientDream](  912): onBind() intent = Intent { act=android.service.dreams.DreamService flg=0x800000 cmp=com.google.android.wearable.ambient/.AmbientDream }
11-09 22:05:07.201 I/AmbientService(  912): Ambient Created
11-09 22:05:07.218 V/DreamService[AmbientDream](  912): Calling onDreamingStarted()
11-09 22:05:07.218 I/AmbientService(  912): Ambient Starting
11-09 22:05:08.179 I/DisplayManagerService(  573): Display device changed state: "Built-in Screen", DOZE_SUSPEND
11-09 22:05:08.181 V/ActivityManager(  573): Display changed displayId=0
11-09 22:05:08.630 I/PowerManagerService(  573): Waking up from dozing (uid 10004)...
11-09 22:05:08.640 E/InputMethodManagerService(  573): Ignoring setImeWindowStatus due to an invalid token. uid:1000 token:null
11-09 22:05:08.661 I/DisplayManagerService(  573): Display device changed state: "Built-in Screen", ON
11-09 22:05:08.689 V/ActivityManager(  573): Display changed displayId=0
11-09 22:05:08.936 I/DreamManagerService(  573): Gently waking up from dream.
11-09 22:05:08.937 V/DreamService[AmbientDream](  912): wakeUp(): fromSystem=true, mWaking=false, mFinished=false
11-09 22:05:08.937 V/DreamService[AmbientDream](  912): finish(): mFinished=false
11-09 22:05:08.937 I/DreamManagerService(  573): Leaving dreamland.
11-09 22:05:08.938 I/DreamController(  573): Stopping dream: name=ComponentInfo{com.google.android.wearable.ambient/com.google.android.wearable.ambient.AmbientDream}, isTest=false, canDoze=true, userId=0
11-09 22:05:08.941 V/DreamService[AmbientDream](  912): detach(): Calling onDreamingStopped()
11-09 22:05:08.941 I/AmbientService(  912): Ambient Stopping
11-09 22:05:08.972 V/DreamService[AmbientDream](  912): onDestroy()
11-09 22:05:14.750 D/ConnectivityService(  573): updateNetworkScore for NetworkAgentInfo [WIFI () - 105] to 56
11-09 22:05:14.751 D/ConnectivityService(  573): rematching NetworkAgentInfo [WIFI () - 105]
11-09 22:05:14.751 D/ConnectivityService(  573): Network NetworkAgentInfo [WIFI () - 105] was already satisfying request 1. No change.
11-09 22:05:14.751 D/ConnectivityService(  573): notifyType AVAILABLE for NetworkAgentInfo [WIFI () - 105]
11-09 22:05:15.967 I/PowerManagerService(  573): Going to sleep due to screen timeout (uid 1000)...
11-09 22:05:15.968 I/DreamManagerService(  573): Entering dreamland.
11-09 22:05:15.968 I/PowerManagerService(  573): Dozing...
11-09 22:05:15.969 I/DreamController(  573): Starting dream: name=ComponentInfo{com.google.android.wearable.ambient/com.google.android.wearable.ambient.AmbientDream}, isTest=false, canDoze=true, userId=0
11-09 22:05:15.977 E/InputMethodManagerService(  573): Ignoring setImeWindowStatus due to an invalid token. uid:1000 token:null
11-09 22:05:15.978 E/InputMethodManagerService(  573): Ignoring setImeWindowStatus due to an invalid token. uid:1000 token:null
11-09 22:05:16.060 V/DreamService[AmbientDream](  912): onBind() intent = Intent { act=android.service.dreams.DreamService flg=0x800000 cmp=com.google.android.wearable.ambient/.AmbientDream }
11-09 22:05:16.066 I/AmbientService(  912): Ambient Created
11-09 22:05:16.068 V/DreamService[AmbientDream](  912): Calling onDreamingStarted()
11-09 22:05:16.068 I/AmbientService(  912): Ambient Starting
11-09 22:05:17.027 I/DisplayManagerService(  573): Display device changed state: "Built-in Screen", DOZE_SUSPEND
11-09 22:05:17.030 V/ActivityManager(  573): Display changed displayId=0
11-09 22:05:37.111 I/PowerManagerService(  573): Waking up from dozing (uid 10004)...
11-09 22:05:37.142 I/DisplayManagerService(  573): Display device changed state: "Built-in Screen", ON
11-09 22:05:37.146 E/InputMethodManagerService(  573): Ignoring setImeWindowStatus due to an invalid token. uid:1000 token:null
11-09 22:05:37.169 V/ActivityManager(  573): Display changed displayId=0
11-09 22:05:37.256 I/DreamManagerService(  573): Gently waking up from dream.
11-09 22:05:37.257 V/DreamService[AmbientDream](  912): wakeUp(): fromSystem=true, mWaking=false, mFinished=false
11-09 22:05:37.257 V/DreamService[AmbientDream](  912): finish(): mFinished=false
11-09 22:05:37.257 I/DreamManagerService(  573): Leaving dreamland.
11-09 22:05:37.258 I/DreamController(  573): Stopping dream: name=ComponentInfo{com.google.android.wearable.ambient/com.google.android.wearable.ambient.AmbientDream}, isTest=false, canDoze=true, userId=0
11-09 22:05:37.261 V/DreamService[AmbientDream](  912): detach(): Calling onDreamingStopped()
11-09 22:05:37.262 I/AmbientService(  912): Ambient Stopping
11-09 22:05:37.294 V/DreamService[AmbientDream](  912): onDestroy()
11-09 22:05:40.214 D/ConnectivityService(  573): updateNetworkScore for NetworkAgentInfo [WIFI () - 105] to 55
11-09 22:05:40.214 D/ConnectivityService(  573): rematching NetworkAgentInfo [WIFI () - 105]
11-09 22:05:40.214 D/ConnectivityService(  573): Network NetworkAgentInfo [WIFI () - 105] was already satisfying request 1. No change.
11-09 22:05:40.214 D/ConnectivityService(  573): notifyType AVAILABLE for NetworkAgentInfo [WIFI () - 105]
11-09 22:05:42.144 I/PowerManagerService(  573): Going to sleep due to screen timeout (uid 1000)...
11-09 22:05:42.145 I/DreamManagerService(  573): Entering dreamland.
11-09 22:05:42.145 I/PowerManagerService(  573): Dozing...
11-09 22:05:42.147 I/DreamController(  573): Starting dream: name=ComponentInfo{com.google.android.wearable.ambient/com.google.android.wearable.ambient.AmbientDream}, isTest=false, canDoze=true, userId=0
11-09 22:05:42.157 E/InputMethodManagerService(  573): Ignoring setImeWindowStatus due to an invalid token. uid:1000 token:null
11-09 22:05:42.158 E/InputMethodManagerService(  573): Ignoring setImeWindowStatus due to an invalid token. uid:1000 token:null
11-09 22:05:42.208 V/DreamService[AmbientDream](  912): onBind() intent = Intent { act=android.service.dreams.DreamService flg=0x800000 cmp=com.google.android.wearable.ambient/.AmbientDream }
11-09 22:05:42.231 I/AmbientService(  912): Ambient Created
11-09 22:05:42.260 V/DreamService[AmbientDream](  912): Calling onDreamingStarted()
11-09 22:05:42.260 I/AmbientService(  912): Ambient Starting
11-09 22:05:43.198 I/DisplayManagerService(  573): Display device changed state: "Built-in Screen", DOZE_SUSPEND
11-09 22:05:43.200 V/ActivityManager(  573): Display changed displayId=0
11-09 22:06:01.178 I/AmbientService(  912): Ambient Updating
11-09 22:06:01.209 I/DisplayManagerService(  573): Display device changed state: "Built-in Screen", DOZE
11-09 22:06:01.216 V/ActivityManager(  573): Display changed displayId=0
11-09 22:06:01.328 I/DisplayManagerService(  573): Display device changed state: "Built-in Screen", DOZE_SUSPEND
11-09 22:06:01.336 V/ActivityManager(  573): Display changed displayId=0
11-09 22:07:01.186 I/AmbientService(  912): Ambient Updating
11-09 22:07:01.231 I/DisplayManagerService(  573): Display device changed state: "Built-in Screen", DOZE
11-09 22:07:01.243 V/ActivityManager(  573): Display changed displayId=0
11-09 22:07:01.351 I/DisplayManagerService(  573): Display device changed state: "Built-in Screen", DOZE_SUSPEND
11-09 22:07:01.358 V/ActivityManager(  573): Display changed displayId=0
11-09 22:07:03.431 I/PowerManagerService(  573): Waking up from dozing (uid 10004)...
11-09 22:07:03.444 E/InputMethodManagerService(  573): Ignoring setImeWindowStatus due to an invalid token. uid:1000 token:null
11-09 22:07:03.465 I/DisplayManagerService(  573): Display device changed state: "Built-in Screen", ON
11-09 22:07:03.507 V/ActivityManager(  573): Display changed displayId=0
11-09 22:07:03.514 I/DreamManagerService(  573): Gently waking up from dream.
11-09 22:07:03.516 V/DreamService[AmbientDream](  912): wakeUp(): fromSystem=true, mWaking=false, mFinished=false
11-09 22:07:03.516 V/DreamService[AmbientDream](  912): finish(): mFinished=false
11-09 22:07:03.518 I/DreamManagerService(  573): Leaving dreamland.
11-09 22:07:03.519 I/DreamController(  573): Stopping dream: name=ComponentInfo{com.google.android.wearable.ambient/com.google.android.wearable.ambient.AmbientDream}, isTest=false, canDoze=true, userId=0
11-09 22:07:03.527 V/DreamService[AmbientDream](  912): detach(): Calling onDreamingStopped()
11-09 22:07:03.527 I/AmbientService(  912): Ambient Stopping
11-09 22:07:03.573 V/DreamService[AmbientDream](  912): onDestroy()
11-09 22:07:08.464 I/PowerManagerService(  573): Going to sleep due to screen timeout (uid 1000)...
11-09 22:07:08.465 I/DreamManagerService(  573): Entering dreamland.
11-09 22:07:08.466 I/PowerManagerService(  573): Dozing...
11-09 22:07:08.467 I/DreamController(  573): Starting dream: name=ComponentInfo{com.google.android.wearable.ambient/com.google.android.wearable.ambient.AmbientDream}, isTest=false, canDoze=true, userId=0
11-09 22:07:08.479 E/InputMethodManagerService(  573): Ignoring setImeWindowStatus due to an invalid token. uid:1000 token:null
11-09 22:07:08.479 E/InputMethodManagerService(  573): Ignoring setImeWindowStatus due to an invalid token. uid:1000 token:null
11-09 22:07:08.526 V/DreamService[AmbientDream](  912): onBind() intent = Intent { act=android.service.dreams.DreamService flg=0x800000 cmp=com.google.android.wearable.ambient/.AmbientDream }
11-09 22:07:08.551 I/AmbientService(  912): Ambient Created
11-09 22:07:08.553 V/DreamService[AmbientDream](  912): Calling onDreamingStarted()
11-09 22:07:08.554 I/AmbientService(  912): Ambient Starting
11-09 22:07:09.522 I/DisplayManagerService(  573): Display device changed state: "Built-in Screen", DOZE_SUSPEND
11-09 22:07:09.525 V/ActivityManager(  573): Display changed displayId=0
11-09 22:07:27.569 I/PowerManagerService(  573): Waking up from dozing (uid 10004)...
11-09 22:07:27.582 E/InputMethodManagerService(  573): Ignoring setImeWindowStatus due to an invalid token. uid:1000 token:null
11-09 22:07:27.601 I/DisplayManagerService(  573): Display device changed state: "Built-in Screen", ON
11-09 22:07:27.613 V/ActivityManager(  573): Display changed displayId=0
11-09 22:07:27.695 I/DreamManagerService(  573): Gently waking up from dream.
11-09 22:07:27.696 V/DreamService[AmbientDream](  912): wakeUp(): fromSystem=true, mWaking=false, mFinished=false
11-09 22:07:27.696 V/DreamService[AmbientDream](  912): finish(): mFinished=false
11-09 22:07:27.696 I/DreamManagerService(  573): Leaving dreamland.
11-09 22:07:27.697 I/DreamController(  573): Stopping dream: name=ComponentInfo{com.google.android.wearable.ambient/com.google.android.wearable.ambient.AmbientDream}, isTest=false, canDoze=true, userId=0
11-09 22:07:27.702 V/DreamService[AmbientDream](  912): detach(): Calling onDreamingStopped()
11-09 22:07:27.702 I/AmbientService(  912): Ambient Stopping
11-09 22:07:27.722 V/DreamService[AmbientDream](  912): onDestroy()
11-09 22:07:32.602 I/PowerManagerService(  573): Going to sleep due to screen timeout (uid 1000)...
11-09 22:07:32.603 I/DreamManagerService(  573): Entering dreamland.
11-09 22:07:32.604 I/PowerManagerService(  573): Dozing...
11-09 22:07:32.604 I/DreamController(  573): Starting dream: name=ComponentInfo{com.google.android.wearable.ambient/com.google.android.wearable.ambient.AmbientDream}, isTest=false, canDoze=true, userId=0
11-09 22:07:32.612 E/InputMethodManagerService(  573): Ignoring setImeWindowStatus due to an invalid token. uid:1000 token:null
11-09 22:07:32.613 E/InputMethodManagerService(  573): Ignoring setImeWindowStatus due to an invalid token. uid:1000 token:null
11-09 22:07:32.671 V/DreamService[AmbientDream](  912): onBind() intent = Intent { act=android.service.dreams.DreamService flg=0x800000 cmp=com.google.android.wearable.ambient/.AmbientDream }
11-09 22:07:32.709 I/AmbientService(  912): Ambient Created
11-09 22:07:32.709 V/DreamService[AmbientDream](  912): Calling onDreamingStarted()
11-09 22:07:32.709 I/AmbientService(  912): Ambient Starting
