11-10 08:25:01.553 I/DisplayManagerService(  573): Display device changed state: "Built-in Screen", DOZE_SUSPEND
11-10 08:25:01.561 V/ActivityManager(  573): Display changed displayId=0
11-10 08:25:01.563 D/SurfaceFlinger(  174): Set power mode=3, type=0 flinger=0xb7a47550
11-10 08:25:01.563 I/qdhwcomposer(  174): handle_blank_event: dpy:0 panel power state: 2
11-10 08:25:12.636 I/qdhwcomposer(  174): handle_blank_event: dpy:0 panel power state: 2
11-10 08:25:12.743 D/AuthZenListenerService(  970): onMessageReceived: MessageEventParcelable[16505,com/google/android/location/fused/wearable/LOCATIONS, size=362], Path: com/google/android/location/fused/wearable/LOCATIONS
11-10 08:25:12.752 D/AuthZenWearListenerService(  970): onMessageReceived : MessageEventParcelable[16505,com/google/android/location/fused/wearable/LOCATIONS, size=362], Path: com/google/android/location/fused/wearable/LOCATIONS
11-10 08:25:14.662 W/bt-btif ( 1087): dm_pm_timer expires
11-10 08:25:14.662 W/bt-btif ( 1087): dm_pm_timer expires 0
11-10 08:25:14.662 W/bt-btif ( 1087): proc dm_pm_timer expires
11-10 08:26:00.394 I/qdhwcomposer(  174): handle_blank_event: dpy:0 panel power state: 2
11-10 08:26:00.401 I/AmbientService(  912): Ambient Updating
11-10 08:26:00.401 D/AmbientService(  912): scheduling next alarm, nowWall: 1447140360401, nextWall: 1447140420000, nowElapsed: 49371884, nextElapsed: 49431483
11-10 08:26:00.402 D/AmbientService(  912): updateAmbient: AmbientActivity[component=ComponentInfo{com.google.android.wearable.app/com.google.android.clockwork.home.HomeActivity}, callbacks=@10b985be, running=true, ambient=true] main 1
11-10 08:26:00.419 I/InputReader(  573): Reconfiguring input devices.  changes=0x00000004
11-10 08:26:00.420 I/InputReader(  573): Device reconfigured: id=3, name='synaptics_rmi4_i2c', size 320x320, orientation 0, mode 1, display id 0
11-10 08:26:00.421 I/InputReader(  573): Reconfiguring input devices.  changes=0x00000004
11-10 08:26:00.421 D/AmbientService(  912): onAmbientUpdated: AmbientActivity[component=ComponentInfo{com.google.android.wearable.app/com.google.android.clockwork.home.HomeActivity}, callbacks=@10b985be, running=true, ambient=true]Binder_2 55
11-10 08:26:00.445 D/SurfaceFlinger(  174): Set power mode=1, type=0 flinger=0xb7a47550
11-10 08:26:00.445 I/qdhwcomposer(  174): handle_blank_event: dpy:0 panel power state: 2
11-10 08:26:00.447 I/DisplayManagerService(  573): Display device changed state: "Built-in Screen", DOZE
11-10 08:26:00.462 V/ActivityManager(  573): Display changed displayId=0
11-10 08:26:00.567 I/DisplayManagerService(  573): Display device changed state: "Built-in Screen", DOZE_SUSPEND
11-10 08:26:00.574 V/ActivityManager(  573): Display changed displayId=0
11-10 08:26:00.577 D/SurfaceFlinger(  174): Set power mode=3, type=0 flinger=0xb7a47550
11-10 08:26:00.577 I/qdhwcomposer(  174): handle_blank_event: dpy:0 panel power state: 2
11-10 08:26:27.395 I/qdhwcomposer(  174): handle_blank_event: dpy:0 panel power state: 2
11-10 08:27:01.394 I/qdhwcomposer(  174): handle_blank_event: dpy:0 panel power state: 2
11-10 08:27:01.399 I/AmbientService(  912): Ambient Updating
11-10 08:27:01.400 D/AmbientService(  912): scheduling next alarm, nowWall: 1447140421400, nextWall: 1447140480000, nowElapsed: 49432882, nextElapsed: 49491482
11-10 08:27:01.401 D/AmbientService(  912): updateAmbient: AmbientActivity[component=ComponentInfo{com.google.android.wearable.app/com.google.android.clockwork.home.HomeActivity}, callbacks=@10b985be, running=true, ambient=true] main 1
11-10 08:27:01.434 I/InputReader(  573): Reconfiguring input devices.  changes=0x00000004
11-10 08:27:01.434 I/InputReader(  573): Device reconfigured: id=3, name='synaptics_rmi4_i2c', size 320x320, orientation 0, mode 1, display id 0
11-10 08:27:01.435 D/AmbientService(  912): onAmbientUpdated: AmbientActivity[component=ComponentInfo{com.google.android.wearable.app/com.google.android.clockwork.home.HomeActivity}, callbacks=@10b985be, running=true, ambient=true]Binder_3 56
11-10 08:27:01.436 I/InputReader(  573): Reconfiguring input devices.  changes=0x00000004
11-10 08:27:01.459 D/SurfaceFlinger(  174): Set power mode=1, type=0 flinger=0xb7a47550
11-10 08:27:01.459 I/qdhwcomposer(  174): handle_blank_event: dpy:0 panel power state: 2
11-10 08:27:01.460 I/DisplayManagerService(  573): Display device changed state: "Built-in Screen", DOZE
11-10 08:27:01.467 V/ActivityManager(  573): Display changed displayId=0
11-10 08:27:01.580 I/DisplayManagerService(  573): Display device changed state: "Built-in Screen", DOZE_SUSPEND
11-10 08:27:01.588 V/ActivityManager(  573): Display changed displayId=0
11-10 08:27:01.591 D/SurfaceFlinger(  174): Set power mode=3, type=0 flinger=0xb7a47550
11-10 08:27:01.591 I/qdhwcomposer(  174): handle_blank_event: dpy:0 panel power state: 2
11-10 08:28:01.395 I/qdhwcomposer(  174): handle_blank_event: dpy:0 panel power state: 2
11-10 08:28:01.404 I/AmbientService(  912): Ambient Updating
11-10 08:28:01.404 D/AmbientService(  912): scheduling next alarm, nowWall: 1447140481404, nextWall: 1447140540000, nowElapsed: 49492887, nextElapsed: 49551483
11-10 08:28:01.405 D/AmbientService(  912): updateAmbient: AmbientActivity[component=ComponentInfo{com.google.android.wearable.app/com.google.android.clockwork.home.HomeActivity}, callbacks=@10b985be, running=true, ambient=true] main 1
11-10 08:28:01.423 D/AmbientService(  912): onAmbientUpdated: AmbientActivity[component=ComponentInfo{com.google.android.wearable.app/com.google.android.clockwork.home.HomeActivity}, callbacks=@10b985be, running=true, ambient=true]Binder_1 54
11-10 08:28:01.424 I/InputReader(  573): Reconfiguring input devices.  changes=0x00000004
11-10 08:28:01.424 I/InputReader(  573): Device reconfigured: id=3, name='synaptics_rmi4_i2c', size 320x320, orientation 0, mode 1, display id 0
11-10 08:28:01.425 I/InputReader(  573): Reconfiguring input devices.  changes=0x00000004
11-10 08:28:01.448 D/SurfaceFlinger(  174): Set power mode=1, type=0 flinger=0xb7a47550
11-10 08:28:01.448 I/qdhwcomposer(  174): handle_blank_event: dpy:0 panel power state: 2
11-10 08:28:01.449 I/DisplayManagerService(  573): Display device changed state: "Built-in Screen", DOZE
11-10 08:28:01.462 V/ActivityManager(  573): Display changed displayId=0
11-10 08:28:01.570 I/DisplayManagerService(  573): Display device changed state: "Built-in Screen", DOZE_SUSPEND
11-10 08:28:01.577 V/ActivityManager(  573): Display changed displayId=0
11-10 08:28:01.580 D/SurfaceFlinger(  174): Set power mode=3, type=0 flinger=0xb7a47550
11-10 08:28:01.580 I/qdhwcomposer(  174): handle_blank_event: dpy:0 panel power state: 2
11-10 08:29:01.395 I/qdhwcomposer(  174): handle_blank_event: dpy:0 panel power state: 2
11-10 08:29:01.402 I/AmbientService(  912): Ambient Updating
11-10 08:29:01.402 D/AmbientService(  912): scheduling next alarm, nowWall: 1447140541402, nextWall: 1447140600000, nowElapsed: 49552885, nextElapsed: 49611483
11-10 08:29:01.405 D/AmbientService(  912): updateAmbient: AmbientActivity[component=ComponentInfo{com.google.android.wearable.app/com.google.android.clockwork.home.HomeActivity}, callbacks=@10b985be, running=true, ambient=true] main 1
11-10 08:29:01.425 D/AmbientService(  912): onAmbientUpdated: AmbientActivity[component=ComponentInfo{com.google.android.wearable.app/com.google.android.clockwork.home.HomeActivity}, callbacks=@10b985be, running=true, ambient=true]Binder_2 55
11-10 08:29:01.426 I/InputReader(  573): Reconfiguring input devices.  changes=0x00000004
11-10 08:29:01.426 I/InputReader(  573): Device reconfigured: id=3, name='synaptics_rmi4_i2c', size 320x320, orientation 0, mode 1, display id 0
11-10 08:29:01.427 I/InputReader(  573): Reconfiguring input devices.  changes=0x00000004
11-10 08:29:01.449 D/SurfaceFlinger(  174): Set power mode=1, type=0 flinger=0xb7a47550
11-10 08:29:01.449 I/qdhwcomposer(  174): handle_blank_event: dpy:0 panel power state: 2
11-10 08:29:01.451 I/DisplayManagerService(  573): Display device changed state: "Built-in Screen", DOZE
11-10 08:29:01.460 V/ActivityManager(  573): Display changed displayId=0
11-10 08:29:01.571 I/DisplayManagerService(  573): Display device changed state: "Built-in Screen", DOZE_SUSPEND
11-10 08:29:01.578 V/ActivityManager(  573): Display changed displayId=0
11-10 08:29:01.581 D/SurfaceFlinger(  174): Set power mode=3, type=0 flinger=0xb7a47550
11-10 08:29:01.581 I/qdhwcomposer(  174): handle_blank_event: dpy:0 panel power state: 2
11-10 08:30:01.396 I/qdhwcomposer(  174): handle_blank_event: dpy:0 panel power state: 2
11-10 08:30:01.404 I/AmbientService(  912): Ambient Updating
11-10 08:30:01.405 D/AmbientService(  912): scheduling next alarm, nowWall: 1447140601404, nextWall: 1447140660000, nowElapsed: 49612887, nextElapsed: 49671483
11-10 08:30:01.406 D/AmbientService(  912): updateAmbient: AmbientActivity[component=ComponentInfo{com.google.android.wearable.app/com.google.android.clockwork.home.HomeActivity}, callbacks=@10b985be, running=true, ambient=true] main 1
11-10 08:30:01.424 D/AmbientService(  912): onAmbientUpdated: AmbientActivity[component=ComponentInfo{com.google.android.wearable.app/com.google.android.clockwork.home.HomeActivity}, callbacks=@10b985be, running=true, ambient=true]Binder_3 56
11-10 08:30:01.425 I/InputReader(  573): Reconfiguring input devices.  changes=0x00000004
11-10 08:30:01.425 I/InputReader(  573): Device reconfigured: id=3, name='synaptics_rmi4_i2c', size 320x320, orientation 0, mode 1, display id 0
11-10 08:30:01.426 I/InputReader(  573): Reconfiguring input devices.  changes=0x00000004
11-10 08:30:01.449 D/SurfaceFlinger(  174): Set power mode=1, type=0 flinger=0xb7a47550
11-10 08:30:01.449 I/qdhwcomposer(  174): handle_blank_event: dpy:0 panel power state: 2
11-10 08:30:01.450 I/DisplayManagerService(  573): Display device changed state: "Built-in Screen", DOZE
11-10 08:30:01.464 V/ActivityManager(  573): Display changed displayId=0
11-10 08:30:01.572 I/DisplayManagerService(  573): Display device changed state: "Built-in Screen", DOZE_SUSPEND
11-10 08:30:01.579 V/ActivityManager(  573): Display changed displayId=0
11-10 08:30:01.581 D/SurfaceFlinger(  174): Set power mode=3, type=0 flinger=0xb7a47550
11-10 08:30:01.582 I/qdhwcomposer(  174): handle_blank_event: dpy:0 panel power state: 2
11-10 08:31:01.397 I/qdhwcomposer(  174): handle_blank_event: dpy:0 panel power state: 2
11-10 08:31:01.405 I/AmbientService(  912): Ambient Updating
11-10 08:31:01.405 D/AmbientService(  912): scheduling next alarm, nowWall: 1447140661405, nextWall: 1447140720000, nowElapsed: 49672888, nextElapsed: 49731483
11-10 08:31:01.407 D/AmbientService(  912): updateAmbient: AmbientActivity[component=ComponentInfo{com.google.android.wearable.app/com.google.android.clockwork.home.HomeActivity}, callbacks=@10b985be, running=true, ambient=true] main 1
11-10 08:31:01.424 D/AmbientService(  912): onAmbientUpdated: AmbientActivity[component=ComponentInfo{com.google.android.wearable.app/com.google.android.clockwork.home.HomeActivity}, callbacks=@10b985be, running=true, ambient=true]Binder_1 54
11-10 08:31:01.425 I/InputReader(  573): Reconfiguring input devices.  changes=0x00000004
11-10 08:31:01.425 I/InputReader(  573): Device reconfigured: id=3, name='synaptics_rmi4_i2c', size 320x320, orientation 0, mode 1, display id 0
11-10 08:31:01.426 I/InputReader(  573): Reconfiguring input devices.  changes=0x00000004
11-10 08:31:01.451 D/SurfaceFlinger(  174): Set power mode=1, type=0 flinger=0xb7a47550
11-10 08:31:01.451 I/qdhwcomposer(  174): handle_blank_event: dpy:0 panel power state: 2
11-10 08:31:01.451 I/DisplayManagerService(  573): Display device changed state: "Built-in Screen", DOZE
11-10 08:31:01.460 V/ActivityManager(  573): Display changed displayId=0
11-10 08:31:01.572 I/DisplayManagerService(  573): Display device changed state: "Built-in Screen", DOZE_SUSPEND
11-10 08:31:01.580 V/ActivityManager(  573): Display changed displayId=0
11-10 08:31:01.582 D/SurfaceFlinger(  174): Set power mode=3, type=0 flinger=0xb7a47550
11-10 08:31:01.582 I/qdhwcomposer(  174): handle_blank_event: dpy:0 panel power state: 2
11-10 08:32:01.396 I/qdhwcomposer(  174): handle_blank_event: dpy:0 panel power state: 2
11-10 08:32:01.405 I/AmbientService(  912): Ambient Updating
11-10 08:32:01.405 D/AmbientService(  912): scheduling next alarm, nowWall: 1447140721405, nextWall: 1447140780000, nowElapsed: 49732888, nextElapsed: 49791483
11-10 08:32:01.406 D/AmbientService(  912): updateAmbient: AmbientActivity[component=ComponentInfo{com.google.android.wearable.app/com.google.android.clockwork.home.HomeActivity}, callbacks=@10b985be, running=true, ambient=true] main 1
11-10 08:32:01.423 D/AmbientService(  912): onAmbientUpdated: AmbientActivity[component=ComponentInfo{com.google.android.wearable.app/com.google.android.clockwork.home.HomeActivity}, callbacks=@10b985be, running=true, ambient=true]Binder_2 55
11-10 08:32:01.424 I/InputReader(  573): Reconfiguring input devices.  changes=0x00000004
11-10 08:32:01.424 I/InputReader(  573): Device reconfigured: id=3, name='synaptics_rmi4_i2c', size 320x320, orientation 0, mode 1, display id 0
11-10 08:32:01.425 I/InputReader(  573): Reconfiguring input devices.  changes=0x00000004
11-10 08:32:01.448 D/SurfaceFlinger(  174): Set power mode=1, type=0 flinger=0xb7a47550
11-10 08:32:01.448 I/qdhwcomposer(  174): handle_blank_event: dpy:0 panel power state: 2
11-10 08:32:01.449 I/DisplayManagerService(  573): Display device changed state: "Built-in Screen", DOZE
11-10 08:32:01.459 V/ActivityManager(  573): Display changed displayId=0
11-10 08:32:01.570 I/DisplayManagerService(  573): Display device changed state: "Built-in Screen", DOZE_SUSPEND
11-10 08:32:01.577 V/ActivityManager(  573): Display changed displayId=0
11-10 08:32:01.579 D/SurfaceFlinger(  174): Set power mode=3, type=0 flinger=0xb7a47550
11-10 08:32:01.580 I/qdhwcomposer(  174): handle_blank_event: dpy:0 panel power state: 2
11-10 08:33:01.397 I/qdhwcomposer(  174): handle_blank_event: dpy:0 panel power state: 2
11-10 08:33:01.403 I/AmbientService(  912): Ambient Updating
11-10 08:33:01.404 D/AmbientService(  912): scheduling next alarm, nowWall: 1447140781403, nextWall: 1447140840000, nowElapsed: 49792886, nextElapsed: 49851483
11-10 08:33:01.406 D/AmbientService(  912): updateAmbient: AmbientActivity[component=ComponentInfo{com.google.android.wearable.app/com.google.android.clockwork.home.HomeActivity}, callbacks=@10b985be, running=true, ambient=true] main 1
11-10 08:33:01.427 D/AmbientService(  912): onAmbientUpdated: AmbientActivity[component=ComponentInfo{com.google.android.wearable.app/com.google.android.clockwork.home.HomeActivity}, callbacks=@10b985be, running=true, ambient=true]Binder_3 56
11-10 08:33:01.428 I/InputReader(  573): Reconfiguring input devices.  changes=0x00000004
11-10 08:33:01.428 I/InputReader(  573): Device reconfigured: id=3, name='synaptics_rmi4_i2c', size 320x320, orientation 0, mode 1, display id 0
11-10 08:33:01.429 I/InputReader(  573): Reconfiguring input devices.  changes=0x00000004
11-10 08:33:01.451 D/SurfaceFlinger(  174): Set power mode=1, type=0 flinger=0xb7a47550
11-10 08:33:01.451 I/qdhwcomposer(  174): handle_blank_event: dpy:0 panel power state: 2
11-10 08:33:01.452 I/DisplayManagerService(  573): Display device changed state: "Built-in Screen", DOZE
11-10 08:33:01.462 V/ActivityManager(  573): Display changed displayId=0
11-10 08:33:01.571 I/DisplayManagerService(  573): Display device changed state: "Built-in Screen", DOZE_SUSPEND
11-10 08:33:01.578 V/ActivityManager(  573): Display changed displayId=0
11-10 08:33:01.581 D/SurfaceFlinger(  174): Set power mode=3, type=0 flinger=0xb7a47550
11-10 08:33:01.581 I/qdhwcomposer(  174): handle_blank_event: dpy:0 panel power state: 2
11-10 08:34:01.398 I/qdhwcomposer(  174): handle_blank_event: dpy:0 panel power state: 2
11-10 08:34:01.409 I/AmbientService(  912): Ambient Updating
11-10 08:34:01.409 D/AmbientService(  912): scheduling next alarm, nowWall: 1447140841409, nextWall: 1447140900000, nowElapsed: 49852891, nextElapsed: 49911482
11-10 08:34:01.410 D/AmbientService(  912): updateAmbient: AmbientActivity[component=ComponentInfo{com.google.android.wearable.app/com.google.android.clockwork.home.HomeActivity}, callbacks=@10b985be, running=true, ambient=true] main 1
11-10 08:34:01.423 I/InputReader(  573): Reconfiguring input devices.  changes=0x00000004
11-10 08:34:01.424 I/InputReader(  573): Device reconfigured: id=3, name='synaptics_rmi4_i2c', size 320x320, orientation 0, mode 1, display id 0
11-10 08:34:01.428 D/AmbientService(  912): onAmbientUpdated: AmbientActivity[component=ComponentInfo{com.google.android.wearable.app/com.google.android.clockwork.home.HomeActivity}, callbacks=@10b985be, running=true, ambient=true]Binder_1 54
11-10 08:34:01.428 I/InputReader(  573): Reconfiguring input devices.  changes=0x00000004
11-10 08:34:01.452 D/SurfaceFlinger(  174): Set power mode=1, type=0 flinger=0xb7a47550
11-10 08:34:01.452 I/qdhwcomposer(  174): handle_blank_event: dpy:0 panel power state: 2
11-10 08:34:01.453 I/DisplayManagerService(  573): Display device changed state: "Built-in Screen", DOZE
11-10 08:34:01.458 V/ActivityManager(  573): Display changed displayId=0
11-10 08:34:01.572 I/DisplayManagerService(  573): Display device changed state: "Built-in Screen", DOZE_SUSPEND
11-10 08:34:01.579 V/ActivityManager(  573): Display changed displayId=0
11-10 08:34:01.582 D/SurfaceFlinger(  174): Set power mode=3, type=0 flinger=0xb7a47550
11-10 08:34:01.582 I/qdhwcomposer(  174): handle_blank_event: dpy:0 panel power state: 2
11-10 08:35:01.397 I/qdhwcomposer(  174): handle_blank_event: dpy:0 panel power state: 2
11-10 08:35:01.404 I/AmbientService(  912): Ambient Updating
11-10 08:35:01.404 D/AmbientService(  912): scheduling next alarm, nowWall: 1447140901404, nextWall: 1447140960000, nowElapsed: 49912887, nextElapsed: 49971483
11-10 08:35:01.407 D/AmbientService(  912): updateAmbient: AmbientActivity[component=ComponentInfo{com.google.android.wearable.app/com.google.android.clockwork.home.HomeActivity}, callbacks=@10b985be, running=true, ambient=true] main 1
11-10 08:35:01.426 D/AmbientService(  912): onAmbientUpdated: AmbientActivity[component=ComponentInfo{com.google.android.wearable.app/com.google.android.clockwork.home.HomeActivity}, callbacks=@10b985be, running=true, ambient=true]Binder_2 55
11-10 08:35:01.428 I/InputReader(  573): Reconfiguring input devices.  changes=0x00000004
11-10 08:35:01.428 I/InputReader(  573): Device reconfigured: id=3, name='synaptics_rmi4_i2c', size 320x320, orientation 0, mode 1, display id 0
11-10 08:35:01.429 I/InputReader(  573): Reconfiguring input devices.  changes=0x00000004
11-10 08:35:01.452 D/SurfaceFlinger(  174): Set power mode=1, type=0 flinger=0xb7a47550
11-10 08:35:01.452 I/qdhwcomposer(  174): handle_blank_event: dpy:0 panel power state: 2
11-10 08:35:01.453 I/DisplayManagerService(  573): Display device changed state: "Built-in Screen", DOZE
11-10 08:35:01.475 V/ActivityManager(  573): Display changed displayId=0
11-10 08:35:01.513 I/ActivityManager(  573): Delay finish: com.google.android.apps.fitness/com.google.android.wearable.fitness.summary.notification.NotificationReceiver
11-10 08:35:01.529 I/FitnessWearable( 1225): Checking fitness notification
11-10 08:35:01.573 I/DisplayManagerService(  573): Display device changed state: "Built-in Screen", DOZE_SUSPEND
11-10 08:35:01.579 D/SurfaceFlinger(  174): Set power mode=3, type=0 flinger=0xb7a47550
11-10 08:35:01.579 I/qdhwcomposer(  174): handle_blank_event: dpy:0 panel power state: 2
11-10 08:35:01.581 V/ActivityManager(  573): Display changed displayId=0
11-10 08:35:02.214 I/FitnessWearable( 1225): Fitness Platform Queries took: 563 ms
11-10 08:35:02.324 W/ResourcesManager(  735): Asset path '/system/framework/com.google.android.wearable.jar' does not exist or contains no resources.
11-10 08:35:02.376 I/ActivityManager(  573): Resuming delayed broadcast
11-10 08:35:02.451 I/art     (  735): Background partial concurrent mark sweep GC freed 9599(412KB) AllocSpace objects, 3(2020KB) LOS objects, 10% free, 16MB/18MB, paused 1.550ms total 111.263ms
11-10 08:35:02.476 I/DisplayManagerService(  573): Display device changed state: "Built-in Screen", DOZE
11-10 08:35:02.482 D/SurfaceFlinger(  174): Set power mode=1, type=0 flinger=0xb7a47550
11-10 08:35:02.483 I/qdhwcomposer(  174): handle_blank_event: dpy:0 panel power state: 2
11-10 08:35:02.483 V/ActivityManager(  573): Display changed displayId=0
11-10 08:35:02.656 D/AuthZenListenerService(  970): onMessageReceived: MessageEventParcelable[16506,/WearablesSync/Ack/tommy.thorsen@gmail.com, size=22], Path: /WearablesSync/Ack/tommy.thorsen@gmail.com
11-10 08:35:02.661 I/DisplayManagerService(  573): Display device changed state: "Built-in Screen", DOZE_SUSPEND
11-10 08:35:02.667 D/SurfaceFlinger(  174): Set power mode=3, type=0 flinger=0xb7a47550
11-10 08:35:02.668 I/qdhwcomposer(  174): handle_blank_event: dpy:0 panel power state: 2
11-10 08:35:02.670 V/ActivityManager(  573): Display changed displayId=0
11-10 08:35:02.677 D/AuthZenWearListenerService(  970): onMessageReceived : MessageEventParcelable[16506,/WearablesSync/Ack/tommy.thorsen@gmail.com, size=22], Path: /WearablesSync/Ack/tommy.thorsen@gmail.com
11-10 08:35:02.692 W/ResourcesManager(  735): Asset path '/system/framework/com.google.android.wearable.jar' does not exist or contains no resources.
11-10 08:35:02.708 I/DisplayManagerService(  573): Display device changed state: "Built-in Screen", DOZE
11-10 08:35:02.714 D/SurfaceFlinger(  174): Set power mode=1, type=0 flinger=0xb7a47550
11-10 08:35:02.714 I/qdhwcomposer(  174): handle_blank_event: dpy:0 panel power state: 2
11-10 08:35:02.715 V/ActivityManager(  573): Display changed displayId=0
11-10 08:35:02.878 I/DisplayManagerService(  573): Display device changed state: "Built-in Screen", DOZE_SUSPEND
11-10 08:35:02.884 D/SurfaceFlinger(  174): Set power mode=3, type=0 flinger=0xb7a47550
11-10 08:35:02.884 I/qdhwcomposer(  174): handle_blank_event: dpy:0 panel power state: 2
11-10 08:35:02.887 V/ActivityManager(  573): Display changed displayId=0
11-10 08:35:03.225 I/DisplayManagerService(  573): Display device changed state: "Built-in Screen", DOZE
11-10 08:35:03.231 D/SurfaceFlinger(  174): Set power mode=1, type=0 flinger=0xb7a47550
11-10 08:35:03.231 I/qdhwcomposer(  174): handle_blank_event: dpy:0 panel power state: 2
11-10 08:35:03.232 V/ActivityManager(  573): Display changed displayId=0
11-10 08:35:03.478 I/DisplayManagerService(  573): Display device changed state: "Built-in Screen", DOZE_SUSPEND
11-10 08:35:03.478 V/ActivityManager(  573): Display changed displayId=0
11-10 08:35:03.487 D/SurfaceFlinger(  174): Set power mode=3, type=0 flinger=0xb7a47550
11-10 08:35:03.487 I/qdhwcomposer(  174): handle_blank_event: dpy:0 panel power state: 2
11-10 08:35:03.553 W/art     (  735): Suspending all threads took: 15.898ms
11-10 08:35:03.565 I/art     (  735): Background sticky concurrent mark sweep GC freed 4559(339KB) AllocSpace objects, 30(480KB) LOS objects, 3% free, 18MB/18MB, paused 18.019ms total 122.744ms
11-10 08:35:03.808 I/art     (  774): Background partial concurrent mark sweep GC freed 45169(2MB) AllocSpace objects, 0(0B) LOS objects, 17% free, 9MB/11MB, paused 2.335ms total 173.378ms
11-10 08:35:03.947 V/RenderScript(  735): 0xb7960730 Launching thread(s), CPUs 4
11-10 08:35:04.582 I/art     (  824): Explicit concurrent mark sweep GC freed 3479(210KB) AllocSpace objects, 5(80KB) LOS objects, 21% free, 7MB/9MB, paused 1.290ms total 54.267ms
11-10 08:35:05.570 I/FitnessWearable( 1225): Completed Phone Sync
11-10 08:35:05.571 I/FitnessWearable( 1225): Checking on account update
11-10 08:35:05.784 I/FitnessWearable( 1225): Initialized Fitness Account
11-10 08:35:06.393 W/bt-btif ( 1087): dm_pm_timer expires
11-10 08:35:06.394 W/bt-btif ( 1087): dm_pm_timer expires 0
11-10 08:35:06.394 W/bt-btif ( 1087): proc dm_pm_timer expires
11-10 08:35:37.070 I/qdhwcomposer(  174): handle_blank_event: dpy:0 panel power state: 2
11-10 08:35:37.079 D/AuthZenListenerService(  970): onMessageReceived: MessageEventParcelable[16507,com/google/android/location/fused/wearable/LOCATIONS, size=362], Path: com/google/android/location/fused/wearable/LOCATIONS
11-10 08:35:37.080 D/AuthZenWearListenerService(  970): onMessageReceived : MessageEventParcelable[16507,com/google/android/location/fused/wearable/LOCATIONS, size=362], Path: com/google/android/location/fused/wearable/LOCATIONS
11-10 08:35:39.095 W/bt-btif ( 1087): dm_pm_timer expires
11-10 08:35:39.095 W/bt-btif ( 1087): dm_pm_timer expires 0
11-10 08:35:39.095 W/bt-btif ( 1087): proc dm_pm_timer expires
11-10 08:36:01.394 I/qdhwcomposer(  174): handle_blank_event: dpy:0 panel power state: 2
11-10 08:36:01.399 I/AmbientService(  912): Ambient Updating
11-10 08:36:01.399 D/AmbientService(  912): scheduling next alarm, nowWall: 1447140961399, nextWall: 1447141020000, nowElapsed: 49972882, nextElapsed: 50031483
11-10 08:36:01.400 D/AmbientService(  912): updateAmbient: AmbientActivity[component=ComponentInfo{com.google.android.wearable.app/com.google.android.clockwork.home.HomeActivity}, callbacks=@10b985be, running=true, ambient=true] main 1
11-10 08:36:01.412 I/InputReader(  573): Reconfiguring input devices.  changes=0x00000004
11-10 08:36:01.412 I/InputReader(  573): Device reconfigured: id=3, name='synaptics_rmi4_i2c', size 320x320, orientation 0, mode 1, display id 0
11-10 08:36:01.415 D/AmbientService(  912): onAmbientUpdated: AmbientActivity[component=ComponentInfo{com.google.android.wearable.app/com.google.android.clockwork.home.HomeActivity}, callbacks=@10b985be, running=true, ambient=true]Binder_3 56
11-10 08:36:01.417 I/InputReader(  573): Reconfiguring input devices.  changes=0x00000004
11-10 08:36:01.440 D/SurfaceFlinger(  174): Set power mode=1, type=0 flinger=0xb7a47550
11-10 08:36:01.440 I/qdhwcomposer(  174): handle_blank_event: dpy:0 panel power state: 2
11-10 08:36:01.442 I/DisplayManagerService(  573): Display device changed state: "Built-in Screen", DOZE
11-10 08:36:01.451 V/ActivityManager(  573): Display changed displayId=0
11-10 08:36:01.562 I/DisplayManagerService(  573): Display device changed state: "Built-in Screen", DOZE_SUSPEND
11-10 08:36:01.569 V/ActivityManager(  573): Display changed displayId=0
11-10 08:36:01.572 D/SurfaceFlinger(  174): Set power mode=3, type=0 flinger=0xb7a47550
11-10 08:36:01.572 I/qdhwcomposer(  174): handle_blank_event: dpy:0 panel power state: 2
11-10 08:36:27.398 I/qdhwcomposer(  174): handle_blank_event: dpy:0 panel power state: 2
11-10 08:37:01.398 I/qdhwcomposer(  174): handle_blank_event: dpy:0 panel power state: 2
11-10 08:37:01.404 I/AmbientService(  912): Ambient Updating
11-10 08:37:01.405 D/AmbientService(  912): scheduling next alarm, nowWall: 1447141021405, nextWall: 1447141080000, nowElapsed: 50032887, nextElapsed: 50091482
11-10 08:37:01.406 D/AmbientService(  912): updateAmbient: AmbientActivity[component=ComponentInfo{com.google.android.wearable.app/com.google.android.clockwork.home.HomeActivity}, callbacks=@10b985be, running=true, ambient=true] main 1
11-10 08:37:01.432 I/InputReader(  573): Reconfiguring input devices.  changes=0x00000004
11-10 08:37:01.432 I/InputReader(  573): Device reconfigured: id=3, name='synaptics_rmi4_i2c', size 320x320, orientation 0, mode 1, display id 0
11-10 08:37:01.433 I/InputReader(  573): Reconfiguring input devices.  changes=0x00000004
11-10 08:37:01.434 D/AmbientService(  912): onAmbientUpdated: AmbientActivity[component=ComponentInfo{com.google.android.wearable.app/com.google.android.clockwork.home.HomeActivity}, callbacks=@10b985be, running=true, ambient=true]Binder_1 54
11-10 08:37:01.457 D/SurfaceFlinger(  174): Set power mode=1, type=0 flinger=0xb7a47550
11-10 08:37:01.457 I/qdhwcomposer(  174): handle_blank_event: dpy:0 panel power state: 2
11-10 08:37:01.458 I/DisplayManagerService(  573): Display device changed state: "Built-in Screen", DOZE
11-10 08:37:01.474 V/ActivityManager(  573): Display changed displayId=0
11-10 08:37:01.578 I/DisplayManagerService(  573): Display device changed state: "Built-in Screen", DOZE_SUSPEND
11-10 08:37:01.584 D/SurfaceFlinger(  174): Set power mode=3, type=0 flinger=0xb7a47550
11-10 08:37:01.584 I/qdhwcomposer(  174): handle_blank_event: dpy:0 panel power state: 2
11-10 08:37:01.587 V/ActivityManager(  573): Display changed displayId=0
11-10 08:38:01.398 I/qdhwcomposer(  174): handle_blank_event: dpy:0 panel power state: 2
11-10 08:38:01.404 I/AmbientService(  912): Ambient Updating
11-10 08:38:01.404 D/AmbientService(  912): scheduling next alarm, nowWall: 1447141081404, nextWall: 1447141140000, nowElapsed: 50092887, nextElapsed: 50151483
11-10 08:38:01.407 D/AmbientService(  912): updateAmbient: AmbientActivity[component=ComponentInfo{com.google.android.wearable.app/com.google.android.clockwork.home.HomeActivity}, callbacks=@10b985be, running=true, ambient=true] main 1
11-10 08:38:01.553 I/art     (  573): Explicit concurrent mark sweep GC freed 28226(1465KB) AllocSpace objects, 2(32KB) LOS objects, 15% free, 11MB/13MB, paused 1.876ms total 135.010ms
11-10 08:38:01.556 I/InputReader(  573): Reconfiguring input devices.  changes=0x00000004
11-10 08:38:01.556 I/InputReader(  573): Device reconfigured: id=3, name='synaptics_rmi4_i2c', size 320x320, orientation 0, mode 1, display id 0
11-10 08:38:01.560 D/AmbientService(  912): onAmbientUpdated: AmbientActivity[component=ComponentInfo{com.google.android.wearable.app/com.google.android.clockwork.home.HomeActivity}, callbacks=@10b985be, running=true, ambient=true]Binder_2 55
11-10 08:38:01.593 I/DisplayManagerService(  573): Display device changed state: "Built-in Screen", DOZE
11-10 08:38:01.599 D/SurfaceFlinger(  174): Set power mode=1, type=0 flinger=0xb7a47550
11-10 08:38:01.599 I/qdhwcomposer(  174): handle_blank_event: dpy:0 panel power state: 2
11-10 08:38:01.599 V/ActivityManager(  573): Display changed displayId=0
11-10 08:38:01.713 I/DisplayManagerService(  573): Display device changed state: "Built-in Screen", DOZE_SUSPEND
11-10 08:38:01.719 D/SurfaceFlinger(  174): Set power mode=3, type=0 flinger=0xb7a47550
11-10 08:38:01.719 I/qdhwcomposer(  174): handle_blank_event: dpy:0 panel power state: 2
11-10 08:38:01.722 V/ActivityManager(  573): Display changed displayId=0
11-10 08:39:01.399 I/qdhwcomposer(  174): handle_blank_event: dpy:0 panel power state: 2
11-10 08:39:01.408 I/AmbientService(  912): Ambient Updating
11-10 08:39:01.408 D/AmbientService(  912): scheduling next alarm, nowWall: 1447141141408, nextWall: 1447141200000, nowElapsed: 50152891, nextElapsed: 50211483
11-10 08:39:01.409 D/AmbientService(  912): updateAmbient: AmbientActivity[component=ComponentInfo{com.google.android.wearable.app/com.google.android.clockwork.home.HomeActivity}, callbacks=@10b985be, running=true, ambient=true] main 1
11-10 08:39:01.441 I/InputReader(  573): Reconfiguring input devices.  changes=0x00000004
11-10 08:39:01.441 I/InputReader(  573): Device reconfigured: id=3, name='synaptics_rmi4_i2c', size 320x320, orientation 0, mode 1, display id 0
11-10 08:39:01.442 I/InputReader(  573): Reconfiguring input devices.  changes=0x00000004
11-10 08:39:01.443 D/AmbientService(  912): onAmbientUpdated: AmbientActivity[component=ComponentInfo{com.google.android.wearable.app/com.google.android.clockwork.home.HomeActivity}, callbacks=@10b985be, running=true, ambient=true]Binder_3 56
11-10 08:39:01.467 D/SurfaceFlinger(  174): Set power mode=1, type=0 flinger=0xb7a47550
11-10 08:39:01.467 I/qdhwcomposer(  174): handle_blank_event: dpy:0 panel power state: 2
11-10 08:39:01.468 I/DisplayManagerService(  573): Display device changed state: "Built-in Screen", DOZE
11-10 08:39:01.484 V/ActivityManager(  573): Display changed displayId=0
11-10 08:39:01.589 I/DisplayManagerService(  573): Display device changed state: "Built-in Screen", DOZE_SUSPEND
11-10 08:39:01.596 V/ActivityManager(  573): Display changed displayId=0
11-10 08:39:01.598 D/SurfaceFlinger(  174): Set power mode=3, type=0 flinger=0xb7a47550
11-10 08:39:01.599 I/qdhwcomposer(  174): handle_blank_event: dpy:0 panel power state: 2
11-10 08:39:01.737 E/libsuspend(  573): Error writing to /sys/power/state: Device or resource busy
11-10 08:40:01.399 I/qdhwcomposer(  174): handle_blank_event: dpy:0 panel power state: 2
11-10 08:40:01.405 I/AmbientService(  912): Ambient Updating
11-10 08:40:01.405 D/AmbientService(  912): scheduling next alarm, nowWall: 1447141201405, nextWall: 1447141260000, nowElapsed: 50212888, nextElapsed: 50271483
11-10 08:40:01.407 D/AmbientService(  912): updateAmbient: AmbientActivity[component=ComponentInfo{com.google.android.wearable.app/com.google.android.clockwork.home.HomeActivity}, callbacks=@10b985be, running=true, ambient=true] main 1
11-10 08:40:01.435 I/InputReader(  573): Reconfiguring input devices.  changes=0x00000004
11-10 08:40:01.435 I/InputReader(  573): Device reconfigured: id=3, name='synaptics_rmi4_i2c', size 320x320, orientation 0, mode 1, display id 0
11-10 08:40:01.436 I/InputReader(  573): Reconfiguring input devices.  changes=0x00000004
11-10 08:40:01.437 D/AmbientService(  912): onAmbientUpdated: AmbientActivity[component=ComponentInfo{com.google.android.wearable.app/com.google.android.clockwork.home.HomeActivity}, callbacks=@10b985be, running=true, ambient=true]Binder_1 54
11-10 08:40:01.460 D/SurfaceFlinger(  174): Set power mode=1, type=0 flinger=0xb7a47550
11-10 08:40:01.460 I/qdhwcomposer(  174): handle_blank_event: dpy:0 panel power state: 2
11-10 08:40:01.461 I/DisplayManagerService(  573): Display device changed state: "Built-in Screen", DOZE
11-10 08:40:01.471 V/ActivityManager(  573): Display changed displayId=0
11-10 08:40:01.581 I/DisplayManagerService(  573): Display device changed state: "Built-in Screen", DOZE_SUSPEND
11-10 08:40:01.588 V/ActivityManager(  573): Display changed displayId=0
11-10 08:40:01.590 D/SurfaceFlinger(  174): Set power mode=3, type=0 flinger=0xb7a47550
11-10 08:40:01.590 I/qdhwcomposer(  174): handle_blank_event: dpy:0 panel power state: 2
11-10 08:41:01.400 I/qdhwcomposer(  174): handle_blank_event: dpy:0 panel power state: 2
11-10 08:41:01.406 I/AmbientService(  912): Ambient Updating
11-10 08:41:01.407 D/AmbientService(  912): scheduling next alarm, nowWall: 1447141261407, nextWall: 1447141320000, nowElapsed: 50272889, nextElapsed: 50331482
11-10 08:41:01.409 D/AmbientService(  912): updateAmbient: AmbientActivity[component=ComponentInfo{com.google.android.wearable.app/com.google.android.clockwork.home.HomeActivity}, callbacks=@10b985be, running=true, ambient=true] main 1
11-10 08:41:01.429 I/InputReader(  573): Reconfiguring input devices.  changes=0x00000004
11-10 08:41:01.429 I/InputReader(  573): Device reconfigured: id=3, name='synaptics_rmi4_i2c', size 320x320, orientation 0, mode 1, display id 0
11-10 08:41:01.430 I/InputReader(  573): Reconfiguring input devices.  changes=0x00000004
11-10 08:41:01.431 D/AmbientService(  912): onAmbientUpdated: AmbientActivity[component=ComponentInfo{com.google.android.wearable.app/com.google.android.clockwork.home.HomeActivity}, callbacks=@10b985be, running=true, ambient=true]Binder_2 55
11-10 08:41:01.454 D/SurfaceFlinger(  174): Set power mode=1, type=0 flinger=0xb7a47550
11-10 08:41:01.454 I/qdhwcomposer(  174): handle_blank_event: dpy:0 panel power state: 2
11-10 08:41:01.455 I/DisplayManagerService(  573): Display device changed state: "Built-in Screen", DOZE
11-10 08:41:01.463 V/ActivityManager(  573): Display changed displayId=0
11-10 08:41:01.576 I/DisplayManagerService(  573): Display device changed state: "Built-in Screen", DOZE_SUSPEND
11-10 08:41:01.583 V/ActivityManager(  573): Display changed displayId=0
11-10 08:41:01.586 D/SurfaceFlinger(  174): Set power mode=3, type=0 flinger=0xb7a47550
11-10 08:41:01.586 I/qdhwcomposer(  174): handle_blank_event: dpy:0 panel power state: 2
11-10 08:42:01.400 I/qdhwcomposer(  174): handle_blank_event: dpy:0 panel power state: 2
11-10 08:42:01.406 I/AmbientService(  912): Ambient Updating
11-10 08:42:01.406 D/AmbientService(  912): scheduling next alarm, nowWall: 1447141321406, nextWall: 1447141380000, nowElapsed: 50332889, nextElapsed: 50391483
11-10 08:42:01.410 D/AmbientService(  912): updateAmbient: AmbientActivity[component=ComponentInfo{com.google.android.wearable.app/com.google.android.clockwork.home.HomeActivity}, callbacks=@10b985be, running=true, ambient=true] main 1
11-10 08:42:01.433 D/AmbientService(  912): onAmbientUpdated: AmbientActivity[component=ComponentInfo{com.google.android.wearable.app/com.google.android.clockwork.home.HomeActivity}, callbacks=@10b985be, running=true, ambient=true]Binder_3 56
11-10 08:42:01.434 I/InputReader(  573): Reconfiguring input devices.  changes=0x00000004
11-10 08:42:01.434 I/InputReader(  573): Device reconfigured: id=3, name='synaptics_rmi4_i2c', size 320x320, orientation 0, mode 1, display id 0
11-10 08:42:01.435 I/InputReader(  573): Reconfiguring input devices.  changes=0x00000004
11-10 08:42:01.458 D/SurfaceFlinger(  174): Set power mode=1, type=0 flinger=0xb7a47550
11-10 08:42:01.458 I/qdhwcomposer(  174): handle_blank_event: dpy:0 panel power state: 2
11-10 08:42:01.459 I/DisplayManagerService(  573): Display device changed state: "Built-in Screen", DOZE
11-10 08:42:01.466 V/ActivityManager(  573): Display changed displayId=0
11-10 08:42:01.579 I/DisplayManagerService(  573): Display device changed state: "Built-in Screen", DOZE_SUSPEND
11-10 08:42:01.579 V/ActivityManager(  573): Display changed displayId=0
11-10 08:42:01.580 D/SurfaceFlinger(  174): Set power mode=3, type=0 flinger=0xb7a47550
11-10 08:42:01.580 I/qdhwcomposer(  174): handle_blank_event: dpy:0 panel power state: 2
11-10 08:42:43.498 I/qdhwcomposer(  174): handle_blank_event: dpy:0 panel power state: 2
11-10 08:42:43.538 D/AuthZenListenerService(  970): onMessageReceived: MessageEventParcelable[16508,com/google/android/location/fused/wearable/LOCATIONS, size=362], Path: com/google/android/location/fused/wearable/LOCATIONS
11-10 08:42:43.539 D/AuthZenWearListenerService(  970): onMessageReceived : MessageEventParcelable[16508,com/google/android/location/fused/wearable/LOCATIONS, size=362], Path: com/google/android/location/fused/wearable/LOCATIONS
11-10 08:42:46.341 W/bt-btif ( 1087): dm_pm_timer expires
11-10 08:42:46.341 W/bt-btif ( 1087): dm_pm_timer expires 0
11-10 08:42:46.341 W/bt-btif ( 1087): proc dm_pm_timer expires
11-10 08:42:50.591 I/qdhwcomposer(  174): handle_blank_event: dpy:0 panel power state: 2
11-10 08:42:50.592 I/PowerManagerService(  573): Waking up from dozing (uid 1000)...
11-10 08:42:50.593 V/KeyguardServiceDelegate(  573): onScreenTurnedOn(showListener = com.android.internal.policy.impl.PhoneWindowManager$2@1a6c5e2a)
11-10 08:42:50.603 E/InputMethodManagerService(  573): Ignoring setImeWindowStatus due to an invalid token. uid:1000 token:null
11-10 08:42:50.608 E/WifiStateMachine(  573): cancelDelayedScan -> 212
11-10 08:42:50.611 V/KeyguardServiceDelegate(  573): **** SHOWN CALLED ****
11-10 08:42:50.618 D/audio_hw_primary(  196): adev_set_parameters: enter: screen_state=on
11-10 08:42:50.625 D/PowerHAL(  573): IDLE_MODE(touch) -> 0
11-10 08:42:50.627 I/DisplayManagerService(  573): Display device changed state: "Built-in Screen", ON
11-10 08:42:50.633 D/SurfaceFlinger(  174): Set power mode=2, type=0 flinger=0xb7a47550
11-10 08:42:50.644 I/qdhwcomposer(  174): handle_blank_event: dpy:0 panel power state: 1
11-10 08:42:50.659 V/ActivityManager(  573): Display changed displayId=0
11-10 08:42:50.676 D/DeepAmbientRecognition(  735): onDestroy
11-10 08:42:50.684 I/DreamManagerService(  573): Gently waking up from dream.
11-10 08:42:50.685 V/DreamService[AmbientDream](  912): wakeUp(): fromSystem=true, mWaking=false, mFinished=false
11-10 08:42:50.685 V/DreamService[AmbientDream](  912): finish(): mFinished=false
11-10 08:42:50.685 I/DreamManagerService(  573): Leaving dreamland.
11-10 08:42:50.686 I/DreamController(  573): Stopping dream: name=ComponentInfo{com.google.android.wearable.ambient/com.google.android.wearable.ambient.AmbientDream}, isTest=false, canDoze=true, userId=0
11-10 08:42:50.690 V/DreamService[AmbientDream](  912): detach(): Calling onDreamingStopped()
11-10 08:42:50.690 I/AmbientService(  912): Ambient Stopping
11-10 08:42:50.691 D/AmbientService(  912): exitAmbient: AmbientActivity[component=ComponentInfo{com.google.android.wearable.app/com.google.android.clockwork.home.HomeActivity}, callbacks=@10b985be, running=true, ambient=true] main 1
11-10 08:42:50.700 D/AmbientService(  912): AmbientDreamStub.detach called while disabled
11-10 08:42:50.718 I/InputReader(  573): Reconfiguring input devices.  changes=0x00000004
11-10 08:42:50.718 I/InputReader(  573): Device reconfigured: id=3, name='synaptics_rmi4_i2c', size 320x320, orientation 0, mode 1, display id 0
11-10 08:42:50.720 I/InputReader(  573): Reconfiguring input devices.  changes=0x00000004
11-10 08:42:50.722 V/DreamService[AmbientDream](  912): onDestroy()
11-10 08:42:50.728 I/AudioFlinger(  196): AudioFlinger's thread 0xb5614008 ready to run
11-10 08:42:50.740 D/audio_hw_primary(  196): select_devices: out_snd_device(0: none) in_snd_device(55: voice-rec-mic)
11-10 08:42:50.741 D/msm8974_platform(  196): platform_send_audio_calibration: sending audio calibration for snd_device(55) acdb_id(62)
11-10 08:42:50.741 D/        (  196): Failed to fetch the lookup information of the device 0000003E 
11-10 08:42:50.741 D/        (  196): Failed to fetch the lookup information of the device 0000003E 
11-10 08:42:50.741 D/audio_hw_primary(  196): enable_snd_device: snd_device(55: voice-rec-mic)
11-10 08:42:50.752 I/InputReader(  573): Reconfiguring input devices.  changes=0x00000004
11-10 08:42:50.752 I/InputReader(  573): Device reconfigured: id=3, name='synaptics_rmi4_i2c', size 320x320, orientation 0, mode 1, display id 0
11-10 08:42:50.753 I/InputReader(  573): Reconfiguring input devices.  changes=0x00000004
11-10 08:42:50.762 D/audio_hw_primary(  196): enable_audio_route: apply and update mixer path: audio-record
11-10 08:42:50.772 I/InputReader(  573): Reconfiguring input devices.  changes=0x00000004
11-10 08:42:50.772 I/InputReader(  573): Device reconfigured: id=3, name='synaptics_rmi4_i2c', size 320x320, orientation 0, mode 1, display id 0
11-10 08:42:50.781 I/InputReader(  573): Reconfiguring input devices.  changes=0x00000004
11-10 08:42:50.803 D/AmbientService(  912): onAmbientExited: AmbientActivity[component=ComponentInfo{com.google.android.wearable.app/com.google.android.clockwork.home.HomeActivity}, callbacks=@10b985be, running=true, ambient=false] Binder_1 54
11-10 08:42:54.585 E/StreamLayout(  735): Unknown action type: 5
11-10 08:42:54.656 E/ClockworkHome.HomeView(  735): Error: No data for our primary pointer.
11-10 08:42:54.720 E/ClockworkHome.HomeView(  735): Error: No data for our primary pointer.
11-10 08:42:54.758 E/ClockworkHome.HomeView(  735): Error: No data for our primary pointer.
11-10 08:42:54.775 E/ClockworkHome.HomeView(  735): Error: No data for our primary pointer.
11-10 08:42:54.789 E/ClockworkHome.HomeView(  735): Error: No data for our primary pointer.
11-10 08:42:54.818 E/ClockworkHome.HomeView(  735): Error: No data for our primary pointer.
11-10 08:42:54.841 E/ClockworkHome.HomeView(  735): Error: No data for our primary pointer.
11-10 08:42:54.862 E/ClockworkHome.HomeView(  735): Error: No data for our primary pointer.
11-10 08:42:54.877 E/ClockworkHome.HomeView(  735): Error: No data for our primary pointer.
11-10 08:42:54.895 E/ClockworkHome.HomeView(  735): Error: No data for our primary pointer.
11-10 08:42:54.911 E/ClockworkHome.HomeView(  735): Error: No data for our primary pointer.
11-10 08:42:54.928 E/ClockworkHome.HomeView(  735): Error: No data for our primary pointer.
11-10 08:42:54.945 E/ClockworkHome.HomeView(  735): Error: No data for our primary pointer.
11-10 08:42:54.954 E/ClockworkHome.HomeView(  735): Error: No data for our primary pointer.
11-10 08:42:54.955 E/StreamLayout(  735): Unknown action type: 5
11-10 08:42:55.339 I/WindowManager(  573): sleepRelease() calling goToSleep(GO_TO_SLEEP_REASON_SLEEP_BUTTON)
11-10 08:42:55.339 I/PowerManagerService(  573): Going to sleep due to sleep button (uid 1000)...
11-10 08:42:55.340 I/DreamManagerService(  573): Entering dreamland.
11-10 08:42:55.340 I/PowerManagerService(  573): Dozing...
11-10 08:42:55.341 I/DreamController(  573): Starting dream: name=ComponentInfo{com.google.android.wearable.ambient/com.google.android.wearable.ambient.AmbientDream}, isTest=false, canDoze=true, userId=0
11-10 08:42:55.352 E/InputMethodManagerService(  573): Ignoring setImeWindowStatus due to an invalid token. uid:1000 token:null
11-10 08:42:55.353 E/InputMethodManagerService(  573): Ignoring setImeWindowStatus due to an invalid token. uid:1000 token:null
11-10 08:42:55.356 E/WifiStateMachine(  573): cancelDelayedScan -> 213
11-10 08:42:55.359 D/audio_hw_primary(  196): adev_set_parameters: enter: screen_state=off
11-10 08:42:55.388 D/DeepAmbientRecognition(  735): onCreate
11-10 08:42:55.393 V/DreamService[AmbientDream](  912): onBind() intent = Intent { act=android.service.dreams.DreamService flg=0x800000 cmp=com.google.android.wearable.ambient/.AmbientDream }
11-10 08:42:55.411 D/AmbientService(  912): onReceive Intent { act=android.intent.action.SCREEN_OFF flg=0x50000010 } true
11-10 08:42:55.412 D/AmbientService(  912): AmbientDreamRegistrationServiceStub.attach: dream: AmbientComponentConfig[component=ComponentInfo{com.google.android.wearable.ambient/com.google.android.wearable.ambient.AmbientDream}]
11-10 08:42:55.413 D/AmbientService(  912): findRunningActivities: found: AmbientActivity[component=ComponentInfo{com.google.android.wearable.app/com.google.android.clockwork.home.HomeActivity}, callbacks=@10b985be, running=true, ambient=false]
11-10 08:42:55.413 I/AmbientService(  912): Ambient Created
11-10 08:42:55.413 V/DreamService[AmbientDream](  912): Calling onDreamingStarted()
11-10 08:42:55.413 I/AmbientService(  912): Ambient Starting
11-10 08:42:55.413 D/AmbientService(  912): scheduling next alarm, nowWall: 1447141375413, nextWall: 1447141380000, nowElapsed: 50386896, nextElapsed: 50391483
11-10 08:42:55.414 D/AmbientService(  912): enterAmbient: AmbientActivity[component=ComponentInfo{com.google.android.wearable.app/com.google.android.clockwork.home.HomeActivity}, callbacks=@10b985be, running=true, ambient=false] main 1
11-10 08:42:55.440 D/AmbientService(  912): onAmbientEntered: AmbientActivity[component=ComponentInfo{com.google.android.wearable.app/com.google.android.clockwork.home.HomeActivity}, callbacks=@10b985be, running=true, ambient=true]Binder_1 54
11-10 08:42:55.480 I/DisplayManagerService(  573): Display device changed state: "Built-in Screen", DOZE_SUSPEND
11-10 08:42:55.482 V/ActivityManager(  573): Display changed displayId=0
11-10 08:42:55.486 D/SurfaceFlinger(  174): Set power mode=3, type=0 flinger=0xb7a47550
11-10 08:42:55.487 I/qdhwcomposer(  174): handle_blank_event: dpy:0 panel power state: 2
11-10 08:42:55.490 D/PowerHAL(  573): IDLE_MODE(touch) -> 1
11-10 08:42:55.539 D/audio_hw_primary(  196): disable_audio_route: reset and update mixer path: audio-record
11-10 08:42:55.542 D/audio_hw_primary(  196): disable_snd_device: snd_device(55: voice-rec-mic)
11-10 08:42:56.311 I/qdhwcomposer(  174): handle_blank_event: dpy:0 panel power state: 2
11-10 08:42:56.312 E/libsuspend(  573): Error writing to /sys/power/state: Device or resource busy
11-10 08:43:01.400 I/qdhwcomposer(  174): handle_blank_event: dpy:0 panel power state: 2
11-10 08:43:01.404 I/AmbientService(  912): Ambient Updating
11-10 08:43:01.404 D/AmbientService(  912): scheduling next alarm, nowWall: 1447141381404, nextWall: 1447141440000, nowElapsed: 50392887, nextElapsed: 50451483
11-10 08:43:01.406 D/AmbientService(  912): updateAmbient: AmbientActivity[component=ComponentInfo{com.google.android.wearable.app/com.google.android.clockwork.home.HomeActivity}, callbacks=@10b985be, running=true, ambient=true] main 1
11-10 08:43:01.412 D/AmbientService(  912): onAmbientUpdated: AmbientActivity[component=ComponentInfo{com.google.android.wearable.app/com.google.android.clockwork.home.HomeActivity}, callbacks=@10b985be, running=true, ambient=true]Binder_1 54
11-10 08:43:01.415 I/DisplayManagerService(  573): Display device changed state: "Built-in Screen", DOZE
11-10 08:43:01.421 D/SurfaceFlinger(  174): Set power mode=1, type=0 flinger=0xb7a47550
11-10 08:43:01.421 I/qdhwcomposer(  174): handle_blank_event: dpy:0 panel power state: 2
11-10 08:43:01.423 V/ActivityManager(  573): Display changed displayId=0
11-10 08:43:01.537 I/DisplayManagerService(  573): Display device changed state: "Built-in Screen", DOZE_SUSPEND
11-10 08:43:01.544 V/ActivityManager(  573): Display changed displayId=0
11-10 08:43:01.547 D/SurfaceFlinger(  174): Set power mode=3, type=0 flinger=0xb7a47550
11-10 08:43:01.547 I/qdhwcomposer(  174): handle_blank_event: dpy:0 panel power state: 2
11-10 08:44:01.401 I/qdhwcomposer(  174): handle_blank_event: dpy:0 panel power state: 2
11-10 08:44:01.409 I/AmbientService(  912): Ambient Updating
11-10 08:44:01.409 D/AmbientService(  912): scheduling next alarm, nowWall: 1447141441409, nextWall: 1447141500000, nowElapsed: 50452892, nextElapsed: 50511483
11-10 08:44:01.410 D/AmbientService(  912): updateAmbient: AmbientActivity[component=ComponentInfo{com.google.android.wearable.app/com.google.android.clockwork.home.HomeActivity}, callbacks=@10b985be, running=true, ambient=true] main 1
