11-10 08:55:22.640 D/AmbientService(  912): onAmbientExited: AmbientActivity[component=ComponentInfo{com.google.android.wearable.app/com.google.android.clockwork.home.HomeActivity}, callbacks=@10b985be, running=true, ambient=false] Binder_3 56
11-10 08:55:22.643 I/AudioFlinger(  196): AudioFlinger's thread 0xb5614008 ready to run
11-10 08:55:22.661 D/audio_hw_primary(  196): select_devices: out_snd_device(0: none) in_snd_device(55: voice-rec-mic)
11-10 08:55:22.661 D/msm8974_platform(  196): platform_send_audio_calibration: sending audio calibration for snd_device(55) acdb_id(62)
11-10 08:55:22.661 D/        (  196): Failed to fetch the lookup information of the device 0000003E 
11-10 08:55:22.661 D/        (  196): Failed to fetch the lookup information of the device 0000003E 
11-10 08:55:22.661 D/audio_hw_primary(  196): enable_snd_device: snd_device(55: voice-rec-mic)
11-10 08:55:22.665 D/LightsService(  573): Excessive delay setting light: 65ms
11-10 08:55:22.675 D/audio_hw_primary(  196): enable_audio_route: apply and update mixer path: audio-record
11-10 08:55:25.695 I/art     (  735): Background sticky concurrent mark sweep GC freed 60209(1399KB) AllocSpace objects, 6(96KB) LOS objects, 6% free, 16MB/17MB, paused 7.134ms total 133.457ms
11-10 08:55:25.924 V/RenderScript(  735): 0xb7a4daf8 Launching thread(s), CPUs 4
11-10 08:55:26.359 I/art     (  735): Background partial concurrent mark sweep GC freed 9470(712KB) AllocSpace objects, 24(1396KB) LOS objects, 11% free, 15MB/17MB, paused 1.993ms total 395.343ms
11-10 08:55:26.693 W/art     (  735): Suspending all threads took: 6.481ms
11-10 08:55:26.698 I/art     (  735): Background sticky concurrent mark sweep GC freed 250(10KB) AllocSpace objects, 0(0B) LOS objects, 2% free, 17MB/17MB, paused 8.921ms total 49.486ms
11-10 08:55:26.987 I/art     (  735): Background partial concurrent mark sweep GC freed 1085(72KB) AllocSpace objects, 8(2MB) LOS objects, 11% free, 14MB/16MB, paused 1.483ms total 206.158ms
11-10 08:55:29.074 I/art     (25732): Late-enabling -Xcheck:jni
11-10 08:55:29.079 I/ActivityManager(  573): Start proc 25732:com.opera.watchface/u0a34 for service com.opera.watchface/.OperaWatchFace
11-10 08:55:29.685 I/art     (25732): Background partial concurrent mark sweep GC freed 82(17KB) AllocSpace objects, 0(0B) LOS objects, 24% free, 5MB/7MB, paused 17.007ms total 39.376ms
11-10 08:55:30.001 I/art     (  735): Background partial concurrent mark sweep GC freed 1716(123KB) AllocSpace objects, 8(1085KB) LOS objects, 10% free, 16MB/18MB, paused 1.642ms total 161.436ms
11-10 08:55:33.093 W/bt-btif ( 1087): dm_pm_timer expires
11-10 08:55:33.093 W/bt-btif ( 1087): dm_pm_timer expires 0
11-10 08:55:33.093 W/bt-btif ( 1087): proc dm_pm_timer expires
11-10 08:55:34.696 V/NativeCrypto(  774): SSL shutdown failed: ssl=0xb7884278: I/O error during system call, Connection timed out
11-10 08:55:37.264 E/StreamVibrator(  735): Found notifications that tried to vibrate, but they never made it to the top of the stream. Not vibrating.
11-10 08:55:38.206 E/Fitness ( 1225): Cannot read bulk data for ait@35c10d60, useServer = 
11-10 08:55:38.206 E/Fitness ( 1225): java.util.concurrent.TimeoutException: Timeout waiting for task.
11-10 08:55:38.206 E/Fitness ( 1225): 	at bsq.get(PG:1269)
11-10 08:55:38.206 E/Fitness ( 1225): 	at cft.a(PG:150)
11-10 08:55:38.206 E/Fitness ( 1225): 	at cfx.a(PG:4094)
11-10 08:55:38.206 E/Fitness ( 1225): 	at xp.a(PG:98)
11-10 08:55:38.206 E/Fitness ( 1225): 	at xm.b(PG:298)
11-10 08:55:38.206 E/Fitness ( 1225): 	at xm.a(PG:83)
11-10 08:55:38.206 E/Fitness ( 1225): 	at cfm.a(PG:7037)
11-10 08:55:38.206 E/Fitness ( 1225): 	at cfm.a(PG:193)
11-10 08:55:38.206 E/Fitness ( 1225): 	at bsy.a(PG:715)
11-10 08:55:38.206 E/Fitness ( 1225): 	at btd.run(PG:863)
11-10 08:55:38.206 E/Fitness ( 1225): 	at java.util.concurrent.ThreadPoolExecutor.runWorker(ThreadPoolExecutor.java:1112)
11-10 08:55:38.206 E/Fitness ( 1225): 	at java.util.concurrent.ThreadPoolExecutor$Worker.run(ThreadPoolExecutor.java:587)
11-10 08:55:38.206 E/Fitness ( 1225): 	at java.lang.Thread.run(Thread.java:818)
11-10 08:55:49.593 I/PowerManagerService(  573): Going to sleep due to screen timeout (uid 1000)...
11-10 08:55:49.594 I/DreamManagerService(  573): Entering dreamland.
11-10 08:55:49.594 I/PowerManagerService(  573): Dozing...
11-10 08:55:49.594 I/DreamController(  573): Starting dream: name=ComponentInfo{com.google.android.wearable.ambient/com.google.android.wearable.ambient.AmbientDream}, isTest=false, canDoze=true, userId=0
11-10 08:55:49.603 E/InputMethodManagerService(  573): Ignoring setImeWindowStatus due to an invalid token. uid:1000 token:null
11-10 08:55:49.606 E/InputMethodManagerService(  573): Ignoring setImeWindowStatus due to an invalid token. uid:1000 token:null
11-10 08:55:49.609 E/WifiStateMachine(  573): cancelDelayedScan -> 219
11-10 08:55:49.612 D/audio_hw_primary(  196): adev_set_parameters: enter: screen_state=off
11-10 08:55:49.646 D/DeepAmbientRecognition(  735): onCreate
11-10 08:55:49.651 V/DreamService[AmbientDream](  912): onBind() intent = Intent { act=android.service.dreams.DreamService flg=0x800000 cmp=com.google.android.wearable.ambient/.AmbientDream }
11-10 08:55:49.657 D/AmbientService(  912): onReceive Intent { act=android.intent.action.SCREEN_OFF flg=0x50000010 } true
11-10 08:55:49.659 D/AmbientService(  912): AmbientDreamRegistrationServiceStub.attach: dream: AmbientComponentConfig[component=ComponentInfo{com.google.android.wearable.ambient/com.google.android.wearable.ambient.AmbientDream}]
11-10 08:55:49.660 D/AmbientService(  912): findRunningActivities: found: AmbientActivity[component=ComponentInfo{com.google.android.wearable.app/com.google.android.clockwork.home.HomeActivity}, callbacks=@10b985be, running=true, ambient=false]
11-10 08:55:49.660 I/AmbientService(  912): Ambient Created
11-10 08:55:49.660 V/DreamService[AmbientDream](  912): Calling onDreamingStarted()
11-10 08:55:49.660 I/AmbientService(  912): Ambient Starting
11-10 08:55:49.660 D/AmbientService(  912): scheduling next alarm, nowWall: 1447142149660, nextWall: 1447142160000, nowElapsed: 51161143, nextElapsed: 51171483
11-10 08:55:49.676 D/AmbientService(  912): enterAmbient: AmbientActivity[component=ComponentInfo{com.google.android.wearable.app/com.google.android.clockwork.home.HomeActivity}, callbacks=@10b985be, running=true, ambient=false] main 1
11-10 08:55:49.712 D/AmbientService(  912): onAmbientEntered: AmbientActivity[component=ComponentInfo{com.google.android.wearable.app/com.google.android.clockwork.home.HomeActivity}, callbacks=@10b985be, running=true, ambient=true]Binder_3 56
11-10 08:55:49.730 I/DisplayManagerService(  573): Display device changed state: "Built-in Screen", DOZE_SUSPEND
11-10 08:55:49.730 V/ActivityManager(  573): Display changed displayId=0
11-10 08:55:49.744 D/SurfaceFlinger(  174): Set power mode=3, type=0 flinger=0xb7a47550
11-10 08:55:49.744 I/qdhwcomposer(  174): handle_blank_event: dpy:0 panel power state: 2
11-10 08:55:49.753 D/PowerHAL(  573): IDLE_MODE(touch) -> 1
11-10 08:55:49.772 D/audio_hw_primary(  196): disable_audio_route: reset and update mixer path: audio-record
11-10 08:55:49.787 D/audio_hw_primary(  196): disable_snd_device: snd_device(55: voice-rec-mic)
11-10 08:55:50.457 E/libsuspend(  573): Error writing to /sys/power/state: Device or resource busy
11-10 08:55:50.657 I/qdhwcomposer(  174): handle_blank_event: dpy:0 panel power state: 2
11-10 08:55:50.658 E/libsuspend(  573): Error writing to /sys/power/state: Device or resource busy
11-10 08:56:01.405 I/qdhwcomposer(  174): handle_blank_event: dpy:0 panel power state: 2
11-10 08:56:01.413 I/AmbientService(  912): Ambient Updating
11-10 08:56:01.413 D/AmbientService(  912): scheduling next alarm, nowWall: 1447142161413, nextWall: 1447142220000, nowElapsed: 51172896, nextElapsed: 51231483
11-10 08:56:01.423 D/AmbientService(  912): updateAmbient: AmbientActivity[component=ComponentInfo{com.google.android.wearable.app/com.google.android.clockwork.home.HomeActivity}, callbacks=@10b985be, running=true, ambient=true] main 1
11-10 08:56:01.427 I/InputReader(  573): Reconfiguring input devices.  changes=0x00000004
11-10 08:56:01.427 I/InputReader(  573): Device reconfigured: id=3, name='synaptics_rmi4_i2c', size 320x320, orientation 0, mode 1, display id 0
11-10 08:56:01.428 I/InputReader(  573): Reconfiguring input devices.  changes=0x00000004
11-10 08:56:01.432 D/AmbientService(  912): onAmbientUpdated: AmbientActivity[component=ComponentInfo{com.google.android.wearable.app/com.google.android.clockwork.home.HomeActivity}, callbacks=@10b985be, running=true, ambient=true]Binder_3 56
11-10 08:56:01.446 D/SurfaceFlinger(  174): Set power mode=1, type=0 flinger=0xb7a47550
11-10 08:56:01.447 I/qdhwcomposer(  174): handle_blank_event: dpy:0 panel power state: 2
11-10 08:56:01.447 I/DisplayManagerService(  573): Display device changed state: "Built-in Screen", DOZE
11-10 08:56:01.449 V/ActivityManager(  573): Display changed displayId=0
11-10 08:56:01.568 I/DisplayManagerService(  573): Display device changed state: "Built-in Screen", DOZE_SUSPEND
11-10 08:56:01.575 D/SurfaceFlinger(  174): Set power mode=3, type=0 flinger=0xb7a47550
11-10 08:56:01.575 I/qdhwcomposer(  174): handle_blank_event: dpy:0 panel power state: 2
11-10 08:56:01.578 V/ActivityManager(  573): Display changed displayId=0
11-10 08:56:04.580 I/qdhwcomposer(  174): handle_blank_event: dpy:0 panel power state: 2
11-10 08:56:04.581 I/PowerManagerService(  573): Waking up from dozing (uid 1000)...
11-10 08:56:04.583 V/KeyguardServiceDelegate(  573): onScreenTurnedOn(showListener = com.android.internal.policy.impl.PhoneWindowManager$2@1a6c5e2a)
11-10 08:56:04.596 E/InputMethodManagerService(  573): Ignoring setImeWindowStatus due to an invalid token. uid:1000 token:null
11-10 08:56:04.599 E/WifiStateMachine(  573): cancelDelayedScan -> 220
11-10 08:56:04.603 D/audio_hw_primary(  196): adev_set_parameters: enter: screen_state=on
11-10 08:56:04.609 D/PowerHAL(  573): IDLE_MODE(touch) -> 0
11-10 08:56:04.611 D/SurfaceFlinger(  174): Set power mode=2, type=0 flinger=0xb7a47550
11-10 08:56:04.614 I/DisplayManagerService(  573): Display device changed state: "Built-in Screen", ON
11-10 08:56:04.631 V/ActivityManager(  573): Display changed displayId=0
11-10 08:56:04.640 I/qdhwcomposer(  174): handle_blank_event: dpy:0 panel power state: 1
11-10 08:56:04.644 V/KeyguardServiceDelegate(  573): **** SHOWN CALLED ****
11-10 08:56:04.679 D/DeepAmbientRecognition(  735): onDestroy
11-10 08:56:04.682 I/DreamManagerService(  573): Gently waking up from dream.
11-10 08:56:04.683 V/DreamService[AmbientDream](  912): wakeUp(): fromSystem=true, mWaking=false, mFinished=false
11-10 08:56:04.683 V/DreamService[AmbientDream](  912): finish(): mFinished=false
11-10 08:56:04.683 I/DreamManagerService(  573): Leaving dreamland.
11-10 08:56:04.684 I/DreamController(  573): Stopping dream: name=ComponentInfo{com.google.android.wearable.ambient/com.google.android.wearable.ambient.AmbientDream}, isTest=false, canDoze=true, userId=0
11-10 08:56:04.687 V/DreamService[AmbientDream](  912): detach(): Calling onDreamingStopped()
11-10 08:56:04.687 I/AmbientService(  912): Ambient Stopping
11-10 08:56:04.688 D/AmbientService(  912): exitAmbient: AmbientActivity[component=ComponentInfo{com.google.android.wearable.app/com.google.android.clockwork.home.HomeActivity}, callbacks=@10b985be, running=true, ambient=true] main 1
11-10 08:56:04.696 D/AmbientService(  912): AmbientDreamStub.detach called while disabled
11-10 08:56:04.715 I/InputReader(  573): Reconfiguring input devices.  changes=0x00000004
11-10 08:56:04.715 I/InputReader(  573): Device reconfigured: id=3, name='synaptics_rmi4_i2c', size 320x320, orientation 0, mode 1, display id 0
11-10 08:56:04.717 I/InputReader(  573): Reconfiguring input devices.  changes=0x00000004
11-10 08:56:04.719 V/DreamService[AmbientDream](  912): onDestroy()
11-10 08:56:04.725 I/AudioFlinger(  196): AudioFlinger's thread 0xb5614008 ready to run
11-10 08:56:04.739 D/audio_hw_primary(  196): select_devices: out_snd_device(0: none) in_snd_device(55: voice-rec-mic)
11-10 08:56:04.739 D/msm8974_platform(  196): platform_send_audio_calibration: sending audio calibration for snd_device(55) acdb_id(62)
11-10 08:56:04.739 D/        (  196): Failed to fetch the lookup information of the device 0000003E 
11-10 08:56:04.739 D/        (  196): Failed to fetch the lookup information of the device 0000003E 
11-10 08:56:04.739 D/audio_hw_primary(  196): enable_snd_device: snd_device(55: voice-rec-mic)
11-10 08:56:04.749 I/InputReader(  573): Reconfiguring input devices.  changes=0x00000004
11-10 08:56:04.749 I/InputReader(  573): Device reconfigured: id=3, name='synaptics_rmi4_i2c', size 320x320, orientation 0, mode 1, display id 0
11-10 08:56:04.752 I/InputReader(  573): Reconfiguring input devices.  changes=0x00000004
11-10 08:56:04.768 I/InputReader(  573): Reconfiguring input devices.  changes=0x00000004
11-10 08:56:04.768 I/InputReader(  573): Device reconfigured: id=3, name='synaptics_rmi4_i2c', size 320x320, orientation 0, mode 1, display id 0
11-10 08:56:04.777 I/InputReader(  573): Reconfiguring input devices.  changes=0x00000004
11-10 08:56:04.779 D/audio_hw_primary(  196): enable_audio_route: apply and update mixer path: audio-record
11-10 08:56:04.798 D/AmbientService(  912): onAmbientExited: AmbientActivity[component=ComponentInfo{com.google.android.wearable.app/com.google.android.clockwork.home.HomeActivity}, callbacks=@10b985be, running=true, ambient=false] Binder_1 54
11-10 08:56:07.143 I/art     (  735): Background sticky concurrent mark sweep GC freed 7633(671KB) AllocSpace objects, 22(352KB) LOS objects, 3% free, 17MB/18MB, paused 6.189ms total 202.083ms
11-10 08:56:07.396 I/art     (  735): Background partial concurrent mark sweep GC freed 2389(149KB) AllocSpace objects, 5(2MB) LOS objects, 11% free, 15MB/17MB, paused 1.529ms total 154.776ms
11-10 08:56:07.812 I/art     (  735): Background partial concurrent mark sweep GC freed 381(23KB) AllocSpace objects, 6(1678KB) LOS objects, 11% free, 15MB/17MB, paused 5.471ms total 153.986ms
11-10 08:56:11.078 V/RenderScript(  756): 0xb76ced78 Launching thread(s), CPUs 4
11-10 08:56:11.302 V/RenderScript(  756): 0xb76ab508 Launching thread(s), CPUs 4
11-10 08:56:11.307 V/RenderScript(  756): 0xb76e5b58 Launching thread(s), CPUs 4
11-10 08:56:11.317 V/RenderScript(  756): 0xb76ff0f0 Launching thread(s), CPUs 4
11-10 08:56:14.267 W/bt-btif ( 1087): dm_pm_timer expires
11-10 08:56:14.267 W/bt-btif ( 1087): dm_pm_timer expires 0
11-10 08:56:14.267 W/bt-btif ( 1087): proc dm_pm_timer expires
11-10 08:56:21.905 I/PowerManagerService(  573): Going to sleep due to screen timeout (uid 1000)...
11-10 08:56:21.906 I/DreamManagerService(  573): Entering dreamland.
11-10 08:56:21.906 I/PowerManagerService(  573): Dozing...
11-10 08:56:21.907 I/DreamController(  573): Starting dream: name=ComponentInfo{com.google.android.wearable.ambient/com.google.android.wearable.ambient.AmbientDream}, isTest=false, canDoze=true, userId=0
11-10 08:56:21.918 E/InputMethodManagerService(  573): Ignoring setImeWindowStatus due to an invalid token. uid:1000 token:null
11-10 08:56:21.919 E/InputMethodManagerService(  573): Ignoring setImeWindowStatus due to an invalid token. uid:1000 token:null
11-10 08:56:21.922 E/WifiStateMachine(  573): cancelDelayedScan -> 221
11-10 08:56:21.927 D/audio_hw_primary(  196): adev_set_parameters: enter: screen_state=off
11-10 08:56:21.954 D/DeepAmbientRecognition(  735): onCreate
11-10 08:56:21.959 V/DreamService[AmbientDream](  912): onBind() intent = Intent { act=android.service.dreams.DreamService flg=0x800000 cmp=com.google.android.wearable.ambient/.AmbientDream }
11-10 08:56:21.965 D/AmbientService(  912): onReceive Intent { act=android.intent.action.SCREEN_OFF flg=0x50000010 } true
11-10 08:56:21.967 D/AmbientService(  912): AmbientDreamRegistrationServiceStub.attach: dream: AmbientComponentConfig[component=ComponentInfo{com.google.android.wearable.ambient/com.google.android.wearable.ambient.AmbientDream}]
11-10 08:56:21.983 D/AmbientService(  912): findRunningActivities: found: AmbientActivity[component=ComponentInfo{com.google.android.wearable.app/com.google.android.clockwork.home.HomeActivity}, callbacks=@10b985be, running=true, ambient=false]
11-10 08:56:21.983 I/AmbientService(  912): Ambient Created
11-10 08:56:21.983 V/DreamService[AmbientDream](  912): Calling onDreamingStarted()
11-10 08:56:21.983 I/AmbientService(  912): Ambient Starting
11-10 08:56:21.983 D/AmbientService(  912): scheduling next alarm, nowWall: 1447142181983, nextWall: 1447142220000, nowElapsed: 51193466, nextElapsed: 51231483
11-10 08:56:21.985 D/AmbientService(  912): enterAmbient: AmbientActivity[component=ComponentInfo{com.google.android.wearable.app/com.google.android.clockwork.home.HomeActivity}, callbacks=@10b985be, running=true, ambient=false] main 1
11-10 08:56:22.033 D/AmbientService(  912): onAmbientEntered: AmbientActivity[component=ComponentInfo{com.google.android.wearable.app/com.google.android.clockwork.home.HomeActivity}, callbacks=@10b985be, running=true, ambient=true]Binder_2 55
11-10 08:56:22.047 I/DisplayManagerService(  573): Display device changed state: "Built-in Screen", DOZE_SUSPEND
11-10 08:56:22.049 V/ActivityManager(  573): Display changed displayId=0
11-10 08:56:22.058 D/SurfaceFlinger(  174): Set power mode=3, type=0 flinger=0xb7a47550
11-10 08:56:22.059 I/qdhwcomposer(  174): handle_blank_event: dpy:0 panel power state: 2
11-10 08:56:22.066 D/PowerHAL(  573): IDLE_MODE(touch) -> 1
11-10 08:56:22.079 D/SurfaceFlinger(  174): Set power mode=1, type=0 flinger=0xb7a47550
11-10 08:56:22.079 I/qdhwcomposer(  174): handle_blank_event: dpy:0 panel power state: 2
11-10 08:56:22.079 I/DisplayManagerService(  573): Display device changed state: "Built-in Screen", DOZE
11-10 08:56:22.086 V/ActivityManager(  573): Display changed displayId=0
11-10 08:56:22.118 D/audio_hw_primary(  196): disable_audio_route: reset and update mixer path: audio-record
11-10 08:56:22.120 D/audio_hw_primary(  196): disable_snd_device: snd_device(55: voice-rec-mic)
11-10 08:56:22.197 I/DisplayManagerService(  573): Display device changed state: "Built-in Screen", DOZE_SUSPEND
11-10 08:56:22.203 D/SurfaceFlinger(  174): Set power mode=3, type=0 flinger=0xb7a47550
11-10 08:56:22.203 I/qdhwcomposer(  174): handle_blank_event: dpy:0 panel power state: 2
11-10 08:56:22.206 V/ActivityManager(  573): Display changed displayId=0
11-10 08:56:22.771 E/libsuspend(  573): Error writing to /sys/power/state: Device or resource busy
11-10 08:56:22.973 I/qdhwcomposer(  174): handle_blank_event: dpy:0 panel power state: 2
11-10 08:56:22.974 E/libsuspend(  573): Error writing to /sys/power/state: Device or resource busy
11-10 08:56:26.406 I/qdhwcomposer(  174): handle_blank_event: dpy:0 panel power state: 2
11-10 08:56:31.425 I/qdhwcomposer(  174): handle_blank_event: dpy:0 panel power state: 2
11-10 08:56:31.507 D/AuthZenListenerService(  970): onMessageReceived: MessageEventParcelable[16512,com/google/android/location/fused/wearable/LOCATIONS, size=362], Path: com/google/android/location/fused/wearable/LOCATIONS
11-10 08:56:31.512 D/AuthZenWearListenerService(  970): onMessageReceived : MessageEventParcelable[16512,com/google/android/location/fused/wearable/LOCATIONS, size=362], Path: com/google/android/location/fused/wearable/LOCATIONS
11-10 08:56:33.445 W/bt-btif ( 1087): dm_pm_timer expires
11-10 08:56:33.445 W/bt-btif ( 1087): dm_pm_timer expires 0
11-10 08:56:33.445 W/bt-btif ( 1087): proc dm_pm_timer expires
11-10 08:56:54.745 I/qdhwcomposer(  174): handle_blank_event: dpy:0 panel power state: 2
11-10 08:56:54.747 I/PowerManagerService(  573): Waking up from dozing (uid 10004)...
11-10 08:56:54.754 V/KeyguardServiceDelegate(  573): onScreenTurnedOn(showListener = com.android.internal.policy.impl.PhoneWindowManager$2@1a6c5e2a)
11-10 08:56:54.758 E/InputMethodManagerService(  573): Ignoring setImeWindowStatus due to an invalid token. uid:1000 token:null
11-10 08:56:54.761 E/WifiStateMachine(  573): cancelDelayedScan -> 222
11-10 08:56:54.765 D/audio_hw_primary(  196): adev_set_parameters: enter: screen_state=on
11-10 08:56:54.769 V/KeyguardServiceDelegate(  573): **** SHOWN CALLED ****
11-10 08:56:54.777 D/PowerHAL(  573): IDLE_MODE(touch) -> 0
11-10 08:56:54.779 D/SurfaceFlinger(  174): Set power mode=2, type=0 flinger=0xb7a47550
11-10 08:56:54.780 I/DisplayManagerService(  573): Display device changed state: "Built-in Screen", ON
11-10 08:56:54.813 I/qdhwcomposer(  174): handle_blank_event: dpy:0 panel power state: 1
11-10 08:56:54.813 V/ActivityManager(  573): Display changed displayId=0
11-10 08:56:54.834 I/DreamManagerService(  573): Gently waking up from dream.
11-10 08:56:54.836 V/DreamService[AmbientDream](  912): wakeUp(): fromSystem=true, mWaking=false, mFinished=false
11-10 08:56:54.836 V/DreamService[AmbientDream](  912): finish(): mFinished=false
11-10 08:56:54.839 I/DreamManagerService(  573): Leaving dreamland.
11-10 08:56:54.839 I/DreamController(  573): Stopping dream: name=ComponentInfo{com.google.android.wearable.ambient/com.google.android.wearable.ambient.AmbientDream}, isTest=false, canDoze=true, userId=0
11-10 08:56:54.845 V/DreamService[AmbientDream](  912): detach(): Calling onDreamingStopped()
11-10 08:56:54.845 I/AmbientService(  912): Ambient Stopping
11-10 08:56:54.859 D/AmbientService(  912): exitAmbient: AmbientActivity[component=ComponentInfo{com.google.android.wearable.app/com.google.android.clockwork.home.HomeActivity}, callbacks=@10b985be, running=true, ambient=true] main 1
11-10 08:56:54.865 D/AmbientService(  912): AmbientDreamStub.detach called while disabled
11-10 08:56:54.883 V/DreamService[AmbientDream](  912): onDestroy()
11-10 08:56:54.902 D/AmbientService(  912): onAmbientExited: AmbientActivity[component=ComponentInfo{com.google.android.wearable.app/com.google.android.clockwork.home.HomeActivity}, callbacks=@10b985be, running=true, ambient=false] Binder_3 56
11-10 08:56:54.994 D/DeepAmbientRecognition(  735): onDestroy
11-10 08:56:55.149 I/art     (  865): Explicit concurrent mark sweep GC freed 4828(225KB) AllocSpace objects, 0(0B) LOS objects, 24% free, 4MB/6MB, paused 1.125ms total 273.451ms
11-10 08:56:55.167 I/AudioFlinger(  196): AudioFlinger's thread 0xb5614008 ready to run
11-10 08:56:55.182 D/audio_hw_primary(  196): select_devices: out_snd_device(0: none) in_snd_device(55: voice-rec-mic)
11-10 08:56:55.182 D/msm8974_platform(  196): platform_send_audio_calibration: sending audio calibration for snd_device(55) acdb_id(62)
11-10 08:56:55.183 D/        (  196): Failed to fetch the lookup information of the device 0000003E 
11-10 08:56:55.183 D/        (  196): Failed to fetch the lookup information of the device 0000003E 
11-10 08:56:55.183 D/audio_hw_primary(  196): enable_snd_device: snd_device(55: voice-rec-mic)
11-10 08:56:55.198 D/audio_hw_primary(  196): enable_audio_route: apply and update mixer path: audio-record
11-10 08:57:03.563 I/art     (  573): Explicit concurrent mark sweep GC freed 27906(1446KB) AllocSpace objects, 5(80KB) LOS objects, 15% free, 10MB/12MB, paused 1.806ms total 137.618ms
11-10 08:57:04.768 I/FitnessWearable( 1225): Completed Phone Sync
11-10 08:57:04.768 I/FitnessWearable( 1225): Checking on account update
11-10 08:57:05.142 I/art     (  774): Background sticky concurrent mark sweep GC freed 29710(1462KB) AllocSpace objects, 2(32KB) LOS objects, 12% free, 10MB/11MB, paused 30.709ms total 153.407ms
11-10 08:57:05.157 I/FitnessWearable( 1225): Initialized Fitness Account
11-10 08:57:05.341 W/bt-btif ( 1087): dm_pm_timer expires
11-10 08:57:05.342 W/bt-btif ( 1087): dm_pm_timer expires 0
11-10 08:57:05.342 W/bt-btif ( 1087): proc dm_pm_timer expires
11-10 08:57:09.711 I/PowerManagerService(  573): Going to sleep due to screen timeout (uid 1000)...
11-10 08:57:09.716 E/InputMethodManagerService(  573): Ignoring setImeWindowStatus due to an invalid token. uid:1000 token:null
11-10 08:57:09.719 D/audio_hw_primary(  196): adev_set_parameters: enter: screen_state=off
11-10 08:57:09.723 I/DreamManagerService(  573): Entering dreamland.
11-10 08:57:09.724 I/DreamController(  573): Starting dream: name=ComponentInfo{com.google.android.wearable.ambient/com.google.android.wearable.ambient.AmbientDream}, isTest=false, canDoze=true, userId=0
11-10 08:57:09.724 I/PowerManagerService(  573): Dozing...
11-10 08:57:09.726 E/WifiStateMachine(  573): cancelDelayedScan -> 223
11-10 08:57:09.745 E/InputMethodManagerService(  573): Ignoring setImeWindowStatus due to an invalid token. uid:1000 token:null
11-10 08:57:09.759 D/DeepAmbientRecognition(  735): onCreate
11-10 08:57:09.766 V/DreamService[AmbientDream](  912): onBind() intent = Intent { act=android.service.dreams.DreamService flg=0x800000 cmp=com.google.android.wearable.ambient/.AmbientDream }
11-10 08:57:09.770 D/AmbientService(  912): AmbientDreamRegistrationServiceStub.attach: dream: AmbientComponentConfig[component=ComponentInfo{com.google.android.wearable.ambient/com.google.android.wearable.ambient.AmbientDream}]
11-10 08:57:09.771 D/AmbientService(  912): findRunningActivities: found: AmbientActivity[component=ComponentInfo{com.google.android.wearable.app/com.google.android.clockwork.home.HomeActivity}, callbacks=@10b985be, running=true, ambient=false]
11-10 08:57:09.771 I/AmbientService(  912): Ambient Created
11-10 08:57:09.771 D/AmbientService(  912): onReceive Intent { act=android.intent.action.SCREEN_OFF flg=0x50000010 } true
11-10 08:57:09.790 V/DreamService[AmbientDream](  912): Calling onDreamingStarted()
11-10 08:57:09.790 I/AmbientService(  912): Ambient Starting
11-10 08:57:09.790 D/AmbientService(  912): scheduling next alarm, nowWall: 1447142229790, nextWall: 1447142280000, nowElapsed: 51241273, nextElapsed: 51291483
11-10 08:57:09.791 D/AmbientService(  912): enterAmbient: AmbientActivity[component=ComponentInfo{com.google.android.wearable.app/com.google.android.clockwork.home.HomeActivity}, callbacks=@10b985be, running=true, ambient=false] main 1
11-10 08:57:09.832 D/AmbientService(  912): onAmbientEntered: AmbientActivity[component=ComponentInfo{com.google.android.wearable.app/com.google.android.clockwork.home.HomeActivity}, callbacks=@10b985be, running=true, ambient=true]Binder_3 56
11-10 08:57:09.846 I/DisplayManagerService(  573): Display device changed state: "Built-in Screen", DOZE_SUSPEND
11-10 08:57:09.849 V/ActivityManager(  573): Display changed displayId=0
11-10 08:57:09.854 D/SurfaceFlinger(  174): Set power mode=3, type=0 flinger=0xb7a47550
11-10 08:57:09.854 I/qdhwcomposer(  174): handle_blank_event: dpy:0 panel power state: 2
11-10 08:57:09.864 D/PowerHAL(  573): IDLE_MODE(touch) -> 1
11-10 08:57:09.893 D/audio_hw_primary(  196): disable_audio_route: reset and update mixer path: audio-record
11-10 08:57:09.895 D/audio_hw_primary(  196): disable_snd_device: snd_device(55: voice-rec-mic)
11-10 08:57:09.920 I/DisplayManagerService(  573): Display device changed state: "Built-in Screen", DOZE
11-10 08:57:09.926 V/ActivityManager(  573): Display changed displayId=0
11-10 08:57:09.927 D/SurfaceFlinger(  174): Set power mode=1, type=0 flinger=0xb7a47550
11-10 08:57:09.927 I/qdhwcomposer(  174): handle_blank_event: dpy:0 panel power state: 2
11-10 08:57:10.041 I/DisplayManagerService(  573): Display device changed state: "Built-in Screen", DOZE_SUSPEND
11-10 08:57:10.047 D/SurfaceFlinger(  174): Set power mode=3, type=0 flinger=0xb7a47550
11-10 08:57:10.047 I/qdhwcomposer(  174): handle_blank_event: dpy:0 panel power state: 2
11-10 08:57:10.050 V/ActivityManager(  573): Display changed displayId=0
11-10 08:57:10.594 E/libsuspend(  573): Error writing to /sys/power/state: Device or resource busy
11-10 08:57:10.786 I/qdhwcomposer(  174): handle_blank_event: dpy:0 panel power state: 2
11-10 08:57:10.786 E/libsuspend(  573): Error writing to /sys/power/state: Device or resource busy
11-10 08:57:11.822 I/qdhwcomposer(  174): handle_blank_event: dpy:0 panel power state: 2
11-10 08:57:12.628 I/DisplayManagerService(  573): Display device changed state: "Built-in Screen", DOZE
11-10 08:57:12.634 D/SurfaceFlinger(  174): Set power mode=1, type=0 flinger=0xb7a47550
11-10 08:57:12.635 I/qdhwcomposer(  174): handle_blank_event: dpy:0 panel power state: 2
11-10 08:57:12.635 V/ActivityManager(  573): Display changed displayId=0
11-10 08:57:12.750 I/DisplayManagerService(  573): Display device changed state: "Built-in Screen", DOZE_SUSPEND
11-10 08:57:12.757 D/SurfaceFlinger(  174): Set power mode=3, type=0 flinger=0xb7a47550
11-10 08:57:12.757 I/qdhwcomposer(  174): handle_blank_event: dpy:0 panel power state: 2
11-10 08:57:12.758 V/ActivityManager(  573): Display changed displayId=0
11-10 08:57:14.351 W/bt-btif ( 1087): dm_pm_timer expires
11-10 08:57:14.351 W/bt-btif ( 1087): dm_pm_timer expires 0
11-10 08:57:14.351 W/bt-btif ( 1087): proc dm_pm_timer expires
11-10 08:57:17.808 I/qdhwcomposer(  174): handle_blank_event: dpy:0 panel power state: 2
11-10 08:57:20.840 W/bt-btif ( 1087): dm_pm_timer expires
11-10 08:57:20.840 W/bt-btif ( 1087): dm_pm_timer expires 0
11-10 08:57:20.840 W/bt-btif ( 1087): proc dm_pm_timer expires
11-10 08:57:29.279 I/qdhwcomposer(  174): handle_blank_event: dpy:0 panel power state: 2
11-10 08:57:31.301 W/bt-btif ( 1087): dm_pm_timer expires
11-10 08:57:31.301 W/bt-btif ( 1087): dm_pm_timer expires 0
11-10 08:57:31.302 W/bt-btif ( 1087): proc dm_pm_timer expires
11-10 08:57:34.274 W/bt-btif ( 1087): dm_pm_timer expires
11-10 08:57:34.274 W/bt-btif ( 1087): dm_pm_timer expires 0
11-10 08:57:34.274 W/bt-btif ( 1087): proc dm_pm_timer expires
11-10 08:57:37.267 W/bt-btif ( 1087): dm_pm_timer expires
11-10 08:57:37.267 W/bt-btif ( 1087): dm_pm_timer expires 0
11-10 08:57:37.267 W/bt-btif ( 1087): proc dm_pm_timer expires
11-10 08:57:40.270 W/bt-btif ( 1087): dm_pm_timer expires
11-10 08:57:40.270 W/bt-btif ( 1087): dm_pm_timer expires 0
11-10 08:57:40.270 W/bt-btif ( 1087): proc dm_pm_timer expires
11-10 08:57:43.257 W/bt-btif ( 1087): dm_pm_timer expires
11-10 08:57:43.257 W/bt-btif ( 1087): dm_pm_timer expires 0
11-10 08:57:43.257 W/bt-btif ( 1087): proc dm_pm_timer expires
11-10 08:57:46.260 W/bt-btif ( 1087): dm_pm_timer expires
11-10 08:57:46.260 W/bt-btif ( 1087): dm_pm_timer expires 0
11-10 08:57:46.260 W/bt-btif ( 1087): proc dm_pm_timer expires
11-10 08:57:47.418 V/NativeCrypto(  774): SSL shutdown failed: ssl=0xb78aa530: I/O error during system call, Connection timed out
11-10 08:57:49.238 W/bt-btif ( 1087): dm_pm_timer expires
11-10 08:57:49.238 W/bt-btif ( 1087): dm_pm_timer expires 0
11-10 08:57:49.238 W/bt-btif ( 1087): proc dm_pm_timer expires
11-10 08:57:52.232 W/bt-btif ( 1087): dm_pm_timer expires
11-10 08:57:52.232 W/bt-btif ( 1087): dm_pm_timer expires 0
11-10 08:57:52.232 W/bt-btif ( 1087): proc dm_pm_timer expires
11-10 08:57:55.237 W/bt-btif ( 1087): dm_pm_timer expires
11-10 08:57:55.237 W/bt-btif ( 1087): dm_pm_timer expires 0
11-10 08:57:55.237 W/bt-btif ( 1087): proc dm_pm_timer expires
11-10 08:57:58.218 W/bt-btif ( 1087): dm_pm_timer expires
11-10 08:57:58.218 W/bt-btif ( 1087): dm_pm_timer expires 0
11-10 08:57:58.218 W/bt-btif ( 1087): proc dm_pm_timer expires
11-10 08:58:00.006 I/AmbientService(  912): Ambient Updating
11-10 08:58:00.006 D/AmbientService(  912): scheduling next alarm, nowWall: 1447142280006, nextWall: 1447142340000, nowElapsed: 51291489, nextElapsed: 51351483
11-10 08:58:00.008 D/AmbientService(  912): updateAmbient: AmbientActivity[component=ComponentInfo{com.google.android.wearable.app/com.google.android.clockwork.home.HomeActivity}, callbacks=@10b985be, running=true, ambient=true] main 1
11-10 08:58:00.021 I/InputReader(  573): Reconfiguring input devices.  changes=0x00000004
11-10 08:58:00.021 I/InputReader(  573): Device reconfigured: id=3, name='synaptics_rmi4_i2c', size 320x320, orientation 0, mode 1, display id 0
11-10 08:58:00.023 D/AmbientService(  912): onAmbientUpdated: AmbientActivity[component=ComponentInfo{com.google.android.wearable.app/com.google.android.clockwork.home.HomeActivity}, callbacks=@10b985be, running=true, ambient=true]Binder_2 55
11-10 08:58:00.028 I/InputReader(  573): Reconfiguring input devices.  changes=0x00000004
11-10 08:58:00.032 D/SurfaceFlinger(  174): Set power mode=1, type=0 flinger=0xb7a47550
11-10 08:58:00.033 I/qdhwcomposer(  174): handle_blank_event: dpy:0 panel power state: 2
11-10 08:58:00.034 I/DisplayManagerService(  573): Display device changed state: "Built-in Screen", DOZE
11-10 08:58:00.039 V/ActivityManager(  573): Display changed displayId=0
11-10 08:58:00.154 I/DisplayManagerService(  573): Display device changed state: "Built-in Screen", DOZE_SUSPEND
11-10 08:58:00.160 D/SurfaceFlinger(  174): Set power mode=3, type=0 flinger=0xb7a47550
11-10 08:58:00.160 I/qdhwcomposer(  174): handle_blank_event: dpy:0 panel power state: 2
11-10 08:58:00.162 V/ActivityManager(  573): Display changed displayId=0
11-10 08:58:01.254 W/bt-btif ( 1087): dm_pm_timer expires
11-10 08:58:01.254 W/bt-btif ( 1087): dm_pm_timer expires 0
11-10 08:58:01.254 W/bt-btif ( 1087): proc dm_pm_timer expires
11-10 08:58:04.249 W/bt-btif ( 1087): dm_pm_timer expires
11-10 08:58:04.249 W/bt-btif ( 1087): dm_pm_timer expires 0
11-10 08:58:04.249 W/bt-btif ( 1087): proc dm_pm_timer expires
11-10 08:58:07.194 W/bt-btif ( 1087): dm_pm_timer expires
11-10 08:58:07.194 W/bt-btif ( 1087): dm_pm_timer expires 0
11-10 08:58:07.194 W/bt-btif ( 1087): proc dm_pm_timer expires
11-10 08:58:10.191 W/bt-btif ( 1087): dm_pm_timer expires
11-10 08:58:10.191 W/bt-btif ( 1087): dm_pm_timer expires 0
11-10 08:58:10.191 W/bt-btif ( 1087): proc dm_pm_timer expires
11-10 08:58:13.228 W/bt-btif ( 1087): dm_pm_timer expires
11-10 08:58:13.228 W/bt-btif ( 1087): dm_pm_timer expires 0
11-10 08:58:13.228 W/bt-btif ( 1087): proc dm_pm_timer expires
11-10 08:58:16.175 W/bt-btif ( 1087): dm_pm_timer expires
11-10 08:58:16.175 W/bt-btif ( 1087): dm_pm_timer expires 0
11-10 08:58:16.175 W/bt-btif ( 1087): proc dm_pm_timer expires
11-10 08:58:19.166 W/bt-btif ( 1087): dm_pm_timer expires
11-10 08:58:19.166 W/bt-btif ( 1087): dm_pm_timer expires 0
11-10 08:58:19.166 W/bt-btif ( 1087): proc dm_pm_timer expires
11-10 08:58:22.155 W/bt-btif ( 1087): dm_pm_timer expires
11-10 08:58:22.155 W/bt-btif ( 1087): dm_pm_timer expires 0
11-10 08:58:22.155 W/bt-btif ( 1087): proc dm_pm_timer expires
11-10 08:58:25.155 W/bt-btif ( 1087): dm_pm_timer expires
11-10 08:58:25.156 W/bt-btif ( 1087): dm_pm_timer expires 0
11-10 08:58:25.156 W/bt-btif ( 1087): proc dm_pm_timer expires
11-10 08:58:28.192 W/bt-btif ( 1087): dm_pm_timer expires
11-10 08:58:28.192 W/bt-btif ( 1087): dm_pm_timer expires 0
11-10 08:58:28.192 W/bt-btif ( 1087): proc dm_pm_timer expires
11-10 08:58:31.135 W/bt-btif ( 1087): dm_pm_timer expires
11-10 08:58:31.135 W/bt-btif ( 1087): dm_pm_timer expires 0
11-10 08:58:31.135 W/bt-btif ( 1087): proc dm_pm_timer expires
11-10 08:58:34.127 W/bt-btif ( 1087): dm_pm_timer expires
11-10 08:58:34.127 W/bt-btif ( 1087): dm_pm_timer expires 0
11-10 08:58:34.127 W/bt-btif ( 1087): proc dm_pm_timer expires
11-10 08:58:37.118 W/bt-btif ( 1087): dm_pm_timer expires
11-10 08:58:37.118 W/bt-btif ( 1087): dm_pm_timer expires 0
11-10 08:58:37.118 W/bt-btif ( 1087): proc dm_pm_timer expires
11-10 08:58:40.116 W/bt-btif ( 1087): dm_pm_timer expires
11-10 08:58:40.116 W/bt-btif ( 1087): dm_pm_timer expires 0
11-10 08:58:40.116 W/bt-btif ( 1087): proc dm_pm_timer expires
11-10 08:58:43.106 W/bt-btif ( 1087): dm_pm_timer expires
11-10 08:58:43.106 W/bt-btif ( 1087): dm_pm_timer expires 0
11-10 08:58:43.106 W/bt-btif ( 1087): proc dm_pm_timer expires
11-10 08:58:46.096 W/bt-btif ( 1087): dm_pm_timer expires
11-10 08:58:46.096 W/bt-btif ( 1087): dm_pm_timer expires 0
11-10 08:58:46.097 W/bt-btif ( 1087): proc dm_pm_timer expires
11-10 08:58:46.407 I/ActivityManager(  573): Delay finish: com.google.android.gms/.checkin.EventLogService$Receiver
11-10 08:58:46.421 I/EventLogService(  970): Aggregate from 1447140181923 (log), 1447140181923 (data)
11-10 08:58:46.702 I/ActivityManager(  573): Resuming delayed broadcast
11-10 08:58:46.709 I/ActivityManager(  573): Delay finish: com.google.android.apps.fitness/com.google.android.wearable.fitness.summary.notification.NotificationReceiver
11-10 08:58:46.728 I/FitnessWearable( 1225): Checking fitness notification
11-10 08:58:47.094 I/FitnessWearable( 1225): Fitness Platform Queries took: 340 ms
11-10 08:58:47.214 W/ResourcesManager(  735): Asset path '/system/framework/com.google.android.wearable.jar' does not exist or contains no resources.
11-10 08:58:47.348 I/DisplayManagerService(  573): Display device changed state: "Built-in Screen", DOZE
11-10 08:58:47.355 D/SurfaceFlinger(  174): Set power mode=1, type=0 flinger=0xb7a47550
11-10 08:58:47.355 I/qdhwcomposer(  174): handle_blank_event: dpy:0 panel power state: 2
11-10 08:58:47.355 V/ActivityManager(  573): Display changed displayId=0
11-10 08:58:47.407 I/PhenotypeFlagCommitter(  824): Experiment Configs successfully retrieved for com.google.android.gms.playlog.uploader
11-10 08:58:47.417 W/ResourcesManager(  735): Asset path '/system/framework/com.google.android.wearable.jar' does not exist or contains no resources.
11-10 08:58:47.420 I/GoogleURLConnFactory(  824): Using platform SSLCertificateSocketFactory
11-10 08:58:47.587 I/DisplayManagerService(  573): Display device changed state: "Built-in Screen", DOZE_SUSPEND
11-10 08:58:47.594 D/SurfaceFlinger(  174): Set power mode=3, type=0 flinger=0xb7a47550
11-10 08:58:47.594 I/qdhwcomposer(  174): handle_blank_event: dpy:0 panel power state: 2
11-10 08:58:47.597 V/ActivityManager(  573): Display changed displayId=0
11-10 08:58:47.731 D/ClockworkProxy(  735): doAccept: Create socket stream 4 for TCP connection from /192.168.167.239:38515 to /74.125.136.95:443
11-10 08:58:47.736 D/ClockworkProxy(  735): doAccept: rpc succeeded. Activate stream 4
11-10 08:58:51.404 I/ActivityManager(  573): Resuming delayed broadcast
11-10 08:58:52.618 W/bt-btif ( 1087): dm_pm_timer expires
11-10 08:58:52.619 W/bt-btif ( 1087): dm_pm_timer expires 0
11-10 08:58:52.619 W/bt-btif ( 1087): proc dm_pm_timer expires
11-10 08:58:56.566 W/bt-btif ( 1087): dm_pm_timer expires
11-10 08:58:56.566 W/bt-btif ( 1087): dm_pm_timer expires 0
11-10 08:58:56.566 W/bt-btif ( 1087): proc dm_pm_timer expires
11-10 08:59:00.006 I/AmbientService(  912): Ambient Updating
11-10 08:59:00.006 D/AmbientService(  912): scheduling next alarm, nowWall: 1447142340006, nextWall: 1447142400000, nowElapsed: 51351489, nextElapsed: 51411483
11-10 08:59:00.007 D/AmbientService(  912): updateAmbient: AmbientActivity[component=ComponentInfo{com.google.android.wearable.app/com.google.android.clockwork.home.HomeActivity}, callbacks=@10b985be, running=true, ambient=true] main 1
11-10 08:59:00.028 I/InputReader(  573): Reconfiguring input devices.  changes=0x00000004
11-10 08:59:00.028 I/InputReader(  573): Device reconfigured: id=3, name='synaptics_rmi4_i2c', size 320x320, orientation 0, mode 1, display id 0
11-10 08:59:00.029 I/InputReader(  573): Reconfiguring input devices.  changes=0x00000004
11-10 08:59:00.030 D/AmbientService(  912): onAmbientUpdated: AmbientActivity[component=ComponentInfo{com.google.android.wearable.app/com.google.android.clockwork.home.HomeActivity}, callbacks=@10b985be, running=true, ambient=true]Binder_2 55
11-10 08:59:00.053 D/SurfaceFlinger(  174): Set power mode=1, type=0 flinger=0xb7a47550
11-10 08:59:00.054 I/qdhwcomposer(  174): handle_blank_event: dpy:0 panel power state: 2
11-10 08:59:00.055 I/DisplayManagerService(  573): Display device changed state: "Built-in Screen", DOZE
11-10 08:59:00.057 W/bt-btif ( 1087): dm_pm_timer expires
11-10 08:59:00.057 W/bt-btif ( 1087): dm_pm_timer expires 0
11-10 08:59:00.057 W/bt-btif ( 1087): proc dm_pm_timer expires
11-10 08:59:00.069 V/ActivityManager(  573): Display changed displayId=0
11-10 08:59:00.175 I/DisplayManagerService(  573): Display device changed state: "Built-in Screen", DOZE_SUSPEND
11-10 08:59:00.183 V/ActivityManager(  573): Display changed displayId=0
11-10 08:59:00.185 D/SurfaceFlinger(  174): Set power mode=3, type=0 flinger=0xb7a47550
11-10 08:59:00.186 I/qdhwcomposer(  174): handle_blank_event: dpy:0 panel power state: 2
11-10 08:59:03.056 W/bt-btif ( 1087): dm_pm_timer expires
11-10 08:59:03.056 W/bt-btif ( 1087): dm_pm_timer expires 0
11-10 08:59:03.056 W/bt-btif ( 1087): proc dm_pm_timer expires
11-10 08:59:03.403 I/art     (  774): Background partial concurrent mark sweep GC freed 38205(2MB) AllocSpace objects, 3(48KB) LOS objects, 17% free, 9MB/11MB, paused 2.193ms total 156.574ms
11-10 08:59:03.890 W/TelecomManager(  573): Telecom Service not found.
11-10 08:59:03.890 I/PowerManagerService(  573): Waking up from dozing (uid 1000)...
11-10 08:59:03.891 V/KeyguardServiceDelegate(  573): onScreenTurnedOn(showListener = com.android.internal.policy.impl.PhoneWindowManager$2@1a6c5e2a)
11-10 08:59:03.900 D/PowerHAL(  573): IDLE_MODE(touch) -> 0
11-10 08:59:03.901 E/InputMethodManagerService(  573): Ignoring setImeWindowStatus due to an invalid token. uid:1000 token:null
11-10 08:59:03.904 E/WifiStateMachine(  573): cancelDelayedScan -> 224
11-10 08:59:03.910 V/KeyguardServiceDelegate(  573): **** SHOWN CALLED ****
11-10 08:59:03.911 D/audio_hw_primary(  196): adev_set_parameters: enter: screen_state=on
11-10 08:59:03.918 I/DisplayManagerService(  573): Display device changed state: "Built-in Screen", ON
11-10 08:59:03.924 D/SurfaceFlinger(  174): Set power mode=2, type=0 flinger=0xb7a47550
11-10 08:59:03.935 I/qdhwcomposer(  174): handle_blank_event: dpy:0 panel power state: 1
11-10 08:59:03.959 V/ActivityManager(  573): Display changed displayId=0
11-10 08:59:03.991 I/DreamManagerService(  573): Gently waking up from dream.
11-10 08:59:03.992 V/DreamService[AmbientDream](  912): wakeUp(): fromSystem=true, mWaking=false, mFinished=false
11-10 08:59:03.992 V/DreamService[AmbientDream](  912): finish(): mFinished=false
11-10 08:59:03.992 I/DreamManagerService(  573): Leaving dreamland.
11-10 08:59:03.996 I/DreamController(  573): Stopping dream: name=ComponentInfo{com.google.android.wearable.ambient/com.google.android.wearable.ambient.AmbientDream}, isTest=false, canDoze=true, userId=0
11-10 08:59:03.999 V/DreamService[AmbientDream](  912): detach(): Calling onDreamingStopped()
11-10 08:59:03.999 I/AmbientService(  912): Ambient Stopping
11-10 08:59:04.001 D/AmbientService(  912): exitAmbient: AmbientActivity[component=ComponentInfo{com.google.android.wearable.app/com.google.android.clockwork.home.HomeActivity}, callbacks=@10b985be, running=true, ambient=true] main 1
11-10 08:59:04.018 I/InputReader(  573): Reconfiguring input devices.  changes=0x00000004
11-10 08:59:04.019 I/InputReader(  573): Device reconfigured: id=3, name='synaptics_rmi4_i2c', size 320x320, orientation 0, mode 1, display id 0
11-10 08:59:04.020 I/InputReader(  573): Reconfiguring input devices.  changes=0x00000004
11-10 08:59:04.025 D/AmbientService(  912): AmbientDreamStub.detach called while disabled
11-10 08:59:04.031 V/DreamService[AmbientDream](  912): onDestroy()
11-10 08:59:04.047 I/InputReader(  573): Reconfiguring input devices.  changes=0x00000004
11-10 08:59:04.047 I/InputReader(  573): Device reconfigured: id=3, name='synaptics_rmi4_i2c', size 320x320, orientation 0, mode 1, display id 0
11-10 08:59:04.048 I/InputReader(  573): Reconfiguring input devices.  changes=0x00000004
11-10 08:59:04.063 I/AudioFlinger(  196): AudioFlinger's thread 0xb5614008 ready to run
11-10 08:59:04.077 D/audio_hw_primary(  196): select_devices: out_snd_device(0: none) in_snd_device(55: voice-rec-mic)
11-10 08:59:04.077 D/msm8974_platform(  196): platform_send_audio_calibration: sending audio calibration for snd_device(55) acdb_id(62)
11-10 08:59:04.077 D/        (  196): Failed to fetch the lookup information of the device 0000003E 
11-10 08:59:04.077 D/        (  196): Failed to fetch the lookup information of the device 0000003E 
11-10 08:59:04.077 D/audio_hw_primary(  196): enable_snd_device: snd_device(55: voice-rec-mic)
11-10 08:59:04.089 D/audio_hw_primary(  196): enable_audio_route: apply and update mixer path: audio-record
11-10 08:59:04.102 D/AmbientService(  912): onAmbientExited: AmbientActivity[component=ComponentInfo{com.google.android.wearable.app/com.google.android.clockwork.home.HomeActivity}, callbacks=@10b985be, running=true, ambient=false] Binder_1 54
11-10 08:59:04.159 D/DeepAmbientRecognition(  735): onDestroy
11-10 08:59:04.919 I/art     (  573): Explicit concurrent mark sweep GC freed 21216(1093KB) AllocSpace objects, 1(16KB) LOS objects, 15% free, 10MB/12MB, paused 1.926ms total 150.888ms
11-10 08:59:06.113 I/FitnessWearable( 1225): Completed Phone Sync
11-10 08:59:06.114 I/FitnessWearable( 1225): Checking on account update
11-10 08:59:06.341 I/ActivityManager(  573): START u0 {act=android.intent.action.MAIN flg=0x10200000 cmp=com.google.android.apps.wearable.settings/com.google.android.clockwork.settings.SettingsActivity} from uid 10004 on display 0
11-10 08:59:06.353 V/WindowManager(  573): addAppToken: AppWindowToken{17edfe1b token=Token{2122b02a ActivityRecord{137b515 u0 com.google.android.apps.wearable.settings/com.google.android.clockwork.settings.SettingsActivity t128}}} to stack=1 task=128 at 0
11-10 08:59:06.369 D/AmbientService(  912): onPaused: AmbientActivity[component=ComponentInfo{com.google.android.wearable.app/com.google.android.clockwork.home.HomeActivity}, callbacks=@10b985be, running=true, ambient=false] Binder_2 55
11-10 08:59:06.458 D/audio_hw_primary(  196): disable_audio_route: reset and update mixer path: audio-record
11-10 08:59:06.461 D/audio_hw_primary(  196): disable_snd_device: snd_device(55: voice-rec-mic)
11-10 08:59:06.503 I/FitnessWearable( 1225): Initialized Fitness Account
11-10 08:59:07.305 I/art     (  824): WaitForGcToComplete blocked for 122.454ms for cause DisableMovingGc
11-10 08:59:07.427 D/OpenGLRenderer(  865): Use EGL_SWAP_BEHAVIOR_PRESERVED: true
11-10 08:59:07.458 D/Atlas   (  865): Validating map...
11-10 08:59:07.502 V/WindowManager(  573): Adding window Window{a2a71cd u0 com.google.android.apps.wearable.settings/com.google.android.clockwork.settings.SettingsActivity} at 2 of 4 (after Window{39da2843 u0 com.google.android.wearable.app/com.google.android.clockwork.home.HomeActivity})
11-10 08:59:07.666 I/Adreno-EGL(  865): <qeglDrvAPI_eglInitialize:379>: QUALCOMM Build: 04/17/15, 7501d81, Id740c4a472
11-10 08:59:07.672 I/OpenGLRenderer(  865): Initialized EGL, version 1.4
11-10 08:59:07.759 D/OpenGLRenderer(  865): Enabling debug mode 0
11-10 08:59:07.922 D/SettingsAdapter(  865): onBindViewHolder null 5 2131558574
11-10 08: