11-09 23:57:00.079 I/DisplayManagerService(  573): Display device changed state: "Built-in Screen", DOZE
11-09 23:57:00.085 V/ActivityManager(  573): Display changed displayId=0
11-09 23:57:00.198 I/DisplayManagerService(  573): Display device changed state: "Built-in Screen", DOZE_SUSPEND
11-09 23:57:00.207 V/ActivityManager(  573): Display changed displayId=0
11-09 23:58:00.397 I/AmbientService(  912): Ambient Updating
11-09 23:58:00.420 I/DisplayManagerService(  573): Display device changed state: "Built-in Screen", DOZE
11-09 23:58:00.428 V/ActivityManager(  573): Display changed displayId=0
11-09 23:58:00.541 I/DisplayManagerService(  573): Display device changed state: "Built-in Screen", DOZE_SUSPEND
11-09 23:58:00.541 V/ActivityManager(  573): Display changed displayId=0
11-09 23:58:00.764 V/DreamService[AmbientDream](  912): finish(): mFinished=false
11-09 23:58:00.765 I/DreamManagerService(  573): Leaving dreamland.
11-09 23:58:00.772 I/DreamController(  573): Stopping dream: name=ComponentInfo{com.google.android.wearable.ambient/com.google.android.wearable.ambient.AmbientDream}, isTest=false, canDoze=true, userId=0
11-09 23:58:00.777 V/DreamService[AmbientDream](  912): detach(): Calling onDreamingStopped()
11-09 23:58:00.777 I/AmbientService(  912): Ambient Stopping
11-09 23:58:00.786 V/DreamService[AmbientDream](  912): onDestroy()
11-09 23:58:00.788 I/DisplayManagerService(  573): Display device changed state: "Built-in Screen", ON
11-09 23:58:00.790 V/ActivityManager(  573): Display changed displayId=0
11-09 23:58:00.790 I/PowerManagerService(  573): Sleeping (uid 1000)...
11-09 23:58:00.795 D/WifiService(  573): setWifiEnabled: false pid=735, uid=10004
11-09 23:58:00.795 E/WifiService(  573): Invoking mWifiStateMachine.setWifiEnabled
11-09 23:58:01.068 D/ConnectivityService(  573): NetworkAgentInfo [WIFI () - 106] EVENT_NETWORK_INFO_CHANGED, going from CONNECTED to DISCONNECTED
11-09 23:58:01.068 D/ConnectivityService(  573): NetworkAgentInfo [WIFI () - 106] got DISCONNECTED, was satisfying 1
11-09 23:58:01.080 D/ConnectivityService(  573): reportBadNetwork(NetworkAgentInfo [WIFI () - 106]) by 10011
11-09 23:58:01.477 D/ConnectivityService(  573): notifyType LOST for NetworkAgentInfo [WIFI () - 106]
11-09 23:58:01.489 W/ContextImpl(  865): Calling a method in the system process without a qualified user: android.app.ContextImpl.sendBroadcast:1327 android.content.ContextWrapper.sendBroadcast:377 android.content.ContextWrapper.sendBroadcast:377 com.google.android.clockwork.settings.wifi.WifiActivityReceiver.onReceive:36 android.app.ActivityThread.handleReceiver:2609 
11-09 23:58:01.538 D/CSLegacyTypeTracker(  573): Sending disconnected broadcast for type 1 NetworkAgentInfo [WIFI () - 106] isDefaultNetwork=true
11-09 23:58:01.538 D/ConnectivityService(  573): sendStickyBroadcast: action=android.net.conn.CONNECTIVITY_CHANGE_IMMEDIATE
11-09 23:58:01.543 D/ConnectivityService(  573): sendStickyBroadcast: action=android.net.conn.CONNECTIVITY_CHANGE
11-09 23:58:01.575 D/ConnectivityService(  573): sendStickyBroadcast: action=android.net.conn.CONNECTIVITY_CHANGE_IMMEDIATE
11-09 23:58:01.576 D/ConnectivityService(  573): sendStickyBroadcast: action=android.net.conn.CONNECTIVITY_CHANGE
11-09 23:58:01.576 D/ConnectivityService(  573): Checking for replacement network to handle request NetworkRequest [ id=1, legacyType=-1, [ Capabilities: INTERNET&NOT_RESTRICTED&TRUSTED&NOT_VPN] ]
11-09 23:58:01.577 E/ConnectivityService(  573): EVENT_NETWORK_INFO_CHANGED from unknown NetworkAgent
11-09 23:58:01.578 D/ConnectivityService(  573): setProvNotificationVisibleIntent: E visible=false networkType=0 extraInfo=null
11-09 23:58:01.591 I/DisplayManagerService(  573): Display device changed state: "Built-in Screen", OFF
11-09 23:58:01.600 V/ActivityManager(  573): Display changed displayId=0
11-09 23:58:02.087 I/ActivityManager(  573): Delay finish: com.google.android.gms/.analytics.internal.GServicesChangedReceiver
11-09 23:58:02.197 I/ActivityManager(  573): Resuming delayed broadcast
11-09 23:58:02.200 W/ActivityManager(  573): Unable to start service Intent { cmp=com.google.android.gms/.measurement.service.b } U=0: not found
11-09 23:58:02.207 I/ActivityManager(  573): Delay finish: com.google.android.gms/.checkin.CheckinService$Receiver
11-09 23:58:02.377 I/ActivityManager(  573): Resuming delayed broadcast
11-09 23:58:02.395 I/ActivityManager(  573): Delay finish: com.google.android.gms/.update.SystemUpdateService$Receiver
11-09 23:58:02.519 I/ActivityManager(  573): Resuming delayed broadcast
11-09 23:58:02.569 I/ActivityManager(  573): Delay finish: com.google.android.gms/.auth.crypto.ChannelBindingBroadcastReceiver
11-09 23:58:02.576 I/ActivityManager(  573): Resuming delayed broadcast
11-09 23:58:02.581 W/ContextImpl(  865): Calling a method in the system process without a qualified user: android.app.ContextImpl.sendBroadcast:1327 android.content.ContextWrapper.sendBroadcast:377 android.content.ContextWrapper.sendBroadcast:377 com.google.android.clockwork.settings.wifi.WifiActivityReceiver.onReceive:36 android.app.ActivityThread.handleReceiver:2609 
11-09 23:58:11.385 I/ActivityManager(  573): Delay finish: com.google.android.apps.fitness/com.google.android.wearable.fitness.summary.notification.NotificationReceiver
11-09 23:58:12.771 W/ResourcesManager(  735): Asset path '/system/framework/com.google.android.wearable.jar' does not exist or contains no resources.
11-09 23:58:12.773 I/ActivityManager(  573): Resuming delayed broadcast
11-09 23:59:01.596 D/ConnectivityService(  573): Failed to find a new network - expiring NetTransition Wakelock
11-10 00:00:01.212 I/ActivityManager(  573): Killing 1179:com.android.providers.calendar/u0a1 (adj 15): empty for 1813s
11-10 00:06:27.324 W/ActivityManager(  573): SLOW OOM ADJ: 385835ms for pid 1424 = 13
11-10 00:20:51.364 I/ActivityManager(  573): Delay finish: com.google.android.apps.fitness/com.google.android.wearable.fitness.summary.notification.NotificationReceiver
11-10 00:20:51.945 I/ActivityManager(  573): Resuming delayed broadcast
11-10 00:20:52.094 W/ResourcesManager(  735): Asset path '/system/framework/com.google.android.wearable.jar' does not exist or contains no resources.
11-10 00:37:32.239 I/ActivityManager(  573): Delay finish: com.google.android.gms/.checkin.EventLogService$Receiver
11-10 00:37:32.650 I/ActivityManager(  573): Resuming delayed broadcast
11-10 00:37:32.674 I/ActivityManager(  573): Delay finish: com.google.android.apps.fitness/com.google.android.wearable.fitness.summary.notification.NotificationReceiver
11-10 00:37:33.103 I/ActivityManager(  573): Resuming delayed broadcast
11-10 00:49:33.281 I/ActivityManager(  573): Delay finish: com.google.android.apps.fitness/com.google.android.wearable.fitness.summary.notification.NotificationReceiver
11-10 00:49:33.846 I/ActivityManager(  573): Resuming delayed broadcast
11-10 00:49:33.954 W/ResourcesManager(  735): Asset path '/system/framework/com.google.android.wearable.jar' does not exist or contains no resources.
11-10 01:01:34.380 I/ActivityManager(  573): Delay finish: com.google.android.apps.fitness/com.google.android.wearable.fitness.summary.notification.NotificationReceiver
11-10 01:01:34.883 I/ActivityManager(  573): Resuming delayed broadcast
11-10 01:14:02.260 I/ActivityManager(  573): Delay finish: com.google.android.gms/.checkin.EventLogService$Receiver
11-10 01:14:02.494 I/ActivityManager(  573): Resuming delayed broadcast
11-10 01:14:02.517 I/ActivityManager(  573): Delay finish: com.google.android.apps.fitness/com.google.android.wearable.fitness.summary.notification.NotificationReceiver
11-10 01:14:02.997 I/ActivityManager(  573): Resuming delayed broadcast
11-10 01:14:03.110 W/ResourcesManager(  735): Asset path '/system/framework/com.google.android.wearable.jar' does not exist or contains no resources.
11-10 01:29:02.274 I/ActivityManager(  573): Delay finish: com.google.android.apps.fitness/com.google.android.wearable.fitness.summary.notification.NotificationReceiver
11-10 01:29:02.840 I/ActivityManager(  573): Resuming delayed broadcast
11-10 01:45:21.405 I/ActivityManager(  573): Delay finish: com.google.android.gms/.checkin.EventLogService$Receiver
11-10 01:45:21.537 I/ActivityManager(  573): Resuming delayed broadcast
11-10 01:45:21.546 I/ActivityManager(  573): Delay finish: com.google.android.apps.fitness/com.google.android.wearable.fitness.summary.notification.NotificationReceiver
11-10 01:45:22.095 I/ActivityManager(  573): Resuming delayed broadcast
11-10 01:46:27.291 W/ResourcesManager(  735): Asset path '/system/framework/com.google.android.wearable.jar' does not exist or contains no resources.
11-10 01:59:02.283 I/ActivityManager(  573): Delay finish: com.google.android.apps.fitness/com.google.android.wearable.fitness.summary.notification.NotificationReceiver
11-10 01:59:02.807 I/ActivityManager(  573): Resuming delayed broadcast
11-10 02:15:23.415 I/ActivityManager(  573): Delay finish: com.google.android.gms/.checkin.EventLogService$Receiver
11-10 02:15:23.562 I/ActivityManager(  573): Resuming delayed broadcast
11-10 02:15:23.575 I/ActivityManager(  573): Delay finish: com.google.android.apps.fitness/com.google.android.wearable.fitness.summary.notification.NotificationReceiver
11-10 02:15:24.112 I/ActivityManager(  573): Resuming delayed broadcast
11-10 02:15:24.255 W/ResourcesManager(  735): Asset path '/system/framework/com.google.android.wearable.jar' does not exist or contains no resources.
11-10 02:29:02.294 I/ActivityManager(  573): Delay finish: com.google.android.apps.fitness/com.google.android.wearable.fitness.summary.notification.NotificationReceiver
11-10 02:29:02.817 I/ActivityManager(  573): Resuming delayed broadcast
11-10 02:45:25.431 I/ActivityManager(  573): Delay finish: com.google.android.gms/.checkin.EventLogService$Receiver
11-10 02:45:25.564 I/ActivityManager(  573): Resuming delayed broadcast
11-10 02:45:25.571 I/ActivityManager(  573): Delay finish: com.google.android.apps.fitness/com.google.android.wearable.fitness.summary.notification.NotificationReceiver
11-10 02:45:26.077 I/ActivityManager(  573): Resuming delayed broadcast
11-10 02:45:26.189 W/ResourcesManager(  735): Asset path '/system/framework/com.google.android.wearable.jar' does not exist or contains no resources.
11-10 02:59:02.319 I/ActivityManager(  573): Delay finish: com.google.android.apps.fitness/com.google.android.wearable.fitness.summary.notification.NotificationReceiver
11-10 02:59:02.894 I/ActivityManager(  573): Resuming delayed broadcast
11-10 03:15:27.437 I/ActivityManager(  573): Delay finish: com.google.android.gms/.checkin.EventLogService$Receiver
11-10 03:15:27.527 I/ActivityManager(  573): Resuming delayed broadcast
11-10 03:15:27.534 I/ActivityManager(  573): Delay finish: com.google.android.apps.fitness/com.google.android.wearable.fitness.summary.notification.NotificationReceiver
11-10 03:15:27.985 I/ActivityManager(  573): Resuming delayed broadcast
11-10 03:15:28.122 W/ResourcesManager(  735): Asset path '/system/framework/com.google.android.wearable.jar' does not exist or contains no resources.
11-10 03:29:02.315 I/ActivityManager(  573): Delay finish: com.google.android.apps.fitness/com.google.android.wearable.fitness.summary.notification.NotificationReceiver
11-10 03:29:02.898 I/ActivityManager(  573): Resuming delayed broadcast
11-10 03:45:29.450 I/ActivityManager(  573): Delay finish: com.google.android.gms/.checkin.EventLogService$Receiver
11-10 03:45:29.539 I/ActivityManager(  573): Resuming delayed broadcast
11-10 03:45:29.546 I/ActivityManager(  573): Delay finish: com.google.android.apps.fitness/com.google.android.wearable.fitness.summary.notification.NotificationReceiver
11-10 03:45:29.985 I/ActivityManager(  573): Resuming delayed broadcast
11-10 03:45:30.102 W/ResourcesManager(  735): Asset path '/system/framework/com.google.android.wearable.jar' does not exist or contains no resources.
11-10 03:59:02.326 I/ActivityManager(  573): Delay finish: com.google.android.apps.fitness/com.google.android.wearable.fitness.summary.notification.NotificationReceiver
11-10 03:59:02.894 I/ActivityManager(  573): Resuming delayed broadcast
11-10 04:15:31.474 I/ActivityManager(  573): Delay finish: com.google.android.gms/.checkin.EventLogService$Receiver
11-10 04:15:31.564 I/ActivityManager(  573): Resuming delayed broadcast
11-10 04:15:31.571 I/ActivityManager(  573): Delay finish: com.google.android.apps.fitness/com.google.android.wearable.fitness.summary.notification.NotificationReceiver
11-10 04:15:32.068 I/ActivityManager(  573): Resuming delayed broadcast
11-10 04:15:32.212 W/ResourcesManager(  735): Asset path '/system/framework/com.google.android.wearable.jar' does not exist or contains no resources.
11-10 04:29:02.337 I/ActivityManager(  573): Delay finish: com.google.android.apps.fitness/com.google.android.wearable.fitness.summary.notification.NotificationReceiver
11-10 04:29:02.893 I/ActivityManager(  573): Resuming delayed broadcast
11-10 04:45:33.476 I/ActivityManager(  573): Delay finish: com.google.android.gms/.checkin.EventLogService$Receiver
11-10 04:45:33.566 I/ActivityManager(  573): Resuming delayed broadcast
11-10 04:45:33.574 I/ActivityManager(  573): Delay finish: com.google.android.apps.fitness/com.google.android.wearable.fitness.summary.notification.NotificationReceiver
11-10 04:45:34.101 I/ActivityManager(  573): Resuming delayed broadcast
11-10 04:45:34.214 W/ResourcesManager(  735): Asset path '/system/framework/com.google.android.wearable.jar' does not exist or contains no resources.
11-10 04:59:02.348 I/ActivityManager(  573): Delay finish: com.google.android.apps.fitness/com.google.android.wearable.fitness.summary.notification.NotificationReceiver
11-10 04:59:02.870 I/ActivityManager(  573): Resuming delayed broadcast
11-10 05:15:35.481 I/ActivityManager(  573): Delay finish: com.google.android.gms/.checkin.EventLogService$Receiver
11-10 05:15:35.573 I/ActivityManager(  573): Resuming delayed broadcast
11-10 05:15:35.580 I/ActivityManager(  573): Delay finish: com.google.android.apps.fitness/com.google.android.wearable.fitness.summary.notification.NotificationReceiver
11-10 05:15:36.029 I/ActivityManager(  573): Resuming delayed broadcast
11-10 05:15:36.163 W/ResourcesManager(  735): Asset path '/system/framework/com.google.android.wearable.jar' does not exist or contains no resources.
11-10 05:29:02.358 I/ActivityManager(  573): Delay finish: com.google.android.apps.fitness/com.google.android.wearable.fitness.summary.notification.NotificationReceiver
11-10 05:29:02.879 I/ActivityManager(  573): Resuming delayed broadcast
11-10 05:45:37.552 I/ActivityManager(  573): Delay finish: com.google.android.gms/.checkin.EventLogService$Receiver
11-10 05:45:37.646 I/ActivityManager(  573): Resuming delayed broadcast
11-10 05:45:37.653 I/ActivityManager(  573): Delay finish: com.google.android.apps.fitness/com.google.android.wearable.fitness.summary.notification.NotificationReceiver
11-10 05:45:38.161 I/ActivityManager(  573): Resuming delayed broadcast
11-10 05:45:38.304 W/ResourcesManager(  735): Asset path '/system/framework/com.google.android.wearable.jar' does not exist or contains no resources.
11-10 05:59:02.369 I/ActivityManager(  573): Delay finish: com.google.android.apps.fitness/com.google.android.wearable.fitness.summary.notification.NotificationReceiver
11-10 05:59:02.893 I/ActivityManager(  573): Resuming delayed broadcast
11-10 06:15:39.512 I/ActivityManager(  573): Delay finish: com.google.android.gms/.checkin.EventLogService$Receiver
11-10 06:15:39.604 I/ActivityManager(  573): Resuming delayed broadcast
11-10 06:15:39.612 I/ActivityManager(  573): Delay finish: com.google.android.apps.fitness/com.google.android.wearable.fitness.summary.notification.NotificationReceiver
11-10 06:15:40.062 I/ActivityManager(  573): Resuming delayed broadcast
11-10 06:15:40.205 W/ResourcesManager(  735): Asset path '/system/framework/com.google.android.wearable.jar' does not exist or contains no resources.
11-10 06:29:02.385 I/ActivityManager(  573): Delay finish: com.google.android.apps.fitness/com.google.android.wearable.fitness.summary.notification.NotificationReceiver
11-10 06:29:02.969 I/ActivityManager(  573): Resuming delayed broadcast
11-10 06:45:41.650 I/ActivityManager(  573): Delay finish: com.google.android.gms/.checkin.EventLogService$Receiver
11-10 06:45:41.968 I/ActivityManager(  573): Resuming delayed broadcast
11-10 06:45:41.975 I/ActivityManager(  573): Delay finish: com.google.android.apps.fitness/com.google.android.wearable.fitness.summary.notification.NotificationReceiver
11-10 06:45:42.444 I/ActivityManager(  573): Resuming delayed broadcast
11-10 06:45:42.584 W/ResourcesManager(  735): Asset path '/system/framework/com.google.android.wearable.jar' does not exist or contains no resources.
11-10 06:59:02.391 I/ActivityManager(  573): Delay finish: com.google.android.apps.fitness/com.google.android.wearable.fitness.summary.notification.NotificationReceiver
11-10 06:59:02.935 I/ActivityManager(  573): Resuming delayed broadcast
11-10 07:15:43.536 I/ActivityManager(  573): Delay finish: com.google.android.gms/.checkin.EventLogService$Receiver
11-10 07:15:43.629 I/ActivityManager(  573): Resuming delayed broadcast
11-10 07:15:43.636 I/ActivityManager(  573): Delay finish: com.google.android.apps.fitness/com.google.android.wearable.fitness.summary.notification.NotificationReceiver
11-10 07:15:44.163 I/ActivityManager(  573): Resuming delayed broadcast
11-10 07:15:44.357 W/ResourcesManager(  735): Asset path '/system/framework/com.google.android.wearable.jar' does not exist or contains no resources.
11-10 07:29:02.401 I/ActivityManager(  573): Delay finish: com.google.android.apps.fitness/com.google.android.wearable.fitness.summary.notification.NotificationReceiver
11-10 07:29:02.924 I/ActivityManager(  573): Resuming delayed broadcast
11-10 07:45:45.533 I/ActivityManager(  573): Delay finish: com.google.android.gms/.checkin.EventLogService$Receiver
11-10 07:45:45.626 I/ActivityManager(  573): Resuming delayed broadcast
11-10 07:45:45.633 I/ActivityManager(  573): Delay finish: com.google.android.apps.fitness/com.google.android.wearable.fitness.summary.notification.NotificationReceiver
11-10 07:45:46.072 I/ActivityManager(  573): Resuming delayed broadcast
11-10 07:45:46.206 W/ResourcesManager(  735): Asset path '/system/framework/com.google.android.wearable.jar' does not exist or contains no resources.
11-10 07:58:39.076 I/PowerManagerService(  573): Waking up from sleep (uid 10004)...
11-10 07:58:39.097 I/DisplayPowerController(  573): Blocking screen on until initial contents have been drawn.
11-10 07:58:39.111 I/DisplayManagerService(  573): Display device changed state: "Built-in Screen", ON
11-10 07:58:39.131 V/ActivityManager(  573): Display changed displayId=0
11-10 07:58:39.132 V/ActivityManager(  573): Display changed displayId=0
11-10 07:58:39.159 E/InputMethodManagerService(  573): Ignoring setImeWindowStatus due to an invalid token. uid:1000 token:null
11-10 07:58:39.274 I/UsageStatsService(  573): User[0] Rolling over usage stats
11-10 07:58:39.274 I/UsageStatsService(  573): User[0] Flushing usage stats to disk
11-10 07:58:39.581 I/DisplayPowerController(  573): Unblocked screen on after 484 ms
11-10 07:58:39.732 D/WifiService(  573): setWifiEnabled: true pid=735, uid=10004
11-10 07:58:39.732 E/WifiService(  573): Invoking mWifiStateMachine.setWifiEnabled
11-10 07:58:39.794 W/ContextImpl(  865): Calling a method in the system process without a qualified user: android.app.ContextImpl.sendBroadcast:1327 android.content.ContextWrapper.sendBroadcast:377 android.content.ContextWrapper.sendBroadcast:377 com.google.android.clockwork.settings.wifi.WifiActivityReceiver.onReceive:36 android.app.ActivityThread.handleReceiver:2609 
11-10 07:58:39.848 I/UsageStatsService(  573): User[0] Rollover scheduled @ 2015-11-11 01:00:00(1447200000000)
11-10 07:58:39.848 I/UsageStatsService(  573): User[0] Rolling over usage stats complete. Took 574 milliseconds
11-10 07:58:40.938 W/ContextImpl(  865): Calling a method in the system process without a qualified user: android.app.ContextImpl.sendBroadcast:1327 android.content.ContextWrapper.sendBroadcast:377 android.content.ContextWrapper.sendBroadcast:377 com.google.android.clockwork.settings.wifi.WifiActivityReceiver.onReceive:36 android.app.ActivityThread.handleReceiver:2609 
11-10 07:58:41.818 D/ConnectivityService(  573): registerNetworkAgent NetworkAgentInfo{ ni{[type: WIFI[], state: CONNECTING/CONNECTING, reason: (unspecified), extra: "TommyNett", roaming: false, failover: false, isAvailable: true, isConnectedToProvisioningNetwork: false]}  network{null}  lp{{InterfaceName: wlan0 LinkAddresses: []  Routes: [] DnsAddresses: [] Domains: null MTU: 0 TcpBufferSizes: 524288,1048576,2097152,262144,524288,1048576}}  nc{[ Transports: WIFI Capabilities: INTERNET&NOT_RESTRICTED&TRUSTED&NOT_VPN LinkUpBandwidth>=1048576Kbps LinkDnBandwidth>=1048576Kbps]}  Score{20}  everValidated{false}  lastValidated{false}  created{false}  explicitlySelected{false} }
11-10 07:58:41.819 D/ConnectivityService(  573): NetworkAgentInfo [WIFI () - 107] EVENT_NETWORK_INFO_CHANGED, going from null to CONNECTING
11-10 07:58:41.891 D/ConnectivityService(  573): updateNetworkScore for NetworkAgentInfo [WIFI () - 107] to 60
11-10 07:58:42.876 D/ConnectivityService(  573): NetworkAgentInfo [WIFI () - 107] EVENT_NETWORK_INFO_CHANGED, going from CONNECTING to CONNECTED
11-10 07:58:42.877 D/ConnectivityService(  573): Adding iface wlan0 to network 107
11-10 07:58:42.948 E/ConnectivityService(  573): Unexpected mtu value: 0, wlan0
11-10 07:58:42.948 D/ConnectivityService(  573): Adding Route [fe80::/64 -> :: wlan0] to network 107
11-10 07:58:42.951 D/ConnectivityService(  573): Adding Route [192.168.1.0/24 -> 0.0.0.0 wlan0] to network 107
11-10 07:58:42.953 D/ConnectivityService(  573): Adding Route [0.0.0.0/0 -> 192.168.1.1 wlan0] to network 107
11-10 07:58:42.955 D/ConnectivityService(  573): Setting Dns servers for network 107 to [/192.168.1.1]
11-10 07:58:42.982 D/ConnectivityService(  573): notifyType IP_CHANGED for NetworkAgentInfo [WIFI () - 107]
11-10 07:58:42.992 D/ConnectivityService(  573): notifyType PRECHECK for NetworkAgentInfo [WIFI () - 107]
11-10 07:58:42.993 D/ConnectivityService(  573): rematching NetworkAgentInfo [WIFI () - 107]
11-10 07:58:42.993 D/ConnectivityService(  573):    accepting network in place of null
11-10 07:58:42.995 D/ConnectivityService(  573): Switching to new default network: NetworkAgentInfo{ ni{[type: WIFI[], state: CONNECTED/CONNECTED, reason: (unspecified), extra: "TommyNett", roaming: false, failover: false, isAvailable: true, isConnectedToProvisioningNetwork: false]}  network{107}  lp{{InterfaceName: wlan0 LinkAddresses: [fe80::c69a:2ff:fe80:b1fc/64,192.168.1.239/24,]  Routes: [fe80::/64 -> :: wlan0,192.168.1.0/24 -> 0.0.0.0 wlan0,0.0.0.0/0 -> 192.168.1.1 wlan0,] DnsAddresses: [192.168.1.1,] Domains:  MTU: 0 TcpBufferSizes: 524288,1048576,2097152,262144,524288,1048576}}  nc{[ Transports: WIFI Capabilities: INTERNET&NOT_RESTRICTED&TRUSTED&NOT_VPN LinkUpBandwidth>=1048576Kbps LinkDnBandwidth>=1048576Kbps]}  Score{20}  everValidated{false}  lastValidated{false}  created{true}  explicitlySelected{false} }
11-10 07:58:42.997 D/ConnectivityService(  573): notifyType AVAILABLE for NetworkAgentInfo [WIFI () - 107]
11-10 07:58:42.997 D/CSLegacyTypeTracker(  573): Sending connected broadcast for type 1 NetworkAgentInfo [WIFI () - 107] isDefaultNetwork=true
11-10 07:58:42.997 D/ConnectivityService(  573): sendStickyBroadcast: action=android.net.conn.CONNECTIVITY_CHANGE_IMMEDIATE
11-10 07:58:43.002 D/ConnectivityService(  573): sendStickyBroadcast: action=android.net.conn.CONNECTIVITY_CHANGE
11-10 07:58:43.042 D/ConnectivityService(  573): setProvNotificationVisibleIntent: E visible=false networkType=0 extraInfo=null
11-10 07:58:43.043 D/ConnectivityService(  573): Validated NetworkAgentInfo [WIFI () - 107]
11-10 07:58:43.043 D/ConnectivityService(  573): rematching NetworkAgentInfo [WIFI () - 107]
11-10 07:58:43.043 D/ConnectivityService(  573): Network NetworkAgentInfo [WIFI () - 107] was already satisfying request 1. No change.
11-10 07:58:43.043 D/ConnectivityService(  573): notifyType AVAILABLE for NetworkAgentInfo [WIFI () - 107]
11-10 07:58:43.064 D/ConnectivityService(  573): sendStickyBroadcast: action=android.net.conn.INET_CONDITION_ACTION
11-10 07:58:43.689 I/ActivityManager(  573): Delay finish: com.google.android.gms/.analytics.internal.GServicesChangedReceiver
11-10 07:58:43.732 I/ActivityManager(  573): Resuming delayed broadcast
11-10 07:58:43.736 W/ActivityManager(  573): Unable to start service Intent { cmp=com.google.android.gms/.measurement.service.b } U=0: not found
11-10 07:58:43.743 I/ActivityManager(  573): Delay finish: com.google.android.gms/.checkin.CheckinService$Receiver
11-10 07:58:43.940 I/ActivityManager(  573): Resuming delayed broadcast
11-10 07:58:43.980 I/ActivityManager(  573): Delay finish: com.google.android.gms/.update.SystemUpdateService$Receiver
11-10 07:58:44.101 I/PowerManagerService(  573): Going to sleep due to screen timeout (uid 1000)...
11-10 07:58:44.102 I/DreamManagerService(  573): Entering dreamland.
11-10 07:58:44.102 I/PowerManagerService(  573): Dozing...
11-10 07:58:44.104 I/DreamController(  573): Starting dream: name=ComponentInfo{com.google.android.wearable.ambient/com.google.android.wearable.ambient.AmbientDream}, isTest=false, canDoze=true, userId=0
11-10 07:58:44.116 E/InputMethodManagerService(  573): Ignoring setImeWindowStatus due to an invalid token. uid:1000 token:null
11-10 07:58:44.116 E/InputMethodManagerService(  573): Ignoring setImeWindowStatus due to an invalid token. uid:1000 token:null
11-10 07:58:44.161 V/DreamService[AmbientDream](  912): onBind() intent = Intent { act=android.service.dreams.DreamService flg=0x800000 cmp=com.google.android.wearable.ambient/.AmbientDream }
11-10 07:58:44.186 I/AmbientService(  912): Ambient Created
11-10 07:58:44.186 V/DreamService[AmbientDream](  912): Calling onDreamingStarted()
11-10 07:58:44.186 I/AmbientService(  912): Ambient Starting
--------- beginning of main
11-10 07:58:44.198 D/AmbientService(  912): scheduling next alarm, nowWall: 1447138724186, nextWall: 1447138740000, nowElapsed: 47735669, nextElapsed: 47751483
11-10 07:58:44.221 D/AmbientService(  912): enterAmbient: AmbientActivity[component=ComponentInfo{com.google.android.wearable.app/com.google.android.clockwork.home.HomeActivity}, callbacks=@10b985be, running=true, ambient=false] main 1
11-10 07:58:44.254 D/AmbientService(  912): onAmbientEntered: AmbientActivity[component=ComponentInfo{com.google.android.wearable.app/com.google.android.clockwork.home.HomeActivity}, callbacks=@10b985be, running=true, ambient=true]Binder_1 54
11-10 07:58:44.256 D/PowerHAL(  573): IDLE_MODE(touch) -> 1
11-10 07:58:44.308 D/audio_hw_primary(  196): disable_audio_route: reset and update mixer path: audio-record
11-10 07:58:44.316 D/audio_hw_primary(  196): disable_snd_device: snd_device(55: voice-rec-mic)
11-10 07:58:44.340 I/ActivityManager(  573): Resuming delayed broadcast
11-10 07:58:44.373 D/SystemUpdateService(  970): onDestroy
11-10 07:58:44.383 D/GCM     (  824): GcmService start Intent { act=com.google.gservices.intent.action.GSERVICES_CHANGED flg=0x10 cmp=com.google.android.gms/.gcm.GcmService } com.google.gservices.intent.action.GSERVICES_CHANGED
11-10 07:58:44.427 I/GCoreUlr(  774): ULR code skipped on unsupported form factor.
11-10 07:58:44.469 D/GCM     (  824): GcmService start Intent { act=com.google.android.checkin.CHECKIN_COMPLETE flg=0x10 cmp=com.google.android.gms/.gcm.GcmService (has extras) } com.google.android.checkin.CHECKIN_COMPLETE
11-10 07:58:44.474 D/DeepAmbientRecognition(  735): onCreate
11-10 07:58:44.668 D/CloudSync(  774): enableCloudRoute: transitioning to connectedToCloud
11-10 07:58:44.714 D/GCM     (  824): GcmService start Intent { act=com.google.android.gcm.intent.SEND flg=0x10 pkg=com.google.android.gms cmp=com.google.android.gms/.gcm.GcmService (has extras) } com.google.android.gcm.intent.SEND
11-10 07:58:45.153 I/DisplayManagerService(  573): Display device changed state: "Built-in Screen", DOZE_SUSPEND
11-10 07:58:45.156 V/ActivityManager(  573): Display changed displayId=0
11-10 07:58:45.160 D/SurfaceFlinger(  174): Set power mode=3, type=0 flinger=0xb7a47550
11-10 07:58:45.162 I/qdhwcomposer(  174): handle_blank_event: dpy:0 panel power state: 2
11-10 07:58:45.242 W/Clockwork.Settings(  735): Null data item for uri: wear:/settings/com.google.android.clockwork.settings.DISABLE_CALENDAR/810e8cb1
11-10 07:58:45.302 W/Clockwork.Settings(  735): Null data item for uri: wear:/settings/com.google.android.clockwork.settings.TILT_TO_WAKE/810e8cb1
11-10 07:58:45.352 V/WearableAPIHelper( 1404): Wearable API connected to node: 810e8cb1
11-10 07:58:45.455 D/Clockwork.Settings(  735): got new locale: en_US->en_US
11-10 07:58:45.487 D/WearReceiver( 1385): [onPeerConnected]
11-10 07:58:45.487 D/WearReceiver( 1385): [inputVersionCodes]
11-10 07:58:45.491 D/WearableUtils( 1385): getPackageVersion packageVersionCode: 40213100
11-10 07:58:45.491 I/WearSender( 1385): [sendData] path:/lifetracker/version_code	 map:{package_version_code=40213100, wearable_protocol_version=100}
11-10 07:58:45.501 E/WearSender( 1385): onConnected 
11-10 07:58:45.501 D/WearSender( 1385): [sendMessage] path: /lifetracker/recording/request_data_from_wear, map: null
11-10 07:58:45.508 I/WearSender( 1385): mGoogleApiClient is connected. pathWithPostfix: /lifetracker/version_code/from_wear
11-10 07:58:45.639 D/WearSender( 1385): putDataItem status: Status{statusCode=SUCCESS, resolution=null}
11-10 07:58:45.640 I/WearReceiver( 1385): [onDataChanged] host path : /lifetracker/version_code/from_wear
11-10 07:58:45.707 I/art     (  774): Background sticky concurrent mark sweep GC freed 27660(1494KB) AllocSpace objects, 3(48KB) LOS objects, 11% free, 9MB/11MB, paused 14.996ms total 348.141ms
11-10 07:58:45.737 W/Binder  ( 1225): Caught a RuntimeException from the binder stub implementation.
11-10 07:58:45.737 W/Binder  ( 1225): p: Expected object header. Got 0x1 Parcel: pos=136 size=300
11-10 07:58:45.737 W/Binder  ( 1225): 	at b.a(PG:33000)
11-10 07:58:45.737 W/Binder  ( 1225): 	at auh.createFromParcel(Unknown Source)
11-10 07:58:45.737 W/Binder  ( 1225): 	at ate.onTransact(Unknown Source)
11-10 07:58:45.737 W/Binder  ( 1225): 	at android.os.Binder.execTransact(Binder.java:446)
11-10 07:58:45.759 I/CloudSync(  774): Start WiFi mediator: no condition found to stop WiFi mediator
11-10 07:58:45.759 W/WiFiMediator(  774): WiFi mediator is already started.
11-10 07:58:45.869 I/art     (  824): Explicit concurrent mark sweep GC freed 25630(1366KB) AllocSpace objects, 5(80KB) LOS objects, 21% free, 7MB/9MB, paused 1.879ms total 85.246ms
11-10 07:58:45.927 D/WearSender( 1385): [sendMessage] pathWithPostfix: /lifetracker/recording/request_data_from_wear/from_wear
11-10 07:58:45.938 D/rpctransport(  774): sent RPC to cloud, Bundle[{targetNodeId=e5c0aad2-a8d7-4943-a5b3-16aec9a68729, pkgCert=9e712776d7d67ac891de55b7787b2e6e5b51e56e, pkgName=com.lge.lifetracker, path=/lifetracker/recording/request_data_from_wear/from_wear, type=rpc, isChannel=0, generation=7, requestId=203, rawData=[B@6425015, sourceNodeId=810e8cb1, networkId=3036726899031108542}]
11-10 07:58:45.939 D/GCM     (  824): GcmService start Intent { act=com.google.android.gcm.intent.SEND flg=0x10 pkg=com.google.android.gms cmp=com.google.android.gms/.gcm.GcmService (has extras) } com.google.android.gcm.intent.SEND
11-10 07:58:45.961 D/rpctransport(  774): sent RPC to cloud, Bundle[{targetNodeId=e5c0aad2-a8d7-4943-a5b3-16aec9a68729, pkgCert=a197f9212f2fed64f0ff9c2a4edf24b9c8801c8c, pkgName=com.google.android.wearable.app, path=/logging/other_android_id, type=rpc, isChannel=0, generation=7, requestId=204, rawData=[B@a530524, sourceNodeId=810e8cb1, networkId=3036726899031108542}]
11-10 07:58:45.962 D/GCM     (  824): GcmService start Intent { act=com.google.android.gcm.intent.SEND flg=0x10 pkg=com.google.android.gms cmp=com.google.android.gms/.gcm.GcmService (has extras) } com.google.android.gcm.intent.SEND
11-10 07:59:00.007 I/AmbientService(  912): Ambient Updating
11-10 07:59:00.007 D/AmbientService(  912): scheduling next alarm, nowWall: 1447138740007, nextWall: 1447138800000, nowElapsed: 47751490, nextElapsed: 47811483
11-10 07:59:00.009 D/AmbientService(  912): updateAmbient: AmbientActivity[component=ComponentInfo{com.google.android.wearable.app/com.google.android.clockwork.home.HomeActivity}, callbacks=@10b985be, running=true, ambient=true] main 1
11-10 07:59:00.021 I/InputReader(  573): Reconfiguring input devices.  changes=0x00000004
11-10 07:59:00.021 I/InputReader(  573): Device reconfigured: id=3, name='synaptics_rmi4_i2c', size 320x320, orientation 0, mode 1, display id 0
11-10 07:59:00.022 I/InputReader(  573): Reconfiguring input devices.  changes=0x00000004
11-10 07:59:00.026 D/AmbientService(  912): onAmbientUpdated: AmbientActivity[component=ComponentInfo{com.google.android.wearable.app/com.google.android.clockwork.home.HomeActivity}, callbacks=@10b985be, running=true, ambient=true]Binder_1 54
11-10 07:59:00.028 D/SurfaceFlinger(  174): Set power mode=1, type=0 flinger=0xb7a47550
11-10 07:59:00.028 I/qdhwcomposer(  174): handle_blank_event: dpy:0 panel power state: 2
11-10 07:59:00.029 I/DisplayManagerService(  573): Display device changed state: "Built-in Screen", DOZE
11-10 07:59:00.032 V/ActivityManager(  573): Display changed displayId=0
11-10 07:59:00.149 I/DisplayManagerService(  573): Display device changed state: "Built-in Screen", DOZE_SUSPEND
11-10 07:59:00.154 D/SurfaceFlinger(  174): Set power mode=3, type=0 flinger=0xb7a47550
11-10 07:59:00.155 I/qdhwcomposer(  174): handle_blank_event: dpy:0 panel power state: 2
11-10 07:59:00.157 V/ActivityManager(  573): Display changed displayId=0
11-10 07:59:01.323 I/ActivityManager(  573): Delay finish: com.google.android.apps.fitness/com.google.android.wearable.fitness.summary.notification.NotificationReceiver
11-10 07:59:01.403 I/FitnessWearable( 1225): Checking fitness notification
11-10 07:59:01.964 I/art     (  573): Explicit concurrent mark sweep GC freed 29751(1489KB) AllocSpace objects, 2(32KB) LOS objects, 15% free, 10MB/12MB, paused 1.877ms total 102.686ms
11-10 07:59:02.076 I/FitnessWearable( 1225): Fitness Platform Queries took: 648 ms
11-10 07:59:02.219 I/ActivityManager(  573): Resuming delayed broadcast
11-10 07:59:02.351 I/DisplayManagerService(  573): Display device changed state: "Built-in Screen", DOZE
11-10 07:59:02.357 D/SurfaceFlinger(  174): Set power mode=1, type=0 flinger=0xb7a47550
11-10 07:59:02.357 I/qdhwcomposer(  174): handle_blank_event: dpy:0 panel power state: 2
11-10 07:59:02.357 V/ActivityManager(  573): Display changed displayId=0
11-10 07:59:02.557 I/DisplayManagerService(  573): Display device changed state: "Built-in Screen", DOZE_SUSPEND
11-10 07:59:02.565 D/SurfaceFlinger(  174): Set power mode=3, type=0 flinger=0xb7a47550
11-10 07:59:02.565 I/qdhwcomposer(  174): handle_blank_event: dpy:0 panel power state: 2
11-10 07:59:02.566 V/ActivityManager(  573): Display changed displayId=0
11-10 07:59:02.963 E/WifiStateMachine(  573): WifiStateMachine CMD_START_SCAN source -2 txSuccessRate=0.00 rxSuccessRate=0.00 targetRoamBSSID=50:46:5d:00:ea:d8 RSSI=-74
11-10 07:59:02.963 E/WifiStateMachine(  573): WifiStateMachine L2Connected CMD_START_SCAN source -2 200, 201 -> obsolete
11-10 07:59:02.999 E/libsuspend(  573): Error writing to /sys/power/state: Device or resource busy
11-10 08:00:00.385 I/qdhwcomposer(  174): handle_blank_event: dpy:0 panel power state: 2
11-10 08:00:00.392 I/AmbientService(  912): Ambient Updating
11-10 08:00:00.392 D/AmbientService(  912): scheduling next alarm, nowWall: 1447138800392, nextWall: 1447138860000, nowElapsed: 47811875, nextElapsed: 47871483
11-10 08:00:00.393 D/AmbientService(  912): updateAmbient: AmbientActivity[component=ComponentInfo{com.google.android.wearable.app/com.google.android.clockwork.home.HomeActivity}, callbacks=@10b985be, running=true, ambient=true] main 1
11-10 08:00:00.419 I/InputReader(  573): Reconfiguring input devices.  changes=0x00000004
11-10 08:00:00.419 I/InputReader(  573): Device reconfigured: id=3, name='synaptics_rmi4_i2c', size 320x320, orientation 0, mode 1, display id 0
11-10 08:00:00.420 I/InputReader(  573): Reconfiguring input devices.  changes=0x00000004
11-10 08:00:00.421 D/AmbientService(  912): onAmbientUpdated: AmbientActivity[component=ComponentInfo{com.google.android.wearable.app/com.google.android.clockwork.home.HomeActivity}, callbacks=@10b985be, running=true, ambient=true]Binder_1 54
11-10 08:00:00.445 D/SurfaceFlinger(  174): Set power mode=1, type=0 flinger=0xb7a47550
11-10 08:00:00.445 I/qdhwcomposer(  174): handle_blank_event: dpy:0 panel power state: 2
11-10 08:00:00.446 I/DisplayManagerService(  573): Display device changed state: "Built-in Screen", DOZE
11-10 08:00:00.456 V/ActivityManager(  573): Display changed displayId=0
11-10 08:00:00.565 I/DisplayManagerService(  573): Display device changed state: "Built-in Screen", DOZE_SUSPEND
11-10 08:00:00.572 V/ActivityManager(  573): Display changed displayId=0
11-10 08:00:00.575 D/SurfaceFlinger(  174): Set power mode=3, type=0 flinger=0xb7a47550
11-10 08:00:00.575 I/qdhwcomposer(  174): handle_blank_event: dpy:0 panel power state: 2
11-10 08:01:01.386 I/qdhwcomposer(  174): handle_blank_event: dpy:0 panel power state: 2
11-10 08:01:01.394 I/AmbientService(  912): Ambient Updating
11-10 08:01:01.394 D/AmbientService(  912): scheduling next alarm, nowWall: 1447138861394, nextWall: 1447138920000, nowElapsed: 47872877, nextElapsed: 47931483
11-10 08:01:01.397 D/AmbientService(  912): updateAmbient: AmbientActivity[component=ComponentInfo{com.google.android.wearable.app/com.google.android.clockwork.home.HomeActivity}, callbacks=@10b985be, running=true, ambient=true] main 1
11-10 08:01:01.414 D/AmbientService(  912): onAmbientUpdated: AmbientActivity[component=ComponentInfo{com.google.android.wearable.app/com.google.android.clockwork.home.HomeActivity}, callbacks=@10b985be, running=true, ambient=true]Binder_2 55
11-10 08:01:01.416 I/InputReader(  573): Reconfiguring input devices.  changes=0x00000004
11-10 08:01:01.416 I/InputReader(  573): Device reconfigured: id=3, name='synaptics_rmi4_i2c', size 320x320, orientation 0, mode 1, display id 0
11-10 08:01:01.418 I/InputReader(  573): Reconfiguring input devices.  changes=0x00000004
11-10 08:01:01.440 D/SurfaceFlinger(  174): Set power mode=1, type=0 flinger=0xb7a47550
11-10 08:01:01.441 I/qdhwcomposer(  174): handle_blank_event: dpy:0 panel power state: 2
11-10 08:01:01.441 I/DisplayManagerService(  573): Display device changed state: "Built-in Screen", DOZE
11-10 08:01:01.447 V/ActivityManager(  573): Display changed displayId=0
11-10 08:01:01.563 I/DisplayManagerService(  573): Display device changed state: "Built-in Screen", DOZE_SUSPEND
11-10 08:01:01.570 V/ActivityManager(  573): Display changed displayId=0
11-10 08:01:01.573 D/SurfaceFlinger(  174): Set power mode=3, type=0 flinger=0xb7a47550
11-10 08:01:01.573 I/qdhwcomposer(  174): handle_blank_event: dpy:0 panel power state: 2
11-10 08:02:01.386 I/qdhwcomposer(  174): handle_blank_event: dpy:0 panel power state: 2
11-10 08:02:01.394 I/AmbientService(  912): Ambient Updating
11-10 08:02:01.394 D/AmbientService(  912): scheduling next alarm, nowWall: 1447138921394, nextWall: 1447138980000, nowElapsed: 47932877, nextElapsed: 47991483
11-10 08:02:01.396 D/AmbientService(  912): updateAmbient: AmbientActivity[component=ComponentInfo{com.google.android.wearable.app/com.google.android.clockwork.home.HomeActivity}, callbacks=@10b985be, running=true, ambient=true] main 1
11-10 08:02:01.414 D/AmbientService(  912): onAmbientUpdated: AmbientActivity[component=ComponentInfo{com.google.android.wearable.app/com.google.android.clockwork.home.HomeActivity}, callbacks=@10b985be, running=true, ambient=true]Binder_3 56
11-10 08:02:01.415 I/InputReader(  573): Reconfiguring input devices.  changes=0x00000004
11-10 08:02:01.415 I/InputReader(  573): Device reconfigured: id=3, name='synaptics_rmi4_i2c', size 320x320, orientation 0, mode 1, display id 0
11-10 08:02:01.416 I/InputReader(  573): Reconfiguring input devices.  changes=0x00000004
11-10 08:02:01.439 D/SurfaceFlinger(  174): Set power mode=1, type=0 flinger=0xb7a47550
11-10 08:02:01.439 I/qdhwcomposer(  174): handle_blank_event: dpy:0 panel power state: 2
11-10 08:02:01.441 I/DisplayManagerService(  573): Display device changed state: "Built-in Screen", DOZE
11-10 08:02:01.453 V/ActivityManager(  573): Display changed displayId=0
11-10 08:02:01.560 I/DisplayManagerService(  573): Display device changed state: "Built-in Screen", DOZE_SUSPEND
11-10 08:02:01.567 V/ActivityManager(  573): Display changed displayId=0
11-10 08:02:01.570 D/SurfaceFlinger(  174): Set power mode=3, type=0 flinger=0xb7a47550
11-10 08:02:01.570 I/qdhwcomposer(  174): handle_blank_event: dpy:0 panel power state: 2
11-10 08:02:07.312 I/PowerManagerService(  573): Waking up from dozing (uid 1000)...
11-10 08:02:07.312 V/KeyguardServiceDelegate(  573): onScreenTurnedOn(showListener = com.android.internal.policy.impl.PhoneWindowManager$2@1a6c5e2a)
11-10 08:02:07.322 E/InputMethodManagerService(  573): Ignoring setImeWindowStatus due to an invalid token. uid:1000 token:null
11-10 08:02:07.327 E/WifiStateMachine(  573): cancelDelayedScan -> 202
11-10 08:02:07.337 D/audio_hw_primary(  196): adev_set_parameters: enter: screen_state=on
11-10 08:02:07.345 I/qdhwcomposer(  174): handle_blank_event: dpy:0 panel power state: 2
11-10 08:02:07.348 D/PowerHAL(  573): IDLE_MODE(touch) -> 0
11-10 08:02:07.349 D/SurfaceFlinger(  174): Set power mode=2, type=0 flinger=0xb7a47550
11-10 08:02:07.352 I/DisplayManagerService(  573): Display device changed state: "Built-in Screen", ON
11-10 08:02:07.367 I/qdhwcomposer(  174): handle_blank_event: dpy:0 panel power state: 1
11-10 08:02:07.376 V/KeyguardServiceDelegate(  573): **** SHOWN CALLED ****
11-10 08:02:07.392 V/ActivityManager(  573): Display changed displayId=0
11-10 08:02:07.393 I/DreamManagerService(  573): Gently waking up from dream.
11-10 08:02:07.399 E/native  (  573): do suspend false
11-10 08:02:07.413 V/DreamService[AmbientDream](  912): wakeUp(): fromSystem=true, mWaking=false, mFinished=false
11-10 08:02:07.413 V/DreamService[AmbientDream](  912): finish(): mFinished=false
11-10 08:02:07.420 I/DreamManagerService(  573): Leaving dreamland.
11-10 08:02:07.421 I/DreamController(  573): Stopping dream: name=ComponentInfo{com.google.android.wearable.ambient/com.google.android.wearable.ambient.AmbientDream}, isTest=false, canDoze=true, userId=0
11-10 08:02:07.429 V/DreamService[AmbientDream](  912): detach(): Calling onDreamingStopped()
11-10 08:02:07.430 I/AmbientService(  912): Ambient Stopping
11-10 08:02:07.431 D/AmbientService(  912): exitAmbient: AmbientActivity[component=ComponentInfo{com.google.android.wearable.app/com.google.android.clockwork.home.HomeActivity}, callbacks=@10b985be, running=true, ambient=true] main 1
11-10 08:02:07.433 D/AmbientService(  912): AmbientDreamStub.detach called while disabled
11-10 08:02:07.436 V/DreamService[AmbientDream](  912): onDestroy()
11-10 08:02:07.443 I/InputReader(  573): Reconfiguring input devices.  changes=0x00000004
11-10 08:02:07.443 I/InputReader(  573): Device reconfigured: id=3, name='synaptics_rmi4_i2c', size 320x320, orientation 0, mode 1, display id 0
11-10 08:02:07.444 I/InputReader(  573): Reconfiguring input devices.  changes=0x00000004
11-10 08:02:07.467 D/LightsService(  573): Excessive delay setting light: 57ms
11-10 08:02:07.473 I/AudioFlinger(  196): AudioFlinger's thread 0xb5614008 ready to run
11-10 08:02:07.479 I/InputReader(  573): Reconfiguring input devices.  changes=0x00000004
11-10 08:02:07.479 I/InputReader(  573): Device reconfigured: id=3, name='synaptics_rmi4_i2c', size 320x320, orientation 0, mode 1, display id 0
11-10 08:02:07.480 I/InputReader(  573): Reconfiguring input devices.  changes=0x00000004
11-10 08:02:07.496 D/audio_hw_primary(  196): select_devices: out_snd_device(0: none) in_snd_device(55: voice-rec-mic)
11-10 08:02:07.496 D/msm8974_platform(  196): platform_send_audio_calibration: sending audio calibration for snd_device(55) acdb_id(62)
11-10 08:02:07.497 D/        (  196): Failed to fetch the lookup information of the device 0000003E 
11-10 08:02:07.497 D/        (  196): Failed to fetch the lookup information of the device 0000003E 
11-10 08:02:07.497 D/audio_hw_primary(  196): enable_snd_device: snd_device(55: voice-rec-mic)
11-10 08:02:07.516 D/audio_hw_primary(  196): enable_audio_route: apply and update mixer path: audio-record
11-10 08:02:07.537 D/AmbientService(  912): onAmbientExited: AmbientActivity[component=ComponentInfo{com.google.android.wearable.app/com.google.android.clockwork.home.HomeActivity}, callbacks=@10b985be, running=true, ambient=false] Binder_3 56
11-10 08:02:07.601 D/DeepAmbientRecognition(  735): onDestroy
11-10 08:02:07.745 I/wpa_supplicant(25270): wlan0: CTRL-EVENT-DISCONNECTED bssid=50:46:5d:00:ea:d8 reason=7
11-10 08:02:07.755 E/WifiConfigStore(  573): saveWifiConfigBSSID Setting BSSID for "TommyNett"WPA_PSK to any
11-10 08:02:07.766 D/CommandListener(  194): Clearing all IP addresses on wlan0
11-10 08:02:07.776 V/NativeCrypto(  824): Read error: ssl=0xb788eea8: I/O error during system call, Connection timed out
11-10 08:02:07.784 D/ConnectivityService(  573): NetworkAgentInfo [WIFI () - 107] EVENT_NETWORK_INFO_CHANGED, going from CONNECTED to DISCONNECTED
11-10 08:02:07.784 D/ConnectivityService(  573): NetworkAgentInfo [WIFI () - 107] got DISCONNECTED, was satisfying 1
11-10 08:02:07.831 E/WifiConfigStore(  573): saveWifiConfigBSSID Setting BSSID for "TommyNett"WPA_PSK to any
11-10 08:02:07.860 E/WifiStateMachine(  573): WifiStateMachine: Leaving Connected state
11-10 08:02:07.866 D/WifiNetworkAgent(  573): NetworkAgent: NetworkAgent channel lost
11-10 08:02:07.872 E/WifiStateMachine(  573): WifiStateMachine Disconnected CMD_START_SCAN source -2 203, 204 -> obsolete
11-10 08:02:07.885 V/NativeCrypto(  824): SSL shutdown failed: ssl=0xb788eea8: I/O error during system call, Broken pipe
11-10 08:02:07.935 D/ConnectivityService(  573): notifyType LOST for NetworkAgentInfo [WIFI () - 107]
11-10 08:02:07.936 D/NetworkMonitor/NetworkAgentInfo [WIFI () - 107](  573): ValidatedState{ when=0 what=532487 target=com.android.internal.util.StateMachine$SmHandler }
11-10 08:02:07.936 D/NetworkMonitor/NetworkAgentInfo [WIFI () - 107](  573): DefaultState{ when=0 what=532487 target=com.android.internal.util.StateMachine$SmHandler }
11-10 08:02:07.936 D/NetworkMonitor/NetworkAgentInfo [WIFI () - 107](  573): Disconnected - quitting
11-10 08:02:07.937 D/CSLegacyTypeTracker(  573): Sending disconnected broadcast for type 1 NetworkAgentInfo [WIFI () - 107] isDefaultNetwork=true
11-10 08:02:07.937 D/ConnectivityService(  573): sendStickyBroadcast: action=android.net.conn.CONNECTIVITY_CHANGE_IMMEDIATE
11-10 08:02:07.941 D/ConnectivityService(  573): sendStickyBroadcast: action=android.net.conn.CONNECTIVITY_CHANGE
11-10 08:02:07.944 D/Tethering(  573): MasterInitialState.processMessage what=3
11-10 08:02:07.951 D/ConnectivityService(  573): sendStickyBroadcast: action=android.net.conn.CONNECTIVITY_CHANGE_IMMEDIATE
11-10 08:02:07.954 D/ConnectivityService(  573): sendStickyBroadcast: action=android.net.conn.CONNECTIVITY_CHANGE
11-10 08:02:07.959 D/Tethering(  573): MasterInitialState.processMessage what=3
11-10 08:02:07.961 D/ConnectivityService(  573): Checking for replacement network to handle request NetworkRequest [ id=1, legacyType=-1, [ Capabilities: INTERNET&NOT_RESTRICTED&TRUSTED&NOT_VPN] ]
11-10 08:02:07.962 E/ConnectivityService(  573): EVENT_NETWORK_INFO_CHANGED from unknown NetworkAgent
11-10 08:02:08.192 I/GservicesProvider(  824): override update completed
11-10 08:02:08.303 I/LocaleDependentApps(  735): Disabling application based on locale : com.google.android.clockwork.home.search.apps.dictionary.DictionaryActivity
11-10 08:02:08.317 I/LocaleDependentApps(  735): Disabling application based on locale : com.google.android.clockwork.home.search.apps.finance.FinanceActivity
11-10 08:02:08.322 I/LocaleDependentApps(  735): Disabling application based on locale : com.google.android.clockwork.home.search.apps.translate.TranslateActivity
11-10 08:02:08.330 I/LocaleDependentApps(  735): Enabling application based on locale : com.google.android.clockwork.home.search.apps.weather.WeatherActivity
11-10 08:02:08.342 E/StreamLayout(  735): Unknown action type: 5
11-10 08:02:08.407 I/CwAlarm ( 1042): GservicesChangedReceiver, reinitialize values
11-10 08:02:08.500 I/CwAlarm ( 1042): class com.google.android.deskclock.SetAlarmActivity enabled
11-10 08:02:08.501 I/CwAlarm ( 1042): class com.google.android.deskclock.SetTimerActivity enabled
11-10 08:02:08.501 I/CwAlarm ( 1042): class com.google.android.deskclock.StopwatchActivity enabled
11-10 08:02:08.511 I/ActivityManager(  573): Delay finish: com.google.android.gms/.analytics.internal.GServicesChangedReceiver
11-10 08:02:08.522 E/ClockworkHome.HomeView(  735): Unknown action type: 262
11-10 08:02:08.588 W/ResourceType(  735): No package identifier when getting value for resource number 0x00000000
11-10 08:02:08.588 W/PackageManager(  735): Failure retrieving resources for com.google.android.apps.wearable.settings: Resource ID #0x0
11-10 08:02:08.599 W/ResourceType(  735): No package identifier when getting value for resource number 0x00000000
