11-30 16:44:59.856 V/ActivityManager(  575): Display changed displayId=0
11-30 16:45:00.007 I/AmbientService(  914): Ambient Updating
11-30 16:45:00.077 I/DisplayManagerService(  575): Display device changed state: "Built-in Screen", DOZE
11-30 16:45:00.085 V/ActivityManager(  575): Display changed displayId=0
11-30 16:45:00.198 I/DisplayManagerService(  575): Display device changed state: "Built-in Screen", DOZE_SUSPEND
11-30 16:45:00.207 V/ActivityManager(  575): Display changed displayId=0
11-30 16:46:01.094 I/AmbientService(  914): Ambient Updating
11-30 16:46:01.148 I/DisplayManagerService(  575): Display device changed state: "Built-in Screen", DOZE
11-30 16:46:01.159 V/ActivityManager(  575): Display changed displayId=0
11-30 16:46:01.268 I/DisplayManagerService(  575): Display device changed state: "Built-in Screen", DOZE_SUSPEND
11-30 16:46:01.276 V/ActivityManager(  575): Display changed displayId=0
11-30 16:47:01.094 I/AmbientService(  914): Ambient Updating
11-30 16:47:01.146 I/DisplayManagerService(  575): Display device changed state: "Built-in Screen", DOZE
11-30 16:47:01.146 V/ActivityManager(  575): Display changed displayId=0
11-30 16:47:01.267 I/DisplayManagerService(  575): Display device changed state: "Built-in Screen", DOZE_SUSPEND
11-30 16:47:01.275 V/ActivityManager(  575): Display changed displayId=0
11-30 16:48:01.097 I/AmbientService(  914): Ambient Updating
11-30 16:48:01.147 I/DisplayManagerService(  575): Display device changed state: "Built-in Screen", DOZE
11-30 16:48:01.148 V/ActivityManager(  575): Display changed displayId=0
11-30 16:48:01.267 I/DisplayManagerService(  575): Display device changed state: "Built-in Screen", DOZE_SUSPEND
11-30 16:48:01.276 V/ActivityManager(  575): Display changed displayId=0
11-30 16:49:01.095 I/AmbientService(  914): Ambient Updating
11-30 16:49:01.145 I/DisplayManagerService(  575): Display device changed state: "Built-in Screen", DOZE
11-30 16:49:01.152 V/ActivityManager(  575): Display changed displayId=0
11-30 16:49:01.266 I/DisplayManagerService(  575): Display device changed state: "Built-in Screen", DOZE_SUSPEND
11-30 16:49:01.275 V/ActivityManager(  575): Display changed displayId=0
11-30 16:49:11.019 I/DisplayManagerService(  575): Display device changed state: "Built-in Screen", DOZE
11-30 16:49:11.027 V/ActivityManager(  575): Display changed displayId=0
11-30 16:49:11.157 I/DisplayManagerService(  575): Display device changed state: "Built-in Screen", DOZE_SUSPEND
11-30 16:49:11.167 V/ActivityManager(  575): Display changed displayId=0
11-30 16:50:01.094 I/AmbientService(  914): Ambient Updating
11-30 16:50:01.125 I/DisplayManagerService(  575): Display device changed state: "Built-in Screen", DOZE
11-30 16:50:01.133 V/ActivityManager(  575): Display changed displayId=0
11-30 16:50:01.246 I/DisplayManagerService(  575): Display device changed state: "Built-in Screen", DOZE_SUSPEND
11-30 16:50:01.258 V/ActivityManager(  575): Display changed displayId=0
11-30 16:51:01.095 I/AmbientService(  914): Ambient Updating
11-30 16:51:01.168 I/DisplayManagerService(  575): Display device changed state: "Built-in Screen", DOZE
11-30 16:51:01.170 V/ActivityManager(  575): Display changed displayId=0
11-30 16:51:01.288 I/DisplayManagerService(  575): Display device changed state: "Built-in Screen", DOZE_SUSPEND
11-30 16:51:01.297 V/ActivityManager(  575): Display changed displayId=0
11-30 16:52:01.099 I/AmbientService(  914): Ambient Updating
11-30 16:52:01.172 I/DisplayManagerService(  575): Display device changed state: "Built-in Screen", DOZE
11-30 16:52:01.179 V/ActivityManager(  575): Display changed displayId=0
11-30 16:52:01.290 I/DisplayManagerService(  575): Display device changed state: "Built-in Screen", DOZE_SUSPEND
11-30 16:52:01.299 V/ActivityManager(  575): Display changed displayId=0
11-30 16:53:01.096 I/AmbientService(  914): Ambient Updating
11-30 16:53:01.141 I/DisplayManagerService(  575): Display device changed state: "Built-in Screen", DOZE
11-30 16:53:01.150 V/ActivityManager(  575): Display changed displayId=0
11-30 16:53:01.261 I/DisplayManagerService(  575): Display device changed state: "Built-in Screen", DOZE_SUSPEND
11-30 16:53:01.270 V/ActivityManager(  575): Display changed displayId=0
11-30 16:54:01.096 I/AmbientService(  914): Ambient Updating
11-30 16:54:01.146 I/DisplayManagerService(  575): Display device changed state: "Built-in Screen", DOZE
11-30 16:54:01.153 V/ActivityManager(  575): Display changed displayId=0
11-30 16:54:01.265 I/DisplayManagerService(  575): Display device changed state: "Built-in Screen", DOZE_SUSPEND
11-30 16:54:01.274 V/ActivityManager(  575): Display changed displayId=0
11-30 16:55:01.096 I/AmbientService(  914): Ambient Updating
11-30 16:55:01.144 I/DisplayManagerService(  575): Display device changed state: "Built-in Screen", DOZE
11-30 16:55:01.153 V/ActivityManager(  575): Display changed displayId=0
11-30 16:55:01.265 I/DisplayManagerService(  575): Display device changed state: "Built-in Screen", DOZE_SUSPEND
11-30 16:55:01.273 V/ActivityManager(  575): Display changed displayId=0
11-30 16:56:01.097 I/AmbientService(  914): Ambient Updating
11-30 16:56:01.155 I/DisplayManagerService(  575): Display device changed state: "Built-in Screen", DOZE
11-30 16:56:01.163 V/ActivityManager(  575): Display changed displayId=0
11-30 16:56:01.274 I/DisplayManagerService(  575): Display device changed state: "Built-in Screen", DOZE_SUSPEND
11-30 16:56:01.283 V/ActivityManager(  575): Display changed displayId=0
11-30 16:57:01.101 I/AmbientService(  914): Ambient Updating
11-30 16:57:01.143 I/DisplayManagerService(  575): Display device changed state: "Built-in Screen", DOZE
11-30 16:57:01.151 V/ActivityManager(  575): Display changed displayId=0
11-30 16:57:01.264 I/DisplayManagerService(  575): Display device changed state: "Built-in Screen", DOZE_SUSPEND
11-30 16:57:01.272 V/ActivityManager(  575): Display changed displayId=0
11-30 16:57:06.220 I/ActivityManager(  575): Delay finish: com.google.android.gms/.checkin.CheckinService$Receiver
11-30 16:57:07.386 W/ActivityManager(  575): Unable to start service Intent { act=com.google.android.gms.droidguard.service.START pkg=com.google.android.gms } U=0: not found
11-30 16:57:07.387 W/ActivityManager(  575): Unbind failed: could not find connection for android.os.BinderProxy@2b5cf58c
11-30 16:57:09.506 I/ActivityManager(  575): Resuming delayed broadcast
11-30 16:58:01.137 I/AmbientService(  914): Ambient Updating
11-30 16:58:01.195 I/DisplayManagerService(  575): Display device changed state: "Built-in Screen", DOZE
11-30 16:58:01.198 V/ActivityManager(  575): Display changed displayId=0
11-30 16:58:01.315 I/DisplayManagerService(  575): Display device changed state: "Built-in Screen", DOZE_SUSPEND
11-30 16:58:01.325 V/ActivityManager(  575): Display changed displayId=0
11-30 16:59:01.098 I/AmbientService(  914): Ambient Updating
11-30 16:59:01.147 I/DisplayManagerService(  575): Display device changed state: "Built-in Screen", DOZE
11-30 16:59:01.158 V/ActivityManager(  575): Display changed displayId=0
11-30 16:59:01.267 I/DisplayManagerService(  575): Display device changed state: "Built-in Screen", DOZE_SUSPEND
11-30 16:59:01.275 V/ActivityManager(  575): Display changed displayId=0
11-30 17:00:01.098 I/AmbientService(  914): Ambient Updating
11-30 17:00:01.148 I/DisplayManagerService(  575): Display device changed state: "Built-in Screen", DOZE
11-30 17:00:01.155 V/ActivityManager(  575): Display changed displayId=0
11-30 17:00:01.267 I/DisplayManagerService(  575): Display device changed state: "Built-in Screen", DOZE_SUSPEND
11-30 17:00:01.276 V/ActivityManager(  575): Display changed displayId=0
11-30 17:01:01.101 I/AmbientService(  914): Ambient Updating
11-30 17:01:01.149 I/DisplayManagerService(  575): Display device changed state: "Built-in Screen", DOZE
11-30 17:01:01.156 V/ActivityManager(  575): Display changed displayId=0
11-30 17:01:01.269 I/DisplayManagerService(  575): Display device changed state: "Built-in Screen", DOZE_SUSPEND
11-30 17:01:01.277 V/ActivityManager(  575): Display changed displayId=0
11-30 17:01:11.088 I/ActivityManager(  575): Delay finish: com.android.vending/com.google.android.finsky.PackageUpdateReceiver
11-30 17:01:11.742 I/ActivityManager(  575): Resuming delayed broadcast
11-30 17:01:11.761 I/ActivityManager(  575): Delay finish: com.google.android.gms/.wearable.app.SystemBroadcastWearableReceiver
11-30 17:01:11.769 I/ActivityManager(  575): Resuming delayed broadcast
11-30 17:02:01.100 I/AmbientService(  914): Ambient Updating
11-30 17:02:01.168 I/DisplayManagerService(  575): Display device changed state: "Built-in Screen", DOZE
11-30 17:02:01.177 V/ActivityManager(  575): Display changed displayId=0
11-30 17:02:01.288 I/DisplayManagerService(  575): Display device changed state: "Built-in Screen", DOZE_SUSPEND
11-30 17:02:01.299 V/ActivityManager(  575): Display changed displayId=0
11-30 17:03:01.100 I/AmbientService(  914): Ambient Updating
11-30 17:03:01.147 I/DisplayManagerService(  575): Display device changed state: "Built-in Screen", DOZE
11-30 17:03:01.155 V/ActivityManager(  575): Display changed displayId=0
11-30 17:03:01.269 I/DisplayManagerService(  575): Display device changed state: "Built-in Screen", DOZE_SUSPEND
11-30 17:03:01.277 V/ActivityManager(  575): Display changed displayId=0
11-30 17:04:01.099 I/AmbientService(  914): Ambient Updating
11-30 17:04:01.150 I/DisplayManagerService(  575): Display device changed state: "Built-in Screen", DOZE
11-30 17:04:01.157 V/ActivityManager(  575): Display changed displayId=0
11-30 17:04:01.270 I/DisplayManagerService(  575): Display device changed state: "Built-in Screen", DOZE_SUSPEND
11-30 17:04:01.280 V/ActivityManager(  575): Display changed displayId=0
11-30 17:04:51.480 I/DisplayManagerService(  575): Display device changed state: "Built-in Screen", DOZE
11-30 17:04:51.488 V/ActivityManager(  575): Display changed displayId=0
11-30 17:04:51.618 I/DisplayManagerService(  575): Display device changed state: "Built-in Screen", DOZE_SUSPEND
11-30 17:04:51.626 V/ActivityManager(  575): Display changed displayId=0
11-30 17:05:01.104 I/AmbientService(  914): Ambient Updating
11-30 17:05:01.150 I/DisplayManagerService(  575): Display device changed state: "Built-in Screen", DOZE
11-30 17:05:01.159 V/ActivityManager(  575): Display changed displayId=0
11-30 17:05:01.270 I/DisplayManagerService(  575): Display device changed state: "Built-in Screen", DOZE_SUSPEND
11-30 17:05:01.280 V/ActivityManager(  575): Display changed displayId=0
11-30 17:06:01.101 I/AmbientService(  914): Ambient Updating
11-30 17:06:01.152 I/DisplayManagerService(  575): Display device changed state: "Built-in Screen", DOZE
11-30 17:06:01.160 V/ActivityManager(  575): Display changed displayId=0
11-30 17:06:01.273 I/DisplayManagerService(  575): Display device changed state: "Built-in Screen", DOZE_SUSPEND
11-30 17:06:01.282 V/ActivityManager(  575): Display changed displayId=0
11-30 17:07:01.102 I/AmbientService(  914): Ambient Updating
11-30 17:07:01.152 I/DisplayManagerService(  575): Display device changed state: "Built-in Screen", DOZE
11-30 17:07:01.154 V/ActivityManager(  575): Display changed displayId=0
11-30 17:07:01.273 I/DisplayManagerService(  575): Display device changed state: "Built-in Screen", DOZE_SUSPEND
11-30 17:07:01.283 V/ActivityManager(  575): Display changed displayId=0
11-30 17:08:01.102 I/AmbientService(  914): Ambient Updating
11-30 17:08:01.150 I/DisplayManagerService(  575): Display device changed state: "Built-in Screen", DOZE
11-30 17:08:01.158 V/ActivityManager(  575): Display changed displayId=0
11-30 17:08:01.271 I/DisplayManagerService(  575): Display device changed state: "Built-in Screen", DOZE_SUSPEND
11-30 17:08:01.280 V/ActivityManager(  575): Display changed displayId=0
11-30 17:09:01.103 I/AmbientService(  914): Ambient Updating
11-30 17:09:01.150 I/DisplayManagerService(  575): Display device changed state: "Built-in Screen", DOZE
11-30 17:09:01.153 V/ActivityManager(  575): Display changed displayId=0
11-30 17:09:01.271 I/DisplayManagerService(  575): Display device changed state: "Built-in Screen", DOZE_SUSPEND
11-30 17:09:01.281 V/ActivityManager(  575): Display changed displayId=0
11-30 17:09:12.224 W/ResourcesManager(  739): Asset path '/system/framework/com.google.android.wearable.jar' does not exist or contains no resources.
11-30 17:09:12.349 I/DisplayManagerService(  575): Display device changed state: "Built-in Screen", DOZE
11-30 17:09:12.357 V/ActivityManager(  575): Display changed displayId=0
11-30 17:09:12.486 I/DisplayManagerService(  575): Display device changed state: "Built-in Screen", DOZE_SUSPEND
11-30 17:09:12.497 V/ActivityManager(  575): Display changed displayId=0
11-30 17:09:25.438 I/PowerManagerService(  575): Waking up from dozing (uid 10004)...
11-30 17:09:25.451 E/InputMethodManagerService(  575): Ignoring setImeWindowStatus due to an invalid token. uid:1000 token:null
11-30 17:09:25.483 I/DisplayManagerService(  575): Display device changed state: "Built-in Screen", ON
11-30 17:09:25.500 V/ActivityManager(  575): Display changed displayId=0
11-30 17:09:25.501 I/DreamManagerService(  575): Gently waking up from dream.
11-30 17:09:25.509 V/DreamService[AmbientDream](  914): wakeUp(): fromSystem=true, mWaking=false, mFinished=false
11-30 17:09:25.509 V/DreamService[AmbientDream](  914): finish(): mFinished=false
11-30 17:09:25.510 I/DreamManagerService(  575): Leaving dreamland.
11-30 17:09:25.511 I/DreamController(  575): Stopping dream: name=ComponentInfo{com.google.android.wearable.ambient/com.google.android.wearable.ambient.AmbientDream}, isTest=false, canDoze=true, userId=0
11-30 17:09:25.518 V/DreamService[AmbientDream](  914): detach(): Calling onDreamingStopped()
11-30 17:09:25.519 I/AmbientService(  914): Ambient Stopping
11-30 17:09:25.523 V/DreamService[AmbientDream](  914): onDestroy()
11-30 17:09:30.483 I/PowerManagerService(  575): Going to sleep due to screen timeout (uid 1000)...
11-30 17:09:30.484 I/DreamManagerService(  575): Entering dreamland.
11-30 17:09:30.484 I/PowerManagerService(  575): Dozing...
11-30 17:09:30.486 I/DreamController(  575): Starting dream: name=ComponentInfo{com.google.android.wearable.ambient/com.google.android.wearable.ambient.AmbientDream}, isTest=false, canDoze=true, userId=0
11-30 17:09:30.508 E/InputMethodManagerService(  575): Ignoring setImeWindowStatus due to an invalid token. uid:1000 token:null
11-30 17:09:30.525 E/InputMethodManagerService(  575): Ignoring setImeWindowStatus due to an invalid token. uid:1000 token:null
11-30 17:09:30.544 V/DreamService[AmbientDream](  914): onBind() intent = Intent { act=android.service.dreams.DreamService flg=0x800000 cmp=com.google.android.wearable.ambient/.AmbientDream }
11-30 17:09:30.552 I/AmbientService(  914): Ambient Created
11-30 17:09:30.552 V/DreamService[AmbientDream](  914): Calling onDreamingStarted()
11-30 17:09:30.554 I/AmbientService(  914): Ambient Starting
11-30 17:09:31.547 I/DisplayManagerService(  575): Display device changed state: "Built-in Screen", DOZE_SUSPEND
11-30 17:09:31.549 V/ActivityManager(  575): Display changed displayId=0
11-30 17:09:53.763 I/PowerManagerService(  575): Waking up from dozing (uid 1000)...
11-30 17:09:53.776 E/InputMethodManagerService(  575): Ignoring setImeWindowStatus due to an invalid token. uid:1000 token:null
11-30 17:09:53.801 I/DisplayManagerService(  575): Display device changed state: "Built-in Screen", ON
11-30 17:09:53.826 I/DreamManagerService(  575): Gently waking up from dream.
11-30 17:09:53.826 V/DreamService[AmbientDream](  914): wakeUp(): fromSystem=true, mWaking=false, mFinished=false
11-30 17:09:53.826 V/DreamService[AmbientDream](  914): finish(): mFinished=false
11-30 17:09:53.827 I/DreamManagerService(  575): Leaving dreamland.
11-30 17:09:53.827 I/DreamController(  575): Stopping dream: name=ComponentInfo{com.google.android.wearable.ambient/com.google.android.wearable.ambient.AmbientDream}, isTest=false, canDoze=true, userId=0
11-30 17:09:53.832 V/DreamService[AmbientDream](  914): detach(): Calling onDreamingStopped()
11-30 17:09:53.833 I/AmbientService(  914): Ambient Stopping
11-30 17:09:53.842 V/DreamService[AmbientDream](  914): onDestroy()
11-30 17:09:53.844 V/ActivityManager(  575): Display changed displayId=0
11-30 17:09:58.759 I/PowerManagerService(  575): Going to sleep due to screen timeout (uid 1000)...
11-30 17:09:58.763 E/InputMethodManagerService(  575): Ignoring setImeWindowStatus due to an invalid token. uid:1000 token:null
11-30 17:09:58.764 I/DreamManagerService(  575): Entering dreamland.
11-30 17:09:58.765 I/DreamController(  575): Starting dream: name=ComponentInfo{com.google.android.wearable.ambient/com.google.android.wearable.ambient.AmbientDream}, isTest=false, canDoze=true, userId=0
11-30 17:09:58.771 I/PowerManagerService(  575): Dozing...
11-30 17:09:58.784 E/InputMethodManagerService(  575): Ignoring setImeWindowStatus due to an invalid token. uid:1000 token:null
11-30 17:09:58.821 V/DreamService[AmbientDream](  914): onBind() intent = Intent { act=android.service.dreams.DreamService flg=0x800000 cmp=com.google.android.wearable.ambient/.AmbientDream }
11-30 17:09:58.831 I/AmbientService(  914): Ambient Created
11-30 17:09:58.862 V/DreamService[AmbientDream](  914): Calling onDreamingStarted()
11-30 17:09:58.863 I/AmbientService(  914): Ambient Starting
11-30 17:09:59.305 I/DisplayManagerService(  575): Display device changed state: "Built-in Screen", DOZE_SUSPEND
11-30 17:09:59.308 V/ActivityManager(  575): Display changed displayId=0
11-30 17:10:00.002 I/AmbientService(  914): Ambient Updating
11-30 17:10:00.026 I/DisplayManagerService(  575): Display device changed state: "Built-in Screen", DOZE
11-30 17:10:00.034 V/ActivityManager(  575): Display changed displayId=0
11-30 17:10:00.148 I/DisplayManagerService(  575): Display device changed state: "Built-in Screen", DOZE_SUSPEND
11-30 17:10:00.156 V/ActivityManager(  575): Display changed displayId=0
11-30 17:11:00.005 I/AmbientService(  914): Ambient Updating
11-30 17:11:00.030 I/DisplayManagerService(  575): Display device changed state: "Built-in Screen", DOZE
11-30 17:11:00.036 V/ActivityManager(  575): Display changed displayId=0
11-30 17:11:00.148 I/DisplayManagerService(  575): Display device changed state: "Built-in Screen", DOZE_SUSPEND
11-30 17:11:00.156 V/ActivityManager(  575): Display changed displayId=0
11-30 17:11:37.612 I/PowerManagerService(  575): Waking up from dozing (uid 1000)...
11-30 17:11:37.623 E/InputMethodManagerService(  575): Ignoring setImeWindowStatus due to an invalid token. uid:1000 token:null
11-30 17:11:37.654 I/DisplayManagerService(  575): Display device changed state: "Built-in Screen", ON
11-30 17:11:37.662 V/ActivityManager(  575): Display changed displayId=0
11-30 17:11:37.707 I/DreamManagerService(  575): Gently waking up from dream.
11-30 17:11:37.712 V/DreamService[AmbientDream](  914): wakeUp(): fromSystem=true, mWaking=false, mFinished=false
11-30 17:11:37.712 V/DreamService[AmbientDream](  914): finish(): mFinished=false
11-30 17:11:37.713 I/DreamManagerService(  575): Leaving dreamland.
11-30 17:11:37.714 I/DreamController(  575): Stopping dream: name=ComponentInfo{com.google.android.wearable.ambient/com.google.android.wearable.ambient.AmbientDream}, isTest=false, canDoze=true, userId=0
11-30 17:11:37.718 V/DreamService[AmbientDream](  914): detach(): Calling onDreamingStopped()
11-30 17:11:37.718 I/AmbientService(  914): Ambient Stopping
11-30 17:11:37.753 V/DreamService[AmbientDream](  914): onDestroy()
11-30 17:11:43.115 I/PowerManagerService(  575): Going to sleep due to screen timeout (uid 1000)...
11-30 17:11:43.115 I/DreamManagerService(  575): Entering dreamland.
11-30 17:11:43.115 I/PowerManagerService(  575): Dozing...
11-30 17:11:43.117 I/DreamController(  575): Starting dream: name=ComponentInfo{com.google.android.wearable.ambient/com.google.android.wearable.ambient.AmbientDream}, isTest=false, canDoze=true, userId=0
11-30 17:11:43.127 E/InputMethodManagerService(  575): Ignoring setImeWindowStatus due to an invalid token. uid:1000 token:null
11-30 17:11:43.127 E/InputMethodManagerService(  575): Ignoring setImeWindowStatus due to an invalid token. uid:1000 token:null
11-30 17:11:43.171 V/DreamService[AmbientDream](  914): onBind() intent = Intent { act=android.service.dreams.DreamService flg=0x800000 cmp=com.google.android.wearable.ambient/.AmbientDream }
11-30 17:11:43.180 I/AmbientService(  914): Ambient Created
11-30 17:11:43.196 V/DreamService[AmbientDream](  914): Calling onDreamingStarted()
11-30 17:11:43.196 I/AmbientService(  914): Ambient Starting
11-30 17:11:43.666 I/DisplayManagerService(  575): Display device changed state: "Built-in Screen", DOZE_SUSPEND
11-30 17:11:43.669 V/ActivityManager(  575): Display changed displayId=0
11-30 17:12:00.007 I/AmbientService(  914): Ambient Updating
11-30 17:12:00.041 I/DisplayManagerService(  575): Display device changed state: "Built-in Screen", DOZE
11-30 17:12:00.050 V/ActivityManager(  575): Display changed displayId=0
11-30 17:12:00.160 I/DisplayManagerService(  575): Display device changed state: "Built-in Screen", DOZE_SUSPEND
11-30 17:12:00.168 V/ActivityManager(  575): Display changed displayId=0
11-30 17:13:01.111 I/AmbientService(  914): Ambient Updating
11-30 17:13:01.174 I/DisplayManagerService(  575): Display device changed state: "Built-in Screen", DOZE
11-30 17:13:01.182 V/ActivityManager(  575): Display changed displayId=0
11-30 17:13:01.295 I/DisplayManagerService(  575): Display device changed state: "Built-in Screen", DOZE_SUSPEND
11-30 17:13:01.304 V/ActivityManager(  575): Display changed displayId=0
11-30 17:14:00.020 I/AmbientService(  914): Ambient Updating
11-30 17:14:00.047 I/DisplayManagerService(  575): Display device changed state: "Built-in Screen", DOZE
11-30 17:14:00.054 V/ActivityManager(  575): Display changed displayId=0
11-30 17:14:00.167 I/DisplayManagerService(  575): Display device changed state: "Built-in Screen", DOZE_SUSPEND
11-30 17:14:00.175 V/ActivityManager(  575): Display changed displayId=0
11-30 17:14:47.195 I/PowerManagerService(  575): Waking up from dozing (uid 1000)...
11-30 17:14:47.204 E/InputMethodManagerService(  575): Ignoring setImeWindowStatus due to an invalid token. uid:1000 token:null
11-30 17:14:47.233 I/DisplayManagerService(  575): Display device changed state: "Built-in Screen", ON
11-30 17:14:47.255 V/ActivityManager(  575): Display changed displayId=0
11-30 17:14:47.290 I/DreamManagerService(  575): Gently waking up from dream.
11-30 17:14:47.292 V/DreamService[AmbientDream](  914): wakeUp(): fromSystem=true, mWaking=false, mFinished=false
11-30 17:14:47.292 V/DreamService[AmbientDream](  914): finish(): mFinished=false
11-30 17:14:47.293 I/DreamManagerService(  575): Leaving dreamland.
11-30 17:14:47.294 I/DreamController(  575): Stopping dream: name=ComponentInfo{com.google.android.wearable.ambient/com.google.android.wearable.ambient.AmbientDream}, isTest=false, canDoze=true, userId=0
11-30 17:14:47.299 V/DreamService[AmbientDream](  914): detach(): Calling onDreamingStopped()
11-30 17:14:47.299 I/AmbientService(  914): Ambient Stopping
11-30 17:14:47.318 V/DreamService[AmbientDream](  914): onDestroy()
11-30 17:14:52.186 I/PowerManagerService(  575): Going to sleep due to screen timeout (uid 1000)...
11-30 17:14:52.186 I/DreamManagerService(  575): Entering dreamland.
11-30 17:14:52.186 I/PowerManagerService(  575): Dozing...
11-30 17:14:52.188 I/DreamController(  575): Starting dream: name=ComponentInfo{com.google.android.wearable.ambient/com.google.android.wearable.ambient.AmbientDream}, isTest=false, canDoze=true, userId=0
11-30 17:14:52.199 E/InputMethodManagerService(  575): Ignoring setImeWindowStatus due to an invalid token. uid:1000 token:null
11-30 17:14:52.199 E/InputMethodManagerService(  575): Ignoring setImeWindowStatus due to an invalid token. uid:1000 token:null
11-30 17:14:52.248 V/DreamService[AmbientDream](  914): onBind() intent = Intent { act=android.service.dreams.DreamService flg=0x800000 cmp=com.google.android.wearable.ambient/.AmbientDream }
11-30 17:14:52.273 I/AmbientService(  914): Ambient Created
11-30 17:14:52.273 V/DreamService[AmbientDream](  914): Calling onDreamingStarted()
11-30 17:14:52.273 I/AmbientService(  914): Ambient Starting
11-30 17:14:52.745 I/DisplayManagerService(  575): Display device changed state: "Built-in Screen", DOZE_SUSPEND
11-30 17:14:52.748 V/ActivityManager(  575): Display changed displayId=0
11-30 17:15:00.003 I/AmbientService(  914): Ambient Updating
11-30 17:15:00.014 I/DisplayManagerService(  575): Display device changed state: "Built-in Screen", DOZE
11-30 17:15:00.022 V/ActivityManager(  575): Display changed displayId=0
11-30 17:15:00.134 I/DisplayManagerService(  575): Display device changed state: "Built-in Screen", DOZE_SUSPEND
11-30 17:15:00.143 V/ActivityManager(  575): Display changed displayId=0
11-30 17:16:01.109 I/AmbientService(  914): Ambient Updating
11-30 17:16:01.129 I/DisplayManagerService(  575): Display device changed state: "Built-in Screen", DOZE
11-30 17:16:01.136 V/ActivityManager(  575): Display changed displayId=0
11-30 17:16:01.248 I/DisplayManagerService(  575): Display device changed state: "Built-in Screen", DOZE_SUSPEND
11-30 17:16:01.256 V/ActivityManager(  575): Display changed displayId=0
11-30 17:17:01.105 I/AmbientService(  914): Ambient Updating
11-30 17:17:01.152 I/DisplayManagerService(  575): Display device changed state: "Built-in Screen", DOZE
11-30 17:17:01.158 V/ActivityManager(  575): Display changed displayId=0
11-30 17:17:01.272 I/DisplayManagerService(  575): Display device changed state: "Built-in Screen", DOZE_SUSPEND
11-30 17:17:01.280 V/ActivityManager(  575): Display changed displayId=0
11-30 17:18:01.104 I/AmbientService(  914): Ambient Updating
11-30 17:18:01.148 I/DisplayManagerService(  575): Display device changed state: "Built-in Screen", DOZE
11-30 17:18:01.157 V/ActivityManager(  575): Display changed displayId=0
11-30 17:18:01.268 I/DisplayManagerService(  575): Display device changed state: "Built-in Screen", DOZE_SUSPEND
11-30 17:18:01.277 V/ActivityManager(  575): Display changed displayId=0
11-30 17:19:01.105 I/AmbientService(  914): Ambient Updating
11-30 17:19:01.156 I/DisplayManagerService(  575): Display device changed state: "Built-in Screen", DOZE
11-30 17:19:01.163 V/ActivityManager(  575): Display changed displayId=0
11-30 17:19:01.276 I/DisplayManagerService(  575): Display device changed state: "Built-in Screen", DOZE_SUSPEND
11-30 17:19:01.285 V/ActivityManager(  575): Display changed displayId=0
11-30 17:20:01.108 I/AmbientService(  914): Ambient Updating
11-30 17:20:01.157 I/DisplayManagerService(  575): Display device changed state: "Built-in Screen", DOZE
11-30 17:20:01.158 V/ActivityManager(  575): Display changed displayId=0
11-30 17:20:01.278 I/DisplayManagerService(  575): Display device changed state: "Built-in Screen", DOZE_SUSPEND
11-30 17:20:01.287 V/ActivityManager(  575): Display changed displayId=0
11-30 17:21:01.106 I/AmbientService(  914): Ambient Updating
11-30 17:21:01.157 I/DisplayManagerService(  575): Display device changed state: "Built-in Screen", DOZE
11-30 17:21:01.164 V/ActivityManager(  575): Display changed displayId=0
11-30 17:21:01.277 I/DisplayManagerService(  575): Display device changed state: "Built-in Screen", DOZE_SUSPEND
11-30 17:21:01.289 V/ActivityManager(  575): Display changed displayId=0
11-30 17:21:12.144 I/ActivityManager(  575): Delay finish: com.google.android.apps.fitness/com.google.android.wearable.fitness.summary.notification.NotificationReceiver
11-30 17:21:14.233 I/ActivityManager(  575): Resuming delayed broadcast
11-30 17:21:14.246 W/ResourcesManager(  739): Asset path '/system/framework/com.google.android.wearable.jar' does not exist or contains no resources.
11-30 17:21:14.384 I/DisplayManagerService(  575): Display device changed state: "Built-in Screen", DOZE
11-30 17:21:14.391 V/ActivityManager(  575): Display changed displayId=0
11-30 17:21:14.523 I/DisplayManagerService(  575): Display device changed state: "Built-in Screen", DOZE_SUSPEND
11-30 17:21:14.532 V/ActivityManager(  575): Display changed displayId=0
11-30 17:21:40.627 I/DisplayManagerService(  575): Display device changed state: "Built-in Screen", DOZE
11-30 17:21:40.637 V/ActivityManager(  575): Display changed displayId=0
11-30 17:21:40.764 I/DisplayManagerService(  575): Display device changed state: "Built-in Screen", DOZE_SUSPEND
11-30 17:21:40.774 V/ActivityManager(  575): Display changed displayId=0
11-30 17:22:01.105 I/AmbientService(  914): Ambient Updating
11-30 17:22:01.153 I/DisplayManagerService(  575): Display device changed state: "Built-in Screen", DOZE
11-30 17:22:01.161 V/ActivityManager(  575): Display changed displayId=0
11-30 17:22:01.273 I/DisplayManagerService(  575): Display device changed state: "Built-in Screen", DOZE_SUSPEND
11-30 17:22:01.282 V/ActivityManager(  575): Display changed displayId=0
11-30 17:23:01.107 I/AmbientService(  914): Ambient Updating
11-30 17:23:01.171 I/DisplayManagerService(  575): Display device changed state: "Built-in Screen", DOZE
11-30 17:23:01.177 V/ActivityManager(  575): Display changed displayId=0
11-30 17:23:01.290 I/DisplayManagerService(  575): Display device changed state: "Built-in Screen", DOZE_SUSPEND
11-30 17:23:01.299 V/ActivityManager(  575): Display changed displayId=0
11-30 17:24:01.110 I/AmbientService(  914): Ambient Updating
11-30 17:24:01.149 I/DisplayManagerService(  575): Display device changed state: "Built-in Screen", DOZE
11-30 17:24:01.156 V/ActivityManager(  575): Display changed displayId=0
11-30 17:24:01.269 I/DisplayManagerService(  575): Display device changed state: "Built-in Screen", DOZE_SUSPEND
11-30 17:24:01.281 V/ActivityManager(  575): Display changed displayId=0
11-30 17:25:01.108 I/AmbientService(  914): Ambient Updating
11-30 17:25:01.160 I/DisplayManagerService(  575): Display device changed state: "Built-in Screen", DOZE
11-30 17:25:01.174 V/ActivityManager(  575): Display changed displayId=0
11-30 17:25:01.281 I/DisplayManagerService(  575): Display device changed state: "Built-in Screen", DOZE_SUSPEND
11-30 17:25:01.289 V/ActivityManager(  575): Display changed displayId=0
11-30 17:26:01.105 I/AmbientService(  914): Ambient Updating
11-30 17:26:01.130 I/DisplayManagerService(  575): Display device changed state: "Built-in Screen", DOZE
11-30 17:26:01.146 V/ActivityManager(  575): Display changed displayId=0
11-30 17:26:01.251 I/DisplayManagerService(  575): Display device changed state: "Built-in Screen", DOZE_SUSPEND
11-30 17:26:01.259 V/ActivityManager(  575): Display changed displayId=0
11-30 17:27:01.108 I/AmbientService(  914): Ambient Updating
11-30 17:27:01.169 I/DisplayManagerService(  575): Display device changed state: "Built-in Screen", DOZE
11-30 17:27:01.177 V/ActivityManager(  575): Display changed displayId=0
11-30 17:27:01.289 I/DisplayManagerService(  575): Display device changed state: "Built-in Screen", DOZE_SUSPEND
11-30 17:27:01.297 V/ActivityManager(  575): Display changed displayId=0
11-30 17:28:00.406 I/AmbientService(  914): Ambient Updating
11-30 17:28:00.464 I/DisplayManagerService(  575): Display device changed state: "Built-in Screen", DOZE
11-30 17:28:00.470 V/ActivityManager(  575): Display changed displayId=0
11-30 17:28:00.583 I/DisplayManagerService(  575): Display device changed state: "Built-in Screen", DOZE_SUSPEND
11-30 17:28:00.592 V/ActivityManager(  575): Display changed displayId=0
11-30 17:29:01.108 I/AmbientService(  914): Ambient Updating
11-30 17:29:01.149 I/DisplayManagerService(  575): Display device changed state: "Built-in Screen", DOZE
11-30 17:29:01.156 V/ActivityManager(  575): Display changed displayId=0
11-30 17:29:01.269 I/DisplayManagerService(  575): Display device changed state: "Built-in Screen", DOZE_SUSPEND
11-30 17:29:01.278 V/ActivityManager(  575): Display changed displayId=0
11-30 17:30:00.008 I/AmbientService(  914): Ambient Updating
11-30 17:30:00.079 I/DisplayManagerService(  575): Display device changed state: "Built-in Screen", DOZE
11-30 17:30:00.092 V/ActivityManager(  575): Display changed displayId=0
11-30 17:30:00.198 I/DisplayManagerService(  575): Display device changed state: "Built-in Screen", DOZE_SUSPEND
11-30 17:30:00.206 V/ActivityManager(  575): Display changed displayId=0
11-30 17:31:01.110 I/AmbientService(  914): Ambient Updating
11-30 17:31:01.170 I/DisplayManagerService(  575): Display device changed state: "Built-in Screen", DOZE
11-30 17:31:01.178 V/ActivityManager(  575): Display changed displayId=0
11-30 17:31:01.291 I/DisplayManagerService(  575): Display device changed state: "Built-in Screen", DOZE_SUSPEND
11-30 17:31:01.299 V/ActivityManager(  575): Display changed displayId=0
11-30 17:31:49.467 I/PowerManagerService(  575): Waking up from dozing (uid 10004)...
11-30 17:31:49.472 E/InputMethodManagerService(  575): Ignoring setImeWindowStatus due to an invalid token. uid:1000 token:null
11-30 17:31:49.493 I/DisplayManagerService(  575): Display device changed state: "Built-in Screen", ON
11-30 17:31:49.497 V/ActivityManager(  575): Display changed displayId=0
11-30 17:31:49.536 I/DreamManagerService(  575): Gently waking up from dream.
11-30 17:31:49.536 V/DreamService[AmbientDream](  914): wakeUp(): fromSystem=true, mWaking=false, mFinished=false
11-30 17:31:49.536 V/DreamService[AmbientDream](  914): finish(): mFinished=false
11-30 17:31:49.537 I/DreamManagerService(  575): Leaving dreamland.
11-30 17:31:49.537 I/DreamController(  575): Stopping dream: name=ComponentInfo{com.google.android.wearable.ambient/com.google.android.wearable.ambient.AmbientDream}, isTest=false, canDoze=true, userId=0
11-30 17:31:49.541 V/DreamService[AmbientDream](  914): detach(): Calling onDreamingStopped()
11-30 17:31:49.541 I/AmbientService(  914): Ambient Stopping
11-30 17:31:49.547 V/DreamService[AmbientDream](  914): onDestroy()
11-30 17:31:54.511 I/PowerManagerService(  575): Going to sleep due to screen timeout (uid 1000)...
11-30 17:31:54.512 I/DreamManagerService(  575): Entering dreamland.
11-30 17:31:54.512 I/PowerManagerService(  575): Dozing...
11-30 17:31:54.514 I/DreamController(  575): Starting dream: name=ComponentInfo{com.google.android.wearable.ambient/com.google.android.wearable.ambient.AmbientDream}, isTest=false, canDoze=true, userId=0
11-30 17:31:54.528 E/InputMethodManagerService(  575): Ignoring setImeWindowStatus due to an invalid token. uid:1000 token:null
11-30 17:31:54.529 E/InputMethodManagerService(  575): Ignoring setImeWindowStatus due to an invalid token. uid:1000 token:null
11-30 17:31:54.575 V/DreamService[AmbientDream](  914): onBind() intent = Intent { act=android.service.dreams.DreamService flg=0x800000 cmp=com.google.android.wearable.ambient/.AmbientDream }
11-30 17:31:54.583 I/AmbientService(  914): Ambient Created
11-30 17:31:54.602 V/DreamService[AmbientDream](  914): Calling onDreamingStarted()
11-30 17:31:54.602 I/AmbientService(  914): Ambient Starting
11-30 17:31:55.564 I/DisplayManagerService(  575): Display device changed state: "Built-in Screen", DOZE_SUSPEND
11-30 17:31:55.566 V/ActivityManager(  575): Display changed displayId=0
11-30 17:32:01.107 I/AmbientService(  914): Ambient Updating
11-30 17:32:01.121 I/DisplayManagerService(  575): Display device changed state: "Built-in Screen", DOZE
11-30 17:32:01.130 V/ActivityManager(  575): Display changed displayId=0
11-30 17:32:01.242 I/DisplayManagerService(  575): Display device changed state: "Built-in Screen", DOZE_SUSPEND
11-30 17:32:01.251 V/ActivityManager(  575): Display changed displayId=0
11-30 17:33:00.008 I/AmbientService(  914): Ambient Updating
11-30 17:33:00.049 I/DisplayManagerService(  575): Display device changed state: "Built-in Screen", DOZE
11-30 17:33:00.057 V/ActivityManager(  575): Display changed displayId=0
11-30 17:33:00.172 I/DisplayManagerService(  575): Display device changed state: "Built-in Screen", DOZE_SUSPEND
11-30 17:33:00.180 V/ActivityManager(  575): Display changed displayId=0
11-30 17:33:15.293 I/ActivityManager(  575): Delay finish: com.google.android.apps.fitness/com.google.android.wearable.fitness.summary.notification.NotificationReceiver
11-30 17:33:16.201 I/ActivityManager(  575): Resuming delayed broadcast
11-30 17:33:16.217 W/ResourcesManager(  739): Asset path '/system/framework/com.google.android.wearable.jar' does not exist or contains no resources.
11-30 17:33:16.347 I/DisplayManagerService(  575): Display device changed state: "Built-in Screen", DOZE
11-30 17:33:16.354 V/ActivityManager(  575): Display changed displayId=0
11-30 17:33:16.484 I/DisplayManagerService(  575): Display device changed state: "Built-in Screen", DOZE_SUSPEND
11-30 17:33:16.493 V/ActivityManager(  575): Display changed displayId=0
11-30 17:34:00.751 I/AmbientService(  914): Ambient Updating
11-30 17:34:00.820 I/DisplayManagerService(  575): Display device changed state: "Built-in Screen", DOZE
11-30 17:34:00.826 V/ActivityManager(  575): Display changed displayId=0
11-30 17:34:00.940 I/DisplayManagerService(  575): Display device changed state: "Built-in Screen", DOZE_SUSPEND
11-30 17:34:00.949 V/ActivityManager(  575): Display changed displayId=0
11-30 17:35:01.111 I/AmbientService(  914): Ambient Updating
11-30 17:35:01.163 I/DisplayManagerService(  575): Display device changed state: "Built-in Screen", DOZE
11-30 17:35:01.170 V/ActivityManager(  575): Display changed displayId=0
11-30 17:35:01.282 I/DisplayManagerService(  575): Display device changed state: "Built-in Screen", DOZE_SUSPEND
11-30 17:35:01.292 V/ActivityManager(  575): Display changed displayId=0
11-30 17:36:01.110 I/AmbientService(  914): Ambient Updating
11-30 17:36:01.178 I/DisplayManagerService(  575): Display device changed state: "Built-in Screen", DOZE
11-30 17:36:01.188 V/ActivityManager(  575): Display changed displayId=0
11-30 17:36:01.297 I/DisplayManagerService(  575): Display device changed state: "Built-in Screen", DOZE_SUSPEND
11-30 17:36:01.306 V/ActivityManager(  575): Display changed displayId=0
11-30 17:37:00.112 I/AmbientService(  914): Ambient Updating
11-30 17:37:00.182 I/DisplayManagerService(  575): Display device changed state: "Built-in Screen", DOZE
11-30 17:37:00.190 V/ActivityManager(  575): Display changed displayId=0
11-30 17:37:00.303 I/DisplayManagerService(  575): Display device changed state: "Built-in Screen", DOZE_SUSPEND
11-30 17:37:00.311 V/ActivityManager(  575): Display changed displayId=0
11-30 17:38:01.111 I/AmbientService(  914): Ambient Updating
11-30 17:38:01.182 I/DisplayManagerService(  575): Display device changed state: "Built-in Screen", DOZE
11-30 17:38:01.191 V/ActivityManager(  575): Display changed displayId=0
11-30 17:38:01.303 I/DisplayManagerService(  575): Display device changed state: "Built-in Screen", DOZE_SUSPEND
11-30 17:38:01.311 V/ActivityManager(  575): Display changed displayId=0
11-30 17:39:00.007 I/AmbientService(  914): Ambient Updating
11-30 17:39:00.072 I/DisplayManagerService(  575): Display device changed state: "Built-in Screen", DOZE
11-30 17:39:00.072 V/ActivityManager(  575): Display changed displayId=0
11-30 17:39:00.152 I/ActivityManager(  575): Delay finish: com.google.android.gms/.common.receiver.InternalBroadcastReceiver
11-30 17:39:00.190 I/DisplayManagerService(  575): Display device changed state: "Built-in Screen", DOZE_SUSPEND
11-30 17:39:00.200 V/ActivityManager(  575): Display changed displayId=0
11-30 17:39:00.851 I/ActivityManager(  575): Resuming delayed broadcast
--------- beginning of main
11-30 17:39:02.176 I/art     (  575): WaitForGcToComplete blocked for 25.085ms for cause Explicit
11-30 17:39:02.231 I/art     (  739): Background partial concurrent mark sweep GC freed 6072(339KB) AllocSpace objects, 18(1549KB) LOS objects, 7% free, 25MB/27MB, paused 17.777ms total 240.187ms
11-30 17:39:02.314 I/art     (  575): Explicit concurrent mark sweep GC freed 4805(236KB) AllocSpace objects, 0(0B) LOS objects, 13% free, 12MB/14MB, paused 2.091ms total 133.104ms
11-30 17:39:03.007 I/DisplayManagerService(  575): Display device changed state: "Built-in Screen", DOZE
11-30 17:39:03.015 D/SurfaceFlinger(  176): Set power mode=1, type=0 flinger=0xb8584550
11-30 17:39:03.015 I/qdhwcomposer(  176): handle_blank_event: dpy:0 panel power state: 2
11-30 17:39:03.015 V/ActivityManager(  575): Display changed displayId=0
11-30 17:39:03.125 I/PowerManagerService(  575): Waking up from dozing (uid 10004)...
11-30 17:39:03.126 V/KeyguardServiceDelegate(  575): onScreenTurnedOn(showListener = com.android.internal.policy.impl.PhoneWindowManager$2@2662acec)
11-30 17:39:03.136 V/KeyguardServiceDelegate(  575): **** SHOWN CALLED ****
11-30 17:39:03.136 D/PowerHAL(  575): IDLE_MODE(touch) -> 0
11-30 17:39:03.140 E/InputMethodManagerService(  575): Ignoring setImeWindowStatus due to an invalid token. uid:1000 token:null
11-30 17:39:03.143 E/WifiStateMachine(  575): cancelDelayedScan -> 1271
11-30 17:39:03.156 D/audio_hw_primary(  198): adev_set_parameters: enter: screen_state=on
11-30 17:39:03.162 I/DisplayManagerService(  575): Display device changed state: "Built-in Screen", ON
11-30 17:39:03.172 D/SurfaceFlinger(  176): Set power mode=2, type=0 flinger=0xb8584550
11-30 17:39:03.175 V/ActivityManager(  575): Display changed displayId=0
11-30 17:39:03.188 I/qdhwcomposer(  176): handle_blank_event: dpy:0 panel power state: 1
11-30 17:39:03.191 I/DreamManagerService(  575): Gently waking up from dream.
11-30 17:39:03.192 V/DreamService[AmbientDream](  914): wakeUp(): fromSystem=true, mWaking=false, mFinished=false
11-30 17:39:03.192 V/DreamService[AmbientDream](  914): finish(): mFinished=false
11-30 17:39:03.192 I/DreamManagerService(  575): Leaving dreamland.
11-30 17:39:03.193 I/DreamController(  575): Stopping dream: name=ComponentInfo{com.google.android.wearable.ambient/com.google.android.wearable.ambient.AmbientDream}, isTest=false, canDoze=true, userId=0
11-30 17:39:03.196 V/DreamService[AmbientDream](  914): detach(): Calling onDreamingStopped()
11-30 17:39:03.196 I/AmbientService(  914): Ambient Stopping
11-30 17:39:03.198 D/AmbientService(  914): exitAmbient: AmbientActivity[component=ComponentInfo{com.google.android.wearable.app/com.google.android.clockwork.home.HomeActivity}, callbacks=@46990b1, running=true, ambient=true] main 1
11-30 17:39:03.200 D/AmbientService(  914): AmbientDreamStub.detach called while disabled
11-30 17:39:03.202 V/DreamService[AmbientDream](  914): onDestroy()
11-30 17:39:03.241 I/InputReader(  575): Reconfiguring input devices.  changes=0x00000004
11-30 17:39:03.241 I/InputReader(  575): Device reconfigured: id=3, name='synaptics_rmi4_i2c', size 320x320, orientation 0, mode 1, display id 0
11-30 17:39:03.242 I/InputReader(  575): Reconfiguring input devices.  changes=0x00000004
11-30 17:39:03.259 I/InputReader(  575): Reconfiguring input devices.  changes=0x00000004
11-30 17:39:03.259 I/InputReader(  575): Device reconfigured: id=3, name='synaptics_rmi4_i2c', size 320x320, orientation 0, mode 1, display id 0
11-30 17:39:03.260 I/InputReader(  575): Reconfiguring input devices.  changes=0x00000004
11-30 17:39:03.293 I/InputReader(  575): Reconfiguring input devices.  changes=0x00000004
11-30 17:39:03.293 I/InputReader(  575): Device reconfigured: id=3, name='synaptics_rmi4_i2c', size 320x320, orientation 0, mode 1, display id 0
11-30 17:39:03.294 I/InputReader(  575): Reconfiguring input devices.  changes=0x00000004
11-30 17:39:03.330 I/AudioFlinger(  198): AudioFlinger's thread 0xb568d008 ready to run
11-30 17:39:03.342 D/AmbientService(  914): onAmbientExited: AmbientActivity[component=ComponentInfo{com.google.android.wearable.app/com.google.android.clockwork.home.HomeActivity}, callbacks=@46990b1, running=true, ambient=false] Binder_4 57
11-30 17:39:03.344 D/audio_hw_primary(  198): select_devices: out_snd_device(0: none) in_snd_device(55: voice-rec-mic)
11-30 17:39:03.344 D/msm8974_platform(  198): platform_send_audio_calibration: sending audio calibration for snd_device(55) acdb_id(62)
11-30 17:39:03.345 D/        (  198): Failed to fetch the lookup information of the device 0000003E 
11-30 17:39:03.345 D/        (  198): Failed to fetch the lookup information of the device 0000003E 
11-30 17:39:03.345 D/audio_hw_primary(  198): enable_snd_device: snd_device(55: voice-rec-mic)
11-30 17:39:03.360 D/audio_hw_primary(  198): enable_audio_route: apply and update mixer path: audio-record
11-30 17:39:03.589 D/DeepAmbientRecognition(  739): onDestroy
11-30 17:39:03.825 I/art     (  739): NativeAlloc partial concurrent mark sweep GC freed 8440(465KB) AllocSpace objects, 19(2MB) LOS objects, 7% free, 23MB/25MB, paused 2.291ms total 739.187ms
11-30 17:39:03.827 V/RenderScript(  739): 0xb818f070 Launching thread(s), CPUs 4
11-30 17:39:03.909 W/bt-btif ( 1101): dm_pm_timer expires
11-30 17:39:03.909 W/bt-btif ( 1101): dm_pm_timer expires 0
11-30 17:39:03.909 W/bt-btif ( 1101): proc dm_pm_timer expires
11-30 17:39:09.141 I/PowerManagerService(  575): Going to sleep due to screen timeout (uid 1000)...
11-30 17:39:09.141 I/DreamManagerService(  575): Entering dreamland.
11-30 17:39:09.142 I/PowerManagerService(  575): Dozing...
11-30 17:39:09.143 I/DreamController(  575): Starting dream: name=ComponentInfo{com.google.android.wearable.ambient/com.google.android.wearable.ambient.AmbientDream}, isTest=false, canDoze=true, userId=0
11-30 17:39:09.153 E/InputMethodManagerService(  575): Ignoring setImeWindowStatus due to an invalid token. uid:1000 token:null
11-30 17:39:09.154 E/InputMethodManagerService(  575): Ignoring setImeWindowStatus due to an invalid token. uid:1000 token:null
11-30 17:39:09.157 E/WifiStateMachine(  575): cancelDelayedScan -> 1272
11-30 17:39:09.160 D/audio_hw_primary(  198): adev_set_parameters: enter: screen_state=off
11-30 17:39:09.192 D/DeepAmbientRecognition(  739): onCreate
11-30 17:39:09.198 V/DreamService[AmbientDream](  914): onBind() intent = Intent { act=android.service.dreams.DreamService flg=0x800000 cmp=com.google.android.wearable.ambient/.AmbientDream }
11-30 17:39:09.203 D/AmbientService(  914): onReceive Intent { act=android.intent.action.SCREEN_OFF flg=0x50000010 } true
11-30 17:39:09.205 D/AmbientService(  914): AmbientDreamRegistrationServiceStub.attach: dream: AmbientComponentConfig[component=ComponentInfo{com.google.android.wearable.ambient/com.google.android.wearable.ambient.AmbientDream}]
11-30 17:39:09.207 D/AmbientService(  914): findRunningActivities: found: AmbientActivity[component=ComponentInfo{com.google.android.wearable.app/com.google.android.clockwork.home.HomeActivity}, callbacks=@46990b1, running=true, ambient=false]
11-30 17:39:09.208 I/AmbientService(  914): Ambient Created
11-30 17:39:09.208 V/DreamService[AmbientDream](  914): Calling onDreamingStarted()
11-30 17:39:09.208 I/AmbientService(  914): Ambient Starting
11-30 17:39:09.208 D/AmbientService(  914): scheduling next alarm, nowWall: 1448901549208, nextWall: 1448901600000, nowElapsed: 607336586, nextElapsed: 607387378
11-30 17:39:09.209 D/AmbientService(  914): enterAmbient: AmbientActivity[component=ComponentInfo{com.google.android.wearable.app/com.google.android.clockwork.home.HomeActivity}, callbacks=@46990b1, running=true, ambient=false] main 1
11-30 17:39:09.266 D/AmbientService(  914): onAmbientEntered: AmbientActivity[component=ComponentInfo{com.google.android.wearable.app/com.google.android.clockwork.home.HomeActivity}, callbacks=@46990b1, running=true, ambient=true]Binder_1 54
11-30 17:39:09.280 I/DisplayManagerService(  575): Display device changed state: "Built-in Screen", DOZE_SUSPEND
11-30 17:39:09.283 V/ActivityManager(  575): Display changed displayId=0
11-30 17:39:09.288 D/SurfaceFlinger(  176): Set power mode=3, type=0 flinger=0xb8584550
11-30 17:39:09.289 I/qdhwcomposer(  176): handle_blank_event: dpy:0 panel power state: 2
11-30 17:39:09.295 D/PowerHAL(  575): IDLE_MODE(touch) -> 1
11-30 17:39:09.315 D/SurfaceFlinger(  176): Set power mode=1, type=0 flinger=0xb8584550
11-30 17:39:09.315 I/qdhwcomposer(  176): handle_blank_event: dpy:0 panel power state: 2
11-30 17:39:09.317 I/DisplayManagerService(  575): Display device changed state: "Built-in Screen", DOZE
11-30 17:39:09.317 V/ActivityManager(  575): Display changed displayId=0
11-30 17:39:09.350 D/audio_hw_primary(  198): disable_audio_route: reset and update mixer path: audio-record
11-30 17:39:09.354 D/audio_hw_primary(  198): disable_snd_device: snd_device(55: voice-rec-mic)
11-30 17:39:09.542 D/SurfaceFlinger(  176): Set power mode=3, type=0 flinger=0xb8584550
11-30 17:39:09.542 I/qdhwcomposer(  176): handle_blank_event: dpy:0 panel power state: 2
11-30 17:39:09.543 I/DisplayManagerService(  575): Display device changed state: "Built-in Screen", DOZE_SUSPEND
11-30 17:39:09.551 V/ActivityManager(  575): Display changed displayId=0
11-30 17:39:10.002 E/libsuspend(  575): Error writing to /sys/power/state: Device or resource busy
11-30 17:39:10.200 I/qdhwcomposer(  176): handle_blank_event: dpy:0 panel power state: 2
11-30 17:39:10.200 E/libsuspend(  575): Error writing to /sys/power/state: Device or resource busy
11-30 17:39:11.980 I/qdhwcomposer(  176): handle_blank_event: dpy:0 panel power state: 2
11-30 17:39:12.754 I/DisplayManagerService(  575): Display device changed state: "Built-in Screen", DOZE
11-30 17:39:12.761 D/SurfaceFlinger(  176): Set power mode=1, type=0 flinger=0xb8584550
11-30 17:39:12.761 I/qdhwcomposer(  176): handle_blank_event: dpy:0 panel power state: 2
11-30 17:39:12.761 V/ActivityManager(  575): Display changed displayId=0
11-30 17:39:12.901 I/DisplayManagerService(  575): Display device changed state: "Built-in Screen", DOZE_SUSPEND
