11-30 17:55:01.281 I/DisplayManagerService(  575): Display device changed state: "Built-in Screen", DOZE_SUSPEND
11-30 17:55:01.288 D/SurfaceFlinger(  176): Set power mode=3, type=0 flinger=0xb8584550
11-30 17:55:01.288 I/qdhwcomposer(  176): handle_blank_event: dpy:0 panel power state: 2
11-30 17:55:01.292 V/ActivityManager(  575): Display changed displayId=0
11-30 17:55:03.751 I/qdhwcomposer(  176): handle_blank_event: dpy:0 panel power state: 2
11-30 17:55:04.504 I/qdhwcomposer(  176): handle_blank_event: dpy:0 panel power state: 2
11-30 17:55:14.091 I/qdhwcomposer(  176): handle_blank_event: dpy:0 panel power state: 2
11-30 17:55:26.480 I/qdhwcomposer(  176): handle_blank_event: dpy:0 panel power state: 2
11-30 17:55:36.724 I/qdhwcomposer(  176): handle_blank_event: dpy:0 panel power state: 2
11-30 17:55:47.475 I/qdhwcomposer(  176): handle_blank_event: dpy:0 panel power state: 2
11-30 17:55:47.843 I/wpa_supplicant(20778): wlan0: CTRL-EVENT-DISCONNECTED bssid=50:46:5d:00:ea:d8 reason=7
11-30 17:55:47.848 I/wpa_supplicant(20778): wlan0: Trying to associate with 50:46:5d:00:ea:d8 (SSID='TommyNett' freq=2412 MHz)
11-30 17:55:47.884 I/wpa_supplicant(20778): wlan0: Associated with 50:46:5d:00:ea:d8
11-30 17:55:47.913 I/wpa_supplicant(20778): wlan0: WPA: Key negotiation completed with 50:46:5d:00:ea:d8 [PTK=CCMP GTK=CCMP]
11-30 17:55:47.913 I/wpa_supplicant(20778): wlan0: CTRL-EVENT-CONNECTED - Connection to 50:46:5d:00:ea:d8 completed [id=22 id_str=]
11-30 17:55:57.982 E/libsuspend(  575): Error writing to /sys/power/state: Device or resource busy
11-30 17:55:58.521 I/qdhwcomposer(  176): handle_blank_event: dpy:0 panel power state: 2
11-30 17:55:58.521 E/libsuspend(  575): Error writing to /sys/power/state: Device or resource busy
11-30 17:56:00.002 I/AmbientService(  914): Ambient Updating
11-30 17:56:00.002 D/AmbientService(  914): scheduling next alarm, nowWall: 1448902560002, nextWall: 1448902620000, nowElapsed: 608347381, nextElapsed: 608407379
11-30 17:56:00.005 D/AmbientService(  914): updateAmbient: AmbientActivity[component=ComponentInfo{com.google.android.wearable.app/com.google.android.clockwork.home.HomeActivity}, callbacks=@46990b1, running=true, ambient=true] main 1
11-30 17:56:00.012 D/AmbientService(  914): onAmbientUpdated: AmbientActivity[component=ComponentInfo{com.google.android.wearable.app/com.google.android.clockwork.home.HomeActivity}, callbacks=@46990b1, running=true, ambient=true]Binder_2 55
11-30 17:56:00.040 I/DisplayManagerService(  575): Display device changed state: "Built-in Screen", DOZE
11-30 17:56:00.047 D/SurfaceFlinger(  176): Set power mode=1, type=0 flinger=0xb8584550
11-30 17:56:00.048 I/qdhwcomposer(  176): handle_blank_event: dpy:0 panel power state: 2
11-30 17:56:00.049 V/ActivityManager(  575): Display changed displayId=0
11-30 17:56:00.161 I/DisplayManagerService(  575): Display device changed state: "Built-in Screen", DOZE_SUSPEND
11-30 17:56:00.170 V/ActivityManager(  575): Display changed displayId=0
11-30 17:56:00.173 D/SurfaceFlinger(  176): Set power mode=3, type=0 flinger=0xb8584550
11-30 17:56:00.173 I/qdhwcomposer(  176): handle_blank_event: dpy:0 panel power state: 2
11-30 17:56:09.795 I/qdhwcomposer(  176): handle_blank_event: dpy:0 panel power state: 2
11-30 17:56:22.802 I/qdhwcomposer(  176): handle_blank_event: dpy:0 panel power state: 2
11-30 17:56:33.042 I/qdhwcomposer(  176): handle_blank_event: dpy:0 panel power state: 2
11-30 17:56:46.867 I/qdhwcomposer(  176): handle_blank_event: dpy:0 panel power state: 2
11-30 17:56:56.183 I/qdhwcomposer(  176): handle_blank_event: dpy:0 panel power state: 2
11-30 17:57:01.112 I/qdhwcomposer(  176): handle_blank_event: dpy:0 panel power state: 2
11-30 17:57:01.118 I/AmbientService(  914): Ambient Updating
11-30 17:57:01.118 D/AmbientService(  914): scheduling next alarm, nowWall: 1448902621118, nextWall: 1448902680000, nowElapsed: 608408496, nextElapsed: 608467378
11-30 17:57:01.120 D/AmbientService(  914): updateAmbient: AmbientActivity[component=ComponentInfo{com.google.android.wearable.app/com.google.android.clockwork.home.HomeActivity}, callbacks=@46990b1, running=true, ambient=true] main 1
11-30 17:57:01.158 I/InputReader(  575): Reconfiguring input devices.  changes=0x00000004
11-30 17:57:01.158 I/InputReader(  575): Device reconfigured: id=3, name='synaptics_rmi4_i2c', size 320x320, orientation 0, mode 1, display id 0
11-30 17:57:01.159 I/InputReader(  575): Reconfiguring input devices.  changes=0x00000004
11-30 17:57:01.160 D/AmbientService(  914): onAmbientUpdated: AmbientActivity[component=ComponentInfo{com.google.android.wearable.app/com.google.android.clockwork.home.HomeActivity}, callbacks=@46990b1, running=true, ambient=true]Binder_3 56
11-30 17:57:01.182 D/SurfaceFlinger(  176): Set power mode=1, type=0 flinger=0xb8584550
11-30 17:57:01.182 I/qdhwcomposer(  176): handle_blank_event: dpy:0 panel power state: 2
11-30 17:57:01.184 I/DisplayManagerService(  575): Display device changed state: "Built-in Screen", DOZE
11-30 17:57:01.197 V/ActivityManager(  575): Display changed displayId=0
11-30 17:57:01.304 I/DisplayManagerService(  575): Display device changed state: "Built-in Screen", DOZE_SUSPEND
11-30 17:57:01.312 V/ActivityManager(  575): Display changed displayId=0
11-30 17:57:01.315 D/SurfaceFlinger(  176): Set power mode=3, type=0 flinger=0xb8584550
11-30 17:57:01.315 I/qdhwcomposer(  176): handle_blank_event: dpy:0 panel power state: 2
11-30 17:57:05.607 I/qdhwcomposer(  176): handle_blank_event: dpy:0 panel power state: 2
11-30 17:57:15.845 I/qdhwcomposer(  176): handle_blank_event: dpy:0 panel power state: 2
11-30 17:57:26.087 I/qdhwcomposer(  176): handle_blank_event: dpy:0 panel power state: 2
11-30 17:57:27.038 I/qdhwcomposer(  176): handle_blank_event: dpy:0 panel power state: 2
11-30 17:57:39.702 I/qdhwcomposer(  176): handle_blank_event: dpy:0 panel power state: 2
11-30 17:57:47.676 I/qdhwcomposer(  176): handle_blank_event: dpy:0 panel power state: 2
11-30 17:57:47.688 I/wpa_supplicant(20778): wlan0: CTRL-EVENT-DISCONNECTED bssid=50:46:5d:00:ea:d8 reason=7
11-30 17:57:47.694 I/wpa_supplicant(20778): wlan0: Trying to associate with 50:46:5d:00:ea:d8 (SSID='TommyNett' freq=2412 MHz)
11-30 17:57:47.756 I/wpa_supplicant(20778): wlan0: Associated with 50:46:5d:00:ea:d8
11-30 17:57:47.782 I/wpa_supplicant(20778): wlan0: WPA: Key negotiation completed with 50:46:5d:00:ea:d8 [PTK=CCMP GTK=CCMP]
11-30 17:57:47.782 I/wpa_supplicant(20778): wlan0: CTRL-EVENT-CONNECTED - Connection to 50:46:5d:00:ea:d8 completed [id=22 id_str=]
11-30 17:57:57.480 I/ActivityManager(  575): Delay finish: com.google.android.gms/.checkin.EventLogService$Receiver
11-30 17:57:57.495 I/EventLogService(  968): Aggregate from 1448900472298 (log), 1448900472298 (data)
11-30 17:57:57.848 I/ActivityManager(  575): Resuming delayed broadcast
11-30 17:57:58.842 I/art     (  776): Background sticky concurrent mark sweep GC freed 28855(1527KB) AllocSpace objects, 0(0B) LOS objects, 11% free, 12MB/13MB, paused 3.253ms total 100.119ms
11-30 17:57:59.464 I/ActivityManager(  575): Delay finish: com.google.android.apps.fitness/com.google.android.wearable.fitness.summary.notification.NotificationReceiver
11-30 17:57:59.467 I/FitnessWearable( 1278): Checking fitness notification
11-30 17:57:59.803 I/FitnessWearable( 1278): Fitness Platform Queries took: 310 ms
11-30 17:58:00.063 I/ActivityManager(  575): Resuming delayed broadcast
11-30 17:58:00.071 I/AmbientService(  914): Ambient Updating
11-30 17:58:00.071 D/AmbientService(  914): scheduling next alarm, nowWall: 1448902680071, nextWall: 1448902740000, nowElapsed: 608467450, nextElapsed: 608527379
11-30 17:58:00.072 D/AmbientService(  914): updateAmbient: AmbientActivity[component=ComponentInfo{com.google.android.wearable.app/com.google.android.clockwork.home.HomeActivity}, callbacks=@46990b1, running=true, ambient=true] main 1
11-30 17:58:00.077 D/AmbientService(  914): onAmbientUpdated: AmbientActivity[component=ComponentInfo{com.google.android.wearable.app/com.google.android.clockwork.home.HomeActivity}, callbacks=@46990b1, running=true, ambient=true]Binder_1 54
11-30 17:58:00.096 I/DisplayManagerService(  575): Display device changed state: "Built-in Screen", DOZE
11-30 17:58:00.099 V/ActivityManager(  575): Display changed displayId=0
11-30 17:58:00.106 D/SurfaceFlinger(  176): Set power mode=1, type=0 flinger=0xb8584550
11-30 17:58:00.106 I/qdhwcomposer(  176): handle_blank_event: dpy:0 panel power state: 2
11-30 17:58:00.265 I/art     (  739): Background partial concurrent mark sweep GC freed 2299(110KB) AllocSpace objects, 0(0B) LOS objects, 7% free, 24MB/26MB, paused 1.735ms total 113.439ms
11-30 17:58:00.310 I/DisplayManagerService(  575): Display device changed state: "Built-in Screen", DOZE_SUSPEND
11-30 17:58:00.318 D/SurfaceFlinger(  176): Set power mode=3, type=0 flinger=0xb8584550
11-30 17:58:00.318 I/qdhwcomposer(  176): handle_blank_event: dpy:0 panel power state: 2
11-30 17:58:00.319 V/ActivityManager(  575): Display changed displayId=0
11-30 17:58:01.391 W/bt-btif ( 1101): dm_pm_timer expires
11-30 17:58:01.391 W/bt-btif ( 1101): dm_pm_timer expires 0
11-30 17:58:01.391 W/bt-btif ( 1101): proc dm_pm_timer expires
11-30 17:58:02.914 I/InputReader(  575): Reconfiguring input devices.  changes=0x00000004
11-30 17:58:02.914 I/InputReader(  575): Device reconfigured: id=3, name='synaptics_rmi4_i2c', size 320x320, orientation 0, mode 1, display id 0
11-30 17:58:02.915 I/InputReader(  575): Reconfiguring input devices.  changes=0x00000004
11-30 17:58:03.931 E/libsuspend(  575): Error writing to /sys/power/state: Device or resource busy
11-30 17:58:08.579 I/qdhwcomposer(  176): handle_blank_event: dpy:0 panel power state: 2
11-30 17:58:09.431 I/qdhwcomposer(  176): handle_blank_event: dpy:0 panel power state: 2
11-30 17:58:19.335 I/qdhwcomposer(  176): handle_blank_event: dpy:0 panel power state: 2
11-30 17:58:29.571 I/qdhwcomposer(  176): handle_blank_event: dpy:0 panel power state: 2
11-30 17:58:39.815 I/qdhwcomposer(  176): handle_blank_event: dpy:0 panel power state: 2
11-30 17:58:50.259 I/qdhwcomposer(  176): handle_blank_event: dpy:0 panel power state: 2
11-30 17:58:50.550 E/StreamVibrator(  739): Found notifications that tried to vibrate, but they never made it to the top of the stream. Not vibrating.
11-30 17:58:51.051 I/qdhwcomposer(  176): handle_blank_event: dpy:0 panel power state: 2
11-30 17:58:51.053 I/PowerManagerService(  575): Waking up from dozing (uid 10004)...
11-30 17:58:51.054 V/KeyguardServiceDelegate(  575): onScreenTurnedOn(showListener = com.android.internal.policy.impl.PhoneWindowManager$2@2662acec)
11-30 17:58:51.058 E/InputMethodManagerService(  575): Ignoring setImeWindowStatus due to an invalid token. uid:1000 token:null
11-30 17:58:51.061 E/WifiStateMachine(  575): cancelDelayedScan -> 1275
11-30 17:58:51.074 V/KeyguardServiceDelegate(  575): **** SHOWN CALLED ****
11-30 17:58:51.077 D/audio_hw_primary(  198): adev_set_parameters: enter: screen_state=on
11-30 17:58:51.084 D/PowerHAL(  575): IDLE_MODE(touch) -> 0
11-30 17:58:51.086 I/DisplayManagerService(  575): Display device changed state: "Built-in Screen", ON
11-30 17:58:51.086 D/SurfaceFlinger(  176): Set power mode=2, type=0 flinger=0xb8584550
11-30 17:58:51.102 V/ActivityManager(  575): Display changed displayId=0
11-30 17:58:51.106 I/qdhwcomposer(  176): handle_blank_event: dpy:0 panel power state: 1
11-30 17:58:51.141 D/DeepAmbientRecognition(  739): onDestroy
11-30 17:58:51.143 I/DreamManagerService(  575): Gently waking up from dream.
11-30 17:58:51.144 V/DreamService[AmbientDream](  914): wakeUp(): fromSystem=true, mWaking=false, mFinished=false
11-30 17:58:51.144 V/DreamService[AmbientDream](  914): finish(): mFinished=false
11-30 17:58:51.144 I/DreamManagerService(  575): Leaving dreamland.
11-30 17:58:51.145 I/DreamController(  575): Stopping dream: name=ComponentInfo{com.google.android.wearable.ambient/com.google.android.wearable.ambient.AmbientDream}, isTest=false, canDoze=true, userId=0
11-30 17:58:51.153 V/DreamService[AmbientDream](  914): detach(): Calling onDreamingStopped()
11-30 17:58:51.153 I/AmbientService(  914): Ambient Stopping
11-30 17:58:51.155 D/AmbientService(  914): exitAmbient: AmbientActivity[component=ComponentInfo{com.google.android.wearable.app/com.google.android.clockwork.home.HomeActivity}, callbacks=@46990b1, running=true, ambient=true] main 1
11-30 17:58:51.163 D/AmbientService(  914): AmbientDreamStub.detach called while disabled
11-30 17:58:51.178 V/DreamService[AmbientDream](  914): onDestroy()
11-30 17:58:51.180 I/AudioFlinger(  198): AudioFlinger's thread 0xb568d008 ready to run
11-30 17:58:51.188 I/InputReader(  575): Reconfiguring input devices.  changes=0x00000004
11-30 17:58:51.188 I/InputReader(  575): Device reconfigured: id=3, name='synaptics_rmi4_i2c', size 320x320, orientation 0, mode 1, display id 0
11-30 17:58:51.189 I/InputReader(  575): Reconfiguring input devices.  changes=0x00000004
11-30 17:58:51.205 D/audio_hw_primary(  198): select_devices: out_snd_device(0: none) in_snd_device(55: voice-rec-mic)
11-30 17:58:51.205 D/msm8974_platform(  198): platform_send_audio_calibration: sending audio calibration for snd_device(55) acdb_id(62)
11-30 17:58:51.205 D/        (  198): Failed to fetch the lookup information of the device 0000003E 
11-30 17:58:51.205 D/        (  198): Failed to fetch the lookup information of the device 0000003E 
11-30 17:58:51.205 D/audio_hw_primary(  198): enable_snd_device: snd_device(55: voice-rec-mic)
11-30 17:58:51.224 I/InputReader(  575): Reconfiguring input devices.  changes=0x00000004
11-30 17:58:51.224 I/InputReader(  575): Device reconfigured: id=3, name='synaptics_rmi4_i2c', size 320x320, orientation 0, mode 1, display id 0
11-30 17:58:51.226 I/InputReader(  575): Reconfiguring input devices.  changes=0x00000004
11-30 17:58:51.234 D/audio_hw_primary(  198): enable_audio_route: apply and update mixer path: audio-record
11-30 17:58:51.262 I/InputReader(  575): Reconfiguring input devices.  changes=0x00000004
11-30 17:58:51.263 I/InputReader(  575): Device reconfigured: id=3, name='synaptics_rmi4_i2c', size 320x320, orientation 0, mode 1, display id 0
11-30 17:58:51.264 I/InputReader(  575): Reconfiguring input devices.  changes=0x00000004
11-30 17:58:51.279 D/AmbientService(  914): onAmbientExited: AmbientActivity[component=ComponentInfo{com.google.android.wearable.app/com.google.android.clockwork.home.HomeActivity}, callbacks=@46990b1, running=true, ambient=false] Binder_2 55
11-30 17:58:56.086 I/PowerManagerService(  575): Going to sleep due to screen timeout (uid 1000)...
11-30 17:58:56.087 I/DreamManagerService(  575): Entering dreamland.
11-30 17:58:56.087 I/PowerManagerService(  575): Dozing...
11-30 17:58:56.089 I/DreamController(  575): Starting dream: name=ComponentInfo{com.google.android.wearable.ambient/com.google.android.wearable.ambient.AmbientDream}, isTest=false, canDoze=true, userId=0
11-30 17:58:56.102 E/InputMethodManagerService(  575): Ignoring setImeWindowStatus due to an invalid token. uid:1000 token:null
11-30 17:58:56.103 E/InputMethodManagerService(  575): Ignoring setImeWindowStatus due to an invalid token. uid:1000 token:null
11-30 17:58:56.257 E/WifiStateMachine(  575): cancelDelayedScan -> 1276
11-30 17:58:56.263 D/audio_hw_primary(  198): adev_set_parameters: enter: screen_state=off
11-30 17:58:56.333 I/art     (  575): Background sticky concurrent mark sweep GC freed 33018(1723KB) AllocSpace objects, 2(32KB) LOS objects, 12% free, 12MB/14MB, paused 2.129ms total 220.899ms
11-30 17:58:56.333 I/art     (  575): WaitForGcToComplete blocked for 40.676ms for cause Explicit
11-30 17:58:56.527 I/art     (  575): Explicit concurrent mark sweep GC freed 4799(242KB) AllocSpace objects, 2(168KB) LOS objects, 14% free, 12MB/14MB, paused 3.397ms total 185.053ms
11-30 17:58:56.534 V/DreamService[AmbientDream](  914): onBind() intent = Intent { act=android.service.dreams.DreamService flg=0x800000 cmp=com.google.android.wearable.ambient/.AmbientDream }
11-30 17:58:56.541 D/AmbientService(  914): AmbientDreamRegistrationServiceStub.attach: dream: AmbientComponentConfig[component=ComponentInfo{com.google.android.wearable.ambient/com.google.android.wearable.ambient.AmbientDream}]
11-30 17:58:56.545 D/DeepAmbientRecognition(  739): onCreate
11-30 17:58:56.546 D/AmbientService(  914): findRunningActivities: found: AmbientActivity[component=ComponentInfo{com.google.android.wearable.app/com.google.android.clockwork.home.HomeActivity}, callbacks=@46990b1, running=true, ambient=false]
11-30 17:58:56.546 I/AmbientService(  914): Ambient Created
11-30 17:58:56.546 D/AmbientService(  914): onReceive Intent { act=android.intent.action.SCREEN_OFF flg=0x50000010 } true
11-30 17:58:56.547 V/DreamService[AmbientDream](  914): Calling onDreamingStarted()
11-30 17:58:56.547 I/AmbientService(  914): Ambient Starting
11-30 17:58:56.547 D/AmbientService(  914): scheduling next alarm, nowWall: 1448902736547, nextWall: 1448902740000, nowElapsed: 608523926, nextElapsed: 608527379
11-30 17:58:56.552 D/AmbientService(  914): enterAmbient: AmbientActivity[component=ComponentInfo{com.google.android.wearable.app/com.google.android.clockwork.home.HomeActivity}, callbacks=@46990b1, running=true, ambient=false] main 1
11-30 17:58:56.582 D/AmbientService(  914): onAmbientEntered: AmbientActivity[component=ComponentInfo{com.google.android.wearable.app/com.google.android.clockwork.home.HomeActivity}, callbacks=@46990b1, running=true, ambient=true]Binder_1 54
11-30 17:58:56.584 D/PowerHAL(  575): IDLE_MODE(touch) -> 1
11-30 17:58:56.701 D/audio_hw_primary(  198): disable_audio_route: reset and update mixer path: audio-record
11-30 17:58:56.703 D/audio_hw_primary(  198): disable_snd_device: snd_device(55: voice-rec-mic)
11-30 17:58:57.150 I/DisplayManagerService(  575): Display device changed state: "Built-in Screen", DOZE_SUSPEND
11-30 17:58:57.152 V/ActivityManager(  575): Display changed displayId=0
11-30 17:58:57.163 D/SurfaceFlinger(  176): Set power mode=3, type=0 flinger=0xb8584550
11-30 17:58:57.163 I/qdhwcomposer(  176): handle_blank_event: dpy:0 panel power state: 2
11-30 17:58:57.977 I/qdhwcomposer(  176): handle_blank_event: dpy:0 panel power state: 2
11-30 17:58:57.978 E/libsuspend(  575): Error writing to /sys/power/state: Device or resource busy
11-30 17:59:00.394 I/qdhwcomposer(  176): handle_blank_event: dpy:0 panel power state: 2
11-30 17:59:00.914 I/qdhwcomposer(  176): handle_blank_event: dpy:0 panel power state: 2
11-30 17:59:00.915 E/libsuspend(  575): Error writing to /sys/power/state: Device or resource busy
11-30 17:59:01.553 I/AmbientService(  914): Ambient Updating
11-30 17:59:01.553 D/AmbientService(  914): scheduling next alarm, nowWall: 1448902741553, nextWall: 1448902800000, nowElapsed: 608528932, nextElapsed: 608587379
11-30 17:59:01.556 D/AmbientService(  914): updateAmbient: AmbientActivity[component=ComponentInfo{com.google.android.wearable.app/com.google.android.clockwork.home.HomeActivity}, callbacks=@46990b1, running=true, ambient=true] main 1
11-30 17:59:01.563 D/AmbientService(  914): onAmbientUpdated: AmbientActivity[component=ComponentInfo{com.google.android.wearable.app/com.google.android.clockwork.home.HomeActivity}, callbacks=@46990b1, running=true, ambient=true]Binder_4 57
11-30 17:59:01.565 I/DisplayManagerService(  575): Display device changed state: "Built-in Screen", DOZE
11-30 17:59:01.572 D/SurfaceFlinger(  176): Set power mode=1, type=0 flinger=0xb8584550
11-30 17:59:01.572 I/qdhwcomposer(  176): handle_blank_event: dpy:0 panel power state: 2
11-30 17:59:01.574 V/ActivityManager(  575): Display changed displayId=0
11-30 17:59:01.687 I/DisplayManagerService(  575): Display device changed state: "Built-in Screen", DOZE_SUSPEND
11-30 17:59:01.696 V/ActivityManager(  575): Display changed displayId=0
11-30 17:59:01.699 D/SurfaceFlinger(  176): Set power mode=3, type=0 flinger=0xb8584550
11-30 17:59:01.699 I/qdhwcomposer(  176): handle_blank_event: dpy:0 panel power state: 2
11-30 17:59:02.989 I/qdhwcomposer(  176): handle_blank_event: dpy:0 panel power state: 2
11-30 17:59:04.927 I/FitnessWearable( 1278): Completed Phone Sync
11-30 17:59:04.927 I/FitnessWearable( 1278): Checking on account update
11-30 17:59:04.951 I/FitnessWearable( 1278): Trying to insert platform daily totals
11-30 17:59:05.268 I/FitnessWearable( 1278): Initialized Fitness Account
11-30 17:59:05.513 W/bt-btif ( 1101): dm_pm_timer expires
11-30 17:59:05.513 W/bt-btif ( 1101): dm_pm_timer expires 0
11-30 17:59:05.513 W/bt-btif ( 1101): proc dm_pm_timer expires
11-30 17:59:21.346 I/qdhwcomposer(  176): handle_blank_event: dpy:0 panel power state: 2
11-30 17:59:23.509 I/qdhwcomposer(  176): handle_blank_event: dpy:0 panel power state: 2
11-30 17:59:24.734 I/qdhwcomposer(  176): handle_blank_event: dpy:0 panel power state: 2
11-30 17:59:25.657 I/qdhwcomposer(  176): handle_blank_event: dpy:0 panel power state: 2
11-30 17:59:30.563 I/qdhwcomposer(  176): handle_blank_event: dpy:0 panel power state: 2
11-30 17:59:31.804 I/qdhwcomposer(  176): handle_blank_event: dpy:0 panel power state: 2
11-30 17:59:33.331 I/qdhwcomposer(  176): handle_blank_event: dpy:0 panel power state: 2
11-30 17:59:34.251 I/qdhwcomposer(  176): handle_blank_event: dpy:0 panel power state: 2
11-30 18:00:01.113 I/qdhwcomposer(  176): handle_blank_event: dpy:0 panel power state: 2
11-30 18:00:01.120 I/AmbientService(  914): Ambient Updating
11-30 18:00:01.120 D/AmbientService(  914): scheduling next alarm, nowWall: 1448902801120, nextWall: 1448902860000, nowElapsed: 608588499, nextElapsed: 608647379
11-30 18:00:01.122 D/AmbientService(  914): updateAmbient: AmbientActivity[component=ComponentInfo{com.google.android.wearable.app/com.google.android.clockwork.home.HomeActivity}, callbacks=@46990b1, running=true, ambient=true] main 1
11-30 18:00:01.146 I/InputReader(  575): Reconfiguring input devices.  changes=0x00000004
11-30 18:00:01.146 I/InputReader(  575): Device reconfigured: id=3, name='synaptics_rmi4_i2c', size 320x320, orientation 0, mode 1, display id 0
11-30 18:00:01.147 I/InputReader(  575): Reconfiguring input devices.  changes=0x00000004
11-30 18:00:01.148 D/AmbientService(  914): onAmbientUpdated: AmbientActivity[component=ComponentInfo{com.google.android.wearable.app/com.google.android.clockwork.home.HomeActivity}, callbacks=@46990b1, running=true, ambient=true]Binder_2 55
11-30 18:00:01.153 D/SurfaceFlinger(  176): Set power mode=1, type=0 flinger=0xb8584550
11-30 18:00:01.153 I/qdhwcomposer(  176): handle_blank_event: dpy:0 panel power state: 2
11-30 18:00:01.154 I/DisplayManagerService(  575): Display device changed state: "Built-in Screen", DOZE
11-30 18:00:01.161 V/ActivityManager(  575): Display changed displayId=0
11-30 18:00:01.275 I/DisplayManagerService(  575): Display device changed state: "Built-in Screen", DOZE_SUSPEND
11-30 18:00:01.283 V/ActivityManager(  575): Display changed displayId=0
11-30 18:00:01.286 D/SurfaceFlinger(  176): Set power mode=3, type=0 flinger=0xb8584550
11-30 18:00:01.286 I/qdhwcomposer(  176): handle_blank_event: dpy:0 panel power state: 2
11-30 18:00:38.453 I/qdhwcomposer(  176): handle_blank_event: dpy:0 panel power state: 2
11-30 18:01:01.113 I/qdhwcomposer(  176): handle_blank_event: dpy:0 panel power state: 2
11-30 18:01:01.119 I/AmbientService(  914): Ambient Updating
11-30 18:01:01.119 D/AmbientService(  914): scheduling next alarm, nowWall: 1448902861119, nextWall: 1448902920000, nowElapsed: 608648498, nextElapsed: 608707379
11-30 18:01:01.121 D/AmbientService(  914): updateAmbient: AmbientActivity[component=ComponentInfo{com.google.android.wearable.app/com.google.android.clockwork.home.HomeActivity}, callbacks=@46990b1, running=true, ambient=true] main 1
11-30 18:01:01.135 I/InputReader(  575): Reconfiguring input devices.  changes=0x00000004
11-30 18:01:01.135 I/InputReader(  575): Device reconfigured: id=3, name='synaptics_rmi4_i2c', size 320x320, orientation 0, mode 1, display id 0
11-30 18:01:01.136 I/InputReader(  575): Reconfiguring input devices.  changes=0x00000004
11-30 18:01:01.141 D/AmbientService(  914): onAmbientUpdated: AmbientActivity[component=ComponentInfo{com.google.android.wearable.app/com.google.android.clockwork.home.HomeActivity}, callbacks=@46990b1, running=true, ambient=true]Binder_3 56
11-30 18:01:01.144 D/SurfaceFlinger(  176): Set power mode=1, type=0 flinger=0xb8584550
11-30 18:01:01.144 I/qdhwcomposer(  176): handle_blank_event: dpy:0 panel power state: 2
11-30 18:01:01.148 I/DisplayManagerService(  575): Display device changed state: "Built-in Screen", DOZE
11-30 18:01:01.156 V/ActivityManager(  575): Display changed displayId=0
11-30 18:01:01.265 I/DisplayManagerService(  575): Display device changed state: "Built-in Screen", DOZE_SUSPEND
11-30 18:01:01.274 V/ActivityManager(  575): Display changed displayId=0
11-30 18:01:01.276 D/SurfaceFlinger(  176): Set power mode=3, type=0 flinger=0xb8584550
11-30 18:01:01.277 I/qdhwcomposer(  176): handle_blank_event: dpy:0 panel power state: 2
11-30 18:02:01.114 I/qdhwcomposer(  176): handle_blank_event: dpy:0 panel power state: 2
11-30 18:02:01.121 I/AmbientService(  914): Ambient Updating
11-30 18:02:01.121 D/AmbientService(  914): scheduling next alarm, nowWall: 1448902921121, nextWall: 1448902980000, nowElapsed: 608708499, nextElapsed: 608767378
11-30 18:02:01.124 D/AmbientService(  914): updateAmbient: AmbientActivity[component=ComponentInfo{com.google.android.wearable.app/com.google.android.clockwork.home.HomeActivity}, callbacks=@46990b1, running=true, ambient=true] main 1
11-30 18:02:01.142 D/AmbientService(  914): onAmbientUpdated: AmbientActivity[component=ComponentInfo{com.google.android.wearable.app/com.google.android.clockwork.home.HomeActivity}, callbacks=@46990b1, running=true, ambient=true]Binder_1 54
11-30 18:02:01.143 I/InputReader(  575): Reconfiguring input devices.  changes=0x00000004
11-30 18:02:01.143 I/InputReader(  575): Device reconfigured: id=3, name='synaptics_rmi4_i2c', size 320x320, orientation 0, mode 1, display id 0
11-30 18:02:01.146 I/InputReader(  575): Reconfiguring input devices.  changes=0x00000004
11-30 18:02:01.170 D/SurfaceFlinger(  176): Set power mode=1, type=0 flinger=0xb8584550
11-30 18:02:01.171 I/qdhwcomposer(  176): handle_blank_event: dpy:0 panel power state: 2
11-30 18:02:01.172 I/DisplayManagerService(  575): Display device changed state: "Built-in Screen", DOZE
11-30 18:02:01.178 V/ActivityManager(  575): Display changed displayId=0
11-30 18:02:01.292 I/DisplayManagerService(  575): Display device changed state: "Built-in Screen", DOZE_SUSPEND
11-30 18:02:01.300 V/ActivityManager(  575): Display changed displayId=0
11-30 18:02:01.303 D/SurfaceFlinger(  176): Set power mode=3, type=0 flinger=0xb8584550
11-30 18:02:01.303 I/qdhwcomposer(  176): handle_blank_event: dpy:0 panel power state: 2
11-30 18:03:01.115 I/qdhwcomposer(  176): handle_blank_event: dpy:0 panel power state: 2
11-30 18:03:01.124 I/AmbientService(  914): Ambient Updating
11-30 18:03:01.124 D/AmbientService(  914): scheduling next alarm, nowWall: 1448902981124, nextWall: 1448903040000, nowElapsed: 608768503, nextElapsed: 608827379
11-30 18:03:01.126 D/AmbientService(  914): updateAmbient: AmbientActivity[component=ComponentInfo{com.google.android.wearable.app/com.google.android.clockwork.home.HomeActivity}, callbacks=@46990b1, running=true, ambient=true] main 1
11-30 18:03:01.142 D/AmbientService(  914): onAmbientUpdated: AmbientActivity[component=ComponentInfo{com.google.android.wearable.app/com.google.android.clockwork.home.HomeActivity}, callbacks=@46990b1, running=true, ambient=true]Binder_5 58
11-30 18:03:01.143 I/InputReader(  575): Reconfiguring input devices.  changes=0x00000004
11-30 18:03:01.143 I/InputReader(  575): Device reconfigured: id=3, name='synaptics_rmi4_i2c', size 320x320, orientation 0, mode 1, display id 0
11-30 18:03:01.147 I/InputReader(  575): Reconfiguring input devices.  changes=0x00000004
11-30 18:03:01.170 D/SurfaceFlinger(  176): Set power mode=1, type=0 flinger=0xb8584550
11-30 18:03:01.170 I/qdhwcomposer(  176): handle_blank_event: dpy:0 panel power state: 2
11-30 18:03:01.171 I/DisplayManagerService(  575): Display device changed state: "Built-in Screen", DOZE
11-30 18:03:01.178 V/ActivityManager(  575): Display changed displayId=0
11-30 18:03:01.292 I/DisplayManagerService(  575): Display device changed state: "Built-in Screen", DOZE_SUSPEND
11-30 18:03:01.300 V/ActivityManager(  575): Display changed displayId=0
11-30 18:03:01.302 D/SurfaceFlinger(  176): Set power mode=3, type=0 flinger=0xb8584550
11-30 18:03:01.302 I/qdhwcomposer(  176): handle_blank_event: dpy:0 panel power state: 2
11-30 18:03:14.356 I/qdhwcomposer(  176): handle_blank_event: dpy:0 panel power state: 2
11-30 18:03:18.099 W/bt-btif ( 1101): dm_pm_timer expires
11-30 18:03:18.099 W/bt-btif ( 1101): dm_pm_timer expires 0
11-30 18:03:18.099 W/bt-btif ( 1101): proc dm_pm_timer expires
11-30 18:03:27.823 I/qdhwcomposer(  176): handle_blank_event: dpy:0 panel power state: 2
11-30 18:03:27.833 I/TimeSyncer(  739): Companion requested the watch start a time sync.
11-30 18:03:27.834 I/TimeSyncer(  739): sending request - elapsedRealTime: 608795212
11-30 18:03:27.900 I/TimeSyncer(  739): Not correcting small offset ms: 130
11-30 18:03:27.900 D/TimeSyncer(  739): Resetting alarm for 86400000 ms from now
11-30 18:03:29.848 W/bt-btif ( 1101): dm_pm_timer expires
11-30 18:03:29.848 W/bt-btif ( 1101): dm_pm_timer expires 0
11-30 18:03:29.849 W/bt-btif ( 1101): proc dm_pm_timer expires
11-30 18:03:34.328 W/bt-btif ( 1101): dm_pm_timer expires
11-30 18:03:34.328 W/bt-btif ( 1101): dm_pm_timer expires 0
11-30 18:03:34.328 W/bt-btif ( 1101): proc dm_pm_timer expires
11-30 18:03:55.678 I/qdhwcomposer(  176): handle_blank_event: dpy:0 panel power state: 2
11-30 18:03:56.290 I/qdhwcomposer(  176): handle_blank_event: dpy:0 panel power state: 2
11-30 18:04:01.115 I/qdhwcomposer(  176): handle_blank_event: dpy:0 panel power state: 2
11-30 18:04:01.120 I/AmbientService(  914): Ambient Updating
11-30 18:04:01.121 D/AmbientService(  914): scheduling next alarm, nowWall: 1448903041121, nextWall: 1448903100000, nowElapsed: 608828499, nextElapsed: 608887378
11-30 18:04:01.122 D/AmbientService(  914): updateAmbient: AmbientActivity[component=ComponentInfo{com.google.android.wearable.app/com.google.android.clockwork.home.HomeActivity}, callbacks=@46990b1, running=true, ambient=true] main 1
11-30 18:04:01.129 D/AmbientService(  914): onAmbientUpdated: AmbientActivity[component=ComponentInfo{com.google.android.wearable.app/com.google.android.clockwork.home.HomeActivity}, callbacks=@46990b1, running=true, ambient=true]Binder_4 57
11-30 18:04:01.150 I/DisplayManagerService(  575): Display device changed state: "Built-in Screen", DOZE
11-30 18:04:01.156 D/SurfaceFlinger(  176): Set power mode=1, type=0 flinger=0xb8584550
11-30 18:04:01.157 I/qdhwcomposer(  176): handle_blank_event: dpy:0 panel power state: 2
11-30 18:04:01.158 V/ActivityManager(  575): Display changed displayId=0
11-30 18:04:01.272 I/DisplayManagerService(  575): Display device changed state: "Built-in Screen", DOZE_SUSPEND
11-30 18:04:01.280 V/ActivityManager(  575): Display changed displayId=0
11-30 18:04:01.283 D/SurfaceFlinger(  176): Set power mode=3, type=0 flinger=0xb8584550
11-30 18:04:01.283 I/qdhwcomposer(  176): handle_blank_event: dpy:0 panel power state: 2
11-30 18:04:03.235 I/qdhwcomposer(  176): handle_blank_event: dpy:0 panel power state: 2
11-30 18:04:05.769 W/bt-btif ( 1101): dm_pm_timer expires
11-30 18:04:05.769 W/bt-btif ( 1101): dm_pm_timer expires 0
11-30 18:04:05.769 W/bt-btif ( 1101): proc dm_pm_timer expires
11-30 18:04:15.703 I/qdhwcomposer(  176): handle_blank_event: dpy:0 panel power state: 2
11-30 18:04:18.128 W/bt-btif ( 1101): dm_pm_timer expires
11-30 18:04:18.128 W/bt-btif ( 1101): dm_pm_timer expires 0
11-30 18:04:18.128 W/bt-btif ( 1101): proc dm_pm_timer expires
11-30 18:04:26.546 I/qdhwcomposer(  176): handle_blank_event: dpy:0 panel power state: 2
11-30 18:04:26.556 I/PowerManagerService(  575): Waking up from dozing (uid 10004)...
11-30 18:04:26.557 V/KeyguardServiceDelegate(  575): onScreenTurnedOn(showListener = com.android.internal.policy.impl.PhoneWindowManager$2@2662acec)
11-30 18:04:26.565 V/KeyguardServiceDelegate(  575): **** SHOWN CALLED ****
11-30 18:04:26.571 D/PowerHAL(  575): IDLE_MODE(touch) -> 0
11-30 18:04:26.572 I/DisplayManagerService(  575): Display device changed state: "Built-in Screen", ON
11-30 18:04:26.576 V/ActivityManager(  575): Display changed displayId=0
11-30 18:04:26.580 D/SurfaceFlinger(  176): Set power mode=2, type=0 flinger=0xb8584550
11-30 18:04:26.595 I/qdhwcomposer(  176): handle_blank_event: dpy:0 panel power state: 1
11-30 18:04:26.597 I/DreamManagerService(  575): Gently waking up from dream.
11-30 18:04:26.597 V/DreamService[AmbientDream](  914): wakeUp(): fromSystem=true, mWaking=false, mFinished=false
11-30 18:04:26.597 V/DreamService[AmbientDream](  914): finish(): mFinished=false
11-30 18:04:26.597 I/DreamManagerService(  575): Leaving dreamland.
11-30 18:04:26.598 I/DreamController(  575): Stopping dream: name=ComponentInfo{com.google.android.wearable.ambient/com.google.android.wearable.ambient.AmbientDream}, isTest=false, canDoze=true, userId=0
11-30 18:04:26.600 V/DreamService[AmbientDream](  914): detach(): Calling onDreamingStopped()
11-30 18:04:26.600 I/AmbientService(  914): Ambient Stopping
11-30 18:04:26.602 D/AmbientService(  914): exitAmbient: AmbientActivity[component=ComponentInfo{com.google.android.wearable.app/com.google.android.clockwork.home.HomeActivity}, callbacks=@46990b1, running=true, ambient=true] main 1
11-30 18:04:26.611 D/AmbientService(  914): AmbientDreamStub.detach called while disabled
11-30 18:04:26.622 V/DreamService[AmbientDream](  914): onDestroy()
11-30 18:04:26.647 I/AudioFlinger(  198): AudioFlinger's thread 0xb568d008 ready to run
11-30 18:04:26.660 D/audio_hw_primary(  198): select_devices: out_snd_device(0: none) in_snd_device(55: voice-rec-mic)
11-30 18:04:26.660 D/msm8974_platform(  198): platform_send_audio_calibration: sending audio calibration for snd_device(55) acdb_id(62)
11-30 18:04:26.661 D/        (  198): Failed to fetch the lookup information of the device 0000003E 
11-30 18:04:26.661 D/        (  198): Failed to fetch the lookup information of the device 0000003E 
11-30 18:04:26.661 D/audio_hw_primary(  198): enable_snd_device: snd_device(55: voice-rec-mic)
11-30 18:04:26.680 D/audio_hw_primary(  198): enable_audio_route: apply and update mixer path: audio-record
11-30 18:04:26.682 D/AmbientService(  914): onAmbientExited: AmbientActivity[component=ComponentInfo{com.google.android.wearable.app/com.google.android.clockwork.home.HomeActivity}, callbacks=@46990b1, running=true, ambient=false] Binder_1 54
11-30 18:04:26.702 E/InputMethodManagerService(  575): Ignoring setImeWindowStatus due to an invalid token. uid:1000 token:null
11-30 18:04:26.706 E/WifiStateMachine(  575): cancelDelayedScan -> 1277
11-30 18:04:26.719 I/InputReader(  575): Reconfiguring input devices.  changes=0x00000004
11-30 18:04:26.719 I/InputReader(  575): Device reconfigured: id=3, name='synaptics_rmi4_i2c', size 320x320, orientation 0, mode 1, display id 0
11-30 18:04:26.722 D/audio_hw_primary(  198): adev_set_parameters: enter: screen_state=on
11-30 18:04:26.742 I/InputReader(  575): Reconfiguring input devices.  changes=0x00000004
11-30 18:04:26.742 I/InputReader(  575): Device reconfigured: id=3, name='synaptics_rmi4_i2c', size 320x320, orientation 0, mode 1, display id 0
11-30 18:04:26.744 I/InputReader(  575): Reconfiguring input devices.  changes=0x00000004
11-30 18:04:26.759 I/InputReader(  575): Reconfiguring input devices.  changes=0x00000004
11-30 18:04:26.759 I/InputReader(  575): Device reconfigured: id=3, name='synaptics_rmi4_i2c', size 320x320, orientation 0, mode 1, display id 0
11-30 18:04:26.868 D/DeepAmbientRecognition(  739): onDestroy
11-30 18:04:31.578 I/PowerManagerService(  575): Going to sleep due to screen timeout (uid 1000)...
11-30 18:04:31.579 I/DreamManagerService(  575): Entering dreamland.
11-30 18:04:31.579 I/PowerManagerService(  575): Dozing...
11-30 18:04:31.580 I/DreamController(  575): Starting dream: name=ComponentInfo{com.google.android.wearable.ambient/com.google.android.wearable.ambient.AmbientDream}, isTest=false, canDoze=true, userId=0
11-30 18:04:31.600 E/InputMethodManagerService(  575): Ignoring setImeWindowStatus due to an invalid token. uid:1000 token:null
11-30 18:04:31.600 E/InputMethodManagerService(  575): Ignoring setImeWindowStatus due to an invalid token. uid:1000 token:null
11-30 18:04:31.603 E/WifiStateMachine(  575): cancelDelayedScan -> 1278
11-30 18:04:31.606 D/audio_hw_primary(  198): adev_set_parameters: enter: screen_state=off
11-30 18:04:31.644 D/DeepAmbientRecognition(  739): onCreate
11-30 18:04:31.653 V/DreamService[AmbientDream](  914): onBind() intent = Intent { act=android.service.dreams.DreamService flg=0x800000 cmp=com.google.android.wearable.ambient/.AmbientDream }
11-30 18:04:31.657 D/AmbientService(  914): AmbientDreamRegistrationServiceStub.attach: dream: AmbientComponentConfig[component=ComponentInfo{com.google.android.wearable.ambient/com.google.android.wearable.ambient.AmbientDream}]
11-30 18:04:31.657 D/AmbientService(  914): findRunningActivities: found: AmbientActivity[component=ComponentInfo{com.google.android.wearable.app/com.google.android.clockwork.home.HomeActivity}, callbacks=@46990b1, running=true, ambient=false]
11-30 18:04:31.657 I/AmbientService(  914): Ambient Created
11-30 18:04:31.657 D/AmbientService(  914): onReceive Intent { act=android.intent.action.SCREEN_OFF flg=0x50000010 } true
11-30 18:04:31.659 V/DreamService[AmbientDream](  914): Calling onDreamingStarted()
11-30 18:04:31.659 I/AmbientService(  914): Ambient Starting
11-30 18:04:31.659 D/AmbientService(  914): scheduling next alarm, nowWall: 1448903071659, nextWall: 1448903100000, nowElapsed: 608859037, nextElapsed: 608887378
11-30 18:04:31.660 D/AmbientService(  914): enterAmbient: AmbientActivity[component=ComponentInfo{com.google.android.wearable.app/com.google.android.clockwork.home.HomeActivity}, callbacks=@46990b1, running=true, ambient=false] main 1
11-30 18:04:31.695 D/LightsService(  575): Excessive delay setting light: 67ms
11-30 18:04:31.720 D/AmbientService(  914): onAmbientEntered: AmbientActivity[component=ComponentInfo{com.google.android.wearable.app/com.google.android.clockwork.home.HomeActivity}, callbacks=@46990b1, running=true, ambient=true]Binder_3 56
11-30 18:04:31.756 D/PowerHAL(  575): IDLE_MODE(touch) -> 1
11-30 18:04:31.782 D/audio_hw_primary(  198): disable_audio_route: reset and update mixer path: audio-record
11-30 18:04:31.784 D/audio_hw_primary(  198): disable_snd_device: snd_device(55: voice-rec-mic)
11-30 18:04:32.634 I/DisplayManagerService(  575): Display device changed state: "Built-in Screen", DOZE_SUSPEND
11-30 18:04:32.637 V/ActivityManager(  575): Display changed displayId=0
11-30 18:04:32.648 D/SurfaceFlinger(  176): Set power mode=3, type=0 flinger=0xb8584550
11-30 18:04:32.648 I/qdhwcomposer(  176): handle_blank_event: dpy:0 panel power state: 2
11-30 18:05:01.115 I/qdhwcomposer(  176): handle_blank_event: dpy:0 panel power state: 2
11-30 18:05:01.121 I/AmbientService(  914): Ambient Updating
11-30 18:05:01.121 D/AmbientService(  914): scheduling next alarm, nowWall: 1448903101121, nextWall: 1448903160000, nowElapsed: 608888500, nextElapsed: 608947379
11-30 18:05:01.123 D/AmbientService(  914): updateAmbient: AmbientActivity[component=ComponentInfo{com.google.android.wearable.app/com.google.android.clockwork.home.HomeActivity}, callbacks=@46990b1, running=true, ambient=true] main 1
11-30 18:05:01.136 I/InputReader(  575): Reconfiguring input devices.  changes=0x00000004
11-30 18:05:01.137 I/InputReader(  575): Device reconfigured: id=3, name='synaptics_rmi4_i2c', size 320x320, orientation 0, mode 1, display id 0
11-30 18:05:01.138 I/InputReader(  575): Reconfiguring input devices.  changes=0x00000004
11-30 18:05:01.145 D/AmbientService(  914): onAmbientUpdated: AmbientActivity[component=ComponentInfo{com.google.android.wearable.app/com.google.android.clockwork.home.HomeActivity}, callbacks=@46990b1, running=true, ambient=true]Binder_5 58
11-30 18:05:01.147 D/SurfaceFlinger(  176): Set power mode=1, type=0 flinger=0xb8584550
11-30 18:05:01.147 I/qdhwcomposer(  176): handle_blank_event: dpy:0 panel power state: 2
11-30 18:05:01.149 I/DisplayManagerService(  575): Display device changed state: "Built-in Screen", DOZE
11-30 18:05:01.156 V/ActivityManager(  575): Display changed displayId=0
11-30 18:05:01.267 I/DisplayManagerService(  575): Display device changed state: "Built-in Screen", DOZE_SUSPEND
11-30 18:05:01.276 V/ActivityManager(  575): Display changed displayId=0
11-30 18:05:01.279 D/SurfaceFlinger(  176): Set power mode=3, type=0 flinger=0xb8584550
11-30 18:05:01.279 I/qdhwcomposer(  176): handle_blank_event: dpy:0 panel power state: 2
11-30 18:05:44.734 I/qdhwcomposer(  176): handle_blank_event: dpy:0 panel power state: 2
11-30 18:06:01.115 I/qdhwcomposer(  176): handle_blank_event: dpy:0 panel power state: 2
11-30 18:06:01.122 I/AmbientService(  914): Ambient Updating
11-30 18:06:01.122 D/AmbientService(  914): scheduling next alarm, nowWall: 1448903161122, nextWall: 1448903220000, nowElapsed: 608948501, nextElapsed: 609007379
11-30 18:06:01.124 D/AmbientService(  914): updateAmbient: AmbientActivity[component=ComponentInfo{com.google.android.wearable.app/com.google.android.clockwork.home.HomeActivity}, callbacks=@46990b1, running=true, ambient=true] main 1
11-30 18:06:01.138 I/InputReader(  575): Reconfiguring input devices.  changes=0x00000004
11-30 18:06:01.138 I/InputReader(  575): Device reconfigured: id=3, name='synaptics_rmi4_i2c', size 320x320, orientation 0, mode 1, display id 0
11-30 18:06:01.142 I/InputReader(  575): Reconfiguring input devices.  changes=0x00000004
11-30 18:06:01.143 D/AmbientService(  914): onAmbientUpdated: AmbientActivity[component=ComponentInfo{com.google.android.wearable.app/com.google.android.clockwork.home.HomeActivity}, callbacks=@46990b1, running=true, ambient=true]Binder_4 57
11-30 18:06:01.166 D/SurfaceFlinger(  176): Set power mode=1, type=0 flinger=0xb8584550
11-30 18:06:01.166 I/qdhwcomposer(  176): handle_blank_event: dpy:0 panel power state: 2
11-30 18:06:01.167 I/DisplayManagerService(  575): Display device changed state: "Built-in Screen", DOZE
11-30 18:06:01.179 V/ActivityManager(  575): Display changed displayId=0
11-30 18:06:01.287 I/DisplayManagerService(  575): Display device changed state: "Built-in Screen", DOZE_SUSPEND
11-30 18:06:01.295 V/ActivityManager(  575): Display changed displayId=0
11-30 18:06:01.298 D/SurfaceFlinger(  176): Set power mode=3, type=0 flinger=0xb8584550
11-30 18:06:01.298 I/qdhwcomposer(  176): handle_blank_event: dpy:0 panel power state: 2
11-30 18:06:15.600 I/qdhwcomposer(  176): handle_blank_event: dpy:0 panel power state: 2
11-30 18:06:16.327 I/qdhwcomposer(  176): handle_blank_event: dpy:0 panel power state: 2
11-30 18:06:26.143 I/qdhwcomposer(  176): handle_blank_event: dpy:0 panel power state: 2
11-30 18:06:34.848 I/qdhwcomposer(  176): handle_blank_event: dpy:0 panel power state: 2
11-30 18:06:34.850 E/bt-btm  ( 1101): btm_sec_disconnected - Clearing Pending flag
11-30 18:06:34.850 W/bt-btif ( 1101): invalid rfc slot id: 61
11-30 18:06:34.853 I/WearableConn(  776): Connection closed, waiting.
11-30 18:06:34.862 I/WearableConn(  776): Waiting 0.1 seconds to retry connection
11-30 18:06:34.973 D/BluetoothManagerService(  575): checkIfCallerIsForegroundUser: valid=true callingUser=0 parentUser=-10000 foregroundUser=0
11-30 18:06:34.974 W/BluetoothAdapter(  776): getBluetoothService() called with no BluetoothManagerCallback
11-30 18:06:34.977 I/WearableConn(  776): Accepting connections
11-30 18:06:34.979 D/BluetoothAdapterProperties( 1101): Discoverable Timeout:0
11-30 18:06:34.984 D/BluetoothAdapterProperties( 1101): Scan Mode:21
11-30 18:06:34.984 D/WearableBluetooth(  776): set scan mode to 21 (enabled)
11-30 18:06:41.116 I/qdhwcomposer(  176): handle_blank_event: dpy:0 panel power state: 2
11-30 18:06:46.116 I/qdhwcomposer(  176): handle_blank_event: dpy:0 panel power state: 2
11-30 18:06:56.454 I/qdhwcomposer(  176): handle_blank_event: dpy:0 panel power state: 2
11-30 18:06:56.488 I/CwAlarm (26470): Dismissing all companion alarms and timers
11-30 18:06:56.565 V/WearableAPIHelper(26451): Wearable API connected to node: 810e8cb1
11-30 18:06:56.566 D/WearReceiver(26433): [onPeerDisconnected]
11-30 18:06:56.577 I/CommandHandlerService(25954): Successfully connect to Google API Client
11-30 18:06:56.578 E/WearSender(26433): onConnected 
11-30 18:06:56.578 D/WearSender(26433): [sendMessage] path: /lifetracker/recording/request_data_from_wear, map: null
11-30 18:06:56.786 D/ClockworkProxy(  739): Tearing down native proxy service...
11-30 18:06:56.812 I/CloudSync(  776): Start WiFi mediator: no condition found to stop WiFi mediator
11-30 18:06:56.822 I/DisplayManagerService(  575): Display device changed state: "Built-in Screen", DOZE
11-30 18:06:56.829 D/SurfaceFlinger(  176): Set power mode=1, type=0 flinger=0xb8584550
11-30 18:06:56.830 I/qdhwcomposer(  176): handle_blank_event: dpy:0 panel power state: 2
11-30 18:06:56.830 V/ActivityManager(  575): Display changed displayId=0
11-30 18:06:57.055 I/DisplayManagerService(  575): Display device changed state: "Built-in Screen", DOZE_SUSPEND
11-30 18:06:57.063 D/SurfaceFlinger(  176): Set power mode=3, type=0 flinger=0xb8584550
11-30 18:06:57.064 I/qdhwcomposer(  176): handle_blank_event: dpy:0 panel power state: 2
11-30 18:06:57.065 V/ActivityManager(  575): Display changed displayId=0
11-30 18:06:59.210 I/qdhwcomposer(  176): handle_blank_event: dpy:0 panel power state: 2
11-30 18:06:59.234 W/bt-btif ( 1101): info:x10
11-30 18:06:59.234 D/        ( 1101): remote version info [10:30:47:2c:02:8e]: 7, f, 610c
11-30 18:06:59.357 W/bt-btif ( 1101): new conn_srvc id:26, app_id:255
11-30 18:06:59.357 W/bt-btif ( 1101): bta_dm_pm_ssr conn_srvc id:26, app_id:255
11-30 18:06:59.357 W/bt-btif ( 1101): bta_dm_pm_ssr:2, lat:1200
11-30 18:06:59.362 D/BluetoothAdapterProperties( 1101): Discoverable Timeout:0
11-30 18:06:59.369 D/BluetoothAdapterProperties( 1101): Scan Mode:20
11-30 18:06:59.371 D/WearableBluetooth(  776): set scan mode to 20 (disabled)
11-30 18:06:59.371 I/WearableConn(  776): Connected, running sync loop
11-30 18:06:59.376 D/ClockworkProxy(  739): Clockwork proxy TCP relaying thread stopped
11-30 18:06:59.376 D/ClockworkProxy(  739): Stop UDP relaying thread
11-30 18:06:59.376 D/ClockworkProxy(  739): Clockwork proxy UDP relaying thread stopped
11-30 18:06:59.401 D/wearable(  776): Peer handshake connect succeeded, peer version: 1
11-30 18:06:59.436 D/WearReceiver(26433): [onPeerConnected]
11-30 18:06:59.436 D/WearReceiver(26433): [inputVersionCodes]
11-30 18:06:59.438 D/WearableUtils(26433): getPackageVersion packageVersionCode: 40213100
11-30 18:06:59.438 I/WearSender(26433): [sendData] path:/lifetracker/version_code	 map:{package_version_code=40213100, wearable_protocol_version=100}
11-30 18:06:59.467 I/WearSender(26433): mGoogleApiClient is connected. pathWithPostfix: /lifetracker/version_code/from_wear
11-30 18:06:59.518 D/Clockwork.Settings(  739): got new locale: en_US->en_US
11-30 18:06:59.555 I/WearReceiver(26433): [onDataChanged] host path : /lifetracker/version_code/from_wear
11-30 18:06:59.563 D/WearSender(26433): putDataItem status: Status{statusCode=SUCCESS, resolution=null}
11-30 18:06:59.660 W/Clockwork.Settings(  739): Null data item for uri: wear:/settings/com.google.android.clockwork.settings.DISABLE_CALENDAR/810e8cb1
11-30 18:06:59.711 W/Clockwork.Settings(  739): Null data item for uri: wear:/settings/com.google.android.clockwork.settings.TILT_TO_WAKE/810e8cb1
11-30 18:06:59.753 I/TimeSyncer(  739): Companion requested the watch start a time sync.
11-30 18:06:59.753 I/TimeSyncer(  739): sending request - elapsedRealTime: 609007132
11-30 18:06:59.763 I/art     (  776): Background sticky concurrent mark sweep GC freed 13346(832KB) AllocSpace objects, 5(78KB) LOS objects, 5% free, 12MB/13MB, paused 15.834ms total 177.257ms
11-30 18:06:59.888 D/ClockworkProxy(  739): onPeerRetrieved node=Node{Tommys Samsung, id=e5c0aad2-a8d7-4943-a5b3-16aec9a68729, hops=1, isNearby=true}
11-30 18:06:59.907 D/ConnectivityService(  575): registerNetworkAgent NetworkAgentInfo{ ni{[type: PROXY[], state: CONNECTED/CONNECTED, reason: requested by system, extra: (none), roaming: false, failover: false, isAvailable: true, isConnectedToProvisioningNetwork: false]}  network{null}  lp{{InterfaceName: ifb0 LinkAddresses: []  Routes: [] DnsAddresses: [8.8.8.8,8.8.4.4,] Domains: null MTU: 0}}  nc{[ Transports: BLUETOOTH Capabilities: INTERNET&NOT_RESTRICTED&TRUSTED&NOT_VPN LinkUpBandwidth>=1760Kbps LinkDnBandwidth>=1760Kbps]}  Score{0}  everValidated{false}  lastValidated{false}  created{false}  explicitlySelected{false} }
11-30 18:06:59.908 D/ConnectivityService(  575): NetworkAgentInfo [PROXY () - 165] EVENT_NETWORK_INFO_CHANGED, going from null to CONNECTED
11-30 18:06:59.911 D/ClockworkProxy(  739): Tearing down native proxy service...
11-30 18:06:59.912 D/ConnectivityService(  575): Adding iface ifb0 to network 165
11-30 18:06:59.913 E/Netd    (  196): interface ifb0 already assigned to netId 139
11-30 18:06:59.917 E/ConnectivityService(  575): Exception adding interface: java.lang.IllegalStateException: command '1357 network interface add 165 ifb0' failed with '400 1357 addInterfaceToNetwork() failed (Device or resource busy)'
11-30 18:06:59.917 E/ConnectivityService(  575): Unexpected mtu value: 0, ifb0
