11-30 12:33:01.189 I/DisplayManagerService(  575): Display device changed state: "Built-in Screen", DOZE
11-30 12:33:01.197 V/ActivityManager(  575): Display changed displayId=0
11-30 12:33:01.309 I/DisplayManagerService(  575): Display device changed state: "Built-in Screen", DOZE_SUSPEND
11-30 12:33:01.318 V/ActivityManager(  575): Display changed displayId=0
11-30 12:34:01.005 I/AmbientService(  914): Ambient Updating
11-30 12:34:01.080 I/DisplayManagerService(  575): Display device changed state: "Built-in Screen", DOZE
11-30 12:34:01.088 V/ActivityManager(  575): Display changed displayId=0
11-30 12:34:01.201 I/DisplayManagerService(  575): Display device changed state: "Built-in Screen", DOZE_SUSPEND
11-30 12:34:01.210 V/ActivityManager(  575): Display changed displayId=0
11-30 12:35:01.003 I/AmbientService(  914): Ambient Updating
11-30 12:35:01.062 I/DisplayManagerService(  575): Display device changed state: "Built-in Screen", DOZE
11-30 12:35:01.070 V/ActivityManager(  575): Display changed displayId=0
11-30 12:35:01.182 I/DisplayManagerService(  575): Display device changed state: "Built-in Screen", DOZE_SUSPEND
11-30 12:35:01.191 V/ActivityManager(  575): Display changed displayId=0
11-30 12:36:01.003 I/AmbientService(  914): Ambient Updating
11-30 12:36:01.055 I/DisplayManagerService(  575): Display device changed state: "Built-in Screen", DOZE
11-30 12:36:01.062 V/ActivityManager(  575): Display changed displayId=0
11-30 12:36:01.175 I/DisplayManagerService(  575): Display device changed state: "Built-in Screen", DOZE_SUSPEND
11-30 12:36:01.184 V/ActivityManager(  575): Display changed displayId=0
11-30 12:37:01.008 I/AmbientService(  914): Ambient Updating
11-30 12:37:01.055 I/DisplayManagerService(  575): Display device changed state: "Built-in Screen", DOZE
11-30 12:37:01.062 V/ActivityManager(  575): Display changed displayId=0
11-30 12:37:01.175 I/DisplayManagerService(  575): Display device changed state: "Built-in Screen", DOZE_SUSPEND
11-30 12:37:01.184 V/ActivityManager(  575): Display changed displayId=0
11-30 12:37:50.076 I/ActivityManager(  575): Delay finish: com.google.android.gms/.checkin.EventLogService$Receiver
11-30 12:37:50.688 I/ActivityManager(  575): Resuming delayed broadcast
11-30 12:37:50.735 I/ActivityManager(  575): Delay finish: com.google.android.apps.fitness/com.google.android.wearable.fitness.summary.notification.NotificationReceiver
11-30 12:37:51.433 W/ResourcesManager(  739): Asset path '/system/framework/com.google.android.wearable.jar' does not exist or contains no resources.
11-30 12:37:51.435 I/ActivityManager(  575): Resuming delayed broadcast
11-30 12:37:51.571 I/DisplayManagerService(  575): Display device changed state: "Built-in Screen", DOZE
11-30 12:37:51.580 V/ActivityManager(  575): Display changed displayId=0
11-30 12:37:51.724 I/DisplayManagerService(  575): Display device changed state: "Built-in Screen", DOZE_SUSPEND
11-30 12:37:51.733 V/ActivityManager(  575): Display changed displayId=0
11-30 12:38:01.007 I/AmbientService(  914): Ambient Updating
11-30 12:38:01.051 I/DisplayManagerService(  575): Display device changed state: "Built-in Screen", DOZE
11-30 12:38:01.060 V/ActivityManager(  575): Display changed displayId=0
11-30 12:38:01.170 I/DisplayManagerService(  575): Display device changed state: "Built-in Screen", DOZE_SUSPEND
11-30 12:38:01.179 V/ActivityManager(  575): Display changed displayId=0
11-30 12:39:00.030 I/AmbientService(  914): Ambient Updating
11-30 12:39:00.052 I/DisplayManagerService(  575): Display device changed state: "Built-in Screen", DOZE
11-30 12:39:00.060 V/ActivityManager(  575): Display changed displayId=0
11-30 12:39:00.172 I/DisplayManagerService(  575): Display device changed state: "Built-in Screen", DOZE_SUSPEND
11-30 12:39:00.185 V/ActivityManager(  575): Display changed displayId=0
11-30 12:40:01.015 I/AmbientService(  914): Ambient Updating
11-30 12:40:01.076 I/DisplayManagerService(  575): Display device changed state: "Built-in Screen", DOZE
11-30 12:40:01.083 V/ActivityManager(  575): Display changed displayId=0
11-30 12:40:01.197 I/DisplayManagerService(  575): Display device changed state: "Built-in Screen", DOZE_SUSPEND
11-30 12:40:01.206 V/ActivityManager(  575): Display changed displayId=0
11-30 12:41:01.007 I/AmbientService(  914): Ambient Updating
11-30 12:41:01.067 I/DisplayManagerService(  575): Display device changed state: "Built-in Screen", DOZE
11-30 12:41:01.076 V/ActivityManager(  575): Display changed displayId=0
11-30 12:41:01.187 I/DisplayManagerService(  575): Display device changed state: "Built-in Screen", DOZE_SUSPEND
11-30 12:41:01.197 V/ActivityManager(  575): Display changed displayId=0
11-30 12:42:01.008 I/AmbientService(  914): Ambient Updating
11-30 12:42:01.056 I/DisplayManagerService(  575): Display device changed state: "Built-in Screen", DOZE
11-30 12:42:01.063 V/ActivityManager(  575): Display changed displayId=0
11-30 12:42:01.176 I/DisplayManagerService(  575): Display device changed state: "Built-in Screen", DOZE_SUSPEND
11-30 12:42:01.188 V/ActivityManager(  575): Display changed displayId=0
11-30 12:43:01.006 I/AmbientService(  914): Ambient Updating
11-30 12:43:01.052 I/DisplayManagerService(  575): Display device changed state: "Built-in Screen", DOZE
11-30 12:43:01.060 V/ActivityManager(  575): Display changed displayId=0
11-30 12:43:01.174 I/DisplayManagerService(  575): Display device changed state: "Built-in Screen", DOZE_SUSPEND
11-30 12:43:01.183 V/ActivityManager(  575): Display changed displayId=0
11-30 12:44:01.011 I/AmbientService(  914): Ambient Updating
11-30 12:44:01.056 I/DisplayManagerService(  575): Display device changed state: "Built-in Screen", DOZE
11-30 12:44:01.063 V/ActivityManager(  575): Display changed displayId=0
11-30 12:44:01.176 I/DisplayManagerService(  575): Display device changed state: "Built-in Screen", DOZE_SUSPEND
11-30 12:44:01.186 V/ActivityManager(  575): Display changed displayId=0
11-30 12:45:01.007 I/AmbientService(  914): Ambient Updating
11-30 12:45:01.061 I/DisplayManagerService(  575): Display device changed state: "Built-in Screen", DOZE
11-30 12:45:01.070 V/ActivityManager(  575): Display changed displayId=0
11-30 12:45:01.181 I/DisplayManagerService(  575): Display device changed state: "Built-in Screen", DOZE_SUSPEND
11-30 12:45:01.190 V/ActivityManager(  575): Display changed displayId=0
11-30 12:45:57.408 I/PowerManagerService(  575): Waking up from dozing (uid 10004)...
11-30 12:45:57.419 E/InputMethodManagerService(  575): Ignoring setImeWindowStatus due to an invalid token. uid:1000 token:null
11-30 12:45:57.445 I/DisplayManagerService(  575): Display device changed state: "Built-in Screen", ON
11-30 12:45:57.476 V/ActivityManager(  575): Display changed displayId=0
11-30 12:45:57.502 I/DreamManagerService(  575): Gently waking up from dream.
11-30 12:45:57.503 V/DreamService[AmbientDream](  914): wakeUp(): fromSystem=true, mWaking=false, mFinished=false
11-30 12:45:57.503 V/DreamService[AmbientDream](  914): finish(): mFinished=false
11-30 12:45:57.503 I/DreamManagerService(  575): Leaving dreamland.
11-30 12:45:57.504 I/DreamController(  575): Stopping dream: name=ComponentInfo{com.google.android.wearable.ambient/com.google.android.wearable.ambient.AmbientDream}, isTest=false, canDoze=true, userId=0
11-30 12:45:57.507 V/DreamService[AmbientDream](  914): detach(): Calling onDreamingStopped()
11-30 12:45:57.507 I/AmbientService(  914): Ambient Stopping
11-30 12:45:57.532 V/DreamService[AmbientDream](  914): onDestroy()
11-30 12:46:02.440 I/PowerManagerService(  575): Going to sleep due to screen timeout (uid 1000)...
11-30 12:46:02.442 I/DreamManagerService(  575): Entering dreamland.
11-30 12:46:02.443 I/PowerManagerService(  575): Dozing...
11-30 12:46:02.444 I/DreamController(  575): Starting dream: name=ComponentInfo{com.google.android.wearable.ambient/com.google.android.wearable.ambient.AmbientDream}, isTest=false, canDoze=true, userId=0
11-30 12:46:02.454 E/InputMethodManagerService(  575): Ignoring setImeWindowStatus due to an invalid token. uid:1000 token:null
11-30 12:46:02.455 E/InputMethodManagerService(  575): Ignoring setImeWindowStatus due to an invalid token. uid:1000 token:null
11-30 12:46:02.506 V/DreamService[AmbientDream](  914): onBind() intent = Intent { act=android.service.dreams.DreamService flg=0x800000 cmp=com.google.android.wearable.ambient/.AmbientDream }
11-30 12:46:02.512 I/AmbientService(  914): Ambient Created
11-30 12:46:02.530 V/DreamService[AmbientDream](  914): Calling onDreamingStarted()
11-30 12:46:02.531 I/AmbientService(  914): Ambient Starting
11-30 12:46:03.488 I/DisplayManagerService(  575): Display device changed state: "Built-in Screen", DOZE_SUSPEND
11-30 12:46:03.490 V/ActivityManager(  575): Display changed displayId=0
11-30 12:47:01.007 I/AmbientService(  914): Ambient Updating
11-30 12:47:01.049 I/DisplayManagerService(  575): Display device changed state: "Built-in Screen", DOZE
11-30 12:47:01.056 V/ActivityManager(  575): Display changed displayId=0
11-30 12:47:01.170 I/DisplayManagerService(  575): Display device changed state: "Built-in Screen", DOZE_SUSPEND
11-30 12:47:01.179 V/ActivityManager(  575): Display changed displayId=0
11-30 12:48:01.012 I/AmbientService(  914): Ambient Updating
11-30 12:48:01.055 I/DisplayManagerService(  575): Display device changed state: "Built-in Screen", DOZE
11-30 12:48:01.062 V/ActivityManager(  575): Display changed displayId=0
11-30 12:48:01.176 I/DisplayManagerService(  575): Display device changed state: "Built-in Screen", DOZE_SUSPEND
11-30 12:48:01.185 V/ActivityManager(  575): Display changed displayId=0
11-30 12:49:01.009 I/AmbientService(  914): Ambient Updating
11-30 12:49:01.057 I/DisplayManagerService(  575): Display device changed state: "Built-in Screen", DOZE
11-30 12:49:01.064 V/ActivityManager(  575): Display changed displayId=0
11-30 12:49:01.176 I/DisplayManagerService(  575): Display device changed state: "Built-in Screen", DOZE_SUSPEND
11-30 12:49:01.185 V/ActivityManager(  575): Display changed displayId=0
11-30 12:49:53.153 I/ActivityManager(  575): Delay finish: com.google.android.apps.fitness/com.google.android.wearable.fitness.summary.notification.NotificationReceiver
11-30 12:49:54.114 I/ActivityManager(  575): Resuming delayed broadcast
11-30 12:49:54.124 W/ResourcesManager(  739): Asset path '/system/framework/com.google.android.wearable.jar' does not exist or contains no resources.
11-30 12:49:54.262 I/DisplayManagerService(  575): Display device changed state: "Built-in Screen", DOZE
11-30 12:49:54.265 V/ActivityManager(  575): Display changed displayId=0
11-30 12:49:54.384 I/DisplayManagerService(  575): Display device changed state: "Built-in Screen", DOZE_SUSPEND
11-30 12:49:54.393 V/ActivityManager(  575): Display changed displayId=0
11-30 12:49:54.536 I/DisplayManagerService(  575): Display device changed state: "Built-in Screen", DOZE
11-30 12:49:54.543 V/ActivityManager(  575): Display changed displayId=0
11-30 12:49:54.673 I/DisplayManagerService(  575): Display device changed state: "Built-in Screen", DOZE_SUSPEND
11-30 12:49:54.683 V/ActivityManager(  575): Display changed displayId=0
11-30 12:50:00.007 I/AmbientService(  914): Ambient Updating
11-30 12:50:00.069 I/DisplayManagerService(  575): Display device changed state: "Built-in Screen", DOZE
11-30 12:50:00.076 V/ActivityManager(  575): Display changed displayId=0
11-30 12:50:00.187 I/DisplayManagerService(  575): Display device changed state: "Built-in Screen", DOZE_SUSPEND
11-30 12:50:00.196 V/ActivityManager(  575): Display changed displayId=0
11-30 12:51:01.009 I/AmbientService(  914): Ambient Updating
11-30 12:51:01.064 I/DisplayManagerService(  575): Display device changed state: "Built-in Screen", DOZE
11-30 12:51:01.071 V/ActivityManager(  575): Display changed displayId=0
11-30 12:51:01.184 I/DisplayManagerService(  575): Display device changed state: "Built-in Screen", DOZE_SUSPEND
11-30 12:51:01.193 V/ActivityManager(  575): Display changed displayId=0
11-30 12:52:01.013 I/AmbientService(  914): Ambient Updating
11-30 12:52:01.061 I/DisplayManagerService(  575): Display device changed state: "Built-in Screen", DOZE
11-30 12:52:01.068 V/ActivityManager(  575): Display changed displayId=0
11-30 12:52:01.179 I/DisplayManagerService(  575): Display device changed state: "Built-in Screen", DOZE_SUSPEND
11-30 12:52:01.191 V/ActivityManager(  575): Display changed displayId=0
11-30 12:52:19.586 I/PowerManagerService(  575): Waking up from dozing (uid 10004)...
11-30 12:52:19.600 E/InputMethodManagerService(  575): Ignoring setImeWindowStatus due to an invalid token. uid:1000 token:null
11-30 12:52:19.616 I/DisplayManagerService(  575): Display device changed state: "Built-in Screen", ON
11-30 12:52:19.626 V/ActivityManager(  575): Display changed displayId=0
11-30 12:52:19.654 I/DreamManagerService(  575): Gently waking up from dream.
11-30 12:52:19.655 V/DreamService[AmbientDream](  914): wakeUp(): fromSystem=true, mWaking=false, mFinished=false
11-30 12:52:19.655 V/DreamService[AmbientDream](  914): finish(): mFinished=false
11-30 12:52:19.655 I/DreamManagerService(  575): Leaving dreamland.
11-30 12:52:19.656 I/DreamController(  575): Stopping dream: name=ComponentInfo{com.google.android.wearable.ambient/com.google.android.wearable.ambient.AmbientDream}, isTest=false, canDoze=true, userId=0
11-30 12:52:19.659 V/DreamService[AmbientDream](  914): detach(): Calling onDreamingStopped()
11-30 12:52:19.659 I/AmbientService(  914): Ambient Stopping
11-30 12:52:19.665 V/DreamService[AmbientDream](  914): onDestroy()
11-30 12:52:24.620 I/PowerManagerService(  575): Going to sleep due to screen timeout (uid 1000)...
11-30 12:52:24.621 I/DreamManagerService(  575): Entering dreamland.
11-30 12:52:24.622 I/PowerManagerService(  575): Dozing...
11-30 12:52:24.623 I/DreamController(  575): Starting dream: name=ComponentInfo{com.google.android.wearable.ambient/com.google.android.wearable.ambient.AmbientDream}, isTest=false, canDoze=true, userId=0
11-30 12:52:24.636 E/InputMethodManagerService(  575): Ignoring setImeWindowStatus due to an invalid token. uid:1000 token:null
11-30 12:52:24.637 E/InputMethodManagerService(  575): Ignoring setImeWindowStatus due to an invalid token. uid:1000 token:null
11-30 12:52:24.699 V/DreamService[AmbientDream](  914): onBind() intent = Intent { act=android.service.dreams.DreamService flg=0x800000 cmp=com.google.android.wearable.ambient/.AmbientDream }
11-30 12:52:24.732 I/AmbientService(  914): Ambient Created
11-30 12:52:24.732 V/DreamService[AmbientDream](  914): Calling onDreamingStarted()
11-30 12:52:24.732 I/AmbientService(  914): Ambient Starting
11-30 12:52:25.675 I/DisplayManagerService(  575): Display device changed state: "Built-in Screen", DOZE_SUSPEND
11-30 12:52:25.677 V/ActivityManager(  575): Display changed displayId=0
11-30 12:53:01.009 I/AmbientService(  914): Ambient Updating
11-30 12:53:01.047 I/DisplayManagerService(  575): Display device changed state: "Built-in Screen", DOZE
11-30 12:53:01.055 V/ActivityManager(  575): Display changed displayId=0
11-30 12:53:01.167 I/DisplayManagerService(  575): Display device changed state: "Built-in Screen", DOZE_SUSPEND
11-30 12:53:01.175 V/ActivityManager(  575): Display changed displayId=0
11-30 12:54:01.023 I/AmbientService(  914): Ambient Updating
11-30 12:54:01.050 I/DisplayManagerService(  575): Display device changed state: "Built-in Screen", DOZE
11-30 12:54:01.063 V/ActivityManager(  575): Display changed displayId=0
11-30 12:54:01.170 I/DisplayManagerService(  575): Display device changed state: "Built-in Screen", DOZE_SUSPEND
11-30 12:54:01.178 V/ActivityManager(  575): Display changed displayId=0
11-30 12:55:01.008 I/AmbientService(  914): Ambient Updating
11-30 12:55:01.065 I/DisplayManagerService(  575): Display device changed state: "Built-in Screen", DOZE
11-30 12:55:01.072 V/ActivityManager(  575): Display changed displayId=0
11-30 12:55:01.185 I/DisplayManagerService(  575): Display device changed state: "Built-in Screen", DOZE_SUSPEND
11-30 12:55:01.197 V/ActivityManager(  575): Display changed displayId=0
11-30 12:56:01.013 I/AmbientService(  914): Ambient Updating
11-30 12:56:01.055 I/DisplayManagerService(  575): Display device changed state: "Built-in Screen", DOZE
11-30 12:56:01.063 V/ActivityManager(  575): Display changed displayId=0
11-30 12:56:01.176 I/DisplayManagerService(  575): Display device changed state: "Built-in Screen", DOZE_SUSPEND
11-30 12:56:01.185 V/ActivityManager(  575): Display changed displayId=0
11-30 12:57:01.018 I/AmbientService(  914): Ambient Updating
11-30 12:57:01.051 I/DisplayManagerService(  575): Display device changed state: "Built-in Screen", DOZE
11-30 12:57:01.062 V/ActivityManager(  575): Display changed displayId=0
11-30 12:57:01.171 I/DisplayManagerService(  575): Display device changed state: "Built-in Screen", DOZE_SUSPEND
11-30 12:57:01.180 V/ActivityManager(  575): Display changed displayId=0
11-30 12:58:01.011 I/AmbientService(  914): Ambient Updating
11-30 12:58:01.058 I/DisplayManagerService(  575): Display device changed state: "Built-in Screen", DOZE
11-30 12:58:01.066 V/ActivityManager(  575): Display changed displayId=0
11-30 12:58:01.178 I/DisplayManagerService(  575): Display device changed state: "Built-in Screen", DOZE_SUSPEND
11-30 12:58:01.186 V/ActivityManager(  575): Display changed displayId=0
11-30 12:59:01.013 I/AmbientService(  914): Ambient Updating
11-30 12:59:01.061 I/DisplayManagerService(  575): Display device changed state: "Built-in Screen", DOZE
11-30 12:59:01.070 V/ActivityManager(  575): Display changed displayId=0
11-30 12:59:01.181 I/DisplayManagerService(  575): Display device changed state: "Built-in Screen", DOZE_SUSPEND
11-30 12:59:01.190 V/ActivityManager(  575): Display changed displayId=0
11-30 13:00:01.014 I/AmbientService(  914): Ambient Updating
11-30 13:00:01.064 I/DisplayManagerService(  575): Display device changed state: "Built-in Screen", DOZE
11-30 13:00:01.072 V/ActivityManager(  575): Display changed displayId=0
11-30 13:00:01.185 I/DisplayManagerService(  575): Display device changed state: "Built-in Screen", DOZE_SUSPEND
11-30 13:00:01.194 V/ActivityManager(  575): Display changed displayId=0
11-30 13:01:01.016 I/AmbientService(  914): Ambient Updating
11-30 13:01:01.064 I/DisplayManagerService(  575): Display device changed state: "Built-in Screen", DOZE
11-30 13:01:01.071 V/ActivityManager(  575): Display changed displayId=0
11-30 13:01:01.183 I/DisplayManagerService(  575): Display device changed state: "Built-in Screen", DOZE_SUSPEND
11-30 13:01:01.192 V/ActivityManager(  575): Display changed displayId=0
11-30 13:02:01.014 I/AmbientService(  914): Ambient Updating
11-30 13:02:01.064 I/DisplayManagerService(  575): Display device changed state: "Built-in Screen", DOZE
11-30 13:02:01.071 V/ActivityManager(  575): Display changed displayId=0
11-30 13:02:01.183 I/DisplayManagerService(  575): Display device changed state: "Built-in Screen", DOZE_SUSPEND
11-30 13:02:01.192 V/ActivityManager(  575): Display changed displayId=0
11-30 13:03:01.014 I/AmbientService(  914): Ambient Updating
11-30 13:03:01.064 I/DisplayManagerService(  575): Display device changed state: "Built-in Screen", DOZE
11-30 13:03:01.071 V/ActivityManager(  575): Display changed displayId=0
11-30 13:03:01.183 I/DisplayManagerService(  575): Display device changed state: "Built-in Screen", DOZE_SUSPEND
11-30 13:03:01.192 V/ActivityManager(  575): Display changed displayId=0
11-30 13:04:01.014 I/AmbientService(  914): Ambient Updating
11-30 13:04:01.064 I/DisplayManagerService(  575): Display device changed state: "Built-in Screen", DOZE
11-30 13:04:01.071 V/ActivityManager(  575): Display changed displayId=0
11-30 13:04:01.185 I/DisplayManagerService(  575): Display device changed state: "Built-in Screen", DOZE_SUSPEND
11-30 13:04:01.193 V/ActivityManager(  575): Display changed displayId=0
11-30 13:05:01.015 I/AmbientService(  914): Ambient Updating
11-30 13:05:01.073 I/DisplayManagerService(  575): Display device changed state: "Built-in Screen", DOZE
11-30 13:05:01.082 V/ActivityManager(  575): Display changed displayId=0
11-30 13:05:01.192 I/DisplayManagerService(  575): Display device changed state: "Built-in Screen", DOZE_SUSPEND
11-30 13:05:01.201 V/ActivityManager(  575): Display changed displayId=0
11-30 13:06:01.018 I/AmbientService(  914): Ambient Updating
11-30 13:06:01.066 I/DisplayManagerService(  575): Display device changed state: "Built-in Screen", DOZE
11-30 13:06:01.074 V/ActivityManager(  575): Display changed displayId=0
11-30 13:06:01.186 I/DisplayManagerService(  575): Display device changed state: "Built-in Screen", DOZE_SUSPEND
11-30 13:06:01.195 V/ActivityManager(  575): Display changed displayId=0
11-30 13:06:23.682 I/DisplayManagerService(  575): Display device changed state: "Built-in Screen", DOZE
11-30 13:06:23.690 V/ActivityManager(  575): Display changed displayId=0
11-30 13:06:23.819 I/DisplayManagerService(  575): Display device changed state: "Built-in Screen", DOZE_SUSPEND
11-30 13:06:23.829 V/ActivityManager(  575): Display changed displayId=0
11-30 13:07:01.016 I/AmbientService(  914): Ambient Updating
11-30 13:07:01.068 I/DisplayManagerService(  575): Display device changed state: "Built-in Screen", DOZE
11-30 13:07:01.075 V/ActivityManager(  575): Display changed displayId=0
11-30 13:07:01.188 I/DisplayManagerService(  575): Display device changed state: "Built-in Screen", DOZE_SUSPEND
11-30 13:07:01.200 V/ActivityManager(  575): Display changed displayId=0
11-30 13:07:52.140 I/ActivityManager(  575): Delay finish: com.google.android.gms/.checkin.EventLogService$Receiver
11-30 13:07:52.785 I/ActivityManager(  575): Resuming delayed broadcast
11-30 13:07:52.805 I/ActivityManager(  575): Delay finish: com.google.android.apps.fitness/com.google.android.wearable.fitness.summary.notification.NotificationReceiver
11-30 13:07:53.469 I/ActivityManager(  575): Resuming delayed broadcast
11-30 13:07:53.513 W/ResourcesManager(  739): Asset path '/system/framework/com.google.android.wearable.jar' does not exist or contains no resources.
11-30 13:07:53.720 I/DisplayManagerService(  575): Display device changed state: "Built-in Screen", DOZE
11-30 13:07:53.728 V/ActivityManager(  575): Display changed displayId=0
11-30 13:07:53.857 I/DisplayManagerService(  575): Display device changed state: "Built-in Screen", DOZE_SUSPEND
11-30 13:07:53.866 V/ActivityManager(  575): Display changed displayId=0
11-30 13:08:00.007 I/AmbientService(  914): Ambient Updating
11-30 13:08:00.071 I/DisplayManagerService(  575): Display device changed state: "Built-in Screen", DOZE
11-30 13:08:00.081 V/ActivityManager(  575): Display changed displayId=0
11-30 13:08:00.191 I/DisplayManagerService(  575): Display device changed state: "Built-in Screen", DOZE_SUSPEND
11-30 13:08:00.200 V/ActivityManager(  575): Display changed displayId=0
11-30 13:09:01.016 I/AmbientService(  914): Ambient Updating
11-30 13:09:01.064 I/DisplayManagerService(  575): Display device changed state: "Built-in Screen", DOZE
11-30 13:09:01.071 V/ActivityManager(  575): Display changed displayId=0
11-30 13:09:01.184 I/DisplayManagerService(  575): Display device changed state: "Built-in Screen", DOZE_SUSPEND
11-30 13:09:01.193 V/ActivityManager(  575): Display changed displayId=0
11-30 13:10:01.019 I/AmbientService(  914): Ambient Updating
11-30 13:10:01.065 I/DisplayManagerService(  575): Display device changed state: "Built-in Screen", DOZE
11-30 13:10:01.072 V/ActivityManager(  575): Display changed displayId=0
11-30 13:10:01.187 I/DisplayManagerService(  575): Display device changed state: "Built-in Screen", DOZE_SUSPEND
11-30 13:10:01.196 V/ActivityManager(  575): Display changed displayId=0
11-30 13:10:19.178 I/PowerManagerService(  575): Waking up from dozing (uid 10004)...
11-30 13:10:19.183 E/InputMethodManagerService(  575): Ignoring setImeWindowStatus due to an invalid token. uid:1000 token:null
11-30 13:10:19.212 I/DisplayManagerService(  575): Display device changed state: "Built-in Screen", ON
11-30 13:10:19.238 V/ActivityManager(  575): Display changed displayId=0
11-30 13:10:19.273 I/DreamManagerService(  575): Gently waking up from dream.
11-30 13:10:19.274 V/DreamService[AmbientDream](  914): wakeUp(): fromSystem=true, mWaking=false, mFinished=false
11-30 13:10:19.274 V/DreamService[AmbientDream](  914): finish(): mFinished=false
11-30 13:10:19.275 I/DreamManagerService(  575): Leaving dreamland.
11-30 13:10:19.275 I/DreamController(  575): Stopping dream: name=ComponentInfo{com.google.android.wearable.ambient/com.google.android.wearable.ambient.AmbientDream}, isTest=false, canDoze=true, userId=0
11-30 13:10:19.279 V/DreamService[AmbientDream](  914): detach(): Calling onDreamingStopped()
11-30 13:10:19.279 I/AmbientService(  914): Ambient Stopping
11-30 13:10:19.356 V/DreamService[AmbientDream](  914): onDestroy()
11-30 13:10:24.213 I/PowerManagerService(  575): Going to sleep due to screen timeout (uid 1000)...
11-30 13:10:24.220 I/DreamManagerService(  575): Entering dreamland.
11-30 13:10:24.221 I/PowerManagerService(  575): Dozing...
11-30 13:10:24.222 I/DreamController(  575): Starting dream: name=ComponentInfo{com.google.android.wearable.ambient/com.google.android.wearable.ambient.AmbientDream}, isTest=false, canDoze=true, userId=0
11-30 13:10:24.237 E/InputMethodManagerService(  575): Ignoring setImeWindowStatus due to an invalid token. uid:1000 token:null
11-30 13:10:24.237 E/InputMethodManagerService(  575): Ignoring setImeWindowStatus due to an invalid token. uid:1000 token:null
11-30 13:10:24.300 V/DreamService[AmbientDream](  914): onBind() intent = Intent { act=android.service.dreams.DreamService flg=0x800000 cmp=com.google.android.wearable.ambient/.AmbientDream }
11-30 13:10:24.314 I/AmbientService(  914): Ambient Created
11-30 13:10:24.315 V/DreamService[AmbientDream](  914): Calling onDreamingStarted()
11-30 13:10:24.315 I/AmbientService(  914): Ambient Starting
11-30 13:10:25.267 I/DisplayManagerService(  575): Display device changed state: "Built-in Screen", DOZE_SUSPEND
11-30 13:10:25.269 V/ActivityManager(  575): Display changed displayId=0
11-30 13:11:01.015 I/AmbientService(  914): Ambient Updating
11-30 13:11:01.050 I/DisplayManagerService(  575): Display device changed state: "Built-in Screen", DOZE
11-30 13:11:01.057 V/ActivityManager(  575): Display changed displayId=0
11-30 13:11:01.170 I/DisplayManagerService(  575): Display device changed state: "Built-in Screen", DOZE_SUSPEND
11-30 13:11:01.179 V/ActivityManager(  575): Display changed displayId=0
11-30 13:12:01.020 I/AmbientService(  914): Ambient Updating
11-30 13:12:01.067 I/DisplayManagerService(  575): Display device changed state: "Built-in Screen", DOZE
11-30 13:12:01.074 V/ActivityManager(  575): Display changed displayId=0
11-30 13:12:01.188 I/DisplayManagerService(  575): Display device changed state: "Built-in Screen", DOZE_SUSPEND
11-30 13:12:01.196 V/ActivityManager(  575): Display changed displayId=0
11-30 13:13:01.018 I/AmbientService(  914): Ambient Updating
11-30 13:13:01.071 I/DisplayManagerService(  575): Display device changed state: "Built-in Screen", DOZE
11-30 13:13:01.072 V/ActivityManager(  575): Display changed displayId=0
11-30 13:13:01.193 I/DisplayManagerService(  575): Display device changed state: "Built-in Screen", DOZE_SUSPEND
11-30 13:13:01.201 V/ActivityManager(  575): Display changed displayId=0
11-30 13:14:01.018 I/AmbientService(  914): Ambient Updating
11-30 13:14:01.066 I/DisplayManagerService(  575): Display device changed state: "Built-in Screen", DOZE
11-30 13:14:01.073 V/ActivityManager(  575): Display changed displayId=0
11-30 13:14:01.187 I/DisplayManagerService(  575): Display device changed state: "Built-in Screen", DOZE_SUSPEND
11-30 13:14:01.195 V/ActivityManager(  575): Display changed displayId=0
11-30 13:15:01.020 I/AmbientService(  914): Ambient Updating
11-30 13:15:01.074 I/DisplayManagerService(  575): Display device changed state: "Built-in Screen", DOZE
11-30 13:15:01.082 V/ActivityManager(  575): Display changed displayId=0
11-30 13:15:01.194 I/DisplayManagerService(  575): Display device changed state: "Built-in Screen", DOZE_SUSPEND
11-30 13:15:01.202 V/ActivityManager(  575): Display changed displayId=0
11-30 13:16:01.018 I/AmbientService(  914): Ambient Updating
11-30 13:16:01.058 I/DisplayManagerService(  575): Display device changed state: "Built-in Screen", DOZE
11-30 13:16:01.067 V/ActivityManager(  575): Display changed displayId=0
11-30 13:16:01.177 I/DisplayManagerService(  575): Display device changed state: "Built-in Screen", DOZE_SUSPEND
11-30 13:16:01.187 V/ActivityManager(  575): Display changed displayId=0
11-30 13:17:01.022 I/AmbientService(  914): Ambient Updating
11-30 13:17:01.066 I/DisplayManagerService(  575): Display device changed state: "Built-in Screen", DOZE
11-30 13:17:01.074 V/ActivityManager(  575): Display changed displayId=0
11-30 13:17:01.187 I/DisplayManagerService(  575): Display device changed state: "Built-in Screen", DOZE_SUSPEND
11-30 13:17:01.196 V/ActivityManager(  575): Display changed displayId=0
11-30 13:17:53.081 I/PowerManagerService(  575): Waking up from dozing (uid 10004)...
11-30 13:17:53.093 E/InputMethodManagerService(  575): Ignoring setImeWindowStatus due to an invalid token. uid:1000 token:null
11-30 13:17:53.116 I/DisplayManagerService(  575): Display device changed state: "Built-in Screen", ON
11-30 13:17:53.118 V/ActivityManager(  575): Display changed displayId=0
11-30 13:17:53.169 I/DreamManagerService(  575): Gently waking up from dream.
11-30 13:17:53.170 V/DreamService[AmbientDream](  914): wakeUp(): fromSystem=true, mWaking=false, mFinished=false
11-30 13:17:53.170 V/DreamService[AmbientDream](  914): finish(): mFinished=false
11-30 13:17:53.170 I/DreamManagerService(  575): Leaving dreamland.
11-30 13:17:53.171 I/DreamController(  575): Stopping dream: name=ComponentInfo{com.google.android.wearable.ambient/com.google.android.wearable.ambient.AmbientDream}, isTest=false, canDoze=true, userId=0
11-30 13:17:53.178 V/DreamService[AmbientDream](  914): detach(): Calling onDreamingStopped()
11-30 13:17:53.178 I/AmbientService(  914): Ambient Stopping
11-30 13:17:53.203 V/DreamService[AmbientDream](  914): onDestroy()
11-30 13:17:58.132 I/PowerManagerService(  575): Going to sleep due to screen timeout (uid 1000)...
11-30 13:17:58.133 I/DreamManagerService(  575): Entering dreamland.
11-30 13:17:58.133 I/PowerManagerService(  575): Dozing...
11-30 13:17:58.135 I/DreamController(  575): Starting dream: name=ComponentInfo{com.google.android.wearable.ambient/com.google.android.wearable.ambient.AmbientDream}, isTest=false, canDoze=true, userId=0
11-30 13:17:58.147 E/InputMethodManagerService(  575): Ignoring setImeWindowStatus due to an invalid token. uid:1000 token:null
11-30 13:17:58.147 E/InputMethodManagerService(  575): Ignoring setImeWindowStatus due to an invalid token. uid:1000 token:null
11-30 13:17:58.199 V/DreamService[AmbientDream](  914): onBind() intent = Intent { act=android.service.dreams.DreamService flg=0x800000 cmp=com.google.android.wearable.ambient/.AmbientDream }
11-30 13:17:58.204 I/AmbientService(  914): Ambient Created
11-30 13:17:58.226 V/DreamService[AmbientDream](  914): Calling onDreamingStarted()
11-30 13:17:58.226 I/AmbientService(  914): Ambient Starting
11-30 13:17:59.196 I/DisplayManagerService(  575): Display device changed state: "Built-in Screen", DOZE_SUSPEND
11-30 13:17:59.199 V/ActivityManager(  575): Display changed displayId=0
11-30 13:18:04.016 I/AmbientService(  914): Ambient Updating
11-30 13:18:04.054 I/DisplayManagerService(  575): Display device changed state: "Built-in Screen", DOZE
11-30 13:18:04.061 V/ActivityManager(  575): Display changed displayId=0
11-30 13:18:04.174 I/DisplayManagerService(  575): Display device changed state: "Built-in Screen", DOZE_SUSPEND
11-30 13:18:04.183 V/ActivityManager(  575): Display changed displayId=0
11-30 13:19:01.022 I/AmbientService(  914): Ambient Updating
11-30 13:19:01.067 I/DisplayManagerService(  575): Display device changed state: "Built-in Screen", DOZE
11-30 13:19:01.068 V/ActivityManager(  575): Display changed displayId=0
11-30 13:19:01.188 I/DisplayManagerService(  575): Display device changed state: "Built-in Screen", DOZE_SUSPEND
11-30 13:19:01.189 V/ActivityManager(  575): Display changed displayId=0
11-30 13:19:55.151 I/ActivityManager(  575): Delay finish: com.google.android.apps.fitness/com.google.android.wearable.fitness.summary.notification.NotificationReceiver
11-30 13:19:56.182 I/ActivityManager(  575): Resuming delayed broadcast
11-30 13:19:56.191 W/ResourcesManager(  739): Asset path '/system/framework/com.google.android.wearable.jar' does not exist or contains no resources.
11-30 13:19:56.332 I/DisplayManagerService(  575): Display device changed state: "Built-in Screen", DOZE
11-30 13:19:56.340 V/ActivityManager(  575): Display changed displayId=0
11-30 13:19:56.471 I/DisplayManagerService(  575): Display device changed state: "Built-in Screen", DOZE_SUSPEND
11-30 13:19:56.481 V/ActivityManager(  575): Display changed displayId=0
11-30 13:20:00.005 I/AmbientService(  914): Ambient Updating
11-30 13:20:00.052 I/DisplayManagerService(  575): Display device changed state: "Built-in Screen", DOZE
11-30 13:20:00.064 V/ActivityManager(  575): Display changed displayId=0
11-30 13:20:00.171 I/DisplayManagerService(  575): Display device changed state: "Built-in Screen", DOZE_SUSPEND
11-30 13:20:00.180 V/ActivityManager(  575): Display changed displayId=0
11-30 13:21:01.021 I/AmbientService(  914): Ambient Updating
11-30 13:21:01.093 I/DisplayManagerService(  575): Display device changed state: "Built-in Screen", DOZE
11-30 13:21:01.107 V/ActivityManager(  575): Display changed displayId=0
11-30 13:21:01.212 I/DisplayManagerService(  575): Display device changed state: "Built-in Screen", DOZE_SUSPEND
11-30 13:21:01.221 V/ActivityManager(  575): Display changed displayId=0
11-30 13:22:01.020 I/AmbientService(  914): Ambient Updating
11-30 13:22:01.067 I/DisplayManagerService(  575): Display device changed state: "Built-in Screen", DOZE
11-30 13:22:01.075 V/ActivityManager(  575): Display changed displayId=0
11-30 13:22:01.188 I/DisplayManagerService(  575): Display device changed state: "Built-in Screen", DOZE_SUSPEND
11-30 13:22:01.197 V/ActivityManager(  575): Display changed displayId=0
11-30 13:23:01.025 I/AmbientService(  914): Ambient Updating
11-30 13:23:01.091 I/DisplayManagerService(  575): Display device changed state: "Built-in Screen", DOZE
11-30 13:23:01.092 V/ActivityManager(  575): Display changed displayId=0
11-30 13:23:01.211 I/DisplayManagerService(  575): Display device changed state: "Built-in Screen", DOZE_SUSPEND
11-30 13:23:01.224 V/ActivityManager(  575): Display changed displayId=0
11-30 13:24:01.024 I/AmbientService(  914): Ambient Updating
11-30 13:24:01.068 I/DisplayManagerService(  575): Display device changed state: "Built-in Screen", DOZE
11-30 13:24:01.075 V/ActivityManager(  575): Display changed displayId=0
11-30 13:24:01.189 I/DisplayManagerService(  575): Display device changed state: "Built-in Screen", DOZE_SUSPEND
11-30 13:24:01.200 V/ActivityManager(  575): Display changed displayId=0
11-30 13:25:01.019 I/AmbientService(  914): Ambient Updating
11-30 13:25:01.075 I/DisplayManagerService(  575): Display device changed state: "Built-in Screen", DOZE
11-30 13:25:01.087 V/ActivityManager(  575): Display changed displayId=0
11-30 13:25:01.194 I/DisplayManagerService(  575): Display device changed state: "Built-in Screen", DOZE_SUSPEND
11-30 13:25:01.202 V/ActivityManager(  575): Display changed displayId=0
11-30 13:26:01.023 I/AmbientService(  914): Ambient Updating
11-30 13:26:01.096 I/DisplayManagerService(  575): Display device changed state: "Built-in Screen", DOZE
11-30 13:26:01.109 V/ActivityManager(  575): Display changed displayId=0
11-30 13:26:01.216 I/DisplayManagerService(  575): Display device changed state: "Built-in Screen", DOZE_SUSPEND
11-30 13:26:01.225 V/ActivityManager(  575): Display changed displayId=0
11-30 13:27:01.023 I/AmbientService(  914): Ambient Updating
11-30 13:27:01.073 I/DisplayManagerService(  575): Display device changed state: "Built-in Screen", DOZE
11-30 13:27:01.080 V/ActivityManager(  575): Display changed displayId=0
11-30 13:27:01.193 I/DisplayManagerService(  575): Display device changed state: "Built-in Screen", DOZE_SUSPEND
11-30 13:27:01.202 V/ActivityManager(  575): Display changed displayId=0
11-30 13:28:01.025 I/AmbientService(  914): Ambient Updating
11-30 13:28:01.069 I/DisplayManagerService(  575): Display device changed state: "Built-in Screen", DOZE
11-30 13:28:01.076 V/ActivityManager(  575): Display changed displayId=0
11-30 13:28:01.188 I/DisplayManagerService(  575): Display device changed state: "Built-in Screen", DOZE_SUSPEND
11-30 13:28:01.197 V/ActivityManager(  575): Display changed displayId=0
11-30 13:29:01.023 I/AmbientService(  914): Ambient Updating
11-30 13:29:01.072 I/DisplayManagerService(  575): Display device changed state: "Built-in Screen", DOZE
11-30 13:29:01.079 V/ActivityManager(  575): Display changed displayId=0
11-30 13:29:01.192 I/DisplayManagerService(  575): Display device changed state: "Built-in Screen", DOZE_SUSPEND
11-30 13:29:01.201 V/ActivityManager(  575): Display changed displayId=0
11-30 13:29:21.436 I/PowerManagerService(  575): Waking up from dozing (uid 10004)...
11-30 13:29:21.444 E/InputMethodManagerService(  575): Ignoring setImeWindowStatus due to an invalid token. uid:1000 token:null
11-30 13:29:21.462 I/DisplayManagerService(  575): Display device changed state: "Built-in Screen", ON
11-30 13:29:21.465 V/ActivityManager(  575): Display changed displayId=0
11-30 13:29:21.505 I/DreamManagerService(  575): Gently waking up from dream.
11-30 13:29:21.505 V/DreamService[AmbientDream](  914): wakeUp(): fromSystem=true, mWaking=false, mFinished=false
11-30 13:29:21.505 V/DreamService[AmbientDream](  914): finish(): mFinished=false
11-30 13:29:21.506 I/DreamManagerService(  575): Leaving dreamland.
11-30 13:29:21.506 I/DreamController(  575): Stopping dream: name=ComponentInfo{com.google.android.wearable.ambient/com.google.android.wearable.ambient.AmbientDream}, isTest=false, canDoze=true, userId=0
11-30 13:29:21.510 V/DreamService[AmbientDream](  914): detach(): Calling onDreamingStopped()
11-30 13:29:21.510 I/AmbientService(  914): Ambient Stopping
11-30 13:29:21.516 V/DreamService[AmbientDream](  914): onDestroy()
11-30 13:29:26.481 I/PowerManagerService(  575): Going to sleep due to screen timeout (uid 1000)...
11-30 13:29:26.482 I/DreamManagerService(  575): Entering dreamland.
11-30 13:29:26.482 I/PowerManagerService(  575): Dozing...
11-30 13:29:26.483 I/DreamController(  575): Starting dream: name=ComponentInfo{com.google.android.wearable.ambient/com.google.android.wearable.ambient.AmbientDream}, isTest=false, canDoze=true, userId=0
11-30 13:29:26.496 E/InputMethodManagerService(  575): Ignoring setImeWindowStatus due to an invalid token. uid:1000 token:null
11-30 13:29:26.496 E/InputMethodManagerService(  575): Ignoring setImeWindowStatus due to an invalid token. uid:1000 token:null
11-30 13:29:26.546 V/DreamService[AmbientDream](  914): onBind() intent = Intent { act=android.service.dreams.DreamService flg=0x800000 cmp=com.google.android.wearable.ambient/.AmbientDream }
11-30 13:29:26.575 I/AmbientService(  914): Ambient Created
11-30 13:29:26.575 V/DreamService[AmbientDream](  914): Calling onDreamingStarted()
11-30 13:29:26.575 I/AmbientService(  914): Ambient Starting
11-30 13:29:27.529 I/DisplayManagerService(  575): Display device changed state: "Built-in Screen", DOZE_SUSPEND
11-30 13:29:27.532 V/ActivityManager(  575): Display changed displayId=0
11-30 13:30:01.023 I/AmbientService(  914): Ambient Updating
11-30 13:30:01.056 I/DisplayManagerService(  575): Display device changed state: "Built-in Screen", DOZE
11-30 13:30:01.063 V/ActivityManager(  575): Display changed displayId=0
11-30 13:30:01.175 I/DisplayManagerService(  575): Display device changed state: "Built-in Screen", DOZE_SUSPEND
11-30 13:30:01.183 V/ActivityManager(  575): Display changed displayId=0
11-30 13:31:01.026 I/AmbientService(  914): Ambient Updating
11-30 13:31:01.077 I/DisplayManagerService(  575): Display device changed state: "Built-in Screen", DOZE
11-30 13:31:01.085 V/ActivityManager(  575): Display changed displayId=0
11-30 13:31:01.197 I/DisplayManagerService(  575): Display device changed state: "Built-in Screen", DOZE_SUSPEND
11-30 13:31:01.205 V/ActivityManager(  575): Display changed displayId=0
11-30 13:31:57.364 I/ActivityManager(  575): Delay finish: com.google.android.apps.fitness/com.google.android.wearable.fitness.summary.notification.NotificationReceiver
11-30 13:31:58.170 I/ActivityManager(  575): Resuming delayed broadcast
11-30 13:31:58.184 W/ResourcesManager(  739): Asset path '/system/framework/com.google.android.wearable.jar' does not exist or contains no resources.
11-30 13:31:58.317 I/DisplayManagerService(  575): Display device changed state: "Built-in Screen", DOZE
11-30 13:31:58.325 V/ActivityManager(  575): Display changed displayId=0
11-30 13:31:58.452 I/DisplayManagerService(  575): Display device changed state: "Built-in Screen", DOZE_SUSPEND
11-30 13:31:58.465 V/ActivityManager(  575): Display changed displayId=0
11-30 13:32:00.004 I/AmbientService(  914): Ambient Updating
11-30 13:32:00.055 I/DisplayManagerService(  575): Display device changed state: "Built-in Screen", DOZE
11-30 13:32:00.062 V/ActivityManager(  575): Display changed displayId=0
11-30 13:32:00.175 I/DisplayManagerService(  575): Display device changed state: "Built-in Screen", DOZE_SUSPEND
11-30 13:32:00.184 V/ActivityManager(  575): Display changed displayId=0
11-30 13:33:01.025 I/AmbientService(  914): Ambient Updating
11-30 13:33:01.072 I/DisplayManagerService(  575): Display device changed state: "Built-in Screen", DOZE
11-30 13:33:01.079 V/ActivityManager(  575): Display changed displayId=0
11-30 13:33:01.191 I/DisplayManagerService(  575): Display device changed state: "Built-in Screen", DOZE_SUSPEND
11-30 13:33:01.201 V/ActivityManager(  575): Display changed displayId=0
11-30 13:34:01.028 I/AmbientService(  914): Ambient Updating
11-30 13:34:01.075 I/DisplayManagerService(  575): Display device changed state: "Built-in Screen", DOZE
11-30 13:34:01.082 V/ActivityManager(  575): Display changed displayId=0
11-30 13:34:01.195 I/DisplayManagerService(  575): Display device changed state: "Built-in Screen", DOZE_SUSPEND
11-30 13:34:01.204 V/ActivityManager(  575): Display changed displayId=0
11-30 13:34:40.027 I/DisplayManagerService(  575): Display device changed state: "Built-in Screen", DOZE
11-30 13:34:40.035 V/ActivityManager(  575): Display changed displayId=0
11-30 13:34:40.165 I/DisplayManagerService(  575): Display device changed state: "Built-in Screen", DOZE_SUSPEND
11-30 13:34:40.175 V/ActivityManager(  575): Display changed displayId=0
11-30 13:35:01.025 I/AmbientService(  914): Ambient Updating
11-30 13:35:01.085 I/DisplayManagerService(  575): Display device changed state: "Built-in Screen", DOZE
11-30 13:35:01.097 V/ActivityManager(  575): Display changed displayId=0
11-30 13:35:01.205 I/DisplayManagerService(  575): Display device changed state: "Built-in Screen", DOZE_SUSPEND
11-30 13:35:01.214 V/ActivityManager(  575): Display changed displayId=0
11-30 13:36:01.028 I/AmbientService(  914): Ambient Updating
11-30 13:36:01.076 I/DisplayManagerService(  575): Display device changed state: "Built-in Screen", DOZE
11-30 13:36:01.083 V/ActivityManager(  575): Display changed displayId=0
11-30 13:36:01.196 I/DisplayManagerService(  575): Display device changed state: "Built-in Screen", DOZE_SUSPEND
11-30 13:36:01.205 V/ActivityManager(  575): Display changed displayId=0
11-30 13:37:01.026 I/AmbientService(  914): Ambient Updating
11-30 13:37:01.108 I/DisplayManagerService(  575): Display device changed state: "Built-in Screen", DOZE
11-30 13:37:01.109 V/ActivityManager(  575): Display changed displayId=0
11-30 13:37:01.228 I/DisplayManagerService(  575): Display device changed state: "Built-in Screen", DOZE_SUSPEND
11-30 13:37:01.237 V/ActivityManager(  575): Display changed displayId=0
11-30 13:38:01.026 I/AmbientService(  914): Ambient Updating
11-30 13:38:01.075 I/DisplayManagerService(  575): Display device changed state: "Built-in Screen", DOZE
11-30 13:38:01.082 V/ActivityManager(  575): Display changed displayId=0
11-30 13:38:01.195 I/DisplayManagerService(  575): Display device changed state: "Built-in Screen", DOZE_SUSPEND
11-30 13:38:01.203 V/ActivityManager(  575): Display changed displayId=0
11-30 13:39:01.030 I/AmbientService(  914): Ambient Updating
11-30 13:39:01.076 I/DisplayManagerService(  575): Display device changed state: "Built-in Screen", DOZE
11-30 13:39:01.083 V/ActivityManager(  575): Display changed displayId=0
11-30 13:39:01.196 I/DisplayManagerService(  575): Display device changed state: "Built-in Screen", DOZE_SUSPEND
11-30 13:39:01.205 V/ActivityManager(  575): Display changed displayId=0
11-30 13:40:01.027 I/AmbientService(  914): Ambient Updating
11-30 13:40:01.080 I/DisplayManagerService(  575): Display device changed state: "Built-in Screen", DOZE
11-30 13:40:01.085 V/ActivityManager(  575): Display changed displayId=0
11-30 13:40:01.200 I/DisplayManagerService(  575): Display device changed state: "Built-in Screen", DOZE_SUSPEND
11-30 13:40:01.209 V/ActivityManager(  575): Display changed displayId=0
11-30 13:41:01.030 I/AmbientService(  914): Ambient Updating
11-30 13:41:01.078 I/DisplayManagerService(  575): Display device changed state: "Built-in Screen", DOZE
11-30 13:41:01.085 V/ActivityManager(  575): Display changed displayId=0
11-30 13:41:01.199 I/DisplayManagerService(  575): Display device changed state: "Built-in Screen", DOZE_SUSPEND
11-30 13:41:01.207 V/ActivityManager(  575): Display changed displayId=0
11-30 13:42:01.028 I/AmbientService(  914): Ambient Updating
11-30 13:42:01.090 I/DisplayManagerService(  575): Display device changed state: "Built-in Screen", DOZE
11-30 13:42:01.098 V/ActivityManager(  575): Display changed displayId=0
11-30 13:42:01.203 I/DisplayManagerService(  575): Display device changed state: "Built-in Screen", DOZE_SUSPEND
11-30 13:42:01.212 V/ActivityManager(  575): Display changed displayId=0
11-30 13:43:01.026 I/AmbientService(  914): Ambient Updating
11-30 13:43:01.092 I/DisplayManagerService(  575): Display device changed state: "Built-in Screen", DOZE
11-30 13:43:01.101 V/ActivityManager(  575): Display changed displayId=0
11-30 13:43:01.213 I/DisplayManagerService(  575): Display device changed state: "Built-in Screen", DOZE_SUSPEND
11-30 13:43:01.222 V/ActivityManager(  575): Display changed displayId=0
11-30 13:43:18.688 I/PowerManagerService(  575): Waking up from dozing (uid 10004)...
11-30 13:43:18.700 E/InputMethodManagerService(  575): Ignoring setImeWindowStatus due to an invalid token. uid:1000 token:null
11-30 13:43:18.724 I/DisplayManagerService(  575): Display device changed state: "Built-in Screen", ON
11-30 13:43:18.736 V/ActivityManager(  575): Display changed displayId=0
11-30 13:43:18.750 I/DreamManagerService(  575): Gently waking up from dream.
11-30 13:43:18.750 V/DreamService[AmbientDream](  914): wakeUp(): fromSystem=true, mWaking=false, mFinished=false
11-30 13:43:18.750 V/DreamService[AmbientDream](  914): finish(): mFinished=false
11-30 13:43:18.750 I/DreamManagerService(  575): Leaving dreamland.
11-30 13:43:18.751 I/DreamController(  575): Stopping dream: name=ComponentInfo{com.google.android.wearable.ambient/com.google.android.wearable.ambient.AmbientDream}, isTest=false, canDoze=true, userId=0
11-30 13:43:18.755 V/DreamService[AmbientDream](  914): detach(): Calling onDreamingStopped()
11-30 13:43:18.755 I/AmbientService(  914): Ambient Stopping
11-30 13:43:18.762 V/DreamService[AmbientDream](  914): onDestroy()
11-30 13:43:23.723 I/PowerManagerService(  575): Going to sleep due to screen timeout (uid 1000)...
11-30 13:43:23.724 I/DreamManagerService(  575): Entering dreamland.
11-30 13:43:23.724 I/PowerManagerService(  575): Dozing...
11-30 13:43:23.725 I/DreamController(  575): Starting dream: name=ComponentInfo{com.google.android.wearable.ambient/com.google.android.wearable.ambient.AmbientDream}, isTest=false, canDoze=true, userId=0
11-30 13:43:23.735 E/InputMethodManagerService(  575): Ignoring setImeWindowStatus due to an invalid token. uid:1000 token:null
11-30 13:43:23.735 E/InputMethodManagerService(  575): Ignoring setImeWindowStatus due to an invalid token. uid:1000 token:null
11-30 13:43:23.774 V/DreamService[AmbientDream](  914): onBind() intent = Intent { act=android.service.dreams.DreamService flg=0x800000 cmp=com.google.android.wearable.ambient/.AmbientDream }
11-30 13:43:23.790 I/AmbientService(  914): Ambient Created
11-30 13:43:23.790 V/DreamService[AmbientDream](  914): Calling onDreamingStarted()
11-30 13:43:23.790 I/AmbientService(  914): Ambient Starting
11-30 13:43:24.771 I/DisplayManagerService(  575): Display device changed state: "Built-in Screen", DOZE_SUSPEND
11-30 13:43:24.774 V/ActivityManager(  575): Display changed displayId=0
11-30 13:43:59.033 I/ActivityManager(  575): Delay finish: com.google.android.gms/.checkin.EventLogService$Receiver
11-30 13:43:59.383 I/ActivityManager(  575): Resuming delayed broadcast
11-30 13:43:59.413 I/ActivityManager(  575): Delay finish: com.google.android.apps.fitness/com.google.android.wearable.fitness.summary.notification.NotificationReceiver
11-30 13:44:01.233 I/ActivityManager(  575): Resuming delayed broadcast
