11-30 18:26:00.161 I/DisplayManagerService(  575): Display device changed state: "Built-in Screen", DOZE_SUSPEND
11-30 18:26:00.170 V/ActivityManager(  575): Display changed displayId=0
11-30 18:26:00.173 D/SurfaceFlinger(  176): Set power mode=3, type=0 flinger=0xb8584550
11-30 18:26:00.173 I/qdhwcomposer(  176): handle_blank_event: dpy:0 panel power state: 2
11-30 18:27:01.123 I/qdhwcomposer(  176): handle_blank_event: dpy:0 panel power state: 2
11-30 18:27:01.130 I/AmbientService(  914): Ambient Updating
11-30 18:27:01.130 D/AmbientService(  914): scheduling next alarm, nowWall: 1448904421130, nextWall: 1448904480000, nowElapsed: 610208508, nextElapsed: 610267378
11-30 18:27:01.131 D/AmbientService(  914): updateAmbient: AmbientActivity[component=ComponentInfo{com.google.android.wearable.app/com.google.android.clockwork.home.HomeActivity}, callbacks=@46990b1, running=true, ambient=true] main 1
11-30 18:27:01.172 I/InputReader(  575): Reconfiguring input devices.  changes=0x00000004
11-30 18:27:01.172 I/InputReader(  575): Device reconfigured: id=3, name='synaptics_rmi4_i2c', size 320x320, orientation 0, mode 1, display id 0
11-30 18:27:01.173 I/InputReader(  575): Reconfiguring input devices.  changes=0x00000004
11-30 18:27:01.174 D/AmbientService(  914): onAmbientUpdated: AmbientActivity[component=ComponentInfo{com.google.android.wearable.app/com.google.android.clockwork.home.HomeActivity}, callbacks=@46990b1, running=true, ambient=true]Binder_3 56
11-30 18:27:01.196 D/SurfaceFlinger(  176): Set power mode=1, type=0 flinger=0xb8584550
11-30 18:27:01.196 I/qdhwcomposer(  176): handle_blank_event: dpy:0 panel power state: 2
11-30 18:27:01.197 I/DisplayManagerService(  575): Display device changed state: "Built-in Screen", DOZE
11-30 18:27:01.211 V/ActivityManager(  575): Display changed displayId=0
11-30 18:27:01.316 I/DisplayManagerService(  575): Display device changed state: "Built-in Screen", DOZE_SUSPEND
11-30 18:27:01.325 V/ActivityManager(  575): Display changed displayId=0
11-30 18:27:01.328 D/SurfaceFlinger(  176): Set power mode=3, type=0 flinger=0xb8584550
11-30 18:27:01.328 I/qdhwcomposer(  176): handle_blank_event: dpy:0 panel power state: 2
11-30 18:28:01.123 I/qdhwcomposer(  176): handle_blank_event: dpy:0 panel power state: 2
11-30 18:28:01.130 I/AmbientService(  914): Ambient Updating
11-30 18:28:01.130 D/AmbientService(  914): scheduling next alarm, nowWall: 1448904481130, nextWall: 1448904540000, nowElapsed: 610268508, nextElapsed: 610327378
11-30 18:28:01.133 D/AmbientService(  914): updateAmbient: AmbientActivity[component=ComponentInfo{com.google.android.wearable.app/com.google.android.clockwork.home.HomeActivity}, callbacks=@46990b1, running=true, ambient=true] main 1
11-30 18:28:01.151 D/AmbientService(  914): onAmbientUpdated: AmbientActivity[component=ComponentInfo{com.google.android.wearable.app/com.google.android.clockwork.home.HomeActivity}, callbacks=@46990b1, running=true, ambient=true]Binder_2 55
11-30 18:28:01.152 I/InputReader(  575): Reconfiguring input devices.  changes=0x00000004
11-30 18:28:01.152 I/InputReader(  575): Device reconfigured: id=3, name='synaptics_rmi4_i2c', size 320x320, orientation 0, mode 1, display id 0
11-30 18:28:01.155 I/InputReader(  575): Reconfiguring input devices.  changes=0x00000004
11-30 18:28:01.179 D/SurfaceFlinger(  176): Set power mode=1, type=0 flinger=0xb8584550
11-30 18:28:01.180 I/qdhwcomposer(  176): handle_blank_event: dpy:0 panel power state: 2
11-30 18:28:01.181 I/DisplayManagerService(  575): Display device changed state: "Built-in Screen", DOZE
11-30 18:28:01.187 V/ActivityManager(  575): Display changed displayId=0
11-30 18:28:01.300 I/DisplayManagerService(  575): Display device changed state: "Built-in Screen", DOZE_SUSPEND
11-30 18:28:01.309 V/ActivityManager(  575): Display changed displayId=0
11-30 18:28:01.312 D/SurfaceFlinger(  176): Set power mode=3, type=0 flinger=0xb8584550
11-30 18:28:01.312 I/qdhwcomposer(  176): handle_blank_event: dpy:0 panel power state: 2
11-30 18:28:08.076 I/qdhwcomposer(  176): handle_blank_event: dpy:0 panel power state: 2
11-30 18:28:09.174 I/art     (  739): Background sticky concurrent mark sweep GC freed 29830(859KB) AllocSpace objects, 30(480KB) LOS objects, 4% free, 23MB/24MB, paused 19.206ms total 69.772ms
11-30 18:28:09.274 I/DisplayManagerService(  575): Display device changed state: "Built-in Screen", DOZE
11-30 18:28:09.282 D/SurfaceFlinger(  176): Set power mode=1, type=0 flinger=0xb8584550
11-30 18:28:09.282 I/qdhwcomposer(  176): handle_blank_event: dpy:0 panel power state: 2
11-30 18:28:09.282 V/ActivityManager(  575): Display changed displayId=0
11-30 18:28:09.482 I/art     (  739): NativeAlloc partial concurrent mark sweep GC freed 3501(155KB) AllocSpace objects, 1(148KB) LOS objects, 7% free, 23MB/25MB, paused 1.687ms total 157.709ms
11-30 18:28:09.493 V/RenderScript(  739): 0xb818f070 Launching thread(s), CPUs 4
11-30 18:28:09.732 I/DisplayManagerService(  575): Display device changed state: "Built-in Screen", DOZE_SUSPEND
11-30 18:28:09.740 D/SurfaceFlinger(  176): Set power mode=3, type=0 flinger=0xb8584550
11-30 18:28:09.740 I/qdhwcomposer(  176): handle_blank_event: dpy:0 panel power state: 2
11-30 18:28:09.743 V/ActivityManager(  575): Display changed displayId=0
11-30 18:28:11.097 W/bt-btif ( 1101): dm_pm_timer expires
11-30 18:28:11.097 W/bt-btif ( 1101): dm_pm_timer expires 0
11-30 18:28:11.098 W/bt-btif ( 1101): proc dm_pm_timer expires
11-30 18:29:01.124 I/qdhwcomposer(  176): handle_blank_event: dpy:0 panel power state: 2
11-30 18:29:01.131 I/AmbientService(  914): Ambient Updating
11-30 18:29:01.131 D/AmbientService(  914): scheduling next alarm, nowWall: 1448904541131, nextWall: 1448904600000, nowElapsed: 610328509, nextElapsed: 610387378
11-30 18:29:01.132 D/AmbientService(  914): updateAmbient: AmbientActivity[component=ComponentInfo{com.google.android.wearable.app/com.google.android.clockwork.home.HomeActivity}, callbacks=@46990b1, running=true, ambient=true] main 1
11-30 18:29:01.178 I/InputReader(  575): Reconfiguring input devices.  changes=0x00000004
11-30 18:29:01.178 I/InputReader(  575): Device reconfigured: id=3, name='synaptics_rmi4_i2c', size 320x320, orientation 0, mode 1, display id 0
11-30 18:29:01.179 I/InputReader(  575): Reconfiguring input devices.  changes=0x00000004
11-30 18:29:01.180 D/AmbientService(  914): onAmbientUpdated: AmbientActivity[component=ComponentInfo{com.google.android.wearable.app/com.google.android.clockwork.home.HomeActivity}, callbacks=@46990b1, running=true, ambient=true]Binder_3 56
11-30 18:29:01.203 D/SurfaceFlinger(  176): Set power mode=1, type=0 flinger=0xb8584550
11-30 18:29:01.203 I/qdhwcomposer(  176): handle_blank_event: dpy:0 panel power state: 2
11-30 18:29:01.204 I/DisplayManagerService(  575): Display device changed state: "Built-in Screen", DOZE
11-30 18:29:01.213 V/ActivityManager(  575): Display changed displayId=0
11-30 18:29:01.324 I/DisplayManagerService(  575): Display device changed state: "Built-in Screen", DOZE_SUSPEND
11-30 18:29:01.333 V/ActivityManager(  575): Display changed displayId=0
11-30 18:29:01.336 D/SurfaceFlinger(  176): Set power mode=3, type=0 flinger=0xb8584550
11-30 18:29:01.336 I/qdhwcomposer(  176): handle_blank_event: dpy:0 panel power state: 2
11-30 18:29:10.160 I/qdhwcomposer(  176): handle_blank_event: dpy:0 panel power state: 2
11-30 18:29:10.164 I/PowerManagerService(  575): Waking up from dozing (uid 10004)...
11-30 18:29:10.165 V/KeyguardServiceDelegate(  575): onScreenTurnedOn(showListener = com.android.internal.policy.impl.PhoneWindowManager$2@2662acec)
11-30 18:29:10.170 E/InputMethodManagerService(  575): Ignoring setImeWindowStatus due to an invalid token. uid:1000 token:null
11-30 18:29:10.177 E/WifiStateMachine(  575): cancelDelayedScan -> 1283
11-30 18:29:10.185 D/audio_hw_primary(  198): adev_set_parameters: enter: screen_state=on
11-30 18:29:10.189 V/KeyguardServiceDelegate(  575): **** SHOWN CALLED ****
11-30 18:29:10.196 D/PowerHAL(  575): IDLE_MODE(touch) -> 0
11-30 18:29:10.198 D/SurfaceFlinger(  176): Set power mode=2, type=0 flinger=0xb8584550
11-30 18:29:10.199 I/DisplayManagerService(  575): Display device changed state: "Built-in Screen", ON
11-30 18:29:10.221 V/ActivityManager(  575): Display changed displayId=0
11-30 18:29:10.222 I/qdhwcomposer(  176): handle_blank_event: dpy:0 panel power state: 1
11-30 18:29:10.258 D/DeepAmbientRecognition(  739): onDestroy
11-30 18:29:10.260 I/DreamManagerService(  575): Gently waking up from dream.
11-30 18:29:10.261 V/DreamService[AmbientDream](  914): wakeUp(): fromSystem=true, mWaking=false, mFinished=false
11-30 18:29:10.261 V/DreamService[AmbientDream](  914): finish(): mFinished=false
11-30 18:29:10.261 I/DreamManagerService(  575): Leaving dreamland.
11-30 18:29:10.262 I/DreamController(  575): Stopping dream: name=ComponentInfo{com.google.android.wearable.ambient/com.google.android.wearable.ambient.AmbientDream}, isTest=false, canDoze=true, userId=0
11-30 18:29:10.266 V/DreamService[AmbientDream](  914): detach(): Calling onDreamingStopped()
11-30 18:29:10.266 I/AmbientService(  914): Ambient Stopping
11-30 18:29:10.268 D/AmbientService(  914): exitAmbient: AmbientActivity[component=ComponentInfo{com.google.android.wearable.app/com.google.android.clockwork.home.HomeActivity}, callbacks=@46990b1, running=true, ambient=true] main 1
11-30 18:29:10.279 D/AmbientService(  914): AmbientDreamStub.detach called while disabled
11-30 18:29:10.290 V/DreamService[AmbientDream](  914): onDestroy()
11-30 18:29:10.297 I/AudioFlinger(  198): AudioFlinger's thread 0xb568d008 ready to run
11-30 18:29:10.310 D/audio_hw_primary(  198): select_devices: out_snd_device(0: none) in_snd_device(55: voice-rec-mic)
11-30 18:29:10.310 D/msm8974_platform(  198): platform_send_audio_calibration: sending audio calibration for snd_device(55) acdb_id(62)
11-30 18:29:10.310 D/        (  198): Failed to fetch the lookup information of the device 0000003E 
11-30 18:29:10.310 D/        (  198): Failed to fetch the lookup information of the device 0000003E 
11-30 18:29:10.310 D/audio_hw_primary(  198): enable_snd_device: snd_device(55: voice-rec-mic)
11-30 18:29:10.328 I/InputReader(  575): Reconfiguring input devices.  changes=0x00000004
11-30 18:29:10.328 I/InputReader(  575): Device reconfigured: id=3, name='synaptics_rmi4_i2c', size 320x320, orientation 0, mode 1, display id 0
11-30 18:29:10.329 I/InputReader(  575): Reconfiguring input devices.  changes=0x00000004
11-30 18:29:10.338 D/audio_hw_primary(  198): enable_audio_route: apply and update mixer path: audio-record
11-30 18:29:10.357 I/InputReader(  575): Reconfiguring input devices.  changes=0x00000004
11-30 18:29:10.358 I/InputReader(  575): Device reconfigured: id=3, name='synaptics_rmi4_i2c', size 320x320, orientation 0, mode 1, display id 0
11-30 18:29:10.359 I/InputReader(  575): Reconfiguring input devices.  changes=0x00000004
11-30 18:29:10.370 D/AmbientService(  914): onAmbientExited: AmbientActivity[component=ComponentInfo{com.google.android.wearable.app/com.google.android.clockwork.home.HomeActivity}, callbacks=@46990b1, running=true, ambient=false] Binder_5 58
11-30 18:29:10.382 I/InputReader(  575): Reconfiguring input devices.  changes=0x00000004
11-30 18:29:10.382 I/InputReader(  575): Device reconfigured: id=3, name='synaptics_rmi4_i2c', size 320x320, orientation 0, mode 1, display id 0
11-30 18:29:10.383 I/InputReader(  575): Reconfiguring input devices.  changes=0x00000004
11-30 18:29:15.201 I/PowerManagerService(  575): Going to sleep due to screen timeout (uid 1000)...
11-30 18:29:15.203 I/DreamManagerService(  575): Entering dreamland.
11-30 18:29:15.203 I/PowerManagerService(  575): Dozing...
11-30 18:29:15.204 I/DreamController(  575): Starting dream: name=ComponentInfo{com.google.android.wearable.ambient/com.google.android.wearable.ambient.AmbientDream}, isTest=false, canDoze=true, userId=0
11-30 18:29:15.222 E/InputMethodManagerService(  575): Ignoring setImeWindowStatus due to an invalid token. uid:1000 token:null
11-30 18:29:15.223 E/InputMethodManagerService(  575): Ignoring setImeWindowStatus due to an invalid token. uid:1000 token:null
11-30 18:29:15.226 E/WifiStateMachine(  575): cancelDelayedScan -> 1284
11-30 18:29:15.235 D/audio_hw_primary(  198): adev_set_parameters: enter: screen_state=off
11-30 18:29:15.267 D/DeepAmbientRecognition(  739): onCreate
11-30 18:29:15.275 V/DreamService[AmbientDream](  914): onBind() intent = Intent { act=android.service.dreams.DreamService flg=0x800000 cmp=com.google.android.wearable.ambient/.AmbientDream }
11-30 18:29:15.282 D/AmbientService(  914): AmbientDreamRegistrationServiceStub.attach: dream: AmbientComponentConfig[component=ComponentInfo{com.google.android.wearable.ambient/com.google.android.wearable.ambient.AmbientDream}]
11-30 18:29:15.283 D/AmbientService(  914): findRunningActivities: found: AmbientActivity[component=ComponentInfo{com.google.android.wearable.app/com.google.android.clockwork.home.HomeActivity}, callbacks=@46990b1, running=true, ambient=false]
11-30 18:29:15.283 I/AmbientService(  914): Ambient Created
11-30 18:29:15.283 D/AmbientService(  914): onReceive Intent { act=android.intent.action.SCREEN_OFF flg=0x50000010 } true
11-30 18:29:15.285 V/DreamService[AmbientDream](  914): Calling onDreamingStarted()
11-30 18:29:15.285 I/AmbientService(  914): Ambient Starting
11-30 18:29:15.285 D/AmbientService(  914): scheduling next alarm, nowWall: 1448904555285, nextWall: 1448904600000, nowElapsed: 610342663, nextElapsed: 610387378
11-30 18:29:15.298 D/AmbientService(  914): enterAmbient: AmbientActivity[component=ComponentInfo{com.google.android.wearable.app/com.google.android.clockwork.home.HomeActivity}, callbacks=@46990b1, running=true, ambient=false] main 1
11-30 18:29:15.318 D/LightsService(  575): Excessive delay setting light: 62ms
11-30 18:29:15.352 D/AmbientService(  914): onAmbientEntered: AmbientActivity[component=ComponentInfo{com.google.android.wearable.app/com.google.android.clockwork.home.HomeActivity}, callbacks=@46990b1, running=true, ambient=true]Binder_4 57
11-30 18:29:15.366 D/PowerHAL(  575): IDLE_MODE(touch) -> 1
11-30 18:29:15.433 D/audio_hw_primary(  198): disable_audio_route: reset and update mixer path: audio-record
11-30 18:29:15.436 D/audio_hw_primary(  198): disable_snd_device: snd_device(55: voice-rec-mic)
11-30 18:29:16.252 I/DisplayManagerService(  575): Display device changed state: "Built-in Screen", DOZE_SUSPEND
11-30 18:29:16.254 V/ActivityManager(  575): Display changed displayId=0
11-30 18:29:16.266 D/SurfaceFlinger(  176): Set power mode=3, type=0 flinger=0xb8584550
11-30 18:29:16.267 I/qdhwcomposer(  176): handle_blank_event: dpy:0 panel power state: 2
11-30 18:29:17.008 I/qdhwcomposer(  176): handle_blank_event: dpy:0 panel power state: 2
11-30 18:29:17.009 E/libsuspend(  575): Error writing to /sys/power/state: Device or resource busy
11-30 18:29:28.913 I/qdhwcomposer(  176): handle_blank_event: dpy:0 panel power state: 2
11-30 18:29:28.915 I/PowerManagerService(  575): Waking up from dozing (uid 10004)...
11-30 18:29:28.916 V/KeyguardServiceDelegate(  575): onScreenTurnedOn(showListener = com.android.internal.policy.impl.PhoneWindowManager$2@2662acec)
11-30 18:29:28.928 E/InputMethodManagerService(  575): Ignoring setImeWindowStatus due to an invalid token. uid:1000 token:null
11-30 18:29:28.931 E/WifiStateMachine(  575): cancelDelayedScan -> 1285
11-30 18:29:28.937 V/KeyguardServiceDelegate(  575): **** SHOWN CALLED ****
11-30 18:29:28.939 D/audio_hw_primary(  198): adev_set_parameters: enter: screen_state=on
11-30 18:29:28.946 D/PowerHAL(  575): IDLE_MODE(touch) -> 0
11-30 18:29:28.947 I/DisplayManagerService(  575): Display device changed state: "Built-in Screen", ON
11-30 18:29:28.948 D/SurfaceFlinger(  176): Set power mode=2, type=0 flinger=0xb8584550
11-30 18:29:28.970 I/qdhwcomposer(  176): handle_blank_event: dpy:0 panel power state: 1
11-30 18:29:28.989 V/ActivityManager(  575): Display changed displayId=0
11-30 18:29:29.003 D/DeepAmbientRecognition(  739): onDestroy
11-30 18:29:29.014 I/DreamManagerService(  575): Gently waking up from dream.
11-30 18:29:29.015 V/DreamService[AmbientDream](  914): wakeUp(): fromSystem=true, mWaking=false, mFinished=false
11-30 18:29:29.015 V/DreamService[AmbientDream](  914): finish(): mFinished=false
11-30 18:29:29.015 I/DreamManagerService(  575): Leaving dreamland.
11-30 18:29:29.016 I/DreamController(  575): Stopping dream: name=ComponentInfo{com.google.android.wearable.ambient/com.google.android.wearable.ambient.AmbientDream}, isTest=false, canDoze=true, userId=0
11-30 18:29:29.022 V/DreamService[AmbientDream](  914): detach(): Calling onDreamingStopped()
11-30 18:29:29.022 I/AmbientService(  914): Ambient Stopping
11-30 18:29:29.024 D/AmbientService(  914): exitAmbient: AmbientActivity[component=ComponentInfo{com.google.android.wearable.app/com.google.android.clockwork.home.HomeActivity}, callbacks=@46990b1, running=true, ambient=true] main 1
11-30 18:29:29.032 D/AmbientService(  914): AmbientDreamStub.detach called while disabled
11-30 18:29:29.034 V/DreamService[AmbientDream](  914): onDestroy()
11-30 18:29:29.070 D/LightsService(  575): Excessive delay setting light: 51ms
11-30 18:29:29.094 D/AmbientService(  914): onAmbientExited: AmbientActivity[component=ComponentInfo{com.google.android.wearable.app/com.google.android.clockwork.home.HomeActivity}, callbacks=@46990b1, running=true, ambient=false] Binder_5 58
11-30 18:29:29.154 I/art     (  814): Explicit concurrent mark sweep GC freed 3365(134KB) AllocSpace objects, 0(0B) LOS objects, 24% free, 4MB/6MB, paused 6.886ms total 125.146ms
11-30 18:29:29.185 I/AudioFlinger(  198): AudioFlinger's thread 0xb568d008 ready to run
11-30 18:29:29.198 D/audio_hw_primary(  198): select_devices: out_snd_device(0: none) in_snd_device(55: voice-rec-mic)
11-30 18:29:29.198 D/msm8974_platform(  198): platform_send_audio_calibration: sending audio calibration for snd_device(55) acdb_id(62)
11-30 18:29:29.198 D/        (  198): Failed to fetch the lookup information of the device 0000003E 
11-30 18:29:29.198 D/        (  198): Failed to fetch the lookup information of the device 0000003E 
11-30 18:29:29.198 D/audio_hw_primary(  198): enable_snd_device: snd_device(55: voice-rec-mic)
11-30 18:29:29.214 D/audio_hw_primary(  198): enable_audio_route: apply and update mixer path: audio-record
11-30 18:29:33.950 I/PowerManagerService(  575): Going to sleep due to screen timeout (uid 1000)...
11-30 18:29:33.958 I/DreamManagerService(  575): Entering dreamland.
11-30 18:29:33.958 I/PowerManagerService(  575): Dozing...
11-30 18:29:33.959 I/DreamController(  575): Starting dream: name=ComponentInfo{com.google.android.wearable.ambient/com.google.android.wearable.ambient.AmbientDream}, isTest=false, canDoze=true, userId=0
11-30 18:29:33.969 E/InputMethodManagerService(  575): Ignoring setImeWindowStatus due to an invalid token. uid:1000 token:null
11-30 18:29:33.970 E/InputMethodManagerService(  575): Ignoring setImeWindowStatus due to an invalid token. uid:1000 token:null
11-30 18:29:33.973 E/WifiStateMachine(  575): cancelDelayedScan -> 1286
11-30 18:29:33.982 D/audio_hw_primary(  198): adev_set_parameters: enter: screen_state=off
11-30 18:29:34.024 D/DeepAmbientRecognition(  739): onCreate
11-30 18:29:34.033 V/DreamService[AmbientDream](  914): onBind() intent = Intent { act=android.service.dreams.DreamService flg=0x800000 cmp=com.google.android.wearable.ambient/.AmbientDream }
11-30 18:29:34.040 D/AmbientService(  914): AmbientDreamRegistrationServiceStub.attach: dream: AmbientComponentConfig[component=ComponentInfo{com.google.android.wearable.ambient/com.google.android.wearable.ambient.AmbientDream}]
11-30 18:29:34.041 D/AmbientService(  914): findRunningActivities: found: AmbientActivity[component=ComponentInfo{com.google.android.wearable.app/com.google.android.clockwork.home.HomeActivity}, callbacks=@46990b1, running=true, ambient=false]
11-30 18:29:34.041 I/AmbientService(  914): Ambient Created
11-30 18:29:34.041 D/AmbientService(  914): onReceive Intent { act=android.intent.action.SCREEN_OFF flg=0x50000010 } true
11-30 18:29:34.053 V/DreamService[AmbientDream](  914): Calling onDreamingStarted()
11-30 18:29:34.053 I/AmbientService(  914): Ambient Starting
11-30 18:29:34.053 D/AmbientService(  914): scheduling next alarm, nowWall: 1448904574053, nextWall: 1448904600000, nowElapsed: 610361432, nextElapsed: 610387379
11-30 18:29:34.054 D/AmbientService(  914): enterAmbient: AmbientActivity[component=ComponentInfo{com.google.android.wearable.app/com.google.android.clockwork.home.HomeActivity}, callbacks=@46990b1, running=true, ambient=false] main 1
11-30 18:29:34.058 D/LightsService(  575): Excessive delay setting light: 57ms
11-30 18:29:34.092 D/AmbientService(  914): onAmbientEntered: AmbientActivity[component=ComponentInfo{com.google.android.wearable.app/com.google.android.clockwork.home.HomeActivity}, callbacks=@46990b1, running=true, ambient=true]Binder_2 55
11-30 18:29:34.126 D/PowerHAL(  575): IDLE_MODE(touch) -> 1
11-30 18:29:34.190 D/audio_hw_primary(  198): disable_audio_route: reset and update mixer path: audio-record
11-30 18:29:34.192 D/audio_hw_primary(  198): disable_snd_device: snd_device(55: voice-rec-mic)
11-30 18:29:35.009 I/DisplayManagerService(  575): Display device changed state: "Built-in Screen", DOZE_SUSPEND
11-30 18:29:35.012 V/ActivityManager(  575): Display changed displayId=0
11-30 18:29:35.016 D/SurfaceFlinger(  176): Set power mode=3, type=0 flinger=0xb8584550
11-30 18:29:35.017 I/qdhwcomposer(  176): handle_blank_event: dpy:0 panel power state: 2
11-30 18:29:35.871 I/qdhwcomposer(  176): handle_blank_event: dpy:0 panel power state: 2
11-30 18:29:35.871 E/libsuspend(  575): Error writing to /sys/power/state: Device or resource busy
11-30 18:29:36.290 I/qdhwcomposer(  176): handle_blank_event: dpy:0 panel power state: 2
11-30 18:29:37.209 I/qdhwcomposer(  176): handle_blank_event: dpy:0 panel power state: 2
11-30 18:30:01.124 I/qdhwcomposer(  176): handle_blank_event: dpy:0 panel power state: 2
11-30 18:30:01.130 I/AmbientService(  914): Ambient Updating
11-30 18:30:01.130 D/AmbientService(  914): scheduling next alarm, nowWall: 1448904601130, nextWall: 1448904660000, nowElapsed: 610388508, nextElapsed: 610447378
11-30 18:30:01.132 D/AmbientService(  914): updateAmbient: AmbientActivity[component=ComponentInfo{com.google.android.wearable.app/com.google.android.clockwork.home.HomeActivity}, callbacks=@46990b1, running=true, ambient=true] main 1
11-30 18:30:01.152 I/InputReader(  575): Reconfiguring input devices.  changes=0x00000004
11-30 18:30:01.152 I/InputReader(  575): Device reconfigured: id=3, name='synaptics_rmi4_i2c', size 320x320, orientation 0, mode 1, display id 0
11-30 18:30:01.153 I/InputReader(  575): Reconfiguring input devices.  changes=0x00000004
11-30 18:30:01.156 D/AmbientService(  914): onAmbientUpdated: AmbientActivity[component=ComponentInfo{com.google.android.wearable.app/com.google.android.clockwork.home.HomeActivity}, callbacks=@46990b1, running=true, ambient=true]Binder_4 57
11-30 18:30:01.159 D/SurfaceFlinger(  176): Set power mode=1, type=0 flinger=0xb8584550
11-30 18:30:01.159 I/qdhwcomposer(  176): handle_blank_event: dpy:0 panel power state: 2
11-30 18:30:01.160 I/DisplayManagerService(  575): Display device changed state: "Built-in Screen", DOZE
11-30 18:30:01.168 V/ActivityManager(  575): Display changed displayId=0
11-30 18:30:01.280 I/DisplayManagerService(  575): Display device changed state: "Built-in Screen", DOZE_SUSPEND
11-30 18:30:01.288 V/ActivityManager(  575): Display changed displayId=0
11-30 18:30:01.292 D/SurfaceFlinger(  176): Set power mode=3, type=0 flinger=0xb8584550
11-30 18:30:01.292 I/qdhwcomposer(  176): handle_blank_event: dpy:0 panel power state: 2
11-30 18:31:01.124 I/qdhwcomposer(  176): handle_blank_event: dpy:0 panel power state: 2
11-30 18:31:01.133 I/AmbientService(  914): Ambient Updating
11-30 18:31:01.133 D/AmbientService(  914): scheduling next alarm, nowWall: 1448904661133, nextWall: 1448904720000, nowElapsed: 610448512, nextElapsed: 610507379
11-30 18:31:01.135 D/AmbientService(  914): updateAmbient: AmbientActivity[component=ComponentInfo{com.google.android.wearable.app/com.google.android.clockwork.home.HomeActivity}, callbacks=@46990b1, running=true, ambient=true] main 1
11-30 18:31:01.155 D/AmbientService(  914): onAmbientUpdated: AmbientActivity[component=ComponentInfo{com.google.android.wearable.app/com.google.android.clockwork.home.HomeActivity}, callbacks=@46990b1, running=true, ambient=true]Binder_1 54
11-30 18:31:01.158 I/InputReader(  575): Reconfiguring input devices.  changes=0x00000004
11-30 18:31:01.158 I/InputReader(  575): Device reconfigured: id=3, name='synaptics_rmi4_i2c', size 320x320, orientation 0, mode 1, display id 0
11-30 18:31:01.160 I/InputReader(  575): Reconfiguring input devices.  changes=0x00000004
11-30 18:31:01.164 D/SurfaceFlinger(  176): Set power mode=1, type=0 flinger=0xb8584550
11-30 18:31:01.164 I/qdhwcomposer(  176): handle_blank_event: dpy:0 panel power state: 2
11-30 18:31:01.165 I/DisplayManagerService(  575): Display device changed state: "Built-in Screen", DOZE
11-30 18:31:01.167 V/ActivityManager(  575): Display changed displayId=0
11-30 18:31:01.285 I/DisplayManagerService(  575): Display device changed state: "Built-in Screen", DOZE_SUSPEND
11-30 18:31:01.293 V/ActivityManager(  575): Display changed displayId=0
11-30 18:31:01.295 D/SurfaceFlinger(  176): Set power mode=3, type=0 flinger=0xb8584550
11-30 18:31:01.295 I/qdhwcomposer(  176): handle_blank_event: dpy:0 panel power state: 2
11-30 18:32:01.125 I/qdhwcomposer(  176): handle_blank_event: dpy:0 panel power state: 2
11-30 18:32:01.134 I/AmbientService(  914): Ambient Updating
11-30 18:32:01.134 D/AmbientService(  914): scheduling next alarm, nowWall: 1448904721134, nextWall: 1448904780000, nowElapsed: 610508512, nextElapsed: 610567378
11-30 18:32:01.139 D/AmbientService(  914): updateAmbient: AmbientActivity[component=ComponentInfo{com.google.android.wearable.app/com.google.android.clockwork.home.HomeActivity}, callbacks=@46990b1, running=true, ambient=true] main 1
11-30 18:32:01.153 I/InputReader(  575): Reconfiguring input devices.  changes=0x00000004
11-30 18:32:01.153 I/InputReader(  575): Device reconfigured: id=3, name='synaptics_rmi4_i2c', size 320x320, orientation 0, mode 1, display id 0
11-30 18:32:01.155 I/InputReader(  575): Reconfiguring input devices.  changes=0x00000004
11-30 18:32:01.158 D/AmbientService(  914): onAmbientUpdated: AmbientActivity[component=ComponentInfo{com.google.android.wearable.app/com.google.android.clockwork.home.HomeActivity}, callbacks=@46990b1, running=true, ambient=true]Binder_5 58
11-30 18:32:01.181 D/SurfaceFlinger(  176): Set power mode=1, type=0 flinger=0xb8584550
11-30 18:32:01.181 I/qdhwcomposer(  176): handle_blank_event: dpy:0 panel power state: 2
11-30 18:32:01.182 I/DisplayManagerService(  575): Display device changed state: "Built-in Screen", DOZE
11-30 18:32:01.189 V/ActivityManager(  575): Display changed displayId=0
11-30 18:32:01.303 I/DisplayManagerService(  575): Display device changed state: "Built-in Screen", DOZE_SUSPEND
11-30 18:32:01.311 V/ActivityManager(  575): Display changed displayId=0
11-30 18:32:01.314 D/SurfaceFlinger(  176): Set power mode=3, type=0 flinger=0xb8584550
11-30 18:32:01.314 I/qdhwcomposer(  176): handle_blank_event: dpy:0 panel power state: 2
11-30 18:33:01.125 I/qdhwcomposer(  176): handle_blank_event: dpy:0 panel power state: 2
11-30 18:33:01.158 I/AmbientService(  914): Ambient Updating
11-30 18:33:01.158 D/AmbientService(  914): scheduling next alarm, nowWall: 1448904781158, nextWall: 1448904840000, nowElapsed: 610568537, nextElapsed: 610627379
11-30 18:33:01.159 D/AmbientService(  914): updateAmbient: AmbientActivity[component=ComponentInfo{com.google.android.wearable.app/com.google.android.clockwork.home.HomeActivity}, callbacks=@46990b1, running=true, ambient=true] main 1
11-30 18:33:01.186 D/AmbientService(  914): onAmbientUpdated: AmbientActivity[component=ComponentInfo{com.google.android.wearable.app/com.google.android.clockwork.home.HomeActivity}, callbacks=@46990b1, running=true, ambient=true]Binder_2 55
11-30 18:33:01.191 I/InputReader(  575): Reconfiguring input devices.  changes=0x00000004
11-30 18:33:01.191 I/InputReader(  575): Device reconfigured: id=3, name='synaptics_rmi4_i2c', size 320x320, orientation 0, mode 1, display id 0
11-30 18:33:01.192 I/InputReader(  575): Reconfiguring input devices.  changes=0x00000004
11-30 18:33:01.213 D/SurfaceFlinger(  176): Set power mode=1, type=0 flinger=0xb8584550
11-30 18:33:01.213 I/qdhwcomposer(  176): handle_blank_event: dpy:0 panel power state: 2
11-30 18:33:01.214 I/DisplayManagerService(  575): Display device changed state: "Built-in Screen", DOZE
11-30 18:33:01.221 V/ActivityManager(  575): Display changed displayId=0
11-30 18:33:01.334 I/DisplayManagerService(  575): Display device changed state: "Built-in Screen", DOZE_SUSPEND
11-30 18:33:01.343 V/ActivityManager(  575): Display changed displayId=0
11-30 18:33:01.345 D/SurfaceFlinger(  176): Set power mode=3, type=0 flinger=0xb8584550
11-30 18:33:01.345 I/qdhwcomposer(  176): handle_blank_event: dpy:0 panel power state: 2
11-30 18:33:04.573 I/qdhwcomposer(  176): handle_blank_event: dpy:0 panel power state: 2
11-30 18:33:05.801 I/qdhwcomposer(  176): handle_blank_event: dpy:0 panel power state: 2
11-30 18:33:41.434 I/qdhwcomposer(  176): handle_blank_event: dpy:0 panel power state: 2
11-30 18:34:01.125 I/qdhwcomposer(  176): handle_blank_event: dpy:0 panel power state: 2
11-30 18:34:01.131 I/AmbientService(  914): Ambient Updating
11-30 18:34:01.131 D/AmbientService(  914): scheduling next alarm, nowWall: 1448904841131, nextWall: 1448904900000, nowElapsed: 610628510, nextElapsed: 610687379
11-30 18:34:01.133 D/AmbientService(  914): updateAmbient: AmbientActivity[component=ComponentInfo{com.google.android.wearable.app/com.google.android.clockwork.home.HomeActivity}, callbacks=@46990b1, running=true, ambient=true] main 1
11-30 18:34:01.147 I/InputReader(  575): Reconfiguring input devices.  changes=0x00000004
11-30 18:34:01.147 I/InputReader(  575): Device reconfigured: id=3, name='synaptics_rmi4_i2c', size 320x320, orientation 0, mode 1, display id 0
11-30 18:34:01.148 I/InputReader(  575): Reconfiguring input devices.  changes=0x00000004
11-30 18:34:01.153 D/AmbientService(  914): onAmbientUpdated: AmbientActivity[component=ComponentInfo{com.google.android.wearable.app/com.google.android.clockwork.home.HomeActivity}, callbacks=@46990b1, running=true, ambient=true]Binder_3 56
11-30 18:34:01.171 D/SurfaceFlinger(  176): Set power mode=1, type=0 flinger=0xb8584550
11-30 18:34:01.171 I/qdhwcomposer(  176): handle_blank_event: dpy:0 panel power state: 2
11-30 18:34:01.173 I/DisplayManagerService(  575): Display device changed state: "Built-in Screen", DOZE
11-30 18:34:01.181 V/ActivityManager(  575): Display changed displayId=0
11-30 18:34:01.293 I/DisplayManagerService(  575): Display device changed state: "Built-in Screen", DOZE_SUSPEND
11-30 18:34:01.302 V/ActivityManager(  575): Display changed displayId=0
11-30 18:34:01.305 D/SurfaceFlinger(  176): Set power mode=3, type=0 flinger=0xb8584550
11-30 18:34:01.305 I/qdhwcomposer(  176): handle_blank_event: dpy:0 panel power state: 2
11-30 18:34:01.338 E/libsuspend(  575): Error writing to /sys/power/state: Device or resource busy
11-30 18:34:01.392 I/ActivityManager(  575): Delay finish: com.google.android.gms/.checkin.EventLogService$Receiver
11-30 18:34:01.627 I/EventLogService(  968): Aggregate from 1448902677495 (log), 1448902677495 (data)
11-30 18:34:01.957 I/ActivityManager(  575): Resuming delayed broadcast
11-30 18:34:01.979 I/ActivityManager(  575): Delay finish: com.google.android.apps.fitness/com.google.android.wearable.fitness.summary.notification.NotificationReceiver
11-30 18:34:01.984 I/FitnessWearable( 1278): Checking fitness notification
11-30 18:34:02.259 I/art     (  776): Background partial concurrent mark sweep GC freed 37590(2MB) AllocSpace objects, 2(32KB) LOS objects, 14% free, 11MB/13MB, paused 3.987ms total 179.493ms
11-30 18:34:02.476 I/FitnessWearable( 1278): Fitness Platform Queries took: 467 ms
11-30 18:34:02.490 I/ActivityManager(  575): Resuming delayed broadcast
11-30 18:34:02.652 D/AuthZenWearListenerService(  968): onMessageReceived : MessageEventParcelable[18418,/WearablesSync/Ack/tommy.thorsen@gmail.com, size=16], Path: /WearablesSync/Ack/tommy.thorsen@gmail.com
11-30 18:34:02.661 D/AuthZenListenerService(  968): onMessageReceived: MessageEventParcelable[18418,/WearablesSync/Ack/tommy.thorsen@gmail.com, size=16], Path: /WearablesSync/Ack/tommy.thorsen@gmail.com
11-30 18:34:04.466 W/bt-btif ( 1101): dm_pm_timer expires
11-30 18:34:04.466 W/bt-btif ( 1101): dm_pm_timer expires 0
11-30 18:34:04.466 W/bt-btif ( 1101): proc dm_pm_timer expires
11-30 18:34:16.125 I/qdhwcomposer(  176): handle_blank_event: dpy:0 panel power state: 2
11-30 18:34:36.101 I/qdhwcomposer(  176): handle_blank_event: dpy:0 panel power state: 2
11-30 18:34:37.535 I/FitnessWearable( 1278): Completed Phone Sync
11-30 18:34:37.536 I/FitnessWearable( 1278): Checking on account update
11-30 18:34:37.550 I/FitnessWearable( 1278): Trying to insert platform daily totals
11-30 18:34:37.822 I/art     (  776): Background sticky concurrent mark sweep GC freed 35625(1674KB) AllocSpace objects, 2(32KB) LOS objects, 10% free, 12MB/13MB, paused 3.103ms total 168.725ms
11-30 18:34:37.873 I/FitnessWearable( 1278): Initialized Fitness Account
11-30 18:34:38.125 W/bt-btif ( 1101): dm_pm_timer expires
11-30 18:34:38.126 W/bt-btif ( 1101): dm_pm_timer expires 0
11-30 18:34:38.126 W/bt-btif ( 1101): proc dm_pm_timer expires
11-30 18:35:01.126 I/qdhwcomposer(  176): handle_blank_event: dpy:0 panel power state: 2
11-30 18:35:01.131 I/AmbientService(  914): Ambient Updating
11-30 18:35:01.132 D/AmbientService(  914): scheduling next alarm, nowWall: 1448904901132, nextWall: 1448904960000, nowElapsed: 610688510, nextElapsed: 610747378
11-30 18:35:01.134 D/AmbientService(  914): updateAmbient: AmbientActivity[component=ComponentInfo{com.google.android.wearable.app/com.google.android.clockwork.home.HomeActivity}, callbacks=@46990b1, running=true, ambient=true] main 1
11-30 18:35:01.165 I/InputReader(  575): Reconfiguring input devices.  changes=0x00000004
11-30 18:35:01.165 I/InputReader(  575): Device reconfigured: id=3, name='synaptics_rmi4_i2c', size 320x320, orientation 0, mode 1, display id 0
11-30 18:35:01.166 I/InputReader(  575): Reconfiguring input devices.  changes=0x00000004
11-30 18:35:01.167 D/AmbientService(  914): onAmbientUpdated: AmbientActivity[component=ComponentInfo{com.google.android.wearable.app/com.google.android.clockwork.home.HomeActivity}, callbacks=@46990b1, running=true, ambient=true]Binder_4 57
11-30 18:35:01.190 D/SurfaceFlinger(  176): Set power mode=1, type=0 flinger=0xb8584550
11-30 18:35:01.191 I/qdhwcomposer(  176): handle_blank_event: dpy:0 panel power state: 2
11-30 18:35:01.192 I/DisplayManagerService(  575): Display device changed state: "Built-in Screen", DOZE
11-30 18:35:01.202 V/ActivityManager(  575): Display changed displayId=0
11-30 18:35:01.312 I/DisplayManagerService(  575): Display device changed state: "Built-in Screen", DOZE_SUSPEND
11-30 18:35:01.321 V/ActivityManager(  575): Display changed displayId=0
11-30 18:35:01.324 D/SurfaceFlinger(  176): Set power mode=3, type=0 flinger=0xb8584550
11-30 18:35:01.324 I/qdhwcomposer(  176): handle_blank_event: dpy:0 panel power state: 2
11-30 18:36:01.126 I/qdhwcomposer(  176): handle_blank_event: dpy:0 panel power state: 2
11-30 18:36:01.136 I/AmbientService(  914): Ambient Updating
11-30 18:36:01.136 D/AmbientService(  914): scheduling next alarm, nowWall: 1448904961136, nextWall: 1448905020000, nowElapsed: 610748514, nextElapsed: 610807378
11-30 18:36:01.137 D/AmbientService(  914): updateAmbient: AmbientActivity[component=ComponentInfo{com.google.android.wearable.app/com.google.android.clockwork.home.HomeActivity}, callbacks=@46990b1, running=true, ambient=true] main 1
11-30 18:36:01.157 D/AmbientService(  914): onAmbientUpdated: AmbientActivity[component=ComponentInfo{com.google.android.wearable.app/com.google.android.clockwork.home.HomeActivity}, callbacks=@46990b1, running=true, ambient=true]Binder_1 54
11-30 18:36:01.159 I/InputReader(  575): Reconfiguring input devices.  changes=0x00000004
11-30 18:36:01.159 I/InputReader(  575): Device reconfigured: id=3, name='synaptics_rmi4_i2c', size 320x320, orientation 0, mode 1, display id 0
11-30 18:36:01.162 I/InputReader(  575): Reconfiguring input devices.  changes=0x00000004
11-30 18:36:01.185 D/SurfaceFlinger(  176): Set power mode=1, type=0 flinger=0xb8584550
11-30 18:36:01.185 I/qdhwcomposer(  176): handle_blank_event: dpy:0 panel power state: 2
11-30 18:36:01.186 I/DisplayManagerService(  575): Display device changed state: "Built-in Screen", DOZE
11-30 18:36:01.191 V/ActivityManager(  575): Display changed displayId=0
11-30 18:36:01.306 I/DisplayManagerService(  575): Display device changed state: "Built-in Screen", DOZE_SUSPEND
11-30 18:36:01.316 V/ActivityManager(  575): Display changed displayId=0
11-30 18:36:01.318 D/SurfaceFlinger(  176): Set power mode=3, type=0 flinger=0xb8584550
11-30 18:36:01.318 I/qdhwcomposer(  176): handle_blank_event: dpy:0 panel power state: 2
11-30 18:37:01.126 I/qdhwcomposer(  176): handle_blank_event: dpy:0 panel power state: 2
11-30 18:37:01.134 I/AmbientService(  914): Ambient Updating
11-30 18:37:01.134 D/AmbientService(  914): scheduling next alarm, nowWall: 1448905021134, nextWall: 1448905080000, nowElapsed: 610808512, nextElapsed: 610867378
11-30 18:37:01.139 D/AmbientService(  914): updateAmbient: AmbientActivity[component=ComponentInfo{com.google.android.wearable.app/com.google.android.clockwork.home.HomeActivity}, callbacks=@46990b1, running=true, ambient=true] main 1
11-30 18:37:01.154 I/InputReader(  575): Reconfiguring input devices.  changes=0x00000004
11-30 18:37:01.154 I/InputReader(  575): Device reconfigured: id=3, name='synaptics_rmi4_i2c', size 320x320, orientation 0, mode 1, display id 0
11-30 18:37:01.158 I/InputReader(  575): Reconfiguring input devices.  changes=0x00000004
11-30 18:37:01.158 D/AmbientService(  914): onAmbientUpdated: AmbientActivity[component=ComponentInfo{com.google.android.wearable.app/com.google.android.clockwork.home.HomeActivity}, callbacks=@46990b1, running=true, ambient=true]Binder_5 58
11-30 18:37:01.182 D/SurfaceFlinger(  176): Set power mode=1, type=0 flinger=0xb8584550
11-30 18:37:01.182 I/qdhwcomposer(  176): handle_blank_event: dpy:0 panel power state: 2
11-30 18:37:01.183 I/DisplayManagerService(  575): Display device changed state: "Built-in Screen", DOZE
11-30 18:37:01.191 V/ActivityManager(  575): Display changed displayId=0
11-30 18:37:01.303 I/DisplayManagerService(  575): Display device changed state: "Built-in Screen", DOZE_SUSPEND
11-30 18:37:01.312 V/ActivityManager(  575): Display changed displayId=0
11-30 18:37:01.315 D/SurfaceFlinger(  176): Set power mode=3, type=0 flinger=0xb8584550
11-30 18:37:01.315 I/qdhwcomposer(  176): handle_blank_event: dpy:0 panel power state: 2
11-30 18:37:41.137 I/qdhwcomposer(  176): handle_blank_event: dpy:0 panel power state: 2
11-30 18:37:42.127 I/DisplayManagerService(  575): Display device changed state: "Built-in Screen", DOZE
11-30 18:37:42.134 D/SurfaceFlinger(  176): Set power mode=1, type=0 flinger=0xb8584550
11-30 18:37:42.135 I/qdhwcomposer(  176): handle_blank_event: dpy:0 panel power state: 2
11-30 18:37:42.135 V/ActivityManager(  575): Display changed displayId=0
11-30 18:37:42.393 I/art     (  739): NativeAlloc partial concurrent mark sweep GC freed 10176(432KB) AllocSpace objects, 0(0B) LOS objects, 8% free, 21MB/23MB, paused 1.829ms total 142.249ms
11-30 18:37:42.394 I/art     (  739): WaitForGcToComplete blocked for 117.960ms for cause NativeAlloc
11-30 18:37:42.419 I/DisplayManagerService(  575): Display device changed state: "Built-in Screen", DOZE_SUSPEND
11-30 18:37:42.427 D/SurfaceFlinger(  176): Set power mode=3, type=0 flinger=0xb8584550
11-30 18:37:42.427 I/qdhwcomposer(  176): handle_blank_event: dpy:0 panel power state: 2
11-30 18:37:42.431 V/ActivityManager(  575): Display changed displayId=0
11-30 18:37:42.446 V/RenderScript(  739): 0xb853f098 Launching thread(s), CPUs 4
11-30 18:37:42.510 I/art     (  739): NativeAlloc partial concurrent mark sweep GC freed 4105(261KB) AllocSpace objects, 6(1133KB) LOS objects, 8% free, 20MB/22MB, paused 1.759ms total 102.134ms
11-30 18:37:42.512 V/RenderScript(  739): 0xb818f070 Launching thread(s), CPUs 4
11-30 18:37:42.619 I/art     (  739): WaitForGcToComplete blocked for 12.833ms for cause NativeAlloc
11-30 18:37:42.692 I/art     (  739): WaitForGcToComplete blocked for 66.090ms for cause NativeAlloc
11-30 18:37:42.766 I/art     (  739): WaitForGcToComplete blocked for 60.768ms for cause NativeAlloc
11-30 18:37:43.857 W/bt-btif ( 1101): dm_pm_timer expires
11-30 18:37:43.858 W/bt-btif ( 1101): dm_pm_timer expires 0
11-30 18:37:43.858 W/bt-btif ( 1101): proc dm_pm_timer expires
11-30 18:37:44.329 I/ClearcutLoggerApiImpl(  776): disconnect managed GoogleApiClient
11-30 18:38:01.124 I/qdhwcomposer(  176): handle_blank_event: dpy:0 panel power state: 2
11-30 18:38:01.133 I/AmbientService(  914): Ambient Updating
11-30 18:38:01.133 D/AmbientService(  914): scheduling next alarm, nowWall: 1448905081133, nextWall: 1448905140000, nowElapsed: 610868512, nextElapsed: 610927379
11-30 18:38:01.134 D/AmbientService(  914): updateAmbient: AmbientActivity[component=ComponentInfo{com.google.android.wearable.app/com.google.android.clockwork.home.HomeActivity}, callbacks=@46990b1, running=true, ambient=true] main 1
11-30 18:38:01.152 I/InputReader(  575): Reconfiguring input devices.  changes=0x00000004
11-30 18:38:01.152 I/InputReader(  575): Device reconfigured: id=3, name='synaptics_rmi4_i2c', size 320x320, orientation 0, mode 1, display id 0
11-30 18:38:01.154 I/InputReader(  575): Reconfiguring input devices.  changes=0x00000004
11-30 18:38:01.154 D/AmbientService(  914): onAmbientUpdated: AmbientActivity[component=ComponentInfo{com.google.android.wearable.app/com.google.android.clockwork.home.HomeActivity}, callbacks=@46990b1, running=true, ambient=true]Binder_1 54
11-30 18:38:01.176 D/SurfaceFlinger(  176): Set power mode=1, type=0 flinger=0xb8584550
11-30 18:38:01.176 I/qdhwcomposer(  176): handle_blank_event: dpy:0 panel power state: 2
11-30 18:38:01.178 I/DisplayManagerService(  575): Display device changed state: "Built-in Screen", DOZE
11-30 18:38:01.192 V/ActivityManager(  575): Display changed displayId=0
11-30 18:38:01.298 I/DisplayManagerService(  575): Display device changed state: "Built-in Screen", DOZE_SUSPEND
11-30 18:38:01.306 V/ActivityManager(  575): Display changed displayId=0
11-30 18:38:01.310 D/SurfaceFlinger(  176): Set power mode=3, type=0 flinger=0xb8584550
11-30 18:38:01.310 I/qdhwcomposer(  176): handle_blank_event: dpy:0 panel power state: 2
11-30 18:38:08.314 I/qdhwcomposer(  176): handle_blank_event: dpy:0 panel power state: 2
11-30 18:38:08.315 I/PowerManagerService(  575): Waking up from dozing (uid 1000)...
11-30 18:38:08.317 V/KeyguardServiceDelegate(  575): onScreenTurnedOn(showListener = com.android.internal.policy.impl.PhoneWindowManager$2@2662acec)
11-30 18:38:08.326 E/InputMethodManagerService(  575): Ignoring setImeWindowStatus due to an invalid token. uid:1000 token:null
11-30 18:38:08.329 E/WifiStateMachine(  575): cancelDelayedScan -> 1287
11-30 18:38:08.336 D/audio_hw_primary(  198): adev_set_parameters: enter: screen_state=on
11-30 18:38:08.339 D/PowerHAL(  575): IDLE_MODE(touch) -> 0
11-30 18:38:08.341 I/DisplayManagerService(  575): Display device changed state: "Built-in Screen", ON
11-30 18:38:08.345 V/ActivityManager(  575): Display changed displayId=0
11-30 18:38:08.355 D/SurfaceFlinger(  176): Set power mode=2, type=0 flinger=0xb8584550
11-30 18:38:08.370 V/KeyguardServiceDelegate(  575): **** SHOWN CALLED ****
11-30 18:38:08.378 I/qdhwcomposer(  176): handle_blank_event: dpy:0 panel power state: 1
11-30 18:38:08.390 I/DreamManagerService(  575): Gently waking up from dream.
11-30 18:38:08.391 V/DreamService[AmbientDream](  914): wakeUp(): fromSystem=true, mWaking=false, mFinished=false
11-30 18:38:08.391 V/DreamService[AmbientDream](  914): finish(): mFinished=false
11-30 18:38:08.392 I/DreamManagerService(  575): Leaving dreamland.
11-30 18:38:08.392 I/DreamController(  575): Stopping dream: name=ComponentInfo{com.google.android.wearable.ambient/com.google.android.wearable.ambient.AmbientDream}, isTest=false, canDoze=true, userId=0
11-30 18:38:08.399 V/DreamService[AmbientDream](  914): detach(): Calling onDreamingStopped()
11-30 18:38:08.399 I/AmbientService(  914): Ambient Stopping
11-30 18:38:08.401 D/AmbientService(  914): exitAmbient: AmbientActivity[component=ComponentInfo{com.google.android.wearable.app/com.google.android.clockwork.home.HomeActivity}, callbacks=@46990b1, running=true, ambient=true] main 1
11-30 18:38:08.408 D/AmbientService(  914):